# verify-3.2.ps1 start=2026-10-06T09:33:28.737+08:00 exe=D:\projects\finance-calendar\host\target\release\fc-host.exe locked=0
# APPDATA=%TEMP%\fc-host-3.2-c9ab3fda\Roaming（無 settings.json＝首次啟動）LOCALAPPDATA=%TEMP%\fc-host-3.2-c9ab3fda\Local（資料目錄=%TEMP%\fc-host-3.2-c9ab3fda\Local\tw.fintools.fc-host\data，quotes 初始為空陣列）
# 2026-10-06T09:33:28.864+08:00 開機自啟登錄快照：fc-host@Run Exists=False; fc-host@Run Exists=False
# 2026-10-06T09:33:28.962+08:00 監控已就緒（header 已寫出），啟動宿主
# 2026-10-06T09:33:28.976+08:00 宿主 pid=52124
## 2026-10-06T09:33:33.045+08:00 首次啟動（quotes 空陣列 fixture、dynamic 40 筆事件）：pid=52124 可見視窗 6 個（由上到下）
  0x3ED09F2 title='tw.fintools.fc-host-siw' rect=(0,0,22x22) client=0x0 dpi=144 toolwindow=1 appwindow=0 noactivate=1
  0x2600E8 title='' rect=(0,0,22x22) client=0x0 dpi=144 toolwindow=1 appwindow=0 noactivate=1
  0x20709F4 title='fc-host clock' rect=(1200,43,1280x435) client=1280x435 dpi=144 toolwindow=1 appwindow=0 noactivate=1
  0xE80ED2 title='fc-host macro' rect=(1200,522,1280x1305) client=1280x1305 dpi=144 toolwindow=1 appwindow=0 noactivate=1
  0xD50D22 title='fc-host fixed' rect=(2560,43,1200x740) client=1200x740 dpi=144 toolwindow=1 appwindow=0 noactivate=1
  0x1B40176 title='fc-host dynamic' rect=(2560,826,1200x1001) client=1200x1001 dpi=144 toolwindow=1 appwindow=0 noactivate=1
  clock 期望格線矩形=(1200,43,1280x435) 實際=(1200,43,1280x435) ClientH=435 → PASS
  macro 期望格線矩形=(1200,522,1280x1305) 實際=(1200,522,1280x1305) ClientH=1305 → PASS
  fixed 期望格線矩形=(2560,43,1200x740) 實際=(2560,43,1200x740) ClientH=740 → PASS
  dynamic 期望格線矩形=(2560,826,1200x1001) 實際=(2560,826,1200x1001) ClientH=1001 → PASS
## dynamic #dynList：{"scrollH":1675,"clientH":282}
## 2026-10-06T09:33:33.206+08:00 更新 fixture：quotes 現在有一筆資料（USD/TWD）
## 2026-10-06T09:34:02.342+08:00 更新 fixture 後（quotes 有資料）：pid=52124 可見視窗 7 個（由上到下）
  0x3ED09F2 title='tw.fintools.fc-host-siw' rect=(0,0,22x22) client=0x0 dpi=144 toolwindow=1 appwindow=0 noactivate=1
  0x2600E8 title='' rect=(0,0,22x22) client=0x0 dpi=144 toolwindow=1 appwindow=0 noactivate=1
  0x20709F4 title='fc-host clock' rect=(1200,43,1280x435) client=1280x435 dpi=144 toolwindow=1 appwindow=0 noactivate=1
  0xE80ED2 title='fc-host macro' rect=(1200,522,1280x1305) client=1280x1305 dpi=144 toolwindow=1 appwindow=0 noactivate=1
  0xD50D22 title='fc-host fixed' rect=(2560,43,1200x740) client=1200x740 dpi=144 toolwindow=1 appwindow=0 noactivate=1
  0x1B40176 title='fc-host dynamic' rect=(2560,826,1200x1001) client=1200x1001 dpi=144 toolwindow=1 appwindow=0 noactivate=1
  0x2320972 title='fc-host quotes' rect=(1200,1870,2560x174) client=2560x174 dpi=144 toolwindow=1 appwindow=0 noactivate=1
  quotes 期望格線矩形=(1200,1870,2560x174) 實際=(1200,1870,2560x174) ClientH=174 → PASS
## 截圖：略過（鎖定狀態=0），視覺比對列入 human-checklist
# 2026-10-06T09:34:04.403+08:00 開機自啟登錄還原：未還原 0 項
# 2026-10-06T09:34:04.404+08:00 宿主已結束；等待監控結束
