2026-10-06T23:29:13.678+08:00 STEP 開機自啟登錄快照：fc-host@Run Exists=False; fc-host@Run Exists=False
2026-10-06T23:29:16.574+08:00 STEP host pid=88656 widgets=0x180A78[fc-host clock],0xF050E[fc-host macro],0x1C0DBE[fc-host fixed],0x8C0D52[fc-host dynamic]
2026-10-06T23:29:18.552+08:00 STEP form=0x170D66 pid=84848 fg=WindowsForms10.Window.8.app.0.2f77579_r3_ad1
2026-10-06T23:29:18.619+08:00 STEP shellPid=32372 desktopWindows=0x1032E,0x2022C,0x10262,0x10264,0x101B8,0x101B6,0x101B2,0x1019C,0x10198,0x1019A
2026-10-06T23:29:22.239+08:00 STEP MARK in1
2026-10-06T23:29:29.383+08:00 STEP MARK out1
2026-10-06T23:29:32.536+08:00 STEP round 1 done fg=Chrome_WidgetWin_1 formIconic=0
2026-10-06T23:29:34.106+08:00 STEP MARK in2
2026-10-06T23:29:41.249+08:00 STEP MARK out2
2026-10-06T23:29:44.381+08:00 STEP round 2 done fg=Chrome_WidgetWin_1 formIconic=0
2026-10-06T23:29:45.964+08:00 STEP MARK in3
2026-10-06T23:29:53.092+08:00 STEP MARK out3
2026-10-06T23:29:56.170+08:00 STEP round 3 done SetForegroundWindow=True fg=WindowsForms10.Window.8.app.0.2f77579_r3_ad1 formIconic=0
2026-10-06T23:29:57.756+08:00 STEP click 前置 formIconic=0 fg=WindowsForms10.Window.8.app.0.2f77579_r3_ad1 point=(3780,2028) hit=SysListView32 root=Progman 0x1019A screen=\\.\DISPLAY5
2026-10-06T23:29:57.765+08:00 STEP MARK click1
2026-10-06T23:29:58.491+08:00 STEP click 1 後 fg=Progman
2026-10-06T23:30:00.014+08:00 STEP MARK click2
2026-10-06T23:30:00.762+08:00 STEP click 2 後 fg=Progman
2026-10-06T23:30:02.281+08:00 STEP MARK click3
2026-10-06T23:30:02.986+08:00 STEP click 3 後 fg=Progman
2026-10-06T23:30:07.513+08:00 STEP MARK end
2026-10-06T23:30:07.610+08:00 STEP 開機自啟登錄還原：未還原 0 項
