# verify-3.4.ps1 summary 2026-10-06T23:30:07.816+08:00 exe=D:\projects\finance-calendar\host\target\release\fc-host.exe holdSeconds=7
# 宿主 CPU 時間（驅動期間）：0.05 秒
PASS  開機自啟登錄已還原（Run／StartupApproved 的 fc-host）
PASS  第 1 輪 (1) Win+D 時小工具可見且位於桌面之上
PASS  第 1 輪 (2) 進入後 5 秒內無來回切換
PASS  第 1 輪 (3) 離開（Win+D）後回到一般視窗之下
PASS  第 2 輪 (1) Win+D 時小工具可見且位於桌面之上
PASS  第 2 輪 (2) 進入後 5 秒內無來回切換
PASS  第 2 輪 (3) 離開（Win+D）後回到一般視窗之下
PASS  第 3 輪 (1) Win+D 時小工具可見且位於桌面之上
PASS  第 3 輪 (2) 進入後 5 秒內無來回切換
PASS  第 3 輪 (3) 離開（切換到表單）後回到一般視窗之下
PASS  (4) 點桌面三次，小工具不會浮上來
PASS  全程前景從未是宿主
第 1 輪 ENTER：2026-10-06T23:29:22.295 SHOWDESKTOP ENTER source=event:REORDER desk=0x1019A(Progman) below=0 inserted=0；表單全程 minimized=1：True
第 1 輪 ENTER 後 1 秒內 REASSERT 1 次（進入過程）；1～5 秒 SHOWDESKTOP 事件 0 筆、z-order desktopAbove=1 0 行；穩定觀察 5 秒
第 1 輪 EXIT：2026-10-06T23:29:29.469 SHOWDESKTOP EXIT source=event:REORDER top-app=0x10CE0(Chrome_WidgetWin_1) rebottom=4
第 2 輪 ENTER：2026-10-06T23:29:34.165 SHOWDESKTOP ENTER source=event:REORDER desk=0x1019A(Progman) below=0 inserted=0；表單全程 minimized=1：True
第 2 輪 ENTER 後 1 秒內 REASSERT 1 次（進入過程）；1～5 秒 SHOWDESKTOP 事件 0 筆、z-order desktopAbove=1 0 行；穩定觀察 5 秒
第 2 輪 EXIT：2026-10-06T23:29:41.326 SHOWDESKTOP EXIT source=event:REORDER top-app=0x10CE0(Chrome_WidgetWin_1) rebottom=4
第 3 輪 ENTER：2026-10-06T23:29:46.028 SHOWDESKTOP ENTER source=event:REORDER desk=0x1019A(Progman) below=0 inserted=0；表單全程 minimized=1：True
第 3 輪 ENTER 後 1 秒內 REASSERT 1 次（進入過程）；1～5 秒 SHOWDESKTOP 事件 0 筆、z-order desktopAbove=1 0 行；穩定觀察 5 秒
第 3 輪 EXIT：2026-10-06T23:29:53.157 SHOWDESKTOP EXIT source=event:REORDER top-app=0x170D66(WindowsForms10.Window.8.app.0.2f77579_r3_ad1) rebottom=4
點擊期間 ENTER 0 筆、z-order 狀態 2 行
# gatekeeper.log（SHOWDESKTOP／REBOTTOM）：
  2026-10-06T23:29:14.878 SHOWDESKTOP hooks-installed
  2026-10-06T23:29:14.878 STARTUP locked=false
  2026-10-06T23:29:14.878 STARTUP on_battery=false
  2026-10-06T23:29:14.878 STARTUP power_saver=false
  2026-10-06T23:29:14.879 STARTUP busy=false
  2026-10-06T23:29:14.881 EVENT power-setting-change signal=OnBattery(false)
  2026-10-06T23:29:14.881 EVENT power-setting-change signal=DisplayOff(false)
  2026-10-06T23:29:14.881 EVENT power-setting-change signal=PowerSaver(false)
  2026-10-06T23:29:22.295 SHOWDESKTOP ENTER source=event:REORDER desk=0x1019A(Progman) below=0 inserted=0
  2026-10-06T23:29:22.348 SHOWDESKTOP REASSERT source=event:REORDER desk=0x1019A(Progman) below=4 inserted=4
  2026-10-06T23:29:29.469 SHOWDESKTOP EXIT source=event:REORDER top-app=0x10CE0(Chrome_WidgetWin_1) rebottom=4
  2026-10-06T23:29:34.165 SHOWDESKTOP ENTER source=event:REORDER desk=0x1019A(Progman) below=0 inserted=0
  2026-10-06T23:29:34.191 SHOWDESKTOP REASSERT source=event:REORDER desk=0x1019A(Progman) below=4 inserted=4
  2026-10-06T23:29:41.326 SHOWDESKTOP EXIT source=event:REORDER top-app=0x10CE0(Chrome_WidgetWin_1) rebottom=4
  2026-10-06T23:29:46.028 SHOWDESKTOP ENTER source=event:REORDER desk=0x1019A(Progman) below=0 inserted=0
  2026-10-06T23:29:46.053 SHOWDESKTOP REASSERT source=event:REORDER desk=0x1019A(Progman) below=4 inserted=4
  2026-10-06T23:29:53.157 SHOWDESKTOP EXIT source=event:REORDER top-app=0x170D66(WindowsForms10.Window.8.app.0.2f77579_r3_ad1) rebottom=4
  2026-10-06T23:30:07.530 SHOWDESKTOP ENTER source=event:HIDE desk=0x1019A(Progman) below=0 inserted=0
