# 在場驗收 2026-10-07/08：B（3.5 主螢幕無空位）＋C（DW 離線螢幕修正）隔離宿主記錄節錄（8d7bb80 正式建置 CF88FC99…06EC）
2026-10-07T19:13:59.390 [ INFO] fc_host::updater: 更新器：停用——隔離環境，不檢查更新（LOCALAPPDATA=%TEMP%\fc-ip\bc\localappdata，系統登記=%LOCALAPPDATA%）
2026-10-07T19:14:00.464 [ INFO] fc_host::wallpaper_coordinator: 協調迴圈啟動：狀態檔 %TEMP%\fc-ip\bc\appdata\tw.fintools.fc-host\wallpaper-state.json、輸出資料夾 %TEMP%\fc-ip\bc\localappdata\tw.fintools.fc-host\wallpaper
2026-10-07T19:14:00.464 [ INFO] fc_host::wallpaper_coordinator: 啟動：狀態檔為未接管
2026-10-07T19:14:00.598 [ INFO] fc_host::wallpaper_coordinator: 列舉螢幕（IDesktopWallpaper）：2 台，在線 2 台：\\?\DISPLAY#BOE0CDF#4&102fce2&0&UID8388688#{e6f07b5f-ee97-4a90-b076-33f57bf4eaa7} 2560×1600@(3840,4)；\\?\DISPLAY#AUSAA34#5&1091fafa&0&UID4356#{e6f07b5f-ee97-4a90-b076-33f57bf4eaa7} 3840×2160@(0,0)
2026-10-07T19:14:00.607 [ INFO] fc_host::wallpaper_coordinator: 決策：Redraw 主題 astrolabe 時點 Slot(1791370800) 呈現 2026-10-07 19:00:00 (UTC+08:00)：\\?\DISPLAY#BOE0CDF#4&102fce2&0&UID8388688#{e6f07b5f-ee97-4a90-b076-33f57bf4eaa7}（Unrecorded）、\\?\DISPLAY#AUSAA34#5&1091fafa&0&UID4356#{e6f07b5f-ee97-4a90-b076-33f57bf4eaa7}（Unrecorded）；下次喚醒 2026-10-07 19:15:00 (UTC+08:00)
2026-10-07T19:14:01.728 [ INFO] fc_host::wallpaper_coordinator: SetWallpaper（經狀態機）：螢幕 \\?\DISPLAY#BOE0CDF#4&102fce2&0&UID8388688#{e6f07b5f-ee97-4a90-b076-33f57bf4eaa7}、圖 %TEMP%\fc-ip\bc\localappdata\tw.fintools.fc-host\wallpaper\m-f9b2ea130f53c2f2-a.png → Applied
2026-10-07T19:14:02.741 [ INFO] fc_host::wallpaper_coordinator: 確認已套用：螢幕 \\?\DISPLAY#BOE0CDF#4&102fce2&0&UID8388688#{e6f07b5f-ee97-4a90-b076-33f57bf4eaa7} 讀回 %TEMP%\fc-ip\bc\localappdata\tw.fintools.fc-host\wallpaper\m-f9b2ea130f53c2f2-a.png → true
2026-10-07T19:14:03.776 [ INFO] fc_host::wallpaper_coordinator: SetWallpaper（經狀態機）：螢幕 \\?\DISPLAY#AUSAA34#5&1091fafa&0&UID4356#{e6f07b5f-ee97-4a90-b076-33f57bf4eaa7}、圖 %TEMP%\fc-ip\bc\localappdata\tw.fintools.fc-host\wallpaper\m-3bd72edb34b1e28f-a.png → Applied
2026-10-07T19:14:04.788 [ INFO] fc_host::wallpaper_coordinator: 確認已套用：螢幕 \\?\DISPLAY#AUSAA34#5&1091fafa&0&UID4356#{e6f07b5f-ee97-4a90-b076-33f57bf4eaa7} 讀回 %TEMP%\fc-ip\bc\localappdata\tw.fintools.fc-host\wallpaper\m-3bd72edb34b1e28f-a.png → true
2026-10-07T19:14:04.790 [ INFO] fc_host::wallpaper_coordinator: 決策：UpToDate；下次喚醒 2026-10-07 19:15:00 (UTC+08:00)
2026-10-07T19:15:00.998 [ INFO] fc_host::wallpaper_coordinator: 決策：Redraw 主題 astrolabe 時點 Slot(1791371700) 呈現 2026-10-07 19:15:00 (UTC+08:00)：\\?\DISPLAY#BOE0CDF#4&102fce2&0&UID8388688#{e6f07b5f-ee97-4a90-b076-33f57bf4eaa7}（Scheduled）、\\?\DISPLAY#AUSAA34#5&1091fafa&0&UID4356#{e6f07b5f-ee97-4a90-b076-33f57bf4eaa7}（Scheduled）；下次喚醒 2026-10-07 19:30:00 (UTC+08:00)
2026-10-07T19:15:02.029 [ INFO] fc_host::wallpaper_coordinator: SetWallpaper（經狀態機）：螢幕 \\?\DISPLAY#BOE0CDF#4&102fce2&0&UID8388688#{e6f07b5f-ee97-4a90-b076-33f57bf4eaa7}、圖 %TEMP%\fc-ip\bc\localappdata\tw.fintools.fc-host\wallpaper\m-f9b2ea130f53c2f2-b.png → Applied
2026-10-07T19:15:03.031 [ INFO] fc_host::wallpaper_coordinator: 確認已套用：螢幕 \\?\DISPLAY#BOE0CDF#4&102fce2&0&UID8388688#{e6f07b5f-ee97-4a90-b076-33f57bf4eaa7} 讀回 %TEMP%\fc-ip\bc\localappdata\tw.fintools.fc-host\wallpaper\m-f9b2ea130f53c2f2-b.png → true
2026-10-07T19:15:04.072 [ INFO] fc_host::wallpaper_coordinator: SetWallpaper（經狀態機）：螢幕 \\?\DISPLAY#AUSAA34#5&1091fafa&0&UID4356#{e6f07b5f-ee97-4a90-b076-33f57bf4eaa7}、圖 %TEMP%\fc-ip\bc\localappdata\tw.fintools.fc-host\wallpaper\m-3bd72edb34b1e28f-b.png → Applied
2026-10-07T19:15:05.074 [ INFO] fc_host::wallpaper_coordinator: 確認已套用：螢幕 \\?\DISPLAY#AUSAA34#5&1091fafa&0&UID4356#{e6f07b5f-ee97-4a90-b076-33f57bf4eaa7} 讀回 %TEMP%\fc-ip\bc\localappdata\tw.fintools.fc-host\wallpaper\m-3bd72edb34b1e28f-b.png → true
2026-10-07T19:15:05.076 [ INFO] fc_host::wallpaper_coordinator: 決策：UpToDate；下次喚醒 2026-10-07 19:30:00 (UTC+08:00)
2026-10-07T19:30:00.398 [ INFO] fc_host::wallpaper_coordinator: 決策：Redraw 主題 astrolabe 時點 Slot(1791372600) 呈現 2026-10-07 19:30:00 (UTC+08:00)：\\?\DISPLAY#BOE0CDF#4&102fce2&0&UID8388688#{e6f07b5f-ee97-4a90-b076-33f57bf4eaa7}（Scheduled）、\\?\DISPLAY#AUSAA34#5&1091fafa&0&UID4356#{e6f07b5f-ee97-4a90-b076-33f57bf4eaa7}（Scheduled）；下次喚醒 2026-10-07 19:45:00 (UTC+08:00)
2026-10-07T19:30:01.431 [ INFO] fc_host::wallpaper_coordinator: SetWallpaper（經狀態機）：螢幕 \\?\DISPLAY#BOE0CDF#4&102fce2&0&UID8388688#{e6f07b5f-ee97-4a90-b076-33f57bf4eaa7}、圖 %TEMP%\fc-ip\bc\localappdata\tw.fintools.fc-host\wallpaper\m-f9b2ea130f53c2f2-a.png → Applied
2026-10-07T19:30:02.432 [ INFO] fc_host::wallpaper_coordinator: 確認已套用：螢幕 \\?\DISPLAY#BOE0CDF#4&102fce2&0&UID8388688#{e6f07b5f-ee97-4a90-b076-33f57bf4eaa7} 讀回 %TEMP%\fc-ip\bc\localappdata\tw.fintools.fc-host\wallpaper\m-f9b2ea130f53c2f2-a.png → true
2026-10-07T19:30:03.847 [ INFO] fc_host::wallpaper_coordinator: SetWallpaper（經狀態機）：螢幕 \\?\DISPLAY#AUSAA34#5&1091fafa&0&UID4356#{e6f07b5f-ee97-4a90-b076-33f57bf4eaa7}、圖 %TEMP%\fc-ip\bc\localappdata\tw.fintools.fc-host\wallpaper\m-3bd72edb34b1e28f-a.png → Applied
2026-10-07T19:30:04.849 [ INFO] fc_host::wallpaper_coordinator: 確認已套用：螢幕 \\?\DISPLAY#AUSAA34#5&1091fafa&0&UID4356#{e6f07b5f-ee97-4a90-b076-33f57bf4eaa7} 讀回 %TEMP%\fc-ip\bc\localappdata\tw.fintools.fc-host\wallpaper\m-3bd72edb34b1e28f-a.png → true
2026-10-07T19:30:04.849 [ INFO] fc_host::wallpaper_coordinator: 決策：UpToDate；下次喚醒 2026-10-07 19:45:00 (UTC+08:00)
2026-10-07T19:45:01.181 [ INFO] fc_host::wallpaper_coordinator: 決策：Redraw 主題 astrolabe 時點 Slot(1791373500) 呈現 2026-10-07 19:45:00 (UTC+08:00)：\\?\DISPLAY#BOE0CDF#4&102fce2&0&UID8388688#{e6f07b5f-ee97-4a90-b076-33f57bf4eaa7}（Scheduled）、\\?\DISPLAY#AUSAA34#5&1091fafa&0&UID4356#{e6f07b5f-ee97-4a90-b076-33f57bf4eaa7}（Scheduled）；下次喚醒 2026-10-07 20:00:00 (UTC+08:00)
2026-10-07T19:45:02.335 [ INFO] fc_host::wallpaper_coordinator: SetWallpaper（經狀態機）：螢幕 \\?\DISPLAY#BOE0CDF#4&102fce2&0&UID8388688#{e6f07b5f-ee97-4a90-b076-33f57bf4eaa7}、圖 %TEMP%\fc-ip\bc\localappdata\tw.fintools.fc-host\wallpaper\m-f9b2ea130f53c2f2-b.png → Applied
2026-10-07T19:45:03.336 [ INFO] fc_host::wallpaper_coordinator: 確認已套用：螢幕 \\?\DISPLAY#BOE0CDF#4&102fce2&0&UID8388688#{e6f07b5f-ee97-4a90-b076-33f57bf4eaa7} 讀回 %TEMP%\fc-ip\bc\localappdata\tw.fintools.fc-host\wallpaper\m-f9b2ea130f53c2f2-b.png → true
2026-10-07T19:45:04.483 [ INFO] fc_host::wallpaper_coordinator: SetWallpaper（經狀態機）：螢幕 \\?\DISPLAY#AUSAA34#5&1091fafa&0&UID4356#{e6f07b5f-ee97-4a90-b076-33f57bf4eaa7}、圖 %TEMP%\fc-ip\bc\localappdata\tw.fintools.fc-host\wallpaper\m-3bd72edb34b1e28f-b.png → Applied
2026-10-07T19:45:05.484 [ INFO] fc_host::wallpaper_coordinator: 確認已套用：螢幕 \\?\DISPLAY#AUSAA34#5&1091fafa&0&UID4356#{e6f07b5f-ee97-4a90-b076-33f57bf4eaa7} 讀回 %TEMP%\fc-ip\bc\localappdata\tw.fintools.fc-host\wallpaper\m-3bd72edb34b1e28f-b.png → true
2026-10-07T19:45:05.485 [ INFO] fc_host::wallpaper_coordinator: 決策：UpToDate；下次喚醒 2026-10-07 20:00:00 (UTC+08:00)
2026-10-07T20:00:00.841 [ INFO] fc_host::wallpaper_coordinator: 決策：Redraw 主題 astrolabe 時點 Slot(1791374400) 呈現 2026-10-07 20:00:00 (UTC+08:00)：\\?\DISPLAY#BOE0CDF#4&102fce2&0&UID8388688#{e6f07b5f-ee97-4a90-b076-33f57bf4eaa7}（Scheduled）、\\?\DISPLAY#AUSAA34#5&1091fafa&0&UID4356#{e6f07b5f-ee97-4a90-b076-33f57bf4eaa7}（Scheduled）；下次喚醒 2026-10-07 20:15:00 (UTC+08:00)
2026-10-07T20:00:01.823 [ INFO] fc_host::wallpaper_coordinator: SetWallpaper（經狀態機）：螢幕 \\?\DISPLAY#BOE0CDF#4&102fce2&0&UID8388688#{e6f07b5f-ee97-4a90-b076-33f57bf4eaa7}、圖 %TEMP%\fc-ip\bc\localappdata\tw.fintools.fc-host\wallpaper\m-f9b2ea130f53c2f2-a.png → Applied
2026-10-07T20:00:02.824 [ INFO] fc_host::wallpaper_coordinator: 確認已套用：螢幕 \\?\DISPLAY#BOE0CDF#4&102fce2&0&UID8388688#{e6f07b5f-ee97-4a90-b076-33f57bf4eaa7} 讀回 %TEMP%\fc-ip\bc\localappdata\tw.fintools.fc-host\wallpaper\m-f9b2ea130f53c2f2-a.png → true
2026-10-07T20:00:04.237 [ INFO] fc_host::wallpaper_coordinator: SetWallpaper（經狀態機）：螢幕 \\?\DISPLAY#AUSAA34#5&1091fafa&0&UID4356#{e6f07b5f-ee97-4a90-b076-33f57bf4eaa7}、圖 %TEMP%\fc-ip\bc\localappdata\tw.fintools.fc-host\wallpaper\m-3bd72edb34b1e28f-a.png → Applied
2026-10-07T20:00:05.238 [ INFO] fc_host::wallpaper_coordinator: 確認已套用：螢幕 \\?\DISPLAY#AUSAA34#5&1091fafa&0&UID4356#{e6f07b5f-ee97-4a90-b076-33f57bf4eaa7} 讀回 %TEMP%\fc-ip\bc\localappdata\tw.fintools.fc-host\wallpaper\m-3bd72edb34b1e28f-a.png → true
2026-10-07T20:00:05.239 [ INFO] fc_host::wallpaper_coordinator: 決策：UpToDate；下次喚醒 2026-10-07 20:15:00 (UTC+08:00)
2026-10-07T20:15:00.564 [ INFO] fc_host::wallpaper_coordinator: 決策：Redraw 主題 astrolabe 時點 Slot(1791375300) 呈現 2026-10-07 20:15:00 (UTC+08:00)：\\?\DISPLAY#BOE0CDF#4&102fce2&0&UID8388688#{e6f07b5f-ee97-4a90-b076-33f57bf4eaa7}（Scheduled）、\\?\DISPLAY#AUSAA34#5&1091fafa&0&UID4356#{e6f07b5f-ee97-4a90-b076-33f57bf4eaa7}（Scheduled）；下次喚醒 2026-10-07 20:30:00 (UTC+08:00)
2026-10-07T20:15:01.740 [ INFO] fc_host::wallpaper_coordinator: SetWallpaper（經狀態機）：螢幕 \\?\DISPLAY#BOE0CDF#4&102fce2&0&UID8388688#{e6f07b5f-ee97-4a90-b076-33f57bf4eaa7}、圖 %TEMP%\fc-ip\bc\localappdata\tw.fintools.fc-host\wallpaper\m-f9b2ea130f53c2f2-b.png → Applied
2026-10-07T20:15:02.741 [ INFO] fc_host::wallpaper_coordinator: 確認已套用：螢幕 \\?\DISPLAY#BOE0CDF#4&102fce2&0&UID8388688#{e6f07b5f-ee97-4a90-b076-33f57bf4eaa7} 讀回 %TEMP%\fc-ip\bc\localappdata\tw.fintools.fc-host\wallpaper\m-f9b2ea130f53c2f2-b.png → true
2026-10-07T20:15:04.005 [ INFO] fc_host::wallpaper_coordinator: SetWallpaper（經狀態機）：螢幕 \\?\DISPLAY#AUSAA34#5&1091fafa&0&UID4356#{e6f07b5f-ee97-4a90-b076-33f57bf4eaa7}、圖 %TEMP%\fc-ip\bc\localappdata\tw.fintools.fc-host\wallpaper\m-3bd72edb34b1e28f-b.png → Applied
2026-10-07T20:15:05.006 [ INFO] fc_host::wallpaper_coordinator: 確認已套用：螢幕 \\?\DISPLAY#AUSAA34#5&1091fafa&0&UID4356#{e6f07b5f-ee97-4a90-b076-33f57bf4eaa7} 讀回 %TEMP%\fc-ip\bc\localappdata\tw.fintools.fc-host\wallpaper\m-3bd72edb34b1e28f-b.png → true
2026-10-07T20:15:05.007 [ INFO] fc_host::wallpaper_coordinator: 決策：UpToDate；下次喚醒 2026-10-07 20:30:00 (UTC+08:00)
2026-10-07T20:30:00.336 [ INFO] fc_host::wallpaper_coordinator: 決策：Redraw 主題 astrolabe 時點 Slot(1791376200) 呈現 2026-10-07 20:30:00 (UTC+08:00)：\\?\DISPLAY#BOE0CDF#4&102fce2&0&UID8388688#{e6f07b5f-ee97-4a90-b076-33f57bf4eaa7}（Scheduled）、\\?\DISPLAY#AUSAA34#5&1091fafa&0&UID4356#{e6f07b5f-ee97-4a90-b076-33f57bf4eaa7}（Scheduled）；下次喚醒 2026-10-07 20:45:00 (UTC+08:00)
2026-10-07T20:30:01.370 [ INFO] fc_host::wallpaper_coordinator: SetWallpaper（經狀態機）：螢幕 \\?\DISPLAY#BOE0CDF#4&102fce2&0&UID8388688#{e6f07b5f-ee97-4a90-b076-33f57bf4eaa7}、圖 %TEMP%\fc-ip\bc\localappdata\tw.fintools.fc-host\wallpaper\m-f9b2ea130f53c2f2-a.png → Applied
2026-10-07T20:30:02.372 [ INFO] fc_host::wallpaper_coordinator: 確認已套用：螢幕 \\?\DISPLAY#BOE0CDF#4&102fce2&0&UID8388688#{e6f07b5f-ee97-4a90-b076-33f57bf4eaa7} 讀回 %TEMP%\fc-ip\bc\localappdata\tw.fintools.fc-host\wallpaper\m-f9b2ea130f53c2f2-a.png → true
2026-10-07T20:30:03.481 [ INFO] fc_host::wallpaper_coordinator: SetWallpaper（經狀態機）：螢幕 \\?\DISPLAY#AUSAA34#5&1091fafa&0&UID4356#{e6f07b5f-ee97-4a90-b076-33f57bf4eaa7}、圖 %TEMP%\fc-ip\bc\localappdata\tw.fintools.fc-host\wallpaper\m-3bd72edb34b1e28f-a.png → Applied
2026-10-07T20:30:04.483 [ INFO] fc_host::wallpaper_coordinator: 確認已套用：螢幕 \\?\DISPLAY#AUSAA34#5&1091fafa&0&UID4356#{e6f07b5f-ee97-4a90-b076-33f57bf4eaa7} 讀回 %TEMP%\fc-ip\bc\localappdata\tw.fintools.fc-host\wallpaper\m-3bd72edb34b1e28f-a.png → true
2026-10-07T20:30:04.484 [ INFO] fc_host::wallpaper_coordinator: 決策：UpToDate；下次喚醒 2026-10-07 20:45:00 (UTC+08:00)
2026-10-07T20:45:00.827 [ INFO] fc_host::wallpaper_coordinator: 決策：Redraw 主題 astrolabe 時點 Slot(1791377100) 呈現 2026-10-07 20:45:00 (UTC+08:00)：\\?\DISPLAY#BOE0CDF#4&102fce2&0&UID8388688#{e6f07b5f-ee97-4a90-b076-33f57bf4eaa7}（Scheduled）、\\?\DISPLAY#AUSAA34#5&1091fafa&0&UID4356#{e6f07b5f-ee97-4a90-b076-33f57bf4eaa7}（Scheduled）；下次喚醒 2026-10-07 21:00:00 (UTC+08:00)
2026-10-07T20:45:01.868 [ INFO] fc_host::wallpaper_coordinator: SetWallpaper（經狀態機）：螢幕 \\?\DISPLAY#BOE0CDF#4&102fce2&0&UID8388688#{e6f07b5f-ee97-4a90-b076-33f57bf4eaa7}、圖 %TEMP%\fc-ip\bc\localappdata\tw.fintools.fc-host\wallpaper\m-f9b2ea130f53c2f2-b.png → Applied
2026-10-07T20:45:02.870 [ INFO] fc_host::wallpaper_coordinator: 確認已套用：螢幕 \\?\DISPLAY#BOE0CDF#4&102fce2&0&UID8388688#{e6f07b5f-ee97-4a90-b076-33f57bf4eaa7} 讀回 %TEMP%\fc-ip\bc\localappdata\tw.fintools.fc-host\wallpaper\m-f9b2ea130f53c2f2-b.png → true
2026-10-07T20:45:04.139 [ INFO] fc_host::wallpaper_coordinator: SetWallpaper（經狀態機）：螢幕 \\?\DISPLAY#AUSAA34#5&1091fafa&0&UID4356#{e6f07b5f-ee97-4a90-b076-33f57bf4eaa7}、圖 %TEMP%\fc-ip\bc\localappdata\tw.fintools.fc-host\wallpaper\m-3bd72edb34b1e28f-b.png → Applied
2026-10-07T20:45:05.140 [ INFO] fc_host::wallpaper_coordinator: 確認已套用：螢幕 \\?\DISPLAY#AUSAA34#5&1091fafa&0&UID4356#{e6f07b5f-ee97-4a90-b076-33f57bf4eaa7} 讀回 %TEMP%\fc-ip\bc\localappdata\tw.fintools.fc-host\wallpaper\m-3bd72edb34b1e28f-b.png → true
2026-10-07T20:45:05.141 [ INFO] fc_host::wallpaper_coordinator: 決策：UpToDate；下次喚醒 2026-10-07 21:00:00 (UTC+08:00)
2026-10-07T20:49:49.877 [ WARN] fc_host::widgets: relayout_all_widgets：空間不足，暫時隱藏 w-macro
2026-10-07T20:49:49.903 [ WARN] fc_host::widgets: relayout_all_widgets：空間不足，暫時隱藏 w-quotes
2026-10-07T20:49:50.188 [ INFO] fc_host::wallpaper_coordinator: 列舉螢幕（IDesktopWallpaper）：2 台，在線 1 台：\\?\DISPLAY#BOE0CDF#4&102fce2&0&UID8388688#{e6f07b5f-ee97-4a90-b076-33f57bf4eaa7} 2560×1600@(0,0)；\\?\DISPLAY#AUSAA34#5&1091fafa&0&UID4356#{e6f07b5f-ee97-4a90-b076-33f57bf4eaa7}（離線）
2026-10-07T20:49:50.188 [ INFO] fc_host::wallpaper_coordinator: 決策：UpToDate；下次喚醒 2026-10-07 21:00:00 (UTC+08:00)
2026-10-07T21:00:00.475 [ INFO] fc_host::wallpaper_coordinator: 決策：Redraw 主題 astrolabe 時點 Slot(1791378000) 呈現 2026-10-07 21:00:00 (UTC+08:00)：\\?\DISPLAY#BOE0CDF#4&102fce2&0&UID8388688#{e6f07b5f-ee97-4a90-b076-33f57bf4eaa7}（Scheduled）；下次喚醒 2026-10-07 21:15:00 (UTC+08:00)
2026-10-07T21:00:01.204 [ INFO] fc_host::wallpaper_coordinator: SetWallpaper（經狀態機）：螢幕 \\?\DISPLAY#BOE0CDF#4&102fce2&0&UID8388688#{e6f07b5f-ee97-4a90-b076-33f57bf4eaa7}、圖 %TEMP%\fc-ip\bc\localappdata\tw.fintools.fc-host\wallpaper\m-f9b2ea130f53c2f2-a.png → Applied
2026-10-07T21:00:02.204 [ INFO] fc_host::wallpaper_coordinator: 確認已套用：螢幕 \\?\DISPLAY#BOE0CDF#4&102fce2&0&UID8388688#{e6f07b5f-ee97-4a90-b076-33f57bf4eaa7} 讀回 %TEMP%\fc-ip\bc\localappdata\tw.fintools.fc-host\wallpaper\m-f9b2ea130f53c2f2-a.png → true
2026-10-07T21:00:02.205 [ INFO] fc_host::wallpaper_coordinator: 決策：UpToDate；下次喚醒 2026-10-07 21:15:00 (UTC+08:00)
2026-10-07T21:07:01.984 [ INFO] fc_host::wallpaper_coordinator: 列舉螢幕（IDesktopWallpaper）：2 台，在線 2 台：\\?\DISPLAY#BOE0CDF#4&102fce2&0&UID8388688#{e6f07b5f-ee97-4a90-b076-33f57bf4eaa7} 2560×1600@(3840,4)；\\?\DISPLAY#AUSAA34#5&1091fafa&0&UID4356#{e6f07b5f-ee97-4a90-b076-33f57bf4eaa7} 3840×2160@(0,0)
2026-10-07T21:07:01.985 [ INFO] fc_host::wallpaper_coordinator: 決策：Redraw 主題 astrolabe 時點 Slot(1791378000) 呈現 2026-10-07 21:00:00 (UTC+08:00)：\\?\DISPLAY#AUSAA34#5&1091fafa&0&UID4356#{e6f07b5f-ee97-4a90-b076-33f57bf4eaa7}（Unrecorded）；下次喚醒 2026-10-07 21:15:00 (UTC+08:00)
2026-10-07T21:07:04.681 [ INFO] fc_host::wallpaper_coordinator: SetWallpaper（經狀態機）：螢幕 \\?\DISPLAY#AUSAA34#5&1091fafa&0&UID4356#{e6f07b5f-ee97-4a90-b076-33f57bf4eaa7}、圖 %TEMP%\fc-ip\bc\localappdata\tw.fintools.fc-host\wallpaper\m-3bd72edb34b1e28f-a.png → Applied
2026-10-07T21:07:05.683 [ INFO] fc_host::wallpaper_coordinator: 確認已套用：螢幕 \\?\DISPLAY#AUSAA34#5&1091fafa&0&UID4356#{e6f07b5f-ee97-4a90-b076-33f57bf4eaa7} 讀回 %TEMP%\fc-ip\bc\localappdata\tw.fintools.fc-host\wallpaper\m-3bd72edb34b1e28f-a.png → true
2026-10-07T21:07:05.683 [ INFO] fc_host::wallpaper_coordinator: 列舉螢幕（IDesktopWallpaper）：2 台，在線 2 台：\\?\DISPLAY#BOE0CDF#4&102fce2&0&UID8388688#{e6f07b5f-ee97-4a90-b076-33f57bf4eaa7} 2560×1600@(3840,4)；\\?\DISPLAY#AUSAA34#5&1091fafa&0&UID4356#{e6f07b5f-ee97-4a90-b076-33f57bf4eaa7} 3840×2160@(0,0)
2026-10-07T21:07:05.683 [ INFO] fc_host::wallpaper_coordinator: 決策：UpToDate；下次喚醒 2026-10-07 21:15:00 (UTC+08:00)
2026-10-07T21:15:00.953 [ INFO] fc_host::wallpaper_coordinator: 決策：Redraw 主題 astrolabe 時點 Slot(1791378900) 呈現 2026-10-07 21:15:00 (UTC+08:00)：\\?\DISPLAY#BOE0CDF#4&102fce2&0&UID8388688#{e6f07b5f-ee97-4a90-b076-33f57bf4eaa7}（Scheduled）、\\?\DISPLAY#AUSAA34#5&1091fafa&0&UID4356#{e6f07b5f-ee97-4a90-b076-33f57bf4eaa7}（Scheduled）；下次喚醒 2026-10-07 21:30:00 (UTC+08:00)
2026-10-07T21:15:01.909 [ INFO] fc_host::wallpaper_coordinator: SetWallpaper（經狀態機）：螢幕 \\?\DISPLAY#BOE0CDF#4&102fce2&0&UID8388688#{e6f07b5f-ee97-4a90-b076-33f57bf4eaa7}、圖 %TEMP%\fc-ip\bc\localappdata\tw.fintools.fc-host\wallpaper\m-f9b2ea130f53c2f2-b.png → Applied
2026-10-07T21:15:02.911 [ INFO] fc_host::wallpaper_coordinator: 確認已套用：螢幕 \\?\DISPLAY#BOE0CDF#4&102fce2&0&UID8388688#{e6f07b5f-ee97-4a90-b076-33f57bf4eaa7} 讀回 %TEMP%\fc-ip\bc\localappdata\tw.fintools.fc-host\wallpaper\m-f9b2ea130f53c2f2-b.png → true
2026-10-07T21:15:04.049 [ INFO] fc_host::wallpaper_coordinator: SetWallpaper（經狀態機）：螢幕 \\?\DISPLAY#AUSAA34#5&1091fafa&0&UID4356#{e6f07b5f-ee97-4a90-b076-33f57bf4eaa7}、圖 %TEMP%\fc-ip\bc\localappdata\tw.fintools.fc-host\wallpaper\m-3bd72edb34b1e28f-b.png → Applied
2026-10-07T21:15:05.052 [ INFO] fc_host::wallpaper_coordinator: 確認已套用：螢幕 \\?\DISPLAY#AUSAA34#5&1091fafa&0&UID4356#{e6f07b5f-ee97-4a90-b076-33f57bf4eaa7} 讀回 %TEMP%\fc-ip\bc\localappdata\tw.fintools.fc-host\wallpaper\m-3bd72edb34b1e28f-b.png → true
2026-10-07T21:15:05.053 [ INFO] fc_host::wallpaper_coordinator: 決策：UpToDate；下次喚醒 2026-10-07 21:30:00 (UTC+08:00)
2026-10-07T21:30:00.409 [ INFO] fc_host::wallpaper_coordinator: 決策：Redraw 主題 astrolabe 時點 Slot(1791379800) 呈現 2026-10-07 21:30:00 (UTC+08:00)：\\?\DISPLAY#BOE0CDF#4&102fce2&0&UID8388688#{e6f07b5f-ee97-4a90-b076-33f57bf4eaa7}（Scheduled）、\\?\DISPLAY#AUSAA34#5&1091fafa&0&UID4356#{e6f07b5f-ee97-4a90-b076-33f57bf4eaa7}（Scheduled）；下次喚醒 2026-10-07 21:45:00 (UTC+08:00)
2026-10-07T21:30:01.265 [ INFO] fc_host::wallpaper_coordinator: SetWallpaper（經狀態機）：螢幕 \\?\DISPLAY#BOE0CDF#4&102fce2&0&UID8388688#{e6f07b5f-ee97-4a90-b076-33f57bf4eaa7}、圖 %TEMP%\fc-ip\bc\localappdata\tw.fintools.fc-host\wallpaper\m-f9b2ea130f53c2f2-a.png → Applied
2026-10-07T21:30:02.268 [ INFO] fc_host::wallpaper_coordinator: 確認已套用：螢幕 \\?\DISPLAY#BOE0CDF#4&102fce2&0&UID8388688#{e6f07b5f-ee97-4a90-b076-33f57bf4eaa7} 讀回 %TEMP%\fc-ip\bc\localappdata\tw.fintools.fc-host\wallpaper\m-f9b2ea130f53c2f2-a.png → true
2026-10-07T21:30:03.232 [ INFO] fc_host::wallpaper_coordinator: SetWallpaper（經狀態機）：螢幕 \\?\DISPLAY#AUSAA34#5&1091fafa&0&UID4356#{e6f07b5f-ee97-4a90-b076-33f57bf4eaa7}、圖 %TEMP%\fc-ip\bc\localappdata\tw.fintools.fc-host\wallpaper\m-3bd72edb34b1e28f-a.png → Applied
2026-10-07T21:30:04.233 [ INFO] fc_host::wallpaper_coordinator: 確認已套用：螢幕 \\?\DISPLAY#AUSAA34#5&1091fafa&0&UID4356#{e6f07b5f-ee97-4a90-b076-33f57bf4eaa7} 讀回 %TEMP%\fc-ip\bc\localappdata\tw.fintools.fc-host\wallpaper\m-3bd72edb34b1e28f-a.png → true
2026-10-07T21:30:04.234 [ INFO] fc_host::wallpaper_coordinator: 決策：UpToDate；下次喚醒 2026-10-07 21:45:00 (UTC+08:00)
2026-10-07T21:45:00.584 [ INFO] fc_host::wallpaper_coordinator: 決策：Redraw 主題 astrolabe 時點 Slot(1791380700) 呈現 2026-10-07 21:45:00 (UTC+08:00)：\\?\DISPLAY#BOE0CDF#4&102fce2&0&UID8388688#{e6f07b5f-ee97-4a90-b076-33f57bf4eaa7}（Scheduled）、\\?\DISPLAY#AUSAA34#5&1091fafa&0&UID4356#{e6f07b5f-ee97-4a90-b076-33f57bf4eaa7}（Scheduled）；下次喚醒 2026-10-07 22:00:00 (UTC+08:00)
2026-10-07T21:45:01.564 [ INFO] fc_host::wallpaper_coordinator: SetWallpaper（經狀態機）：螢幕 \\?\DISPLAY#BOE0CDF#4&102fce2&0&UID8388688#{e6f07b5f-ee97-4a90-b076-33f57bf4eaa7}、圖 %TEMP%\fc-ip\bc\localappdata\tw.fintools.fc-host\wallpaper\m-f9b2ea130f53c2f2-b.png → Applied
2026-10-07T21:45:02.566 [ INFO] fc_host::wallpaper_coordinator: 確認已套用：螢幕 \\?\DISPLAY#BOE0CDF#4&102fce2&0&UID8388688#{e6f07b5f-ee97-4a90-b076-33f57bf4eaa7} 讀回 %TEMP%\fc-ip\bc\localappdata\tw.fintools.fc-host\wallpaper\m-f9b2ea130f53c2f2-b.png → true
2026-10-07T21:45:03.577 [ INFO] fc_host::wallpaper_coordinator: SetWallpaper（經狀態機）：螢幕 \\?\DISPLAY#AUSAA34#5&1091fafa&0&UID4356#{e6f07b5f-ee97-4a90-b076-33f57bf4eaa7}、圖 %TEMP%\fc-ip\bc\localappdata\tw.fintools.fc-host\wallpaper\m-3bd72edb34b1e28f-b.png → Applied
2026-10-07T21:45:04.580 [ INFO] fc_host::wallpaper_coordinator: 確認已套用：螢幕 \\?\DISPLAY#AUSAA34#5&1091fafa&0&UID4356#{e6f07b5f-ee97-4a90-b076-33f57bf4eaa7} 讀回 %TEMP%\fc-ip\bc\localappdata\tw.fintools.fc-host\wallpaper\m-3bd72edb34b1e28f-b.png → true
2026-10-07T21:45:04.580 [ INFO] fc_host::wallpaper_coordinator: 決策：UpToDate；下次喚醒 2026-10-07 22:00:00 (UTC+08:00)
2026-10-07T22:00:00.934 [ INFO] fc_host::wallpaper_coordinator: 決策：Redraw 主題 astrolabe 時點 Slot(1791381600) 呈現 2026-10-07 22:00:00 (UTC+08:00)：\\?\DISPLAY#BOE0CDF#4&102fce2&0&UID8388688#{e6f07b5f-ee97-4a90-b076-33f57bf4eaa7}（Scheduled）、\\?\DISPLAY#AUSAA34#5&1091fafa&0&UID4356#{e6f07b5f-ee97-4a90-b076-33f57bf4eaa7}（Scheduled）；下次喚醒 2026-10-07 22:15:00 (UTC+08:00)
2026-10-07T22:00:01.915 [ INFO] fc_host::wallpaper_coordinator: SetWallpaper（經狀態機）：螢幕 \\?\DISPLAY#BOE0CDF#4&102fce2&0&UID8388688#{e6f07b5f-ee97-4a90-b076-33f57bf4eaa7}、圖 %TEMP%\fc-ip\bc\localappdata\tw.fintools.fc-host\wallpaper\m-f9b2ea130f53c2f2-a.png → Applied
2026-10-07T22:00:02.917 [ INFO] fc_host::wallpaper_coordinator: 確認已套用：螢幕 \\?\DISPLAY#BOE0CDF#4&102fce2&0&UID8388688#{e6f07b5f-ee97-4a90-b076-33f57bf4eaa7} 讀回 %TEMP%\fc-ip\bc\localappdata\tw.fintools.fc-host\wallpaper\m-f9b2ea130f53c2f2-a.png → true
2026-10-07T22:00:03.918 [ INFO] fc_host::wallpaper_coordinator: SetWallpaper（經狀態機）：螢幕 \\?\DISPLAY#AUSAA34#5&1091fafa&0&UID4356#{e6f07b5f-ee97-4a90-b076-33f57bf4eaa7}、圖 %TEMP%\fc-ip\bc\localappdata\tw.fintools.fc-host\wallpaper\m-3bd72edb34b1e28f-a.png → Applied
2026-10-07T22:00:04.919 [ INFO] fc_host::wallpaper_coordinator: 確認已套用：螢幕 \\?\DISPLAY#AUSAA34#5&1091fafa&0&UID4356#{e6f07b5f-ee97-4a90-b076-33f57bf4eaa7} 讀回 %TEMP%\fc-ip\bc\localappdata\tw.fintools.fc-host\wallpaper\m-3bd72edb34b1e28f-a.png → true
2026-10-07T22:00:04.919 [ INFO] fc_host::wallpaper_coordinator: 決策：UpToDate；下次喚醒 2026-10-07 22:15:00 (UTC+08:00)
2026-10-07T22:15:00.270 [ INFO] fc_host::wallpaper_coordinator: 決策：Redraw 主題 astrolabe 時點 Slot(1791382500) 呈現 2026-10-07 22:15:00 (UTC+08:00)：\\?\DISPLAY#BOE0CDF#4&102fce2&0&UID8388688#{e6f07b5f-ee97-4a90-b076-33f57bf4eaa7}（Scheduled）、\\?\DISPLAY#AUSAA34#5&1091fafa&0&UID4356#{e6f07b5f-ee97-4a90-b076-33f57bf4eaa7}（Scheduled）；下次喚醒 2026-10-07 22:30:00 (UTC+08:00)
2026-10-07T22:15:01.256 [ INFO] fc_host::wallpaper_coordinator: SetWallpaper（經狀態機）：螢幕 \\?\DISPLAY#BOE0CDF#4&102fce2&0&UID8388688#{e6f07b5f-ee97-4a90-b076-33f57bf4eaa7}、圖 %TEMP%\fc-ip\bc\localappdata\tw.fintools.fc-host\wallpaper\m-f9b2ea130f53c2f2-b.png → Applied
2026-10-07T22:15:02.258 [ INFO] fc_host::wallpaper_coordinator: 確認已套用：螢幕 \\?\DISPLAY#BOE0CDF#4&102fce2&0&UID8388688#{e6f07b5f-ee97-4a90-b076-33f57bf4eaa7} 讀回 %TEMP%\fc-ip\bc\localappdata\tw.fintools.fc-host\wallpaper\m-f9b2ea130f53c2f2-b.png → true
2026-10-07T22:15:03.283 [ INFO] fc_host::wallpaper_coordinator: SetWallpaper（經狀態機）：螢幕 \\?\DISPLAY#AUSAA34#5&1091fafa&0&UID4356#{e6f07b5f-ee97-4a90-b076-33f57bf4eaa7}、圖 %TEMP%\fc-ip\bc\localappdata\tw.fintools.fc-host\wallpaper\m-3bd72edb34b1e28f-b.png → Applied
2026-10-07T22:15:04.285 [ INFO] fc_host::wallpaper_coordinator: 確認已套用：螢幕 \\?\DISPLAY#AUSAA34#5&1091fafa&0&UID4356#{e6f07b5f-ee97-4a90-b076-33f57bf4eaa7} 讀回 %TEMP%\fc-ip\bc\localappdata\tw.fintools.fc-host\wallpaper\m-3bd72edb34b1e28f-b.png → true
2026-10-07T22:15:04.286 [ INFO] fc_host::wallpaper_coordinator: 決策：UpToDate；下次喚醒 2026-10-07 22:30:00 (UTC+08:00)
2026-10-07T22:30:00.603 [ INFO] fc_host::wallpaper_coordinator: 決策：Redraw 主題 astrolabe 時點 Slot(1791383400) 呈現 2026-10-07 22:30:00 (UTC+08:00)：\\?\DISPLAY#BOE0CDF#4&102fce2&0&UID8388688#{e6f07b5f-ee97-4a90-b076-33f57bf4eaa7}（Scheduled）、\\?\DISPLAY#AUSAA34#5&1091fafa&0&UID4356#{e6f07b5f-ee97-4a90-b076-33f57bf4eaa7}（Scheduled）；下次喚醒 2026-10-07 22:45:00 (UTC+08:00)
2026-10-07T22:30:01.598 [ INFO] fc_host::wallpaper_coordinator: SetWallpaper（經狀態機）：螢幕 \\?\DISPLAY#BOE0CDF#4&102fce2&0&UID8388688#{e6f07b5f-ee97-4a90-b076-33f57bf4eaa7}、圖 %TEMP%\fc-ip\bc\localappdata\tw.fintools.fc-host\wallpaper\m-f9b2ea130f53c2f2-a.png → Applied
2026-10-07T22:30:02.600 [ INFO] fc_host::wallpaper_coordinator: 確認已套用：螢幕 \\?\DISPLAY#BOE0CDF#4&102fce2&0&UID8388688#{e6f07b5f-ee97-4a90-b076-33f57bf4eaa7} 讀回 %TEMP%\fc-ip\bc\localappdata\tw.fintools.fc-host\wallpaper\m-f9b2ea130f53c2f2-a.png → true
2026-10-07T22:30:03.574 [ INFO] fc_host::wallpaper_coordinator: SetWallpaper（經狀態機）：螢幕 \\?\DISPLAY#AUSAA34#5&1091fafa&0&UID4356#{e6f07b5f-ee97-4a90-b076-33f57bf4eaa7}、圖 %TEMP%\fc-ip\bc\localappdata\tw.fintools.fc-host\wallpaper\m-3bd72edb34b1e28f-a.png → Applied
2026-10-07T22:30:04.576 [ INFO] fc_host::wallpaper_coordinator: 確認已套用：螢幕 \\?\DISPLAY#AUSAA34#5&1091fafa&0&UID4356#{e6f07b5f-ee97-4a90-b076-33f57bf4eaa7} 讀回 %TEMP%\fc-ip\bc\localappdata\tw.fintools.fc-host\wallpaper\m-3bd72edb34b1e28f-a.png → true
2026-10-07T22:30:04.576 [ INFO] fc_host::wallpaper_coordinator: 決策：UpToDate；下次喚醒 2026-10-07 22:45:00 (UTC+08:00)
2026-10-07T22:45:00.913 [ INFO] fc_host::wallpaper_coordinator: 決策：Redraw 主題 astrolabe 時點 Slot(1791384300) 呈現 2026-10-07 22:45:00 (UTC+08:00)：\\?\DISPLAY#BOE0CDF#4&102fce2&0&UID8388688#{e6f07b5f-ee97-4a90-b076-33f57bf4eaa7}（Scheduled）、\\?\DISPLAY#AUSAA34#5&1091fafa&0&UID4356#{e6f07b5f-ee97-4a90-b076-33f57bf4eaa7}（Scheduled）；下次喚醒 2026-10-07 23:00:00 (UTC+08:00)
2026-10-07T22:45:01.803 [ INFO] fc_host::wallpaper_coordinator: SetWallpaper（經狀態機）：螢幕 \\?\DISPLAY#BOE0CDF#4&102fce2&0&UID8388688#{e6f07b5f-ee97-4a90-b076-33f57bf4eaa7}、圖 %TEMP%\fc-ip\bc\localappdata\tw.fintools.fc-host\wallpaper\m-f9b2ea130f53c2f2-b.png → Applied
2026-10-07T22:45:02.806 [ INFO] fc_host::wallpaper_coordinator: 確認已套用：螢幕 \\?\DISPLAY#BOE0CDF#4&102fce2&0&UID8388688#{e6f07b5f-ee97-4a90-b076-33f57bf4eaa7} 讀回 %TEMP%\fc-ip\bc\localappdata\tw.fintools.fc-host\wallpaper\m-f9b2ea130f53c2f2-b.png → true
2026-10-07T22:45:03.962 [ INFO] fc_host::wallpaper_coordinator: SetWallpaper（經狀態機）：螢幕 \\?\DISPLAY#AUSAA34#5&1091fafa&0&UID4356#{e6f07b5f-ee97-4a90-b076-33f57bf4eaa7}、圖 %TEMP%\fc-ip\bc\localappdata\tw.fintools.fc-host\wallpaper\m-3bd72edb34b1e28f-b.png → Applied
2026-10-07T22:45:04.963 [ INFO] fc_host::wallpaper_coordinator: 確認已套用：螢幕 \\?\DISPLAY#AUSAA34#5&1091fafa&0&UID4356#{e6f07b5f-ee97-4a90-b076-33f57bf4eaa7} 讀回 %TEMP%\fc-ip\bc\localappdata\tw.fintools.fc-host\wallpaper\m-3bd72edb34b1e28f-b.png → true
2026-10-07T22:45:04.964 [ INFO] fc_host::wallpaper_coordinator: 決策：UpToDate；下次喚醒 2026-10-07 23:00:00 (UTC+08:00)
2026-10-07T23:00:00.312 [ INFO] fc_host::wallpaper_coordinator: 決策：Redraw 主題 astrolabe 時點 Slot(1791385200) 呈現 2026-10-07 23:00:00 (UTC+08:00)：\\?\DISPLAY#BOE0CDF#4&102fce2&0&UID8388688#{e6f07b5f-ee97-4a90-b076-33f57bf4eaa7}（Scheduled）、\\?\DISPLAY#AUSAA34#5&1091fafa&0&UID4356#{e6f07b5f-ee97-4a90-b076-33f57bf4eaa7}（Scheduled）；下次喚醒 2026-10-07 23:15:00 (UTC+08:00)
2026-10-07T23:00:01.155 [ INFO] fc_host::wallpaper_coordinator: SetWallpaper（經狀態機）：螢幕 \\?\DISPLAY#BOE0CDF#4&102fce2&0&UID8388688#{e6f07b5f-ee97-4a90-b076-33f57bf4eaa7}、圖 %TEMP%\fc-ip\bc\localappdata\tw.fintools.fc-host\wallpaper\m-f9b2ea130f53c2f2-a.png → Applied
2026-10-07T23:00:02.156 [ INFO] fc_host::wallpaper_coordinator: 確認已套用：螢幕 \\?\DISPLAY#BOE0CDF#4&102fce2&0&UID8388688#{e6f07b5f-ee97-4a90-b076-33f57bf4eaa7} 讀回 %TEMP%\fc-ip\bc\localappdata\tw.fintools.fc-host\wallpaper\m-f9b2ea130f53c2f2-a.png → true
2026-10-07T23:00:03.137 [ INFO] fc_host::wallpaper_coordinator: SetWallpaper（經狀態機）：螢幕 \\?\DISPLAY#AUSAA34#5&1091fafa&0&UID4356#{e6f07b5f-ee97-4a90-b076-33f57bf4eaa7}、圖 %TEMP%\fc-ip\bc\localappdata\tw.fintools.fc-host\wallpaper\m-3bd72edb34b1e28f-a.png → Applied
2026-10-07T23:00:04.137 [ INFO] fc_host::wallpaper_coordinator: 確認已套用：螢幕 \\?\DISPLAY#AUSAA34#5&1091fafa&0&UID4356#{e6f07b5f-ee97-4a90-b076-33f57bf4eaa7} 讀回 %TEMP%\fc-ip\bc\localappdata\tw.fintools.fc-host\wallpaper\m-3bd72edb34b1e28f-a.png → true
2026-10-07T23:00:04.138 [ INFO] fc_host::wallpaper_coordinator: 決策：UpToDate；下次喚醒 2026-10-07 23:15:00 (UTC+08:00)
2026-10-07T23:03:08.838 [ INFO] fc_host::tray: 系統匣：編輯版面切換為 true
2026-10-07T23:03:09.647 [ INFO] fc_host::widgets: 拖曳開始（WM_ENTERSIZEMOVE）：macro 視窗矩形 x=1200 y=522 1280×1305
2026-10-07T23:03:10.481 [ INFO] fc_host::widgets: 拖曳結束（WM_EXITSIZEMOVE）：視窗矩形 x=2530 y=513 1280×1305，延後判定 seq=0
2026-10-07T23:03:10.482 [ INFO] fc_host::widgets: 拖曳延後判定（posted）：macro 視窗矩形 x=2530 y=513 1280×1305（seq=0）
2026-10-07T23:03:11.312 [ INFO] fc_host::widgets: 拖曳開始（WM_ENTERSIZEMOVE）：clock 視窗矩形 x=1200 y=43 1280×435
2026-10-07T23:03:12.108 [ INFO] fc_host::widgets: 拖曳結束（WM_EXITSIZEMOVE）：視窗矩形 x=2486 y=69 1280×435，延後判定 seq=1
2026-10-07T23:03:12.110 [ INFO] fc_host::widgets: 拖曳延後判定（posted）：clock 視窗矩形 x=2486 y=69 1280×435（seq=1）
2026-10-07T23:03:13.012 [ INFO] fc_host::widgets: 拖曳開始（WM_ENTERSIZEMOVE）：macro 視窗矩形 x=2560 y=522 1280×1305
2026-10-07T23:03:13.572 [ INFO] fc_host::widgets: 拖曳結束（WM_EXITSIZEMOVE）：視窗矩形 x=2837 y=527 1003×1300，延後判定 seq=2
2026-10-07T23:03:13.575 [ INFO] fc_host::widgets: 拖曳延後判定（posted）：macro 視窗矩形 x=2837 y=527 1003×1300（seq=2）
2026-10-07T23:03:14.633 [ INFO] fc_host::widgets: 拖曳開始（WM_ENTERSIZEMOVE）：clock 視窗矩形 x=2480 y=87 1280×435
2026-10-07T23:03:15.115 [ INFO] fc_host::widgets: 拖曳結束（WM_EXITSIZEMOVE）：視窗矩形 x=2558 y=75 1280×435，延後判定 seq=3
2026-10-07T23:03:15.118 [ INFO] fc_host::widgets: 拖曳延後判定（posted）：clock 視窗矩形 x=2558 y=75 1280×435（seq=3）
2026-10-07T23:03:15.741 [ INFO] fc_host::widgets: 拖曳開始（WM_ENTERSIZEMOVE）：clock 視窗矩形 x=2560 y=87 1280×435
2026-10-07T23:03:16.504 [ INFO] fc_host::widgets: 拖曳結束（WM_EXITSIZEMOVE）：視窗矩形 x=2777 y=81 1063×441，延後判定 seq=4
2026-10-07T23:03:16.507 [ INFO] fc_host::widgets: 拖曳延後判定（posted）：clock 視窗矩形 x=2777 y=81 1063×441（seq=4）
2026-10-07T23:03:18.493 [ INFO] fc_host::widgets: 拖曳開始（WM_ENTERSIZEMOVE）：quotes 視窗矩形 x=1200 y=1870 2560×174
2026-10-07T23:03:19.366 [ INFO] fc_host::widgets: 拖曳結束（WM_EXITSIZEMOVE）：視窗矩形 x=1200 y=1922 2560×122，延後判定 seq=5
2026-10-07T23:03:19.367 [ INFO] fc_host::widgets: 拖曳延後判定（posted）：quotes 視窗矩形 x=1200 y=1922 2560×122（seq=5）
2026-10-07T23:03:19.367 [ INFO] fc_host::widgets: 拖曳結束：放開位置不合法，彈回原位（quotes）：原因：小於最小格數；顯示器 #0（工作區 x=0 y=0 3840×2088）；對齊後格子 col=15 row=44 w=32 h=3；放開矩形 x=1200 y=1922 2560×122
2026-10-07T23:03:20.409 [ INFO] fc_host::widgets: 拖曳開始（WM_ENTERSIZEMOVE）：quotes 視窗矩形 x=1200 y=1870 2560×174
2026-10-07T23:03:21.943 [ INFO] fc_host::widgets: 拖曳結束（WM_EXITSIZEMOVE）：視窗矩形 x=2394 y=1871 1366×173，延後判定 seq=6
2026-10-07T23:03:21.944 [ INFO] fc_host::widgets: 拖曳延後判定（posted）：quotes 視窗矩形 x=2394 y=1871 1366×173（seq=6）
2026-10-07T23:03:24.666 [ INFO] fc_host::tray: 系統匣：編輯版面切換為 false
2026-10-07T23:15:00.469 [ INFO] fc_host::wallpaper_coordinator: 決策：Redraw 主題 astrolabe 時點 Slot(1791386100) 呈現 2026-10-07 23:15:00 (UTC+08:00)：\\?\DISPLAY#BOE0CDF#4&102fce2&0&UID8388688#{e6f07b5f-ee97-4a90-b076-33f57bf4eaa7}（Scheduled）、\\?\DISPLAY#AUSAA34#5&1091fafa&0&UID4356#{e6f07b5f-ee97-4a90-b076-33f57bf4eaa7}（Scheduled）；下次喚醒 2026-10-07 23:30:00 (UTC+08:00)
2026-10-07T23:15:01.459 [ INFO] fc_host::wallpaper_coordinator: SetWallpaper（經狀態機）：螢幕 \\?\DISPLAY#BOE0CDF#4&102fce2&0&UID8388688#{e6f07b5f-ee97-4a90-b076-33f57bf4eaa7}、圖 %TEMP%\fc-ip\bc\localappdata\tw.fintools.fc-host\wallpaper\m-f9b2ea130f53c2f2-b.png → Applied
2026-10-07T23:15:02.461 [ INFO] fc_host::wallpaper_coordinator: 確認已套用：螢幕 \\?\DISPLAY#BOE0CDF#4&102fce2&0&UID8388688#{e6f07b5f-ee97-4a90-b076-33f57bf4eaa7} 讀回 %TEMP%\fc-ip\bc\localappdata\tw.fintools.fc-host\wallpaper\m-f9b2ea130f53c2f2-b.png → true
2026-10-07T23:15:03.796 [ INFO] fc_host::wallpaper_coordinator: SetWallpaper（經狀態機）：螢幕 \\?\DISPLAY#AUSAA34#5&1091fafa&0&UID4356#{e6f07b5f-ee97-4a90-b076-33f57bf4eaa7}、圖 %TEMP%\fc-ip\bc\localappdata\tw.fintools.fc-host\wallpaper\m-3bd72edb34b1e28f-b.png → Applied
2026-10-07T23:15:04.796 [ INFO] fc_host::wallpaper_coordinator: 確認已套用：螢幕 \\?\DISPLAY#AUSAA34#5&1091fafa&0&UID4356#{e6f07b5f-ee97-4a90-b076-33f57bf4eaa7} 讀回 %TEMP%\fc-ip\bc\localappdata\tw.fintools.fc-host\wallpaper\m-3bd72edb34b1e28f-b.png → true
2026-10-07T23:15:04.796 [ INFO] fc_host::wallpaper_coordinator: 決策：UpToDate；下次喚醒 2026-10-07 23:30:00 (UTC+08:00)
2026-10-07T23:30:01.112 [ INFO] fc_host::wallpaper_coordinator: 決策：Redraw 主題 astrolabe 時點 Slot(1791387000) 呈現 2026-10-07 23:30:00 (UTC+08:00)：\\?\DISPLAY#BOE0CDF#4&102fce2&0&UID8388688#{e6f07b5f-ee97-4a90-b076-33f57bf4eaa7}（Scheduled）、\\?\DISPLAY#AUSAA34#5&1091fafa&0&UID4356#{e6f07b5f-ee97-4a90-b076-33f57bf4eaa7}（Scheduled）；下次喚醒 2026-10-07 23:45:00 (UTC+08:00)
2026-10-07T23:30:02.030 [ INFO] fc_host::wallpaper_coordinator: SetWallpaper（經狀態機）：螢幕 \\?\DISPLAY#BOE0CDF#4&102fce2&0&UID8388688#{e6f07b5f-ee97-4a90-b076-33f57bf4eaa7}、圖 %TEMP%\fc-ip\bc\localappdata\tw.fintools.fc-host\wallpaper\m-f9b2ea130f53c2f2-a.png → Applied
2026-10-07T23:30:03.032 [ INFO] fc_host::wallpaper_coordinator: 確認已套用：螢幕 \\?\DISPLAY#BOE0CDF#4&102fce2&0&UID8388688#{e6f07b5f-ee97-4a90-b076-33f57bf4eaa7} 讀回 %TEMP%\fc-ip\bc\localappdata\tw.fintools.fc-host\wallpaper\m-f9b2ea130f53c2f2-a.png → true
2026-10-07T23:30:04.447 [ INFO] fc_host::wallpaper_coordinator: SetWallpaper（經狀態機）：螢幕 \\?\DISPLAY#AUSAA34#5&1091fafa&0&UID4356#{e6f07b5f-ee97-4a90-b076-33f57bf4eaa7}、圖 %TEMP%\fc-ip\bc\localappdata\tw.fintools.fc-host\wallpaper\m-3bd72edb34b1e28f-a.png → Applied
2026-10-07T23:30:05.449 [ INFO] fc_host::wallpaper_coordinator: 確認已套用：螢幕 \\?\DISPLAY#AUSAA34#5&1091fafa&0&UID4356#{e6f07b5f-ee97-4a90-b076-33f57bf4eaa7} 讀回 %TEMP%\fc-ip\bc\localappdata\tw.fintools.fc-host\wallpaper\m-3bd72edb34b1e28f-a.png → true
2026-10-07T23:30:05.450 [ INFO] fc_host::wallpaper_coordinator: 決策：UpToDate；下次喚醒 2026-10-07 23:45:00 (UTC+08:00)
2026-10-07T23:45:00.790 [ INFO] fc_host::wallpaper_coordinator: 決策：Redraw 主題 astrolabe 時點 Slot(1791387900) 呈現 2026-10-07 23:45:00 (UTC+08:00)：\\?\DISPLAY#BOE0CDF#4&102fce2&0&UID8388688#{e6f07b5f-ee97-4a90-b076-33f57bf4eaa7}（Scheduled）、\\?\DISPLAY#AUSAA34#5&1091fafa&0&UID4356#{e6f07b5f-ee97-4a90-b076-33f57bf4eaa7}（Scheduled）；下次喚醒 2026-10-08 00:00:00 (UTC+08:00)
2026-10-07T23:45:01.859 [ INFO] fc_host::wallpaper_coordinator: SetWallpaper（經狀態機）：螢幕 \\?\DISPLAY#BOE0CDF#4&102fce2&0&UID8388688#{e6f07b5f-ee97-4a90-b076-33f57bf4eaa7}、圖 %TEMP%\fc-ip\bc\localappdata\tw.fintools.fc-host\wallpaper\m-f9b2ea130f53c2f2-b.png → Applied
2026-10-07T23:45:02.861 [ INFO] fc_host::wallpaper_coordinator: 確認已套用：螢幕 \\?\DISPLAY#BOE0CDF#4&102fce2&0&UID8388688#{e6f07b5f-ee97-4a90-b076-33f57bf4eaa7} 讀回 %TEMP%\fc-ip\bc\localappdata\tw.fintools.fc-host\wallpaper\m-f9b2ea130f53c2f2-b.png → true
2026-10-07T23:45:04.081 [ INFO] fc_host::wallpaper_coordinator: SetWallpaper（經狀態機）：螢幕 \\?\DISPLAY#AUSAA34#5&1091fafa&0&UID4356#{e6f07b5f-ee97-4a90-b076-33f57bf4eaa7}、圖 %TEMP%\fc-ip\bc\localappdata\tw.fintools.fc-host\wallpaper\m-3bd72edb34b1e28f-b.png → Applied
2026-10-07T23:45:05.082 [ INFO] fc_host::wallpaper_coordinator: 確認已套用：螢幕 \\?\DISPLAY#AUSAA34#5&1091fafa&0&UID4356#{e6f07b5f-ee97-4a90-b076-33f57bf4eaa7} 讀回 %TEMP%\fc-ip\bc\localappdata\tw.fintools.fc-host\wallpaper\m-3bd72edb34b1e28f-b.png → true
2026-10-07T23:45:05.085 [ INFO] fc_host::wallpaper_coordinator: 決策：UpToDate；下次喚醒 2026-10-08 00:00:00 (UTC+08:00)
2026-10-08T00:00:00.417 [ INFO] fc_host::wallpaper_coordinator: 決策：Redraw 主題 astrolabe 時點 Slot(1791388800) 呈現 2026-10-08 00:00:00 (UTC+08:00)：\\?\DISPLAY#BOE0CDF#4&102fce2&0&UID8388688#{e6f07b5f-ee97-4a90-b076-33f57bf4eaa7}（Scheduled）、\\?\DISPLAY#AUSAA34#5&1091fafa&0&UID4356#{e6f07b5f-ee97-4a90-b076-33f57bf4eaa7}（Scheduled）；下次喚醒 2026-10-08 00:15:00 (UTC+08:00)
2026-10-08T00:00:01.263 [ INFO] fc_host::wallpaper_coordinator: SetWallpaper（經狀態機）：螢幕 \\?\DISPLAY#BOE0CDF#4&102fce2&0&UID8388688#{e6f07b5f-ee97-4a90-b076-33f57bf4eaa7}、圖 %TEMP%\fc-ip\bc\localappdata\tw.fintools.fc-host\wallpaper\m-f9b2ea130f53c2f2-a.png → Applied
2026-10-08T00:00:02.265 [ INFO] fc_host::wallpaper_coordinator: 確認已套用：螢幕 \\?\DISPLAY#BOE0CDF#4&102fce2&0&UID8388688#{e6f07b5f-ee97-4a90-b076-33f57bf4eaa7} 讀回 %TEMP%\fc-ip\bc\localappdata\tw.fintools.fc-host\wallpaper\m-f9b2ea130f53c2f2-a.png → true
2026-10-08T00:00:03.358 [ INFO] fc_host::wallpaper_coordinator: SetWallpaper（經狀態機）：螢幕 \\?\DISPLAY#AUSAA34#5&1091fafa&0&UID4356#{e6f07b5f-ee97-4a90-b076-33f57bf4eaa7}、圖 %TEMP%\fc-ip\bc\localappdata\tw.fintools.fc-host\wallpaper\m-3bd72edb34b1e28f-a.png → Applied
2026-10-08T00:00:04.360 [ INFO] fc_host::wallpaper_coordinator: 確認已套用：螢幕 \\?\DISPLAY#AUSAA34#5&1091fafa&0&UID4356#{e6f07b5f-ee97-4a90-b076-33f57bf4eaa7} 讀回 %TEMP%\fc-ip\bc\localappdata\tw.fintools.fc-host\wallpaper\m-3bd72edb34b1e28f-a.png → true
2026-10-08T00:00:04.360 [ INFO] fc_host::wallpaper_coordinator: 決策：UpToDate；下次喚醒 2026-10-08 00:15:00 (UTC+08:00)
2026-10-08T00:10:08.427 [ WARN] fc_host::widgets: relayout_all_widgets：空間不足，暫時隱藏 w-quotes
2026-10-08T00:10:08.530 [ WARN] fc_host::widgets: relayout_all_widgets：空間不足，暫時隱藏 w-macro
2026-10-08T00:10:08.713 [ INFO] fc_host::wallpaper_coordinator: 列舉螢幕（IDesktopWallpaper）：2 台，在線 1 台：\\?\DISPLAY#BOE0CDF#4&102fce2&0&UID8388688#{e6f07b5f-ee97-4a90-b076-33f57bf4eaa7} 2560×1600@(0,0)；\\?\DISPLAY#AUSAA34#5&1091fafa&0&UID4356#{e6f07b5f-ee97-4a90-b076-33f57bf4eaa7}（離線）
2026-10-08T00:10:08.714 [ INFO] fc_host::wallpaper_coordinator: 決策：UpToDate；下次喚醒 2026-10-08 00:15:00 (UTC+08:00)
2026-10-08T00:11:08.333 [ INFO] fc_host::updater: 更新器：停用——隔離環境，不檢查更新（LOCALAPPDATA=%TEMP%\fc-ip\bc\localappdata，系統登記=%LOCALAPPDATA%）
2026-10-08T00:11:08.974 [ WARN] fc_host::widgets: 建立小工具視窗：空間不足，暫時隱藏 w-macro
2026-10-08T00:11:09.373 [ WARN] fc_host::widgets: 建立小工具視窗：空間不足，暫時隱藏 w-quotes
2026-10-08T00:11:09.373 [ INFO] fc_host::wallpaper_coordinator: 協調迴圈啟動：狀態檔 %TEMP%\fc-ip\bc\appdata\tw.fintools.fc-host\wallpaper-state.json、輸出資料夾 %TEMP%\fc-ip\bc\localappdata\tw.fintools.fc-host\wallpaper
2026-10-08T00:11:09.373 [ INFO] fc_host::wallpaper_coordinator: 啟動：狀態檔為接管中、沒有「還原進行中」標記（上次結束時沒有還原：當機、工作階段結束或被終止）→ 照常接管並重畫
2026-10-08T00:11:09.521 [ INFO] fc_host::wallpaper_coordinator: 列舉螢幕（IDesktopWallpaper）：2 台，在線 1 台：\\?\DISPLAY#BOE0CDF#4&102fce2&0&UID8388688#{e6f07b5f-ee97-4a90-b076-33f57bf4eaa7} 2560×1600@(0,0)；\\?\DISPLAY#AUSAA34#5&1091fafa&0&UID4356#{e6f07b5f-ee97-4a90-b076-33f57bf4eaa7}（離線）
2026-10-08T00:11:09.527 [ INFO] fc_host::wallpaper_coordinator: 決策：Redraw 主題 astrolabe 時點 Slot(1791388800) 呈現 2026-10-08 00:00:00 (UTC+08:00)：\\?\DISPLAY#BOE0CDF#4&102fce2&0&UID8388688#{e6f07b5f-ee97-4a90-b076-33f57bf4eaa7}（Unrecorded）；下次喚醒 2026-10-08 00:15:00 (UTC+08:00)
2026-10-08T00:11:10.509 [ INFO] fc_host::wallpaper_coordinator: SetWallpaper（經狀態機）：螢幕 \\?\DISPLAY#BOE0CDF#4&102fce2&0&UID8388688#{e6f07b5f-ee97-4a90-b076-33f57bf4eaa7}、圖 %TEMP%\fc-ip\bc\localappdata\tw.fintools.fc-host\wallpaper\m-f9b2ea130f53c2f2-b.png → Applied
2026-10-08T00:11:11.512 [ INFO] fc_host::wallpaper_coordinator: 確認已套用：螢幕 \\?\DISPLAY#BOE0CDF#4&102fce2&0&UID8388688#{e6f07b5f-ee97-4a90-b076-33f57bf4eaa7} 讀回 %TEMP%\fc-ip\bc\localappdata\tw.fintools.fc-host\wallpaper\m-f9b2ea130f53c2f2-b.png → true
2026-10-08T00:11:11.512 [ INFO] fc_host::wallpaper_coordinator: 決策：UpToDate；下次喚醒 2026-10-08 00:15:00 (UTC+08:00)
2026-10-08T00:12:34.506 [ INFO] fc_host::wallpaper_coordinator: 決策：Paused；下次喚醒 無（只等事件）
2026-10-08T00:12:39.515 [ INFO] fc_host::wallpaper_coordinator: 決策：UpToDate；下次喚醒 2026-10-08 00:15:00 (UTC+08:00)
2026-10-08T00:13:07.104 [ INFO] fc_host::wallpaper_coordinator: 列舉螢幕（IDesktopWallpaper）：2 台，在線 2 台：\\?\DISPLAY#BOE0CDF#4&102fce2&0&UID8388688#{e6f07b5f-ee97-4a90-b076-33f57bf4eaa7} 2560×1600@(3840,4)；\\?\DISPLAY#AUSAA34#5&1091fafa&0&UID4356#{e6f07b5f-ee97-4a90-b076-33f57bf4eaa7} 3840×2160@(0,0)
2026-10-08T00:13:07.104 [ INFO] fc_host::wallpaper_coordinator: 決策：Redraw 主題 astrolabe 時點 Slot(1791388800) 呈現 2026-10-08 00:00:00 (UTC+08:00)：\\?\DISPLAY#AUSAA34#5&1091fafa&0&UID4356#{e6f07b5f-ee97-4a90-b076-33f57bf4eaa7}（Unrecorded）；下次喚醒 2026-10-08 00:15:00 (UTC+08:00)
2026-10-08T00:13:08.568 [ INFO] fc_host::wallpaper_coordinator: SetWallpaper（經狀態機）：螢幕 \\?\DISPLAY#AUSAA34#5&1091fafa&0&UID4356#{e6f07b5f-ee97-4a90-b076-33f57bf4eaa7}、圖 %TEMP%\fc-ip\bc\localappdata\tw.fintools.fc-host\wallpaper\m-3bd72edb34b1e28f-b.png → Applied
2026-10-08T00:13:09.570 [ INFO] fc_host::wallpaper_coordinator: 確認已套用：螢幕 \\?\DISPLAY#AUSAA34#5&1091fafa&0&UID4356#{e6f07b5f-ee97-4a90-b076-33f57bf4eaa7} 讀回 %TEMP%\fc-ip\bc\localappdata\tw.fintools.fc-host\wallpaper\m-3bd72edb34b1e28f-b.png → true
2026-10-08T00:13:09.570 [ INFO] fc_host::wallpaper_coordinator: 列舉螢幕（IDesktopWallpaper）：2 台，在線 2 台：\\?\DISPLAY#BOE0CDF#4&102fce2&0&UID8388688#{e6f07b5f-ee97-4a90-b076-33f57bf4eaa7} 2560×1600@(3840,4)；\\?\DISPLAY#AUSAA34#5&1091fafa&0&UID4356#{e6f07b5f-ee97-4a90-b076-33f57bf4eaa7} 3840×2160@(0,0)
2026-10-08T00:13:09.571 [ INFO] fc_host::wallpaper_coordinator: 決策：UpToDate；下次喚醒 2026-10-08 00:15:00 (UTC+08:00)
2026-10-08T00:13:58.862 [ INFO] fc_host::wallpaper_coordinator: 還原結果：Restored { offline_unverified: [], user_choice_kept: [], warnings: [], state_saved: true }
2026-10-08T00:13:58.862 [ INFO] fc_host::wallpaper_coordinator: 決策：Idle；下次喚醒 無（只等事件）
2026-10-07T20:49:49.987 RELAYOUT reason=display-change,workarea-change applied=3
2026-10-07T21:07:01.428 RELAYOUT reason=display-change,workarea-change applied=5
2026-10-07T21:07:02.706 RELAYOUT reason=workarea-change applied=5
2026-10-08T00:10:08.582 RELAYOUT reason=display-change,workarea-change applied=3
2026-10-08T00:13:06.341 RELAYOUT reason=display-change,workarea-change applied=5
2026-10-08T00:13:07.044 RELAYOUT reason=workarea-change applied=5
