[compare] --today=2026-09-28T14:05:00+08:00（epoch=1790575500000，Asia/Taipei 今天=2026-09-28）
[compare] --fixture=D:\projects\finance-calendar\host\ui\fixtures\tw-events.json
[compare] 本機伺服器：http://127.0.0.1:51749（暫存目錄：%TEMP%\fc-compare-serve-b2l4MC）
[compare] headless Edge 已啟動，devtools port=51750

── 跨版本比對 widget=macro ──
  lively：80 行／new:macro：1 行
  FAIL（80 處不同）
    [0] - 總經日曆
    [0] + 小工具「macro」尚未實作（見 openspec tasks.md 4.2–4.7）。
    [1] - 美國・歐元區・日本｜中高重要性
    [1] + (無此行)
    [2] - 9/28 (一) 今天
    [2] + (無此行)
    [3] - 21:30
    [3] + (無此行)
    [4] - 歐
    [4] + (無此行)
    [5] - 歐洲央行總裁拉加德談話
    [5] + (無此行)
    [6] - 9/29 (二)
    [6] + (無此行)
    [7] - 19:00
    [7] + (無此行)
    [8] - 歐
    [8] + (無此行)
    [9] - 歐洲央行總裁拉加德談話
    [9] + (無此行)
    [10] - 22:00
    [10] + (無此行)
    [11] - 美
    [11] + (無此行)
    [12] - 諮商會消費者信心
    [12] + (無此行)
    [13] - 預 90.1｜前 89.4
    [13] + (無此行)
    [14] - 22:00
    [14] + (無此行)
    [15] - 美
    [15] + (無此行)
    [16] - JOLTS 職位空缺
    [16] + (無此行)
    [17] - 預 7.23M｜前 7.27M
    [17] + (無此行)
    [18] - 9/30 (三)
    [18] + (無此行)
    [19] - 14:29
    [19] + (無此行)
    [20] - 歐
    [20] + (無此行)
    [21] - 德國CPI初值 (月增)
    [21] + (無此行)
    [22] - 預 0.5%｜前 0.2%
    [22] + (無此行)
    [23] - 20:15
    [23] + (無此行)
    [24] - 美
    [24] + (無此行)
    [25] - ADP 非農就業
    [25] + (無此行)
    [26] - 預 70K｜前 38K
    [26] + (無此行)
    [27] - 20:30
    [27] + (無此行)
    [28] - 美
    [28] + (無此行)
    [29] - 核心PCE物價 (月增)
    [29] + (無此行)
    ...（其餘 50 處省略）

[compare] 總結：FAIL
EXIT=1
