[compare] --today=2026-09-28T14:05:00+08:00（epoch=1790575500000，Asia/Taipei 今天=2026-09-28）
[compare] --fixture=D:\projects\finance-calendar\host\ui\fixtures\tw-events.json
[compare] 本機伺服器：http://127.0.0.1:54416（暫存目錄：%TEMP%\fc-compare-serve-3HvA0j）
[compare] headless Edge 已啟動，devtools port=54417

── 自比對 panel=quotes ──
  lively#1：78 行／lively#2(已注入差異)：1 行
  FAIL（78 處不同）
    [0] - USD/TWD
    [0] + USD/TWD 31.71 ▼ 0.31% US 10Y 5.18% ▲ 0.02 WTI 原油 92.41 ▼ 2.33% 加權指數 48,025 ▼ 0.28% 台積電 2,475 ▼ 1.00% 日經225 66,364 ▲ 1.30% KOSPI 7,081 ▲ 0.90% 歐股50 6,303 ▲ 0.48% 道瓊 51,829 ▲ 0.93% S&P 500 7,743 ▲ 0.51% NASDAQ 27,069 ▲ 0.48% 費半 12,669 ▲ 1.41% SOFR 3M 3.67% — USD/TWD 31.71 ▼ 0.31% US 10Y 5.18% ▲ 0.02 WTI 原油 92.41 ▼ 2.33% 加權指數 48,025 ▼ 0.28% 台積電 2,475 ▼ 1.00% 日經225 66,364 ▲ 1.30% KOSPI 7,081 ▲ 0.90% 歐股50 6,303 ▲ 0.48% 道瓊 51,829 ▲ 0.93% S&P 500 7,743 ▲ 0.51% NASDAQ 27,069 ▲ 0.48% 費半 12,669 ▲ 1.41% SOFR 3M 3.67% — __INJECTED_DIFF__
    [1] - 31.71
    [1] + (無此行)
    [2] - ▼ 0.31%
    [2] + (無此行)
    [3] - US 10Y
    [3] + (無此行)
    [4] - 5.18%
    [4] + (無此行)
    [5] - ▲ 0.02
    [5] + (無此行)
    [6] - WTI 原油
    [6] + (無此行)
    [7] - 92.41
    [7] + (無此行)
    [8] - ▼ 2.33%
    [8] + (無此行)
    [9] - 加權指數
    [9] + (無此行)
    [10] - 48,025
    [10] + (無此行)
    [11] - ▼ 0.28%
    [11] + (無此行)
    [12] - 台積電
    [12] + (無此行)
    [13] - 2,475
    [13] + (無此行)
    [14] - ▼ 1.00%
    [14] + (無此行)
    [15] - 日經225
    [15] + (無此行)
    [16] - 66,364
    [16] + (無此行)
    [17] - ▲ 1.30%
    [17] + (無此行)
    [18] - KOSPI
    [18] + (無此行)
    [19] - 7,081
    [19] + (無此行)
    [20] - ▲ 0.90%
    [20] + (無此行)
    [21] - 歐股50
    [21] + (無此行)
    [22] - 6,303
    [22] + (無此行)
    [23] - ▲ 0.48%
    [23] + (無此行)
    [24] - 道瓊
    [24] + (無此行)
    [25] - 51,829
    [25] + (無此行)
    [26] - ▲ 0.93%
    [26] + (無此行)
    [27] - S&P 500
    [27] + (無此行)
    [28] - 7,743
    [28] + (無此行)
    [29] - ▲ 0.51%
    [29] + (無此行)
    ...（其餘 48 處省略）

[compare] 總結：FAIL
