2026-09-30T11:16:34.058+08:00 # verify-5.3.ps1 exe=D:\projects\finance-calendar\host\target\release\fc-host.exe preflight=OK: 合成輸入生效（dwTime 224424515 → 224467171（差 42656 ms））
2026-09-30T11:16:34.066+08:00 # 真正的設定檔雜湊（開始）=<不存在>；HKCU Run\fc-host（開始）=D:\projects\finance-calendar\host\target\release\fc-host.exe --autostart
2026-09-30T11:16:34.084+08:00 # 暫存 APPDATA=%TEMP%\fc-host-5.3-a14806de\Roaming LOCALAPPDATA=%TEMP%\fc-host-5.3-a14806de\Local（資料：D:\finance-calendar\tw_events.json 複本）
2026-09-30T11:16:34.282+08:00 # 宿主 pid=27060
2026-09-30T11:16:37.848+08:00 ## clock 初始=(800,31,853x284)
2026-09-30T11:16:37.923+08:00 ## 強調色=#e0aa54 → RGB(224,170,84)
2026-09-30T11:16:41.120+08:00 ## 開啟 custom1：可見視窗 0x2508D0；quotes 視窗 0x2A0304 可見=False
2026-09-30T11:16:41.303+08:00   鎖定 clock：狀態="false|null|none|none|0px|static|none|0x0" 外圈強調色比例=0
2026-09-30T11:16:41.453+08:00   鎖定 macro：狀態="false|null|none|none|0px|static|none|0x0" 外圈強調色比例=0
2026-09-30T11:16:41.587+08:00   鎖定 fixed：狀態="false|null|none|none|0px|static|none|0x0" 外圈強調色比例=0
2026-09-30T11:16:41.729+08:00   鎖定 dynamic：狀態="false|null|none|none|0px|static|none|0x0" 外圈強調色比例=0
2026-09-30T11:16:41.871+08:00   鎖定 custom1：狀態="false|null|none|none|0px|static|none|0x0" 外圈強調色比例=0
2026-09-30T11:16:41.886+08:00 ## 遮擋：(1226,173) 被 0x609D6（Chrome_WidgetWin_1，pid 66044）蓋住 → 暫時最小化
2026-09-30T11:16:45.017+08:00 ## 2 鎖定時拖曳 clock 後=(800,31,853x284)
2026-09-30T11:16:45.175+08:00 ## 3 進入編輯版面：layout_locked=false
2026-09-30T11:16:59.464+08:00   編輯 clock：可見=True 狀態="true|deep|none|none|0px|static|none|0x0" 外圈強調色比例=0.0115（鎖定時 0） rect=(800,31,853x284)
2026-09-30T11:17:11.742+08:00   編輯 macro：可見=True 狀態="true|deep|none|none|0px|static|none|0x0" 外圈強調色比例=0.008（鎖定時 0） rect=(800,347,853x979)
2026-09-30T11:17:24.005+08:00   編輯 fixed：可見=True 狀態="true|deep|none|none|0px|static|none|0x0" 外圈強調色比例=0.0096（鎖定時 0） rect=(1706,31,800x537)
2026-09-30T11:17:36.180+08:00   編輯 dynamic：可見=True 狀態="true|deep|none|none|0px|static|none|0x0" 外圈強調色比例=0.0084（鎖定時 0） rect=(1706,600,800x726)
2026-09-30T11:17:48.399+08:00   編輯 quotes：可見=True 狀態="true|deep|none|none|0px|static|flex|993x73" 外圈強調色比例=0.4476（鎖定時 0） rect=(800,1358,1706x126)
2026-09-30T11:18:00.651+08:00   編輯 custom1：可見=True 狀態="true|deep|none|none|0px|static|none|0x0" 外圈強調色比例=0.0044（鎖定時 0） rect=(0,31,746x253)
2026-09-30T11:18:02.808+08:00 ## 4 離開編輯版面：layout_locked=true settings.json layout_locked=True
2026-09-30T11:18:02.917+08:00   離開後 clock：狀態="false|null|none|none|0px|static|none|0x0" 外圈強調色比例=0（鎖定時 0）
2026-09-30T11:18:03.068+08:00   離開後 macro：狀態="false|null|none|none|0px|static|none|0x0" 外圈強調色比例=0（鎖定時 0）
2026-09-30T11:18:03.196+08:00   離開後 fixed：狀態="false|null|none|none|0px|static|none|0x0" 外圈強調色比例=0（鎖定時 0）
2026-09-30T11:18:03.329+08:00   離開後 dynamic：狀態="false|null|none|none|0px|static|none|0x0" 外圈強調色比例=0（鎖定時 0）
2026-09-30T11:18:03.466+08:00   離開後 custom1：狀態="false|null|none|none|0px|static|none|0x0" 外圈強調色比例=0（鎖定時 0）
2026-09-30T11:18:04.481+08:00 ## 4 quotes 可見=False
2026-09-30T11:18:06.952+08:00 ## 5 離開後拖曳 clock：前=(800,31,853x284) 後=(800,31,853x284)
2026-09-30T11:18:09.333+08:00 ## 還原 0x609D6（Chrome_WidgetWin_1）showCmd=3 ok=True
2026-09-30T11:18:09.337+08:00 # 真正的設定檔雜湊（結束）=<不存在>；與開始相同=True
2026-09-30T11:18:09.337+08:00 # 結束
