2026-10-06T23:34:29.770+08:00 # verify-5.3.ps1 exe=D:\projects\finance-calendar\host\target\release\fc-host.exe preflight=OK: 合成輸入生效（dwTime 787072468 → 787141921（差 69453 ms））
2026-10-06T23:34:29.833+08:00 # 真正的設定檔雜湊（開始）=DBC53397FC55781CE8C4C4B874E6E06040F8E15A592DD0D6AAC95E3FB43E83D9；開機自啟登錄快照：fc-host@Run Exists=False; fc-host@Run Exists=False
2026-10-06T23:34:29.894+08:00 # 暫存 APPDATA=%TEMP%\fc-host-5.3-1f499808\Roaming LOCALAPPDATA=%TEMP%\fc-host-5.3-1f499808\Local（資料：D:\finance-calendar\tw_events.json 複本）
2026-10-06T23:34:30.075+08:00 # 宿主 pid=86192
2026-10-06T23:34:34.410+08:00 ## clock 初始=(1200,43,1280x435)
2026-10-06T23:34:34.521+08:00 ## 強調色=#e0aa54 → RGB(224,170,84)
2026-10-06T23:34:37.858+08:00 ## 開啟 custom1：可見視窗 0x1D0162；quotes 視窗 0x70DAC 可見=False
2026-10-06T23:34:38.179+08:00   鎖定 clock：狀態="false|null|none|none|0px|static|none|0x0" 外圈強調色比例=0
2026-10-06T23:34:38.464+08:00   鎖定 macro：狀態="false|null|none|none|0px|static|none|0x0" 外圈強調色比例=0
2026-10-06T23:34:38.715+08:00   鎖定 fixed：狀態="false|null|none|none|0px|static|none|0x0" 外圈強調色比例=0
2026-10-06T23:34:38.973+08:00   鎖定 dynamic：狀態="false|null|none|none|0px|static|none|0x0" 外圈強調色比例=0
2026-10-06T23:34:39.253+08:00   鎖定 custom1：狀態="false|null|none|none|0px|static|none|0x0" 外圈強調色比例=0
2026-10-06T23:34:39.279+08:00 ## 已開小工具 macro=(1200,522,1280x1305)
2026-10-06T23:34:39.296+08:00 ## 已開小工具 fixed=(2560,43,1200x740)
2026-10-06T23:34:39.313+08:00 ## 已開小工具 dynamic=(2560,826,1200x1001)
2026-10-06T23:34:39.329+08:00 ## 已開小工具 quotes=(1200,1870,2560x174)
2026-10-06T23:34:39.345+08:00 ## 已開小工具 custom1=(0,43,1120x348)
2026-10-06T23:34:39.557+08:00 ## 拖曳手勢：位移 (-80,44) px → 對照組目標 (1120,87,1280x435)（工作區 (0,0,3840x2088)）
2026-10-06T23:34:42.240+08:00 ## 2 鎖定時拖曳 clock 後=(1200,43,1280x435)
2026-10-06T23:34:42.573+08:00 ## 3 進入編輯版面：layout_locked=false
2026-10-06T23:34:44.796+08:00   編輯 clock：可見=True 狀態="true|deep|\"\"|dashed|1.95312px|fixed|none|0x0" 外圈強調色比例=0.6396（鎖定時 0） rect=(1200,43,1280x435)
2026-10-06T23:34:45.166+08:00   編輯 macro：可見=True 狀態="true|deep|\"\"|dashed|1.95312px|fixed|none|0x0" 外圈強調色比例=0.6259（鎖定時 0） rect=(1200,522,1280x1305)
2026-10-06T23:34:45.428+08:00   編輯 fixed：可見=True 狀態="true|deep|\"\"|dashed|1.95833px|fixed|none|0x0" 外圈強調色比例=0.6355（鎖定時 0） rect=(2560,43,1200x740)
2026-10-06T23:34:45.750+08:00   編輯 dynamic：可見=True 狀態="true|deep|\"\"|dashed|1.95833px|fixed|none|0x0" 外圈強調色比例=0.6254（鎖定時 0） rect=(2560,826,1200x1001)
2026-10-06T23:34:46.089+08:00   編輯 quotes：可見=True 狀態="true|deep|\"\"|dashed|1.9375px|fixed|flex|992x67" 外圈強調色比例=0.6648（鎖定時 0） rect=(1200,1870,2560x174)
2026-10-06T23:34:46.338+08:00   編輯 custom1：可見=True 狀態="true|deep|\"\"|dashed|1.67857px|fixed|none|0x0" 外圈強調色比例=0.6148（鎖定時 0） rect=(0,43,1120x348)
2026-10-06T23:34:49.833+08:00 ## 3b 對照組（編輯版面、解鎖）同一手勢拖曳 clock：前=(1200,43,1280x435) 後=(1120,87,1280x435) 移動=True
2026-10-06T23:34:52.111+08:00 ## 4 離開編輯版面：layout_locked=true settings.json layout_locked=True
2026-10-06T23:34:52.282+08:00   離開後 clock：狀態="false|null|none|none|0px|static|none|0x0" 外圈強調色比例=0（鎖定時 0）
2026-10-06T23:34:52.558+08:00   離開後 macro：狀態="false|null|none|none|0px|static|none|0x0" 外圈強調色比例=0（鎖定時 0）
2026-10-06T23:34:52.773+08:00   離開後 fixed：狀態="false|null|none|none|0px|static|none|0x0" 外圈強調色比例=0（鎖定時 0）
2026-10-06T23:34:53.001+08:00   離開後 dynamic：狀態="false|null|none|none|0px|static|none|0x0" 外圈強調色比例=0（鎖定時 0）
2026-10-06T23:34:53.227+08:00   離開後 custom1：狀態="false|null|none|none|0px|static|none|0x0" 外圈強調色比例=0（鎖定時 0）
2026-10-06T23:34:54.242+08:00 ## 4 quotes 可見=False
2026-10-06T23:34:56.795+08:00 ## 5 離開後拖曳 clock（位移 (80,-44) px）：前=(1120,87,1280x435) 後=(1120,87,1280x435)
2026-10-06T23:34:59.289+08:00 # 開機自啟登錄還原：未還原 0 項 
2026-10-06T23:34:59.299+08:00 # 真正的設定檔雜湊（結束）=DBC53397FC55781CE8C4C4B874E6E06040F8E15A592DD0D6AAC95E3FB43E83D9；與開始相同=True
2026-10-06T23:34:59.301+08:00 # 結束
