# verify-5.4.ps1 summary 2026-10-06T23:01:49.355+08:00
# 登錄還原：快照 fc-host@Run exists=False，fc-host@Run exists=False / 還原後 Run= StartupApproved=<不存在>
PASS  首次啟動成功（clock 視窗出現）
PASS  首次啟動（設定檔首次建立）→ 不寫 Run 值
PASS  首次啟動已建立設定檔且 autostart=true（預設值）
PASS  首次啟動不改寫 StartupApproved（使用者停用旗標仍在）
PASS  手動重複啟動開啟設定視窗
PASS  初始 checkbox 未勾選（登錄沒有值，不照設定檔的 true 顯示）
PASS  初始 get_settings().autostart=false（登錄實況）
PASS  勾選 checkbox → get_settings().autostart=true
PASS  勾選 checkbox → 登錄值＝"<exe>" --autostart（路徑加引號）
PASS  勾掉 checkbox → get_settings().autostart=false
PASS  勾掉 checkbox → 登錄機碼被刪除
PASS  外部登錄 Run 值（模擬安裝檔）→ get_settings().autostart=true
PASS  改其他設定（show_dividend）→ 不碰登錄（哨兵不變）
PASS  設定切換全程不改寫 StartupApproved
PASS  暫存 settings.json 為 autostart=true（與登錄不一致的前提）
PASS  --autostart 啟動：clock 出現
PASS  --autostart 啟動：未跳出設定視窗
PASS  --autostart 平常啟動不寫回登錄機碼（不碰登錄）
PASS  autostart=false 時啟動：clock 出現
PASS  autostart=false 平常啟動：不刪除也不覆寫登錄（哨兵不變）
PASS  開機自啟登錄已還原（Run／StartupApproved 的 fc-host）
