# verify-5.5.ps1 start=2026-10-06T09:25:41.182+08:00 exe=D:\projects\finance-calendar\host\target\release\fc-host.exe
# 開機自啟登錄快照：fc-host@Run Exists=False; fc-host@Run Exists=False
# 階段一 APPDATA=%TEMP%\fc-host-5.5a-656d2e09\Roaming LOCALAPPDATA=%TEMP%\fc-host-5.5a-656d2e09\Local 統一記錄檔=%TEMP%\fc-host-5.5a-656d2e09\Local\tw.fintools.fc-host\logs\fc-host.2026-10-06.log gatekeeper 記錄檔=%TEMP%\fc-host-5.5a-656d2e09\Roaming\tw.fintools.fc-host\gatekeeper.log
# 2026-10-06T09:25:41.385+08:00 地面真相（啟動前）：ACLineStatus=1 SystemStatusFlag=0 on_battery=False power_saver=False QUNS=5 busy=False locked=False
# 2026-10-06T09:25:41.868+08:00 階段一宿主 pid=16560
## 2026-10-06T09:25:43.518+08:00 STARTUP 記錄出現＝True
## 2026-10-06T09:25:43.537+08:00 初始查詢比對：on_battery match=True power_saver match=True busy match=True locked match=True（地面真相 before=False after=False）
## 工作階段目前未鎖定（地面真相前後一致），「鎖定時應暫停」屬於 SKIP，非 FAIL——不主動呼叫 LockWorkStation；見 human-checklist.md「Task 5.5」節，鎖定 10 分鐘後解鎖仍待人工驗收
## 2026-10-06T09:25:45.764+08:00 跑馬燈基準：scrollLeft 8.52500057220459 → 58.9000015258789（2 秒間隔）moving=True
## 2026-10-06T09:25:45.910+08:00 self_test_set_manual_pause(true) → true
## 2026-10-06T09:25:48.703+08:00 手動暫停：記錄檔 Manual=true paused=true＝True；scrollLeft 62.3875007629395 → 62.3875007629395 still=True
## 2026-10-06T09:25:51.115+08:00 手動繼續 → false；停止值=62.3875007629395 恢復當下=68.9749984741211（容許差 38）2 秒後=118.962501525879 continued=True moving=True
# 2026-10-06T09:25:51.662+08:00 開機自啟登錄還原（階段一）：未還原 0 項 
# 2026-10-06T09:25:51.715+08:00 階段一收尾完成
# 階段二 APPDATA=%TEMP%\fc-host-5.5b-c950d349\Roaming LOCALAPPDATA=%TEMP%\fc-host-5.5b-c950d349\Local gatekeeper 記錄檔=%TEMP%\fc-host-5.5b-c950d349\Roaming\tw.fintools.fc-host\gatekeeper.log（本階段刻意不開 CDP，見腳本文件「已知環境限制」）
# 2026-10-06T09:25:51.739+08:00 階段二宿主 pid=117420
## 2026-10-06T09:25:52.985+08:00 階段二 STARTUP 記錄出現＝True
## 2026-10-06T09:25:53.222+08:00 已啟動全螢幕探針 pid=88284
## 2026-10-06T09:25:58.130+08:00 SystemBusy=true 出現＝True
## 2026-10-06T09:26:13.587+08:00 探針視窗已結束
## 2026-10-06T09:26:18.106+08:00 SystemBusy=false 出現＝True
# 2026-10-06T09:26:18.129+08:00 開機自啟登錄還原（階段二）：未還原 0 項 
# 2026-10-06T09:26:18.129+08:00 階段二收尾完成
