test recovery::tests::dedup_handles_each_browser_pid_only_once_even_after_finish ... ok
test recovery::tests::dedup_skips_everything_while_a_rebuild_is_pending ... ok
test recovery::tests::dedup_handles_new_browser_pid_after_previous_rebuild_finished ... ok
test recovery::tests::dedup_without_pid_falls_back_to_pending_flag ... ok
test recovery::tests::budget_frees_slots_once_they_leave_the_window ... ok
test recovery::tests::budget_allows_up_to_max_within_window_per_key ... ok
test recovery::tests::gpu_and_other_process_exits_are_log_only ... ok
test recovery::tests::rebuilt_label_has_w_dash_prefix_and_generation_suffix ... ok
test recovery::tests::hung_window_is_already_retired_when_reported ... ok
test recovery::tests::render_exit_reloads_unresponsive_rebuilds_window_browser_exit_rebuilds_all ... ok
test recovery::tests::watchdog_unretire_restarts_monitoring_from_zero ... ok
test recovery::tests::watchdog_accepts_a_late_response_to_an_older_probe ... ok
test recovery::tests::retire_reports_whether_the_window_was_newly_retired ... ok
test recovery::tests::watchdog_declares_hung_only_after_miss_limit_consecutive_misses ... ok
test recovery::tests::watchdog_forgets_closed_windows ... ok
test recovery::tests::watchdog_ignores_retired_windows_and_their_responses ... ok
test recovery::tests::watchdog_never_counts_while_paused_and_resets_counts_on_pause ... ok
test recovery::tests::watchdog_probes_every_live_window_on_first_tick ... ok
test recovery::tests::denied_attempt_does_not_consume_budget ... ok
test recovery::tests::recovery_state_hands_out_distinct_labels ... ok
test recovery::tests::watchdog_response_resets_the_miss_count ... ok
test result: ok. 21 passed; 0 failed; 0 ignored; 0 measured; 188 filtered out; finished in 0.00s
