2026-10-02T08:14:37.160 [ INFO] fc_host: fc-host 啟動 version=0.1.0 pid=34168
2026-10-02T08:14:37.160 [ INFO] fc_host::desktop: 錯誤模式 0x0（原生當機會交給 WER）
2026-10-02T08:14:37.160 [ INFO] fc_host::desktop::instance: 啟動仲裁：啟動鎖=Acquired 角色=Primary
2026-10-02T08:14:37.176 [ INFO] fc_host::desktop: 已向系統註冊重新啟動（RegisterApplicationRestart，命令列 --restarted）
2026-10-02T08:14:37.438 [ INFO] fc_host::desktop: 已訂閱 ProcessFailed widget=w-clock browserPid=Some(55936)
2026-10-02T08:14:37.513 [ INFO] fc_host::widgets: 資料訂閱 widget=w-clock channel=tw-events replaced=false
2026-10-02T08:14:37.536 [ INFO] fc_host::desktop: 已訂閱 ProcessFailed widget=w-macro browserPid=Some(55936)
2026-10-02T08:14:37.598 [ INFO] fc_host::widgets: 資料訂閱 widget=w-macro channel=tw-events replaced=false
2026-10-02T08:14:37.656 [ INFO] fc_host::desktop: 已訂閱 ProcessFailed widget=w-fixed browserPid=Some(55936)
2026-10-02T08:14:37.726 [ INFO] fc_host::widgets: 資料訂閱 widget=w-fixed channel=tw-events replaced=false
2026-10-02T08:14:37.739 [ INFO] fc_host::desktop: 已訂閱 ProcessFailed widget=w-dynamic browserPid=Some(55936)
2026-10-02T08:14:37.824 [ INFO] fc_host::widgets: 資料訂閱 widget=w-dynamic channel=tw-events replaced=false
2026-10-02T08:14:37.839 [ INFO] fc_host::desktop: 已訂閱 ProcessFailed widget=w-quotes browserPid=Some(55936)
2026-10-02T08:14:37.931 [ INFO] fc_host::widgets: 資料訂閱 widget=w-quotes channel=tw-events replaced=false
2026-10-02T08:14:43.425 [ERROR] fc_host::desktop: WebView2 故障 widget=w-clock kind=RENDER_PROCESS_EXITED reason=CRASHED exitCode=-1 desc=""
2026-10-02T08:14:43.425 [ INFO] fc_host::recovery: WebView2 復原：已重新載入 widget=w-clock（renderer 結束）
2026-10-02T08:14:43.475 [ INFO] fc_host::widgets: 資料訂閱 widget=w-clock channel=tw-events replaced=true
2026-10-02T08:14:45.749 [ INFO] fc_host: fc-host 啟動 version=0.1.0 pid=31576
2026-10-02T08:14:45.749 [ INFO] fc_host::desktop: 錯誤模式 0x0（原生當機會交給 WER）
2026-10-02T08:14:45.749 [ INFO] fc_host::desktop::instance: 啟動仲裁：啟動鎖=Acquired 角色=Secondary
2026-10-02T08:14:45.763 [ INFO] fc_host: single-instance：手動重複啟動，開啟設定視窗
2026-10-02T08:14:45.857 [ INFO] fc_host::tray: 設定視窗：已開啟
2026-10-02T08:14:47.811 [ERROR] fc_host::desktop: WebView2 故障 widget=w-quotes kind=BROWSER_PROCESS_EXITED reason=UNEXPECTED exitCode=-1 desc=""
2026-10-02T08:14:47.811 [ WARN] fc_host::recovery: WebView2 復原：browser 行程結束（browserPid=Some(55936)，首先回報 widget=w-quotes），500 ms 後重建全部小工具視窗
2026-10-02T08:14:47.822 [ERROR] fc_host::desktop: WebView2 故障 widget=w-clock kind=BROWSER_PROCESS_EXITED reason=UNEXPECTED exitCode=-1 desc=""
2026-10-02T08:14:47.822 [ INFO] fc_host::recovery: WebView2 復原：browser 行程結束（browserPid=Some(55936)）已在處理，略過 widget=w-clock 的重複事件
2026-10-02T08:14:47.823 [ERROR] fc_host::desktop: WebView2 故障 widget=w-macro kind=BROWSER_PROCESS_EXITED reason=UNEXPECTED exitCode=-1 desc=""
2026-10-02T08:14:47.823 [ INFO] fc_host::recovery: WebView2 復原：browser 行程結束（browserPid=Some(55936)）已在處理，略過 widget=w-macro 的重複事件
2026-10-02T08:14:47.824 [ERROR] fc_host::desktop: WebView2 故障 widget=w-dynamic kind=BROWSER_PROCESS_EXITED reason=UNEXPECTED exitCode=-1 desc=""
2026-10-02T08:14:47.824 [ INFO] fc_host::recovery: WebView2 復原：browser 行程結束（browserPid=Some(55936)）已在處理，略過 widget=w-dynamic 的重複事件
2026-10-02T08:14:47.827 [ERROR] fc_host::desktop: WebView2 故障 widget=w-fixed kind=BROWSER_PROCESS_EXITED reason=UNEXPECTED exitCode=-1 desc=""
2026-10-02T08:14:47.827 [ INFO] fc_host::recovery: WebView2 復原：browser 行程結束（browserPid=Some(55936)）已在處理，略過 widget=w-fixed 的重複事件
2026-10-02T08:14:47.841 [ERROR] tauri_runtime_wry: WebView2 error: WindowsError(Error { code: HRESULT(0x8007139F), message: "存取被拒。" })
2026-10-02T08:14:47.841 [ERROR] tauri_runtime_wry: WebView2 error: WindowsError(Error { code: HRESULT(0x8007139F), message: "群組或資源不是處在執行要求操作的正確狀態。" })
2026-10-02T08:14:47.841 [ERROR] tauri_runtime_wry: WebView2 error: WindowsError(Error { code: HRESULT(0x8007139F), message: "群組或資源不是處在執行要求操作的正確狀態。" })
2026-10-02T08:14:47.841 [ERROR] tauri_runtime_wry: WebView2 error: WindowsError(Error { code: HRESULT(0x8007139F), message: "群組或資源不是處在執行要求操作的正確狀態。" })
2026-10-02T08:14:47.841 [ERROR] tauri_runtime_wry: WebView2 error: WindowsError(Error { code: HRESULT(0x8007139F), message: "群組或資源不是處在執行要求操作的正確狀態。" })
2026-10-02T08:14:48.571 [ INFO] fc_host::widgets: WebView2 復原：已建立新視窗 w-clock → w-clock-r1
2026-10-02T08:14:48.571 [ INFO] fc_host::desktop: 已訂閱 ProcessFailed widget=w-clock-r1 browserPid=Some(87792)
2026-10-02T08:14:48.633 [ INFO] fc_host::widgets: 資料訂閱 widget=w-clock-r1 channel=tw-events replaced=false
2026-10-02T08:14:48.709 [ INFO] fc_host::widgets: WebView2 復原：已建立新視窗 w-dynamic → w-dynamic-r2
2026-10-02T08:14:48.709 [ INFO] fc_host::desktop: 已訂閱 ProcessFailed widget=w-dynamic-r2 browserPid=Some(87792)
2026-10-02T08:14:48.771 [ INFO] fc_host::widgets: 資料訂閱 widget=w-dynamic-r2 channel=tw-events replaced=false
2026-10-02T08:14:48.799 [ INFO] fc_host::widgets: WebView2 復原：已建立新視窗 w-fixed → w-fixed-r3
2026-10-02T08:14:48.802 [ INFO] fc_host::desktop: 已訂閱 ProcessFailed widget=w-fixed-r3 browserPid=Some(87792)
2026-10-02T08:14:48.865 [ INFO] fc_host::widgets: 資料訂閱 widget=w-fixed-r3 channel=tw-events replaced=false
2026-10-02T08:14:48.891 [ INFO] fc_host::widgets: WebView2 復原：已建立新視窗 w-macro → w-macro-r4
2026-10-02T08:14:48.891 [ INFO] fc_host::desktop: 已訂閱 ProcessFailed widget=w-macro-r4 browserPid=Some(87792)
2026-10-02T08:14:48.965 [ INFO] fc_host::widgets: 資料訂閱 widget=w-macro-r4 channel=tw-events replaced=false
2026-10-02T08:14:48.982 [ INFO] fc_host::widgets: WebView2 復原：已建立新視窗 w-quotes → w-quotes-r5
2026-10-02T08:14:48.982 [ INFO] fc_host::desktop: 已訂閱 ProcessFailed widget=w-quotes-r5 browserPid=Some(87792)
2026-10-02T08:14:48.982 [ INFO] fc_host::widgets: WebView2 復原：已移除舊視窗 w-clock
2026-10-02T08:14:48.982 [ERROR] tauri_runtime_wry: WebView2 error: WindowsError(Error { code: HRESULT(0x8007139F), message: "存取被拒。" })
2026-10-02T08:14:48.982 [ INFO] fc_host::widgets: WebView2 復原：已移除舊視窗 w-dynamic
2026-10-02T08:14:48.982 [ INFO] fc_host::widgets: WebView2 復原：已移除舊視窗 w-fixed
2026-10-02T08:14:48.982 [ INFO] fc_host::widgets: WebView2 復原：已移除舊視窗 w-macro
2026-10-02T08:14:48.982 [ INFO] fc_host::widgets: WebView2 復原：已移除舊視窗 w-quotes
2026-10-02T08:14:48.982 [ERROR] tauri_runtime_wry: WebView2 error: WindowsError(Error { code: HRESULT(0x8007139F), message: "群組或資源不是處在執行要求操作的正確狀態。" })
2026-10-02T08:14:48.982 [ERROR] tauri_runtime_wry: WebView2 error: WindowsError(Error { code: HRESULT(0x8007139F), message: "群組或資源不是處在執行要求操作的正確狀態。" })
2026-10-02T08:14:48.986 [ERROR] tauri_runtime_wry: WebView2 error: WindowsError(Error { code: HRESULT(0x8007139F), message: "群組或資源不是處在執行要求操作的正確狀態。" })
2026-10-02T08:14:48.986 [ERROR] tauri_runtime_wry: WebView2 error: WindowsError(Error { code: HRESULT(0x8007139F), message: "群組或資源不是處在執行要求操作的正確狀態。" })
2026-10-02T08:14:49.010 [ INFO] fc_host::widgets: 資料訂閱 widget=w-quotes-r5 channel=tw-events replaced=false
2026-10-02T08:14:49.033 [ INFO] fc_host::recovery: WebView2 復原：重新開啟設定視窗
2026-10-02T08:14:49.033 [ INFO] fc_host::recovery: WebView2 復原：browser 行程結束後的全部重建完成，自事件起 1221 ms
2026-10-02T08:14:49.124 [ INFO] fc_host::tray: 設定視窗：已開啟
2026-10-02T08:15:27.844 [ERROR] fc_host::recovery: WebView2 故障 widget=w-fixed-r3 kind=WATCHDOG_TIMEOUT（連續 3 次、每次 5 秒探測無回應，判定頁面卡死）
2026-10-02T08:15:27.844 [ WARN] fc_host::recovery: WebView2 復原：重建視窗 widget=w-fixed-r3（原因：看門狗逾時）
2026-10-02T08:15:27.948 [ INFO] fc_host::widgets: WebView2 復原：已建立新視窗 w-fixed-r3 → w-fixed-r6
2026-10-02T08:15:27.950 [ INFO] fc_host::widgets: WebView2 復原：已移除舊視窗 w-fixed-r3
2026-10-02T08:15:27.950 [ INFO] fc_host::recovery: WebView2 復原：widget=w-fixed-r3 重建完成，耗時 105 ms
2026-10-02T08:15:27.951 [ INFO] fc_host::desktop: 已訂閱 ProcessFailed widget=w-fixed-r6 browserPid=Some(87792)
2026-10-02T08:15:27.984 [ INFO] fc_host::widgets: 資料訂閱 widget=w-fixed-r6 channel=tw-events replaced=false
