2026-10-01T11:07:43+08:00 摘要：674 筆，2026-09-30T23:54:34+08:00 → 2026-10-01T11:07:40+08:00
經過 11.22 小時
記憶體（私有，宿主＋WebView2）：基準 618.1 MB、結尾 0.0 MB、峰值 748.6 MB、增幅 -100.0%  → PASS
CPU（整棵行程樹）：平均 0.65%、最高 1.30%
可見小工具：基準 5 個；未鎖定時少於基準 35 筆 → FAIL
  2026-10-01T10:33:40+08:00 widgets=0 ids=
  2026-10-01T10:34:40+08:00 widgets=0 ids=
  2026-10-01T10:35:40+08:00 widgets=0 ids=
  2026-10-01T10:36:40+08:00 widgets=0 ids=
  2026-10-01T10:37:40+08:00 widgets=0 ids=
  2026-10-01T10:38:40+08:00 widgets=0 ids=
  2026-10-01T10:39:40+08:00 widgets=0 ids=
  2026-10-01T10:40:40+08:00 widgets=0 ids=
  2026-10-01T10:41:40+08:00 widgets=0 ids=
  2026-10-01T10:42:40+08:00 widgets=0 ids=
  2026-10-01T10:43:40+08:00 widgets=0 ids=
  2026-10-01T10:44:40+08:00 widgets=0 ids=
  2026-10-01T10:45:40+08:00 widgets=0 ids=
  2026-10-01T10:46:40+08:00 widgets=0 ids=
  2026-10-01T10:47:40+08:00 widgets=0 ids=
  2026-10-01T10:48:40+08:00 widgets=0 ids=
  2026-10-01T10:49:40+08:00 widgets=0 ids=
  2026-10-01T10:50:40+08:00 widgets=0 ids=
  2026-10-01T10:51:40+08:00 widgets=0 ids=
  2026-10-01T10:52:40+08:00 widgets=0 ids=
宿主 PID：46136 → 0
睡眠／待機間隔：0 次；鎖定樣本 0 筆
