2026-09-30 09:40:53 HKCU Run fc-host（啟動前）= D:\projects\finance-calendar\host\target\release\fc-host.exe --autostart
2026-09-30 09:40:53 暫存 APPDATA=%TEMP%\fc73-133f321a\roaming LOCALAPPDATA=%TEMP%\fc73-133f321a\local（資料來源＝D:\finance-calendar\tw_events.json 複本）
2026-09-30 09:40:53 啟動 fc-host pid=14820（release，不帶 self-test-ipc，CDP port=9370）
2026-09-30 09:41:05 初始小工具視窗 5 個：
2026-09-30 09:41:05   clock    x=800 y=31 w=853 h=284 visible=True
2026-09-30 09:41:05   macro    x=800 y=347 w=853 h=979 visible=True
2026-09-30 09:41:05   fixed    x=1706 y=31 w=800 h=537 visible=True
2026-09-30 09:41:05   dynamic  x=1706 y=600 w=800 h=726 visible=True
2026-09-30 09:41:05   quotes   x=800 y=1358 w=1706 h=126 visible=True
2026-09-30 09:41:05 PASS：quotes 初始（有資料）視窗可見
2026-09-30 09:41:05 CDP 量測 macro: {"rootH":574,"docH":574,"listScrollH":955,"listClientH":481}
2026-09-30 09:41:05 CDP 量測 dynamic: {"rootH":427,"docH":427,"listScrollH":1297,"listClientH":333}
2026-09-30 09:41:05 CDP 量測 fixed: {"rootH":316,"docH":316,"listScrollH":261,"listClientH":261}
2026-09-30 09:41:05   PrintWindow clock = True
2026-09-30 09:41:05   PrintWindow macro = True
2026-09-30 09:41:05   PrintWindow fixed = True
2026-09-30 09:41:05   PrintWindow dynamic = True
2026-09-30 09:41:05   PrintWindow quotes = True
2026-09-30 09:41:05 合成截圖 → D:\projects\finance-calendar\host\tools\evidence\7.3-fill.png（範圍 x=800..2506 y=31..1484，只含小工具視窗內容）
2026-09-30 09:41:05 手動把 quotes 頁 .panel 設 display:none（模擬無資料）→ "hidden"
2026-09-30 09:41:06 PASS：container 變無內容後，ResizeObserver 自動觸發 report_content(false)，quotes 視窗隱藏
2026-09-30 09:41:06 invoke set_edit_mode(true)（clock 頁廣播）→ "ok"
2026-09-30 09:41:06 PASS：編輯版面期間 quotes（無內容）視窗重新出現
2026-09-30 09:41:06 quotes 頁 .edit-placeholder（編輯版面中）→ {"display":"flex","text":"行情條"}
2026-09-30 09:41:06 PASS：.edit-placeholder 顯示（display:flex）
2026-09-30 09:41:06 PASS：佔位外框文字含小工具名稱「行情條」
2026-09-30 09:41:06 invoke set_edit_mode(false)（clock 頁廣播）→ "ok"
2026-09-30 09:41:06 PASS：離開編輯版面後 quotes 視窗恢復隱藏
2026-09-30 09:41:06 quotes 頁 .edit-placeholder（離開編輯版面後）→ {"display":"none"}
2026-09-30 09:41:06 PASS：.edit-placeholder 恢復隱藏（display:none）
2026-09-30 09:41:06 手動把 quotes 頁 .panel 的 display 復原（模擬資料恢復）→ "shown"
2026-09-30 09:41:06 PASS：report_content(true) 後 quotes 在原矩形重新出現
2026-09-30 09:41:06 已結束自己啟動的 fc-host pid=14820（HasExited=True）
2026-09-30 09:41:06 HKCU Run fc-host（結束後）= D:\projects\finance-calendar\host\target\release\fc-host.exe --autostart（啟動前 = D:\projects\finance-calendar\host\target\release\fc-host.exe --autostart）
2026-09-30 09:41:06 刪除暫存目錄 %TEMP%\fc73-133f321a（存在=False）
2026-09-30 09:41:06 總結：PASS
