2026-10-06T23:36:07.486+08:00 # verify-7.5-edit-move.ps1 exe=D:\projects\finance-calendar\host\target\release\fc-host.exe preflight=OK: 合成輸入生效（dwTime 787168375 → 787239656（差 71281 ms））
2026-10-06T23:36:07.535+08:00 # 真正的設定檔雜湊（開始）=DBC53397FC55781CE8C4C4B874E6E06040F8E15A592DD0D6AAC95E3FB43E83D9；開機自啟登錄快照：fc-host@Run Exists=False; fc-host@Run Exists=False
2026-10-06T23:36:07.557+08:00 # 暫存 APPDATA=%TEMP%\fc-host-7.5-b1d1e094\Roaming LOCALAPPDATA=%TEMP%\fc-host-7.5-b1d1e094\Local（資料：D:\finance-calendar\tw_events.json 複本）
2026-10-06T23:36:07.598+08:00 # 顯示器 primary=True 工作區=(0,0,3840x2088)
2026-10-06T23:36:07.601+08:00 # 顯示器 primary=False 工作區=(3840,4,2560x1528)
2026-10-06T23:36:09.750+08:00 # 宿主 pid=38484
2026-10-06T23:36:13.334+08:00 ## clock 初始=(1200,43,1280x435) macro=(1200,522,1280x1305)
2026-10-06T23:36:14.943+08:00 ## 前景基準：fg=0x90D86(WindowsForms10.Window.8.app.0.181f83f_r3_ad1) 期望=0x90D86 執行緒 23128 焦點=0x110DB4(WindowsForms10.Edit.app.0.181f83f_r3_ad1)
2026-10-06T23:36:17.719+08:00 ## A 鎖定時拖曳後=(1200,43,1280x435)
2026-10-06T23:36:17.734+08:00 ## A：前景／焦點取樣 18 次，與基準不同 0 次（基準 fg=0x90D86 focus=0x110DB4）
2026-10-06T23:36:18.240+08:00 ## 頁面紅框記錄器安裝結果="ok"
2026-10-06T23:36:21.201+08:00 ## 1 空白處放開後=(640,87,1280x435) 期望格線矩形=(640,87,1280x435) 記錄="8,2,16,10"
2026-10-06T23:36:21.212+08:00 ## 1：前景／焦點取樣 18 次，與基準不同 0 次（基準 fg=0x90D86 focus=0x110DB4）
2026-10-06T23:36:21.364+08:00 ## 1 頁面 class 記錄="REC:"
2026-10-06T23:36:25.151+08:00 ## 2 按住時矩形=(1200,870,1280x435) edit-invalid=true 截圖=True
2026-10-06T23:36:25.160+08:00 ## 2 放開後=(640,87,1280x435) edit-invalid=false 記錄="8,2,16,10" 頁面 class 記錄="REC:3832ms invalid=true | 5286ms invalid=false"
2026-10-06T23:36:25.162+08:00 ## 2：前景／焦點取樣 19 次，與基準不同 0 次（基準 fg=0x90D86 focus=0x110DB4）
2026-10-06T23:36:30.256+08:00 ## 2b dynamic.enabled=false；按住時矩形=(3040,870,1280x435)（右緣 x=4320，工作區右緣 3840）edit-invalid=true
2026-10-06T23:36:30.264+08:00 ## 2b 放開後=(640,87,1280x435) edit-invalid=false 記錄="8,2,16,10" 頁面 class 記錄="REC:9117ms invalid=true | 10563ms invalid=false"
2026-10-06T23:36:30.265+08:00 ## 2b：前景／焦點取樣 19 次，與基準不同 0 次（基準 fg=0x90D86 focus=0x110DB4）
2026-10-06T23:36:33.537+08:00 ## A' 離開編輯版面後拖曳=(640,87,1280x435)
2026-10-06T23:36:35.986+08:00 ## 3 宿主已強制結束，重啟
2026-10-06T23:36:39.932+08:00 ## 3 重啟後 clock=(640,87,1280x435) 記錄="8,2,16,10"
2026-10-06T23:36:42.679+08:00 # 開機自啟登錄還原：未還原 0 項
2026-10-06T23:36:42.689+08:00 # 真正的設定檔雜湊（結束）=DBC53397FC55781CE8C4C4B874E6E06040F8E15A592DD0D6AAC95E3FB43E83D9；與開始相同=True
2026-10-06T23:36:42.690+08:00 # 結束
