2026-10-06T23:37:53.035+08:00 # verify-7.6-edit-resize.ps1 exe=D:\projects\finance-calendar\host\target\release\fc-host.exe preflight=OK: 合成輸入生效（dwTime 787265078 → 787345171（差 80093 ms））
2026-10-06T23:37:53.061+08:00 # 真正的設定檔雜湊（開始）=DBC53397FC55781CE8C4C4B874E6E06040F8E15A592DD0D6AAC95E3FB43E83D9；開機自啟登錄快照：fc-host@Run Exists=False; fc-host@Run Exists=False
2026-10-06T23:37:53.115+08:00 # 暫存 APPDATA=%TEMP%\fc-host-7.6-92dc4708\Roaming LOCALAPPDATA=%TEMP%\fc-host-7.6-92dc4708\Local（資料：D:\finance-calendar\tw_events.json 複本）
2026-10-06T23:37:53.241+08:00 # 顯示器 primary=True 工作區=(0,0,3840x2088)
2026-10-06T23:37:53.244+08:00 # 顯示器 primary=False 工作區=(3840,4,2560x1528)
2026-10-06T23:37:55.422+08:00 # 宿主 pid=53968
2026-10-06T23:37:59.079+08:00 ## clock 初始=(1200,43,1280x435) devicePixelRatio=2.559999942779541
2026-10-06T23:38:00.251+08:00 ## 前景基準：fg=0x1A07BE(WindowsForms10.Window.8.app.0.181f83f_r3_ad1) 期望=0x1A07BE 焦點=0x180320(WindowsForms10.Edit.app.0.181f83f_r3_ad1)
2026-10-06T23:38:03.154+08:00 ## A 鎖定：把手數=0 WS_THICKFRAME=False 右緣拖曳後=(1200,43,1280x435) 尺寸迴圈取樣=0
2026-10-06T23:38:06.354+08:00 ## A2 鎖定時強制 startResizeDragging：JS="ok" 拖曳後=(1200,43,1280x435) 尺寸迴圈取樣=0/16
2026-10-06T23:38:06.368+08:00 ## A：前景／焦點取樣 16 次，與基準不同 0 次（基準 fg=0x1A07BE focus=0x180320）
2026-10-06T23:38:06.369+08:00 ## A2：前景／焦點取樣 16 次，與基準不同 0 次（基準 fg=0x1A07BE focus=0x180320）
2026-10-06T23:38:07.473+08:00 ## B 加 WS_SIZEBOX 前：client=1280x435 frameBounds=(1200,43,1280x435)（hr=0）；加後：client=1280x435 frameBounds=(1200,43,1280x435) rect=(1200,43,1280x435)；外圈／四角像素不同 0/15256；還原後 style=0x14CA0000
2026-10-06T23:38:08.455+08:00 ## 進入編輯版面：layout_locked=false 把手數=8 WS_THICKFRAME=True style=0x14CE0000
2026-10-06T23:38:08.719+08:00 ## 關掉 fixed（時鐘右側空出來）：fixed.enabled=false
2026-10-06T23:38:14.045+08:00 ## 1 加寬放開後=(1200,43,1360x435) 期望=(1200,43,1360x435) 記錄="15,1,17,10" devicePixelRatio 2.559999942779541 → 2.7200000286102295（期望約 2.72）尺寸迴圈取樣=14/16 頁面 class 記錄=""
2026-10-06T23:38:14.052+08:00 ## 1：前景／焦點取樣 16 次，與基準不同 0 次（基準 fg=0x1A07BE focus=0x180320）
2026-10-06T23:38:18.264+08:00 ## 2 按住時矩形=(1200,43,320x435)（期望約 (1200,43,320x435)）edit-invalid=true 截圖=True
2026-10-06T23:38:18.265+08:00 ## 2 放開後=(1200,43,1360x435) edit-invalid=false 記錄="15,1,17,10" 頁面 class 記錄="6399ms invalid=true | 6908ms invalid=false"
2026-10-06T23:38:18.266+08:00 ## 2：前景／焦點取樣 17 次，與基準不同 0 次（基準 fg=0x1A07BE focus=0x180320）
2026-10-06T23:38:21.925+08:00 ## 3 左緣放開後=(1280,43,1280x435) 期望=(1280,43,1280x435) 記錄="16,1,16,10" devicePixelRatio=2.559999942779541
2026-10-06T23:38:21.936+08:00 ## 3：前景／焦點取樣 16 次，與基準不同 0 次（基準 fg=0x1A07BE focus=0x180320）
2026-10-06T23:38:23.006+08:00 ## 離開編輯版面：layout_locked=true 把手數=0 WS_THICKFRAME=False
2026-10-06T23:38:26.085+08:00 ## A' 離開編輯版面後拖右緣=(1280,43,1280x435) 尺寸迴圈取樣=0
2026-10-06T23:38:28.616+08:00 ## 4 宿主已強制結束，重啟
2026-10-06T23:38:32.537+08:00 ## 4 重啟後 clock=(1280,43,1280x435) 記錄="16,1,16,10"
2026-10-06T23:38:35.289+08:00 # 開機自啟登錄還原：未還原 0 項
2026-10-06T23:38:35.291+08:00 # 真正的設定檔雜湊（結束）=DBC53397FC55781CE8C4C4B874E6E06040F8E15A592DD0D6AAC95E3FB43E83D9；與開始相同=True
2026-10-06T23:38:35.292+08:00 # 結束
