2026-10-08T00:10:49.903+08:00 # verify-grid-layout.ps1 模式=首次啟動 exe=D:\projects\finance-calendar\host\target\release\fc-host.exe
2026-10-08T00:10:49.941+08:00 # 真正的設定檔雜湊（開始）=DBC53397FC55781CE8C4C4B874E6E06040F8E15A592DD0D6AAC95E3FB43E83D9；開機自啟登錄快照：fc-host@Run Exists=False; fc-host@Run Exists=False
2026-10-08T00:10:49.952+08:00 # 暫存 APPDATA=%TEMP%\fc-host-7.7g-5d8f7748\Roaming LOCALAPPDATA=%TEMP%\fc-host-7.7g-5d8f7748\Local（資料：D:\finance-calendar\tw_events.json 複本）
2026-10-08T00:10:50.101+08:00 # 宿主 pid=97164
2026-10-08T00:10:56.187+08:00 ## 可見小工具視窗 5 扇
2026-10-08T00:10:56.226+08:00   clock    rect=(800,31,853x319) dpi=144 顯示器=\\.\DISPLAY1（primary=True 工作區=(0,0,2560x1528)）反推格座標=15,1,16,10
2026-10-08T00:10:56.230+08:00   macro    rect=(800,382,853x955) dpi=144 顯示器=\\.\DISPLAY1（primary=True 工作區=(0,0,2560x1528)）反推格座標=15,12,16,30
2026-10-08T00:10:56.234+08:00   fixed    rect=(1706,31,800x542) dpi=144 顯示器=\\.\DISPLAY1（primary=True 工作區=(0,0,2560x1528)）反推格座標=32,1,15,17
2026-10-08T00:10:56.239+08:00   dynamic  rect=(1706,604,800x733) dpi=144 顯示器=\\.\DISPLAY1（primary=True 工作區=(0,0,2560x1528)）反推格座標=32,19,15,23
2026-10-08T00:10:56.251+08:00   quotes   rect=(800,1368,1706x128) dpi=144 顯示器=\\.\DISPLAY1（primary=True 工作區=(0,0,2560x1528)）反推格座標=15,43,32,4
2026-10-08T00:10:56.262+08:00 ## 同顯示器相交配對：無
2026-10-08T00:10:56.278+08:00 ## 與預設格座標不符：無；預設外的可見小工具：無
2026-10-08T00:10:56.395+08:00   clock .panel scrollH,clientH,scrollW,clientW,頁面 scrollH,innerH,dpr="170,170,483,483,187,187,1.7059998512268066"
2026-10-08T00:10:56.509+08:00   macro .panel scrollH,clientH,scrollW,clientW,頁面 scrollH,innerH,dpr="543,543,483,483,560,560,1.7059998512268066"
2026-10-08T00:10:56.598+08:00   fixed .panel scrollH,clientH,scrollW,clientW,頁面 scrollH,innerH,dpr="302,302,453,453,319,319,1.7021276950836182"
2026-10-08T00:10:56.709+08:00   dynamic .panel scrollH,clientH,scrollW,clientW,頁面 scrollH,innerH,dpr="414,414,453,453,431,431,1.7021276950836182"
2026-10-08T00:10:56.801+08:00   quotes .panel scrollH,clientH,scrollW,clientW,頁面 scrollH,innerH,dpr="58,58,975,975,75,75,1.7197580337524414"
2026-10-08T00:10:56.802+08:00 ## 內容溢出 .panel 或整頁出現捲軸：無
2026-10-08T00:10:56.948+08:00   clock 內層 overflow:hidden／clip 容器：檢查 0 個；被裁切：無
2026-10-08T00:10:57.040+08:00   macro 內層 overflow:hidden／clip 容器：檢查 0 個；被裁切：無
2026-10-08T00:10:57.146+08:00   fixed 內層 overflow:hidden／clip 容器：檢查 0 個；被裁切：無
2026-10-08T00:10:57.269+08:00   dynamic 內層 overflow:hidden／clip 容器：檢查 0 個；被裁切：無
2026-10-08T00:10:57.384+08:00   quotes 內層 overflow:hidden／clip 容器：檢查 0 個；被裁切：無
2026-10-08T00:10:57.384+08:00 ## 內層容器被裁切：無
2026-10-08T00:10:57.386+08:00 ## 台股動態事件下緣 y=1337、行情條上緣 y=1368
2026-10-08T00:10:57.580+08:00 ## 截圖（PrintWindow 逐窗合成、只含小工具）=7.7-default-laptop.png PrintWindow 全部成功=True
2026-10-08T00:11:00.159+08:00 # 開機自啟登錄還原：未還原 0 項
2026-10-08T00:11:00.161+08:00 # 真正的設定檔雜湊（結束）=DBC53397FC55781CE8C4C4B874E6E06040F8E15A592DD0D6AAC95E3FB43E83D9；與開始相同=True
2026-10-08T00:11:00.175+08:00 PASS  至少一扇可見小工具視窗
2026-10-08T00:11:00.176+08:00 PASS  每扇視窗的四條邊都落在所屬顯示器工作區的格線像素上
2026-10-08T00:11:00.176+08:00 PASS  同一台顯示器上的小工具矩形兩兩不相交
2026-10-08T00:11:00.176+08:00 PASS  首次啟動：五個財經小工具都在主螢幕、反推格座標＝預設值、擴充插槽不顯示
2026-10-08T00:11:00.176+08:00 PASS  時鐘不被裁切（.panel scrollHeight ≤ clientHeight、頁面無捲軸）
2026-10-08T00:11:00.177+08:00 PASS  五個財經小工具的 .panel 都沒有溢出
2026-10-08T00:11:00.177+08:00 PASS  五個財經小工具的內層 overflow:hidden 容器都沒有裁切（scrollHeight ≤ clientHeight）
2026-10-08T00:11:00.177+08:00 PASS  台股動態事件不蓋行情條（下緣 ≤ 行情條上緣）
2026-10-08T00:11:00.178+08:00 PASS  截圖已存（只含小工具區域）
2026-10-08T00:11:00.178+08:00 PASS  開機自啟登錄已還原（Run／StartupApproved 的 fc-host）
2026-10-08T00:11:00.178+08:00 PASS  隔離：真正的設定檔雜湊前後相同
2026-10-08T00:11:00.178+08:00 # 結束
