2026-09-30T11:25:24.265+08:00 # verify-7.7-aero-snap.ps1 exe=D:\projects\finance-calendar\host\target\release\fc-host.exe preflight=OK: 合成輸入生效（dwTime 224977937 → 224997359（差 19422 ms））
2026-09-30T11:25:24.274+08:00 # 真正的設定檔雜湊（開始）=<不存在>；HKCU Run\fc-host（開始）=D:\projects\finance-calendar\host\target\release\fc-host.exe --autostart
2026-09-30T11:25:24.281+08:00 # 暫存 APPDATA=%TEMP%\fc-host-7.7s-00a08c7f\Roaming LOCALAPPDATA=%TEMP%\fc-host-7.7s-00a08c7f\Local（資料：D:\finance-calendar\tw_events.json 複本）
2026-09-30T11:25:24.304+08:00 # 主螢幕 rcMonitor 上緣=0 下緣=1600 工作區=(0,0,2560x1516)
2026-09-30T11:25:24.358+08:00 # 宿主 pid=77364
2026-09-30T11:25:28.125+08:00 ## 初始 clock=(800,31,853x284) quotes=(800,1358,1706x126)
2026-09-30T11:25:28.308+08:00 ## 進入編輯版面：clock 把手數=8
2026-09-30T11:25:28.319+08:00 ## 探針：0x18A07E2 拿掉 WS_MAXIMIZEBOX：0x14CF0000 → 0x14CE0000
2026-09-30T11:25:28.320+08:00 ## 探針：0x3D0130 拿掉 WS_MAXIMIZEBOX：0x14CF0000 → 0x14CE0000
2026-09-30T11:25:29.346+08:00 ## 遮擋：(1226,34) 被 0x609D6（Chrome_WidgetWin_1，pid 66044）蓋住 → 暫時最小化
2026-09-30T11:25:31.198+08:00 ## 基準（編輯版面，未拖）：rect=(800,31,853x284) 記錄=15,1,16,9 推導=(800,31,853x284) showCmd=1 IsZoomed=False IsWindowArranged=False style=0x14CE0000 rcNormalPosition=(800,31,853x284) → OK
2026-09-30T11:25:34.411+08:00 ## S1 上緣拖到 y=0：尺寸迴圈取樣=14 按住時=(800,-3,853x318) edit-invalid=false
2026-09-30T11:25:35.626+08:00 ## S1 放開後：rect=(800,0,853x315) 記錄=15,0,16,10 推導=(800,0,853x315) showCmd=1 IsZoomed=False IsWindowArranged=False style=0x14CE0000 rcNormalPosition=(800,0,853x315) → OK
2026-09-30T11:25:38.733+08:00 ## S1 再進出編輯版面後：rect=(800,0,853x315) 記錄=15,0,16,10 推導=(800,0,853x315) showCmd=1 IsZoomed=False IsWindowArranged=False style=0x14CE0000 rcNormalPosition=(800,0,853x315) → OK
2026-09-30T11:25:41.921+08:00 ## S2 下緣拖到 y=1599：尺寸迴圈取樣=14 按住時=(800,1358,1706x244) edit-invalid=true
2026-09-30T11:25:43.129+08:00 ## S2 放開後：rect=(800,1358,1706x126) 記錄=15,43,32,4 推導=(800,1358,1706x126) showCmd=1 IsZoomed=False IsWindowArranged=False style=0x14CE0000 rcNormalPosition=(800,1358,1706x126) → OK
2026-09-30T11:25:46.239+08:00 ## S2 再進出編輯版面後：rect=(800,1358,1706x126) 記錄=15,43,32,4 推導=(800,1358,1706x126) showCmd=1 IsZoomed=False IsWindowArranged=False style=0x14CE0000 rcNormalPosition=(800,1358,1706x126) → OK
2026-09-30T11:25:47.900+08:00 ## S3 雙擊上緣後（1.2 秒）rect=(800,0,853x315)
2026-09-30T11:25:49.112+08:00 ## S3 雙擊後：rect=(800,0,853x315) 記錄=15,0,16,10 推導=(800,0,853x315) showCmd=1 IsZoomed=False IsWindowArranged=False style=0x14CE0000 rcNormalPosition=(800,0,853x315) → OK
2026-09-30T11:25:52.208+08:00 ## S3 再進出編輯版面後：rect=(800,0,853x315) 記錄=15,0,16,10 推導=(800,0,853x315) showCmd=1 IsZoomed=False IsWindowArranged=False style=0x14CE0000 rcNormalPosition=(800,0,853x315) → OK
2026-09-30T11:25:55.508+08:00 ## S4 移動到 y=0：移動迴圈取樣=14 按住時=(800,-158,853x315) edit-invalid=true
2026-09-30T11:25:56.712+08:00 ## S4 放開後：rect=(800,0,853x315) 記錄=15,0,16,10 推導=(800,0,853x315) showCmd=1 IsZoomed=False IsWindowArranged=False style=0x14CE0000 rcNormalPosition=(800,0,853x315) → OK
2026-09-30T11:25:59.831+08:00 ## S4 再進出編輯版面後：rect=(800,0,853x315) 記錄=15,0,16,10 推導=(800,0,853x315) showCmd=1 IsZoomed=False IsWindowArranged=False style=0x14CE0000 rcNormalPosition=(800,0,853x315) → OK
2026-09-30T11:26:02.171+08:00 ## 離開編輯版面後（clock）：rect=(800,0,853x315) 記錄=15,0,16,10 推導=(800,0,853x315) showCmd=1 IsZoomed=False IsWindowArranged=False style=0x14CA0000 rcNormalPosition=(800,0,853x315) → OK
2026-09-30T11:26:03.376+08:00 ## 離開編輯版面後（quotes）：rect=(800,1358,1706x126) 記錄=15,43,32,4 推導=(800,1358,1706x126) showCmd=1 IsZoomed=False IsWindowArranged=False style=0x14CA0000 rcNormalPosition=(800,1358,1706x126) → OK
2026-09-30T11:26:05.815+08:00 ## 還原 0x609D6（Chrome_WidgetWin_1）showCmd=3 ok=True
2026-09-30T11:26:05.818+08:00 # 真正的設定檔雜湊（結束）=<不存在>；與開始相同=True
2026-09-30T11:26:05.818+08:00 # 結束
