2026-10-09T09:59:37.281 [ INFO] fc_host: fc-host 啟動 version=0.2.0 pid=74616
2026-10-09T09:59:37.281 [ INFO] fc_host::desktop: 錯誤模式 0x0（原生當機會交給 WER）
2026-10-09T09:59:37.281 [ INFO] fc_host::desktop::instance: 啟動仲裁：啟動鎖=Acquired 角色=Primary
2026-10-09T09:59:37.285 [ INFO] fc_host::updater: 更新器：停用——隔離環境，不檢查更新（LOCALAPPDATA=%TEMP%\fc-host-zoom63-G-a34537b2\Local，系統登記=%LOCALAPPDATA%）
2026-10-09T09:59:37.292 [ INFO] fc_host::wallpaper_config: 主題設定檔 %TEMP%\fc-host-zoom63-G-a34537b2\Roaming\tw.fintools.fc-host\wallpaper-config.json 不存在，已寫出內建預設供編輯
2026-10-09T09:59:37.303 [ INFO] fc_host::desktop: 已向系統註冊重新啟動（RegisterApplicationRestart，命令列 --restarted）
2026-10-09T09:59:37.668 [ INFO] fc_host::desktop: 已訂閱 ProcessFailed widget=w-clock browserPid=Some(67116)
2026-10-09T09:59:37.729 [ INFO] fc_host::widgets: 資料訂閱 widget=w-clock channel=tw-events replaced=false
2026-10-09T09:59:37.752 [ INFO] fc_host::desktop: 已訂閱 ProcessFailed widget=w-macro browserPid=Some(67116)
2026-10-09T09:59:37.810 [ INFO] fc_host::widgets: 資料訂閱 widget=w-macro channel=tw-events replaced=false
2026-10-09T09:59:37.833 [ INFO] fc_host::desktop: 已訂閱 ProcessFailed widget=w-fixed browserPid=Some(67116)
2026-10-09T09:59:37.905 [ INFO] fc_host::widgets: 資料訂閱 widget=w-fixed channel=tw-events replaced=false
2026-10-09T09:59:37.921 [ INFO] fc_host::desktop: 已訂閱 ProcessFailed widget=w-dynamic browserPid=Some(67116)
2026-10-09T09:59:38.002 [ INFO] fc_host::widgets: 資料訂閱 widget=w-dynamic channel=tw-events replaced=false
2026-10-09T09:59:38.020 [ INFO] fc_host::desktop: 已訂閱 ProcessFailed widget=w-quotes browserPid=Some(67116)
2026-10-09T09:59:38.022 [ INFO] fc_host::wallpaper_render: 桌布渲染管線就緒：渲染視窗使用者資料夾 %LOCALAPPDATA%\tw.fintools.fc-host\wallpaper-renderer（小工具那組：Tauri 預設（app 本機資料夾））
2026-10-09T09:59:38.022 [ INFO] fc_host::wallpaper_coordinator: 桌布協調迴圈已啟動（啟動方式：一般啟動）
2026-10-09T09:59:38.022 [ INFO] fc_host::wallpaper_coordinator: 喚醒：Startup
2026-10-09T09:59:38.022 [ INFO] fc_host::wallpaper_coordinator: 協調迴圈啟動：狀態檔 %TEMP%\fc-host-zoom63-G-a34537b2\Roaming\tw.fintools.fc-host\wallpaper-state.json、輸出資料夾 %TEMP%\fc-host-zoom63-G-a34537b2\Local\tw.fintools.fc-host\wallpaper
2026-10-09T09:59:38.022 [ INFO] fc_host::wallpaper_coordinator: 啟動：狀態檔為未接管
2026-10-09T09:59:38.023 [ INFO] fc_host::wallpaper_coordinator: 主題：（啟動） → none
2026-10-09T09:59:38.023 [ INFO] fc_host::wallpaper_coordinator: 還原原桌布：原因 NotTakeover
2026-10-09T09:59:38.023 [ INFO] fc_host::wallpaper_coordinator: 還原結果：NothingToRestore
2026-10-09T09:59:38.023 [ INFO] fc_host::wallpaper_coordinator: 決策：Idle；下次喚醒 無（只等事件）
2026-10-09T09:59:38.103 [ INFO] fc_host::widgets: 資料訂閱 widget=w-quotes channel=tw-events replaced=false
2026-10-09T09:59:38.119 [ INFO] fc_host::fetch: 抓取排程已啟動
2026-10-09T09:59:38.119 [ INFO] fc_host::fetch: 抓取排程：data_fetch=off，不抓取（只讀取資料目錄中已有的檔案）
2026-10-09T09:59:38.119 [ INFO] fc_host::app_icon: 圖示：系統匣 → icon 24px（主題 none，主要顯示器縮放 1.50）
2026-10-09T09:59:38.125 [ INFO] fc_host::wallpaper_coordinator: 喚醒：DataChanged
2026-10-09T09:59:38.125 [ INFO] fc_host::wallpaper_coordinator: 決策：Idle；下次喚醒 無（只等事件）
2026-10-09T09:59:43.603 [ WARN] fc_host::widgets: 調整字級：拒絕 w-macro（step 1）：不在編輯版面或版面已鎖定，不能調整字級
2026-10-09T09:59:43.860 [ INFO] fc_host::desktop: 小工具視窗 WS_SIZEBOX 已切換為 true（hwnd=0x340920）
2026-10-09T09:59:43.861 [ INFO] fc_host::desktop: 小工具視窗 WS_SIZEBOX 已切換為 true（hwnd=0x2F1142）
2026-10-09T09:59:43.863 [ INFO] fc_host::desktop: 小工具視窗 WS_SIZEBOX 已切換為 true（hwnd=0xE11600）
2026-10-09T09:59:43.864 [ INFO] fc_host::desktop: 小工具視窗 WS_SIZEBOX 已切換為 true（hwnd=0x220F8C）
2026-10-09T09:59:43.864 [ INFO] fc_host::desktop: 小工具視窗 WS_SIZEBOX 已切換為 true（hwnd=0xCC1366）
2026-10-09T09:59:43.886 [ INFO] fc_host::widgets::grid_sync: 格線同步：建立 Monitor(Device("\\\\?\\DISPLAY#AUSAA34#5&1091fafa&0&UID4356#{e6f07b5f-ee97-4a90-b076-33f57bf4eaa7}")) → PhysicalRect { x: 0, y: 0, width: 3840, height: 2088 }
2026-10-09T09:59:43.900 [ INFO] fc_host::widgets::grid_sync: 格線同步：建立 Monitor(Device("\\\\?\\DISPLAY#BOE0CDF#4&102fce2&0&UID8388688#{e6f07b5f-ee97-4a90-b076-33f57bf4eaa7}")) → PhysicalRect { x: 3840, y: 4, width: 2560, height: 1528 }
2026-10-09T09:59:49.262 [ INFO] fc_host::desktop: 小工具視窗 WS_SIZEBOX 已切換為 false（hwnd=0xCC1366）
2026-10-09T09:59:49.262 [ INFO] fc_host::desktop: 小工具視窗 WS_SIZEBOX 已切換為 false（hwnd=0xE11600）
2026-10-09T09:59:49.264 [ INFO] fc_host::desktop: 小工具視窗 WS_SIZEBOX 已切換為 false（hwnd=0x340920）
2026-10-09T09:59:49.265 [ INFO] fc_host::desktop: 小工具視窗 WS_SIZEBOX 已切換為 false（hwnd=0x220F8C）
2026-10-09T09:59:49.266 [ INFO] fc_host::desktop: 小工具視窗 WS_SIZEBOX 已切換為 false（hwnd=0x2F1142）
2026-10-09T09:59:49.266 [ INFO] fc_host::widgets::grid_sync: 格線同步：移除 Monitor(Device("\\\\?\\DISPLAY#AUSAA34#5&1091fafa&0&UID4356#{e6f07b5f-ee97-4a90-b076-33f57bf4eaa7}"))
2026-10-09T09:59:49.267 [ INFO] fc_host::widgets::grid_sync: 格線同步：移除 Monitor(Device("\\\\?\\DISPLAY#BOE0CDF#4&102fce2&0&UID8388688#{e6f07b5f-ee97-4a90-b076-33f57bf4eaa7}"))
2026-10-09T09:59:50.930 [ WARN] fc_host::widgets: 調整字級：拒絕 w-macro（step 1）：不在編輯版面或版面已鎖定，不能調整字級
