2026-10-08T21:51:21.173+08:00 # verify-adaptive-zoom.ps1 exe=D:\projects\finance-calendar\host\target\release\fc-host.exe cdpPort=9364 情境=A,B,C,D070,D150
2026-10-08T21:51:21.182+08:00 # 主螢幕工作區 (0,0,3840x2088) 縮放 1.5；SETTINGS_VERSION=2
2026-10-08T21:51:21.203+08:00 # 真正的設定檔（只看大小與修改時間，不讀內容）開始=2695@639270641620486919；開機自啟登錄快照：fc-host@Run Exists=True; fc-host@Run Exists=False
2026-10-08T21:51:21.211+08:00 ## ── 情境 A：時鐘移到左側空白欄、寬高約 2.5 倍最小框；font_scale=1；格座標 clock=(0,1,10,14) macro=(15,12,16,30) fixed=(32,1,15,17) dynamic=(32,19,15,23) quotes=(15,43,32,4)
2026-10-08T21:51:21.257+08:00   settings.json：{ "version": 2, "data_fetch": "off", "font_scale": 1.0, "widgets": { "clock": { "enabled": true, "placement": { "monitor": "primary", "col": 0, "row": 1, "w": 10, "h": 14 } }, "macro": { "enabled": true, "placement": { "monitor": "primary", "col": 15, "row": 12, "w": 16, "h": 30 } }, "fixed": { "enabled": true, "placement": { "monitor": "primary", "col": 32, "row": 1, "w": 15, "h": 17 } }, "dynamic": { "enabled": true, "placement": { "monitor": "primary", "col": 32, "row": 19, "w": 15, "h": 23 } }, "quotes": { "enabled": true, "placement": { "monitor": "primary", "col": 15, "row": 43, "w": 32, "h": 4 } } } }
2026-10-08T21:51:21.341+08:00   宿主 pid=37468
2026-10-08T21:51:22.327+08:00   => PASS  A：五個財經小工具視窗都出現
2026-10-08T21:51:26.498+08:00   get_settings：font_scale=1 placement=clock=(0,1,10,14) macro=(15,12,16,30) fixed=(32,1,15,17) dynamic=(32,19,15,23) quotes=(15,43,32,4)
2026-10-08T21:51:26.499+08:00   => PASS  A：設定讀回 font_scale＝1、格座標＝寫入值（設定檔沒有被重設）
2026-10-08T21:51:26.734+08:00   clock    rect=(0,43,800x609) 期望格線矩形=(0,43,800x609) 相符=True 縮放=1.5 邏輯=533.3x406.0 預期倍率=2.5157（字級 1 時 2.5157、上限 2.5157） 頁面 dpr=3.7735848426818848 → 實際倍率=2.5157 相符=True viewport=212x161 裁切=無
2026-10-08T21:51:26.735+08:00       #clockTime：scroll 155x66 client 155x57 外框 [28.79,25.83,183.47,83.02]
2026-10-08T21:51:26.736+08:00       #clockDate：scroll 155x22 client 155x22 外框 [28.79,86.02,183.47,107.75]
2026-10-08T21:51:26.737+08:00       #weekRange：scroll 155x19 client 155x19 外框 [28.79,114.75,183.47,133.56]
2026-10-08T21:51:26.737+08:00       .panel：scroll 195x144 client 195x144 外框 [8,8,204.27,153.39]
2026-10-08T21:51:26.824+08:00   macro    rect=(1200,522,1280x1305) 期望格線矩形=(1200,522,1280x1305) 相符=True 縮放=1.5 邏輯=853.3x870.0 預期倍率=1.7067（字級 1 時 1.7067、上限 2.2756） 頁面 dpr=2.559999942779541 → 實際倍率=1.7067 相符=True viewport=500x509 裁切=無
2026-10-08T21:51:26.825+08:00       .panel：scroll 483x492 client 483x492 外框 [8,8,492.4,501.77]
2026-10-08T21:51:26.909+08:00   fixed    rect=(2560,43,1200x740) 期望格線矩形=(2560,43,1200x740) 相符=True 縮放=1.5 邏輯=800.0x493.3 預期倍率=1.7021（字級 1 時 1.7021、上限 2.2695） 頁面 dpr=2.553191661834717 → 實際倍率=1.7021 相符=True viewport=470x290 裁切=無
2026-10-08T21:51:26.910+08:00       .panel：scroll 452x273 client 452x273 外框 [8,8,462,282.23]
2026-10-08T21:51:26.990+08:00   dynamic  rect=(2560,826,1200x1001) 期望格線矩形=(2560,826,1200x1001) 相符=True 縮放=1.5 邏輯=800.0x667.3 預期倍率=1.7021（字級 1 時 1.7021、上限 2.2695） 頁面 dpr=2.553191661834717 → 實際倍率=1.7021 相符=True viewport=470x392 裁切=無
2026-10-08T21:51:26.990+08:00       .panel：scroll 452x375 client 452x375 外框 [8,8,462,384.45]
2026-10-08T21:51:27.069+08:00   quotes   rect=(1200,1870,2560x174) 期望格線矩形=(1200,1870,2560x174) 相符=True 縮放=1.5 邏輯=1,706.7x116.0 預期倍率=1.9333（字級 1 時 1.9333、上限 1.9333） 頁面 dpr=2.8999998569488525 → 實際倍率=1.9333 相符=True viewport=883x60 裁切=無
2026-10-08T21:51:27.069+08:00       .panel：scroll 866x43 client 866x43 外框 [8,8,875.11,52]
2026-10-08T21:51:27.071+08:00   => PASS  A：五個小工具的視窗矩形＝設定格座標的格線矩形
2026-10-08T21:51:27.072+08:00   => PASS  A：五個小工具的實際倍率（dpr ÷ 縮放）＝content_zoom 公式（實際矩形、縮放、font_scale），容差 0.01
2026-10-08T21:51:27.072+08:00   => PASS  A：無裁切（時鐘文字與面板、行情條面板高度、清單面板寬度）
2026-10-08T21:51:27.077+08:00   A 交叉核對：時鐘邏輯 533.3x406.0（≥ 424x320＝True）；min(寬/212, 高/160, 3)=2.5157 實際 2.5157
2026-10-08T21:51:27.077+08:00   => PASS  A：時鐘框寬高都 ≥ 最小框兩倍（前提）
2026-10-08T21:51:27.078+08:00   => PASS  A：時鐘倍率＝min(邏輯寬/212, 邏輯高/160) 夾 3（獨立簡式，容差 0.01）
2026-10-08T21:51:27.155+08:00   截圖 adaptive-zoom-A-clock.png：OK
2026-10-08T21:51:27.156+08:00   => PASS  A：截圖 adaptive-zoom-A-clock.png 為本次 PrintWindow 新檔
2026-10-08T21:51:30.005+08:00 ## ── 情境 B：行情條寬不變、加高；font_scale=1；格座標 clock=(15,1,16,10) macro=(15,12,16,28) fixed=(32,1,15,17) dynamic=(32,19,15,21) quotes=(15,41,32,6)
2026-10-08T21:51:30.022+08:00   settings.json：{ "version": 2, "data_fetch": "off", "font_scale": 1.0, "widgets": { "clock": { "enabled": true, "placement": { "monitor": "primary", "col": 15, "row": 1, "w": 16, "h": 10 } }, "macro": { "enabled": true, "placement": { "monitor": "primary", "col": 15, "row": 12, "w": 16, "h": 28 } }, "fixed": { "enabled": true, "placement": { "monitor": "primary", "col": 32, "row": 1, "w": 15, "h": 17 } }, "dynamic": { "enabled": true, "placement": { "monitor": "primary", "col": 32, "row": 19, "w": 15, "h": 21 } }, "quotes": { "enabled": true, "placement": { "monitor": "primary", "col": 15, "row": 41, "w": 32, "h": 6 } } } }
2026-10-08T21:51:30.059+08:00   宿主 pid=82568
2026-10-08T21:51:31.003+08:00   => PASS  B：五個財經小工具視窗都出現
2026-10-08T21:51:35.083+08:00   get_settings：font_scale=1 placement=clock=(15,1,16,10) macro=(15,12,16,28) fixed=(32,1,15,17) dynamic=(32,19,15,21) quotes=(15,41,32,6)
2026-10-08T21:51:35.083+08:00   => PASS  B：設定讀回 font_scale＝1、格座標＝寫入值（設定檔沒有被重設）
2026-10-08T21:51:35.232+08:00   clock    rect=(1200,43,1280x435) 期望格線矩形=(1200,43,1280x435) 相符=True 縮放=1.5 邏輯=853.3x290.0 預期倍率=1.8125（字級 1 時 1.8125、上限 1.8125） 頁面 dpr=2.71875 → 實際倍率=1.8125 相符=True viewport=471x160 裁切=無
2026-10-08T21:51:35.232+08:00       #clockTime：scroll 414x66 client 414x57 外框 [28.74,25.17,442.44,82.37]
2026-10-08T21:51:35.233+08:00       #clockDate：scroll 414x22 client 414x22 外框 [28.74,85.37,442.44,107.07]
2026-10-08T21:51:35.233+08:00       #weekRange：scroll 414x19 client 414x19 外框 [28.74,114.07,442.44,132.83]
2026-10-08T21:51:35.233+08:00       .panel：scroll 454x143 client 454x143 外框 [8,8,463.17,152]
2026-10-08T21:51:35.308+08:00   macro    rect=(1200,522,1280x1218) 期望格線矩形=(1200,522,1280x1218) 相符=True 縮放=1.5 邏輯=853.3x812.0 預期倍率=1.7067（字級 1 時 1.7067、上限 2.2756） 頁面 dpr=2.559999942779541 → 實際倍率=1.7067 相符=True viewport=500x475 裁切=無
2026-10-08T21:51:35.309+08:00       .panel：scroll 483x458 client 483x458 外框 [8,8,492.4,467.79]
2026-10-08T21:51:35.383+08:00   fixed    rect=(2560,43,1200x740) 期望格線矩形=(2560,43,1200x740) 相符=True 縮放=1.5 邏輯=800.0x493.3 預期倍率=1.7021（字級 1 時 1.7021、上限 2.2695） 頁面 dpr=2.553191661834717 → 實際倍率=1.7021 相符=True viewport=470x290 裁切=無
2026-10-08T21:51:35.384+08:00       .panel：scroll 452x273 client 452x273 外框 [8,8,462,282.23]
2026-10-08T21:51:35.457+08:00   dynamic  rect=(2560,826,1200x914) 期望格線矩形=(2560,826,1200x914) 相符=True 縮放=1.5 邏輯=800.0x609.3 預期倍率=1.7021（字級 1 時 1.7021、上限 2.2695） 頁面 dpr=2.553191661834717 → 實際倍率=1.7021 相符=True viewport=470x358 裁切=無
2026-10-08T21:51:35.458+08:00       .panel：scroll 452x341 client 452x341 外框 [8,8,462,350.38]
2026-10-08T21:51:35.531+08:00   quotes   rect=(1200,1783,2560x261) 期望格線矩形=(1200,1783,2560x261) 相符=True 縮放=1.5 邏輯=1,706.7x174.0 預期倍率=2.9000（字級 1 時 2.9000、上限 2.9000） 頁面 dpr=4.350000381469727 → 實際倍率=2.9000 相符=True viewport=588x60 裁切=無
2026-10-08T21:51:35.532+08:00       .panel：scroll 571x42 client 571x42 外框 [8,8,580.74,52]
2026-10-08T21:51:35.533+08:00   => PASS  B：五個小工具的視窗矩形＝設定格座標的格線矩形
2026-10-08T21:51:35.533+08:00   => PASS  B：五個小工具的實際倍率（dpr ÷ 縮放）＝content_zoom 公式（實際矩形、縮放、font_scale），容差 0.01
2026-10-08T21:51:35.533+08:00   => PASS  B：無裁切（時鐘文字與面板、行情條面板高度、清單面板寬度）
2026-10-08T21:51:35.534+08:00   B 交叉核對：行情條實體寬 2560（預設 2560）邏輯高 174.0；min(高/60, 3)=2.9000 實際 2.9000
2026-10-08T21:51:35.534+08:00   => PASS  B：行情條寬度與預設相同、高度比預設高（前提）
2026-10-08T21:51:35.534+08:00   => PASS  B：行情條倍率＝min(邏輯高/60, 3)（寬度不限制；獨立簡式，容差 0.01）
2026-10-08T21:51:37.187+08:00   B 跑馬燈：.tlist scrollWidth=4949 clientWidth=563（需要捲動=True）scrollLeft 112.873550415039 → 1.5 秒後 150.804580688477（在動=True）
2026-10-08T21:51:37.188+08:00   => PASS  B：加高後跑馬燈仍在動（.tlist scrollLeft 1.5 秒內有變化）
2026-10-08T21:51:37.238+08:00   截圖 adaptive-zoom-B-quotes.png：OK
2026-10-08T21:51:37.238+08:00   => PASS  B：截圖 adaptive-zoom-B-quotes.png 為本次 PrintWindow 新檔
2026-10-08T21:51:39.825+08:00 ## ── 情境 C：總經日曆又寬又矮；font_scale=1；格座標 clock=(15,1,16,10) macro=(0,12,19,11) fixed=(32,1,15,17) dynamic=(32,19,15,23) quotes=(15,43,32,4)
2026-10-08T21:51:39.838+08:00   settings.json：{ "version": 2, "data_fetch": "off", "font_scale": 1.0, "widgets": { "clock": { "enabled": true, "placement": { "monitor": "primary", "col": 15, "row": 1, "w": 16, "h": 10 } }, "macro": { "enabled": true, "placement": { "monitor": "primary", "col": 0, "row": 12, "w": 19, "h": 11 } }, "fixed": { "enabled": true, "placement": { "monitor": "primary", "col": 32, "row": 1, "w": 15, "h": 17 } }, "dynamic": { "enabled": true, "placement": { "monitor": "primary", "col": 32, "row": 19, "w": 15, "h": 23 } }, "quotes": { "enabled": true, "placement": { "monitor": "primary", "col": 15, "row": 43, "w": 32, "h": 4 } } } }
2026-10-08T21:51:39.863+08:00   宿主 pid=30192
2026-10-08T21:51:40.778+08:00   => PASS  C：五個財經小工具視窗都出現
2026-10-08T21:51:44.867+08:00   get_settings：font_scale=1 placement=clock=(15,1,16,10) macro=(0,12,19,11) fixed=(32,1,15,17) dynamic=(32,19,15,23) quotes=(15,43,32,4)
2026-10-08T21:51:44.868+08:00   => PASS  C：設定讀回 font_scale＝1、格座標＝寫入值（設定檔沒有被重設）
2026-10-08T21:51:45.014+08:00   clock    rect=(1200,43,1280x435) 期望格線矩形=(1200,43,1280x435) 相符=True 縮放=1.5 邏輯=853.3x290.0 預期倍率=1.8125（字級 1 時 1.8125、上限 1.8125） 頁面 dpr=2.71875 → 實際倍率=1.8125 相符=True viewport=471x160 裁切=無
2026-10-08T21:51:45.015+08:00       #clockTime：scroll 414x66 client 414x57 外框 [28.74,25.17,442.44,82.37]
2026-10-08T21:51:45.015+08:00       #clockDate：scroll 414x22 client 414x22 外框 [28.74,85.37,442.44,107.07]
2026-10-08T21:51:45.016+08:00       #weekRange：scroll 414x19 client 414x19 外框 [28.74,114.07,442.44,132.83]
2026-10-08T21:51:45.016+08:00       .panel：scroll 454x143 client 454x143 外框 [8,8,463.17,152]
2026-10-08T21:51:45.090+08:00   macro    rect=(0,522,1520x478) 期望格線矩形=(0,522,1520x478) 相符=True 縮放=1.5 邏輯=1,013.3x318.7 預期倍率=0.9835（字級 1 時 0.9835、上限 1.4753） 頁面 dpr=1.4753086566925049 → 實際倍率=0.9835 相符=True viewport=1031x325 裁切=無
2026-10-08T21:51:45.091+08:00       .panel：scroll 1014x307 client 1014x307 外框 [8,8,1022.97,316.68]
2026-10-08T21:51:45.165+08:00   fixed    rect=(2560,43,1200x740) 期望格線矩形=(2560,43,1200x740) 相符=True 縮放=1.5 邏輯=800.0x493.3 預期倍率=1.7021（字級 1 時 1.7021、上限 2.2695） 頁面 dpr=2.553191661834717 → 實際倍率=1.7021 相符=True viewport=470x290 裁切=無
2026-10-08T21:51:45.166+08:00       .panel：scroll 452x273 client 452x273 外框 [8,8,462,282.23]
2026-10-08T21:51:45.242+08:00   dynamic  rect=(2560,826,1200x1001) 期望格線矩形=(2560,826,1200x1001) 相符=True 縮放=1.5 邏輯=800.0x667.3 預期倍率=1.7021（字級 1 時 1.7021、上限 2.2695） 頁面 dpr=2.553191661834717 → 實際倍率=1.7021 相符=True viewport=470x392 裁切=無
2026-10-08T21:51:45.242+08:00       .panel：scroll 452x375 client 452x375 外框 [8,8,462,384.45]
2026-10-08T21:51:45.315+08:00   quotes   rect=(1200,1870,2560x174) 期望格線矩形=(1200,1870,2560x174) 相符=True 縮放=1.5 邏輯=1,706.7x116.0 預期倍率=1.9333（字級 1 時 1.9333、上限 1.9333） 頁面 dpr=2.8999998569488525 → 實際倍率=1.9333 相符=True viewport=883x60 裁切=無
2026-10-08T21:51:45.316+08:00       .panel：scroll 866x43 client 866x43 外框 [8,8,875.11,52]
2026-10-08T21:51:45.317+08:00   => PASS  C：五個小工具的視窗矩形＝設定格座標的格線矩形
2026-10-08T21:51:45.317+08:00   => PASS  C：五個小工具的實際倍率（dpr ÷ 縮放）＝content_zoom 公式（實際矩形、縮放、font_scale），容差 0.01
2026-10-08T21:51:45.317+08:00   => PASS  C：無裁切（時鐘文字與面板、行情條面板高度、清單面板寬度）
2026-10-08T21:51:45.318+08:00   C 交叉核對：總經日曆邏輯 1,013.3x318.7；寬/500=2.0267 高/324=0.9835；實際 0.9835
2026-10-08T21:51:45.319+08:00   => PASS  C：總經日曆邏輯寬約 2×500（≥ 900）、高約 324（±30）（前提）
2026-10-08T21:51:45.319+08:00   => PASS  C：倍率約 1（0.9–1.1）且由高度決定（高/324 < 寬/500），不是 2
2026-10-08T21:51:45.376+08:00   截圖 adaptive-zoom-C-macro.png：OK
2026-10-08T21:51:45.377+08:00   => PASS  C：截圖 adaptive-zoom-C-macro.png 為本次 PrintWindow 新檔
2026-10-08T21:51:47.937+08:00 ## ── 情境 D070：預設版面、字級 70%；font_scale=0.7；格座標 clock=(15,1,16,10) macro=(15,12,16,30) fixed=(32,1,15,17) dynamic=(32,19,15,23) quotes=(15,43,32,4)
2026-10-08T21:51:47.955+08:00   settings.json：{ "version": 2, "data_fetch": "off", "font_scale": 0.7, "widgets": { "clock": { "enabled": true, "placement": { "monitor": "primary", "col": 15, "row": 1, "w": 16, "h": 10 } }, "macro": { "enabled": true, "placement": { "monitor": "primary", "col": 15, "row": 12, "w": 16, "h": 30 } }, "fixed": { "enabled": true, "placement": { "monitor": "primary", "col": 32, "row": 1, "w": 15, "h": 17 } }, "dynamic": { "enabled": true, "placement": { "monitor": "primary", "col": 32, "row": 19, "w": 15, "h": 23 } }, "quotes": { "enabled": true, "placement": { "monitor": "primary", "col": 15, "row": 43, "w": 32, "h": 4 } } } }
2026-10-08T21:51:47.982+08:00   宿主 pid=117080
2026-10-08T21:51:48.891+08:00   => PASS  D070：五個財經小工具視窗都出現
2026-10-08T21:51:52.978+08:00   get_settings：font_scale=0.7 placement=clock=(15,1,16,10) macro=(15,12,16,30) fixed=(32,1,15,17) dynamic=(32,19,15,23) quotes=(15,43,32,4)
2026-10-08T21:51:52.978+08:00   => PASS  D070：設定讀回 font_scale＝0.7、格座標＝寫入值（設定檔沒有被重設）
2026-10-08T21:51:53.121+08:00   clock    rect=(1200,43,1280x435) 期望格線矩形=(1200,43,1280x435) 相符=True 縮放=1.5 邏輯=853.3x290.0 預期倍率=1.2687（字級 1 時 1.8125、上限 1.8125） 頁面 dpr=1.9031249284744263 → 實際倍率=1.2687 相符=True viewport=673x228 裁切=無
2026-10-08T21:51:53.122+08:00       #clockTime：scroll 616x66 client 616x57 外框 [28.52,59.46,644.58,116.66]
2026-10-08T21:51:53.122+08:00       #clockDate：scroll 616x22 client 616x22 外框 [28.52,119.66,644.58,141.2]
2026-10-08T21:51:53.123+08:00       #weekRange：scroll 616x19 client 616x19 外框 [28.52,148.19,644.58,167.11]
2026-10-08T21:51:53.123+08:00       .panel：scroll 656x212 client 656x212 外框 [8,8,665.11,220.57]
2026-10-08T21:51:53.198+08:00   macro    rect=(1200,522,1280x1305) 期望格線矩形=(1200,522,1280x1305) 相符=True 縮放=1.5 邏輯=853.3x870.0 預期倍率=1.1947（字級 1 時 1.7067、上限 2.2756） 頁面 dpr=1.7919999361038208 → 實際倍率=1.1947 相符=True viewport=715x728 裁切=無
2026-10-08T21:51:53.199+08:00       .panel：scroll 698x711 client 698x711 外框 [8,8,706.85,720.24]
2026-10-08T21:51:53.272+08:00   fixed    rect=(2560,43,1200x740) 期望格線矩形=(2560,43,1200x740) 相符=True 縮放=1.5 邏輯=800.0x493.3 預期倍率=1.1915（字級 1 時 1.7021、上限 2.2695） 頁面 dpr=1.7872340679168701 → 實際倍率=1.1915 相符=True viewport=671x414 裁切=無
2026-10-08T21:51:53.272+08:00       .panel：scroll 654x397 client 654x397 外框 [8,8,663.43,406.61]
2026-10-08T21:51:53.349+08:00   dynamic  rect=(2560,826,1200x1001) 期望格線矩形=(2560,826,1200x1001) 相符=True 縮放=1.5 邏輯=800.0x667.3 預期倍率=1.1915（字級 1 時 1.7021、上限 2.2695） 頁面 dpr=1.7872340679168701 → 實際倍率=1.1915 相符=True viewport=671x560 裁切=無
2026-10-08T21:51:53.350+08:00       .panel：scroll 654x544 client 654x544 外框 [8,8,663.43,552.64]
2026-10-08T21:51:53.424+08:00   quotes   rect=(1200,1870,2560x174) 期望格線矩形=(1200,1870,2560x174) 相符=True 縮放=1.5 邏輯=1,706.7x116.0 預期倍率=1.3533（字級 1 時 1.9333、上限 1.9333） 頁面 dpr=2.0299999713897705 → 實際倍率=1.3533 相符=True viewport=1261x85 裁切=無
2026-10-08T21:51:53.424+08:00       .panel：scroll 1244x68 client 1244x68 外框 [8,8,1253.58,77.72]
2026-10-08T21:51:53.425+08:00   => PASS  D070：五個小工具的視窗矩形＝設定格座標的格線矩形
2026-10-08T21:51:53.425+08:00   => PASS  D070：五個小工具的實際倍率（dpr ÷ 縮放）＝content_zoom 公式（實際矩形、縮放、font_scale），容差 0.01
2026-10-08T21:51:53.426+08:00   => PASS  D070：無裁切（時鐘文字與面板、行情條面板高度、清單面板寬度）
2026-10-08T21:51:53.427+08:00   D070 macro：字級 1 時 1.7067 × 0.7 = 1.1947，上限 2.2756 → min=1.1947；實際 1.1947
2026-10-08T21:51:53.429+08:00   D070 fixed：字級 1 時 1.7021 × 0.7 = 1.1915，上限 2.2695 → min=1.1915；實際 1.1915
2026-10-08T21:51:53.429+08:00   D070 dynamic：字級 1 時 1.7021 × 0.7 = 1.1915，上限 2.2695 → min=1.1915；實際 1.1915
2026-10-08T21:51:53.429+08:00   => PASS  D070：清單倍率＝min(自適應 × 字級, 上限)（交叉核對）
2026-10-08T21:51:53.477+08:00   截圖 adaptive-zoom-D070-clock.png：OK
2026-10-08T21:51:53.478+08:00   => PASS  D070：截圖 adaptive-zoom-D070-clock.png 為本次 PrintWindow 新檔
2026-10-08T21:51:53.533+08:00   截圖 adaptive-zoom-D070-macro.png：OK
2026-10-08T21:51:53.534+08:00   => PASS  D070：截圖 adaptive-zoom-D070-macro.png 為本次 PrintWindow 新檔
2026-10-08T21:51:53.574+08:00   截圖 adaptive-zoom-D070-fixed.png：OK
2026-10-08T21:51:53.575+08:00   => PASS  D070：截圖 adaptive-zoom-D070-fixed.png 為本次 PrintWindow 新檔
2026-10-08T21:51:53.623+08:00   截圖 adaptive-zoom-D070-dynamic.png：OK
2026-10-08T21:51:53.624+08:00   => PASS  D070：截圖 adaptive-zoom-D070-dynamic.png 為本次 PrintWindow 新檔
2026-10-08T21:51:53.655+08:00   截圖 adaptive-zoom-D070-quotes.png：OK
2026-10-08T21:51:53.656+08:00   => PASS  D070：截圖 adaptive-zoom-D070-quotes.png 為本次 PrintWindow 新檔
2026-10-08T21:51:56.347+08:00 ## ── 情境 D150：預設版面、字級 150%；font_scale=1.5；格座標 clock=(15,1,16,10) macro=(15,12,16,30) fixed=(32,1,15,17) dynamic=(32,19,15,23) quotes=(15,43,32,4)
2026-10-08T21:51:56.360+08:00   settings.json：{ "version": 2, "data_fetch": "off", "font_scale": 1.5, "widgets": { "clock": { "enabled": true, "placement": { "monitor": "primary", "col": 15, "row": 1, "w": 16, "h": 10 } }, "macro": { "enabled": true, "placement": { "monitor": "primary", "col": 15, "row": 12, "w": 16, "h": 30 } }, "fixed": { "enabled": true, "placement": { "monitor": "primary", "col": 32, "row": 1, "w": 15, "h": 17 } }, "dynamic": { "enabled": true, "placement": { "monitor": "primary", "col": 32, "row": 19, "w": 15, "h": 23 } }, "quotes": { "enabled": true, "placement": { "monitor": "primary", "col": 15, "row": 43, "w": 32, "h": 4 } } } }
2026-10-08T21:51:56.390+08:00   宿主 pid=64912
2026-10-08T21:51:57.314+08:00   => PASS  D150：五個財經小工具視窗都出現
2026-10-08T21:52:01.401+08:00   get_settings：font_scale=1.5 placement=clock=(15,1,16,10) macro=(15,12,16,30) fixed=(32,1,15,17) dynamic=(32,19,15,23) quotes=(15,43,32,4)
2026-10-08T21:52:01.402+08:00   => PASS  D150：設定讀回 font_scale＝1.5、格座標＝寫入值（設定檔沒有被重設）
2026-10-08T21:52:01.540+08:00   clock    rect=(1200,43,1280x435) 期望格線矩形=(1200,43,1280x435) 相符=True 縮放=1.5 邏輯=853.3x290.0 預期倍率=1.8125（字級 1 時 1.8125、上限 1.8125） 頁面 dpr=2.71875 → 實際倍率=1.8125 相符=True viewport=471x160 裁切=無
2026-10-08T21:52:01.541+08:00       #clockTime：scroll 414x66 client 414x57 外框 [28.74,25.17,442.44,82.37]
2026-10-08T21:52:01.542+08:00       #clockDate：scroll 414x22 client 414x22 外框 [28.74,85.37,442.44,107.07]
2026-10-08T21:52:01.542+08:00       #weekRange：scroll 414x19 client 414x19 外框 [28.74,114.07,442.44,132.83]
2026-10-08T21:52:01.543+08:00       .panel：scroll 454x143 client 454x143 外框 [8,8,463.17,152]
2026-10-08T21:52:01.617+08:00   macro    rect=(1200,522,1280x1305) 期望格線矩形=(1200,522,1280x1305) 相符=True 縮放=1.5 邏輯=853.3x870.0 預期倍率=2.2756（字級 1 時 1.7067、上限 2.2756） 頁面 dpr=3.4133334159851074 → 實際倍率=2.2756 相符=True viewport=375x382 裁切=無
2026-10-08T21:52:01.617+08:00       .panel：scroll 358x365 client 358x365 外框 [8,8,367.3,374.33]
2026-10-08T21:52:01.690+08:00   fixed    rect=(2560,43,1200x740) 期望格線矩形=(2560,43,1200x740) 相符=True 縮放=1.5 邏輯=800.0x493.3 預期倍率=2.2695（字級 1 時 1.7021、上限 2.2695） 頁面 dpr=3.4042553901672363 → 實際倍率=2.2695 相符=True viewport=352x217 裁切=無
2026-10-08T21:52:01.691+08:00       .panel：scroll 335x200 client 335x200 外框 [8,8,344.5,209.67]
2026-10-08T21:52:01.773+08:00   dynamic  rect=(2560,826,1200x1001) 期望格線矩形=(2560,826,1200x1001) 相符=True 縮放=1.5 邏輯=800.0x667.3 預期倍率=2.2695（字級 1 時 1.7021、上限 2.2695） 頁面 dpr=3.4042553901672363 → 實際倍率=2.2695 相符=True viewport=352x294 裁切=無
2026-10-08T21:52:01.774+08:00       .panel：scroll 335x277 client 335x277 外框 [8,8,344.5,286.34]
2026-10-08T21:52:01.848+08:00   quotes   rect=(1200,1870,2560x174) 期望格線矩形=(1200,1870,2560x174) 相符=True 縮放=1.5 邏輯=1,706.7x116.0 預期倍率=1.9333（字級 1 時 1.9333、上限 1.9333） 頁面 dpr=2.8999998569488525 → 實際倍率=1.9333 相符=True viewport=883x60 裁切=無
2026-10-08T21:52:01.849+08:00       .panel：scroll 866x43 client 866x43 外框 [8,8,875.11,52]
2026-10-08T21:52:01.849+08:00   => PASS  D150：五個小工具的視窗矩形＝設定格座標的格線矩形
2026-10-08T21:52:01.850+08:00   => PASS  D150：五個小工具的實際倍率（dpr ÷ 縮放）＝content_zoom 公式（實際矩形、縮放、font_scale），容差 0.01
2026-10-08T21:52:01.850+08:00   => PASS  D150：無裁切（時鐘文字與面板、行情條面板高度、清單面板寬度）
2026-10-08T21:52:01.850+08:00   D150 clock：實際 1.8125 上限 1.8125（字級 1 時 1.8125）
2026-10-08T21:52:01.852+08:00   D150 quotes：實際 1.9333 上限 1.9333（字級 1 時 1.9333）
2026-10-08T21:52:01.852+08:00   => PASS  D150：時鐘、行情條在字級 150% 時不超過上限
2026-10-08T21:52:01.852+08:00   D150 macro：字級 1 時 1.7067 × 1.5 = 2.5600，上限 2.2756 → min=2.2756；實際 2.2756
2026-10-08T21:52:01.853+08:00   D150 fixed：字級 1 時 1.7021 × 1.5 = 2.5532，上限 2.2695 → min=2.2695；實際 2.2695
2026-10-08T21:52:01.853+08:00   D150 dynamic：字級 1 時 1.7021 × 1.5 = 2.5532，上限 2.2695 → min=2.2695；實際 2.2695
2026-10-08T21:52:01.854+08:00   => PASS  D150：清單倍率＝min(自適應 × 字級, 上限)（交叉核對）
2026-10-08T21:52:01.913+08:00   截圖 adaptive-zoom-D150-clock.png：OK
2026-10-08T21:52:01.913+08:00   => PASS  D150：截圖 adaptive-zoom-D150-clock.png 為本次 PrintWindow 新檔
2026-10-08T21:52:01.973+08:00   截圖 adaptive-zoom-D150-macro.png：OK
2026-10-08T21:52:01.973+08:00   => PASS  D150：截圖 adaptive-zoom-D150-macro.png 為本次 PrintWindow 新檔
2026-10-08T21:52:02.019+08:00   截圖 adaptive-zoom-D150-fixed.png：OK
2026-10-08T21:52:02.019+08:00   => PASS  D150：截圖 adaptive-zoom-D150-fixed.png 為本次 PrintWindow 新檔
2026-10-08T21:52:02.065+08:00   截圖 adaptive-zoom-D150-dynamic.png：OK
2026-10-08T21:52:02.067+08:00   => PASS  D150：截圖 adaptive-zoom-D150-dynamic.png 為本次 PrintWindow 新檔
2026-10-08T21:52:02.108+08:00   截圖 adaptive-zoom-D150-quotes.png：OK
2026-10-08T21:52:02.108+08:00   => PASS  D150：截圖 adaptive-zoom-D150-quotes.png 為本次 PrintWindow 新檔
2026-10-08T21:52:04.839+08:00 # 開機自啟登錄還原：未還原 0 項 
2026-10-08T21:52:04.840+08:00 # 真正的設定檔（大小@修改時間）結束=2695@639270641620486919；與開始相同=True
2026-10-08T21:52:04.840+08:00 # 倍率表（情境｜小工具｜實際矩形｜邏輯尺寸｜預期｜實際｜上限｜字級 1 時｜相符）
2026-10-08T21:52:04.842+08:00 #   A|clock|(0,43,800x609)|533.3x406.0|2.5157|2.5157|2.5157|2.5157|True
2026-10-08T21:52:04.843+08:00 #   A|macro|(1200,522,1280x1305)|853.3x870.0|1.7067|1.7067|2.2756|1.7067|True
2026-10-08T21:52:04.843+08:00 #   A|fixed|(2560,43,1200x740)|800.0x493.3|1.7021|1.7021|2.2695|1.7021|True
2026-10-08T21:52:04.844+08:00 #   A|dynamic|(2560,826,1200x1001)|800.0x667.3|1.7021|1.7021|2.2695|1.7021|True
2026-10-08T21:52:04.844+08:00 #   A|quotes|(1200,1870,2560x174)|1,706.7x116.0|1.9333|1.9333|1.9333|1.9333|True
2026-10-08T21:52:04.844+08:00 #   B|clock|(1200,43,1280x435)|853.3x290.0|1.8125|1.8125|1.8125|1.8125|True
2026-10-08T21:52:04.844+08:00 #   B|macro|(1200,522,1280x1218)|853.3x812.0|1.7067|1.7067|2.2756|1.7067|True
2026-10-08T21:52:04.845+08:00 #   B|fixed|(2560,43,1200x740)|800.0x493.3|1.7021|1.7021|2.2695|1.7021|True
2026-10-08T21:52:04.845+08:00 #   B|dynamic|(2560,826,1200x914)|800.0x609.3|1.7021|1.7021|2.2695|1.7021|True
2026-10-08T21:52:04.845+08:00 #   B|quotes|(1200,1783,2560x261)|1,706.7x174.0|2.9000|2.9000|2.9000|2.9000|True
2026-10-08T21:52:04.845+08:00 #   C|clock|(1200,43,1280x435)|853.3x290.0|1.8125|1.8125|1.8125|1.8125|True
2026-10-08T21:52:04.846+08:00 #   C|macro|(0,522,1520x478)|1,013.3x318.7|0.9835|0.9835|1.4753|0.9835|True
2026-10-08T21:52:04.846+08:00 #   C|fixed|(2560,43,1200x740)|800.0x493.3|1.7021|1.7021|2.2695|1.7021|True
2026-10-08T21:52:04.846+08:00 #   C|dynamic|(2560,826,1200x1001)|800.0x667.3|1.7021|1.7021|2.2695|1.7021|True
2026-10-08T21:52:04.847+08:00 #   C|quotes|(1200,1870,2560x174)|1,706.7x116.0|1.9333|1.9333|1.9333|1.9333|True
2026-10-08T21:52:04.847+08:00 #   D070|clock|(1200,43,1280x435)|853.3x290.0|1.2687|1.2687|1.8125|1.8125|True
2026-10-08T21:52:04.847+08:00 #   D070|macro|(1200,522,1280x1305)|853.3x870.0|1.1947|1.1947|2.2756|1.7067|True
2026-10-08T21:52:04.847+08:00 #   D070|fixed|(2560,43,1200x740)|800.0x493.3|1.1915|1.1915|2.2695|1.7021|True
2026-10-08T21:52:04.848+08:00 #   D070|dynamic|(2560,826,1200x1001)|800.0x667.3|1.1915|1.1915|2.2695|1.7021|True
2026-10-08T21:52:04.848+08:00 #   D070|quotes|(1200,1870,2560x174)|1,706.7x116.0|1.3533|1.3533|1.9333|1.9333|True
2026-10-08T21:52:04.848+08:00 #   D150|clock|(1200,43,1280x435)|853.3x290.0|1.8125|1.8125|1.8125|1.8125|True
2026-10-08T21:52:04.849+08:00 #   D150|macro|(1200,522,1280x1305)|853.3x870.0|2.2756|2.2756|2.2756|1.7067|True
2026-10-08T21:52:04.849+08:00 #   D150|fixed|(2560,43,1200x740)|800.0x493.3|2.2695|2.2695|2.2695|1.7021|True
2026-10-08T21:52:04.849+08:00 #   D150|dynamic|(2560,826,1200x1001)|800.0x667.3|2.2695|2.2695|2.2695|1.7021|True
2026-10-08T21:52:04.850+08:00 #   D150|quotes|(1200,1870,2560x174)|1,706.7x116.0|1.9333|1.9333|1.9333|1.9333|True
2026-10-08T21:52:04.850+08:00 # 結束
