# compare.mjs 2026-10-06T02:33:09.650Z 參數：--evidence final
[compare] --today=2026-09-28T14:05:00+08:00（epoch=1790575500000，Asia/Taipei 今天=2026-09-28）
[compare] --fixture=D:\projects\finance-calendar\host\ui\fixtures\tw-events.json
[compare] 本機伺服器：http://127.0.0.1:60439（暫存目錄：%TEMP%\fc-compare-serve-l4VBmd）
[compare] headless Edge 已啟動，devtools port=60440

── 自比對 panel=clock ──
  lively#1：3 行／lively#2：3 行
  PASS（逐行完全相同）

── 自比對 panel=macro ──
  lively#1：80 行／lively#2：80 行
  PASS（逐行完全相同）

── 自比對 panel=fixed ──
  lively#1：12 行／lively#2：12 行
  PASS（逐行完全相同）

── 自比對 panel=dynamic ──
  lively#1：85 行／lively#2：85 行
  PASS（逐行完全相同）

── 自比對 panel=quotes ──
  lively#1：78 行／lively#2：78 行
  PASS（逐行完全相同）

[compare] 總結：PASS
# 結束碼 0
