2026-10-06T23:39:45.362+08:00 # verify-dragdpi-esc.ps1 exe=D:\projects\finance-calendar\host\target\release\fc-host.exe preflight=OK: 合成輸入生效（dwTime 787377640 → 787457437（差 79797 ms））
2026-10-06T23:39:45.447+08:00 # 真正的設定檔雜湊（開始）=DBC53397FC55781CE8C4C4B874E6E06040F8E15A592DD0D6AAC95E3FB43E83D9；開機自啟登錄快照：fc-host@Software\Microsoft\Windows\CurrentVersion\Run Exists=False; fc-host@Software\Microsoft\Windows\CurrentVersion\Explorer\StartupApproved\Run Exists=False
2026-10-06T23:39:45.549+08:00 # 暫存 APPDATA=%TEMP%\fc-host-dde-6dd79954\Roaming LOCALAPPDATA=%TEMP%\fc-host-dde-6dd79954\Local
2026-10-06T23:39:45.663+08:00 # 顯示器 \\.\DISPLAY5 primary=True dpi=144（150%） 螢幕=(0,0,3840x2160) 工作區=(0,0,3840x2088)
2026-10-06T23:39:45.665+08:00 # 顯示器 \\.\DISPLAY1 primary=False dpi=144（150%） 螢幕=(3840,4,2560x1600) 工作區=(3840,4,2560x1528)
2026-10-06T23:39:47.885+08:00 # 宿主 pid=23496
2026-10-06T23:39:51.465+08:00 ## clock 初始=(1200,43,1280x435) 起始台=\\.\DISPLAY5（dpi 144） 另一台=\\.\DISPLAY1（dpi 144）
2026-10-06T23:39:53.020+08:00 ## 前景（a 之前，第 1 次）：fg=0xD0D4E(WindowsForms10.Window.8.app.0.181f83f_r3_ad1，pid 73184) 期望=0xD0D4E
2026-10-06T23:39:53.043+08:00 ## 設定檔 clock placement（開始）={"monitor":"primary","col":15,"row":1,"w":16,"h":10}
2026-10-06T23:39:58.075+08:00 ## a 按住時=(800,43,1280x435) Esc 送出=True Esc 後取樣=(800,43,1280x435) (800,43,1280x435) (800,43,1280x435) (800,43,1280x435) (800,43,1280x435) (800,43,1280x435) (800,43,1280x435) (800,43,1280x435) 拖回起點放開後=(1200,43,1280x435)
2026-10-06T23:39:58.077+08:00 ## a 觀察（INFO）：Esc 送出後 8 次取樣都停在按住位置（Esc 不取消拖曳，符合方案 A 預期）
2026-10-06T23:39:58.081+08:00 ## a 記錄 Enter：(1200,43,1280x435) ← 2026-10-06T23:39:53.334 [ INFO] fc_host::widgets: 拖曳開始（WM_ENTERSIZEMOVE）：clock 視窗矩形 x=1200 y=43 1280×435
2026-10-06T23:39:58.083+08:00 ## a 記錄 Exit：(1200,43,1280x435) ← 2026-10-06T23:39:56.483 [ INFO] fc_host::widgets: 拖曳結束（WM_EXITSIZEMOVE）：視窗矩形 x=1200 y=43 1280×435，延後判定 seq=0
2026-10-06T23:39:58.084+08:00 ## a 記錄 Posted：(1200,43,1280x435) ← 2026-10-06T23:39:56.486 [ INFO] fc_host::widgets: 拖曳延後判定（posted）：clock 視窗矩形 x=1200 y=43 1280×435（seq=0）
2026-10-06T23:39:58.085+08:00 ## a 記錄 判定：2026-10-06T23:39:56.487 [ INFO] fc_host::widgets: 拖曳結束：視窗回到拖曳開始的位置（拖回原位），不寫回（clock）
2026-10-06T23:39:58.088+08:00 ## a 設定檔 clock placement={"monitor":"primary","col":15,"row":1,"w":16,"h":10}
2026-10-06T23:39:58.540+08:00 ## 前景（d 之前，第 1 次）：fg=0xD0D4E(WindowsForms10.Window.8.app.0.181f83f_r3_ad1，pid 73184) 期望=0xD0D4E
2026-10-06T23:40:10.349+08:00 ## d 顯示器=\\.\DISPLAY5（dpi 144） 取樣 122 筆（間隔約 50 ms），離開起點 x 的取樣 117 筆，尺寸≠1280x435 的取樣 0 筆
2026-10-06T23:40:10.358+08:00 ## d 記錄 Enter：(1200,43,1280x435) ← 2026-10-06T23:39:58.752 [ INFO] fc_host::widgets: 拖曳開始（WM_ENTERSIZEMOVE）：clock 視窗矩形 x=1200 y=43 1280×435
2026-10-06T23:40:10.359+08:00 ## d 記錄 Exit：(1200,43,1280x435) ← 2026-10-06T23:40:08.833 [ INFO] fc_host::widgets: 拖曳結束（WM_EXITSIZEMOVE）：視窗矩形 x=1200 y=43 1280×435，延後判定 seq=1
2026-10-06T23:40:10.360+08:00 ## d 記錄 Posted：(1200,43,1280x435) ← 2026-10-06T23:40:08.836 [ INFO] fc_host::widgets: 拖曳延後判定（posted）：clock 視窗矩形 x=1200 y=43 1280×435（seq=1）
2026-10-06T23:40:10.361+08:00 ## d 記錄 判定：2026-10-06T23:40:08.837 [ INFO] fc_host::widgets: 拖曳結束：視窗回到拖曳開始的位置（拖回原位），不寫回（clock）
2026-10-06T23:40:10.362+08:00 ## d 放開後=(1200,43,1280x435)
2026-10-06T23:40:10.819+08:00 ## 前景（b 之前，第 1 次）：fg=0xD0D4E(WindowsForms10.Window.8.app.0.181f83f_r3_ad1，pid 73184) 期望=0xD0D4E
2026-10-06T23:40:10.840+08:00 ## b 目標點=(5120,513) 另一台 16×10 格預期尺寸=853x318
2026-10-06T23:40:27.955+08:00 ## b 取樣 190 筆，出現過的尺寸@中心所在顯示器：1280x435@\\.\DISPLAY5 → 1280x435@\\.\DISPLAY1 → 853x318@\\.\DISPLAY1
2026-10-06T23:40:27.988+08:00 ## b 第一次換尺寸：t=5065ms 游標=(3880,513) 矩形=(3453,354,853x318) 中心 x=3880 所在=\\.\DISPLAY1
2026-10-06T23:40:27.999+08:00 ## b 中心仍在起始台的最後一筆：t=4907ms 矩形=(3160,296,1280x435)
2026-10-06T23:40:28.001+08:00 ## b 按住時=(4693,354,853x318) Esc 送出=True Esc 後取樣=(4693,354,853x318) (4693,354,853x318) (4693,354,853x318) (4693,354,853x318) (4693,354,853x318) (4693,354,853x318) (4693,354,853x318) (4693,354,853x318) 拖回起點放開後=(1200,43,1280x435)
2026-10-06T23:40:28.002+08:00 ## b 觀察（INFO）：Esc 送出後 8 次取樣都停在按住位置（Esc 不取消拖曳，符合方案 A 預期）
2026-10-06T23:40:28.003+08:00 ## b 記錄 Enter：(1200,43,1280x435) ← 2026-10-06T23:40:11.054 [ INFO] fc_host::widgets: 拖曳開始（WM_ENTERSIZEMOVE）：clock 視窗矩形 x=1200 y=43 1280×435
2026-10-06T23:40:28.004+08:00 ## b 記錄 Exit：(1200,43,1280x435) ← 2026-10-06T23:40:26.453 [ INFO] fc_host::widgets: 拖曳結束（WM_EXITSIZEMOVE）：視窗矩形 x=1200 y=43 1280×435，延後判定 seq=2
2026-10-06T23:40:28.004+08:00 ## b 記錄 Posted：(1200,43,1280x435) ← 2026-10-06T23:40:26.455 [ INFO] fc_host::widgets: 拖曳延後判定（posted）：clock 視窗矩形 x=1200 y=43 1280×435（seq=2）
2026-10-06T23:40:28.005+08:00 ## b 記錄 判定：2026-10-06T23:40:26.455 [ INFO] fc_host::widgets: 拖曳結束：視窗回到拖曳開始的位置（拖回原位），不寫回（clock）
2026-10-06T23:40:28.007+08:00 ## b 設定檔 clock placement={"monitor":"primary","col":15,"row":1,"w":16,"h":10}
2026-10-06T23:40:28.021+08:00 ## c 起點顯示器=\\.\DISPLAY5 放開點=(5120,513) 目標顯示器=\\.\DISPLAY1
2026-10-06T23:40:38.019+08:00 ## c 記錄 Enter：(1200,43,1280x435) ← 2026-10-06T23:40:28.221 [ INFO] fc_host::widgets: 拖曳開始（WM_ENTERSIZEMOVE）：clock 視窗矩形 x=1200 y=43 1280×435
2026-10-06T23:40:38.027+08:00 ## c 記錄 Exit：(4693,354,853x318) ← 2026-10-06T23:40:36.135 [ INFO] fc_host::widgets: 拖曳結束（WM_EXITSIZEMOVE）：視窗矩形 x=4693 y=354 853×318，延後判定 seq=3
2026-10-06T23:40:38.028+08:00 ## c 記錄 Posted：(4693,354,853x318) ← 2026-10-06T23:40:36.135 [ INFO] fc_host::widgets: 拖曳延後判定（posted）：clock 視窗矩形 x=4693 y=354 853×318（seq=3）
2026-10-06T23:40:38.209+08:00 ## c 放開後=(4693,354,853x318) 設定檔 clock placement={"monitor":{"device":"\\\\?\\DISPLAY#BOE0CDF#4&102fce2&0&UID8388688#{e6f07b5f-ee97-4a90-b076-33f57bf4eaa7}"},"col":16,"row":11,"w":16,"h":10} get_settings="{\"monitor\":{\"device\":\"\\\\\\\\?\\\\DISPLAY#BOE0CDF#4&102fce2&0&UID8388688#{e6f07b5f-ee97-4a90-b076-33f57bf4eaa7}\"},\"col\":16,\"row\":11,\"w\":16,\"h\":10}"
2026-10-06T23:40:39.640+08:00 ## c grid-layout：2026-10-06T23:40:39.492+08:00   clock    rect=(4693,354,853x318) dpi=144 顯示器=\\.\DISPLAY1（primary=False 工作區=(3840,4,2560x1528)）反推格座標=16,11,16,10
2026-10-06T23:40:39.648+08:00 ## c grid-layout：2026-10-06T23:40:39.517+08:00 PASS  至少一扇可見小工具視窗
2026-10-06T23:40:39.648+08:00 ## c grid-layout：2026-10-06T23:40:39.518+08:00 PASS  每扇視窗的四條邊都落在所屬顯示器工作區的格線像素上
2026-10-06T23:40:39.649+08:00 ## c grid-layout：2026-10-06T23:40:39.519+08:00 PASS  同一台顯示器上的小工具矩形兩兩不相交
2026-10-06T23:40:39.657+08:00 # 宿主記錄已存（51 行）
2026-10-06T23:40:40.109+08:00 # 停止宿主行程樹：23496,12612,41796,109352,18020,7084,65804,115776,95968,48988,92108,56376
2026-10-06T23:40:43.009+08:00 # 開機自啟登錄還原：未還原 0 項
2026-10-06T23:40:43.019+08:00 # 真正的設定檔雜湊（結束）=DBC53397FC55781CE8C4C4B874E6E06040F8E15A592DD0D6AAC95E3FB43E83D9；與開始相同=True
2026-10-06T23:40:43.031+08:00 # 殘留 fc-host：0
2026-10-06T23:40:43.032+08:00 # 結束
