2026-10-02T17:00:29.209 START FC_HOST_PROBE_RENDER_BUILD pid=85460 mode=open-close runs=40 tag=anchorlong40 anchor=true controllerHidden=false out=D:\projects\finance-calendar-dynamic-wallpaper\host\tools\evidence webviewData=Some("%TEMP%\\fc-probe-render-20261002-170029\\webview2\\open-close") env(WEBVIEW2_USER_DATA_FOLDER=Some("%TEMP%\\fc-probe-render-20261002-170029\\webview2\\open-close") APPDATA=Some("%TEMP%\\fc-probe-render-20261002-170029\\appdata") LOCALAPPDATA=Some("%TEMP%\\fc-probe-render-20261002-170029\\localappdata"))
2026-10-02T17:00:29.252 BASELINE fg=0x13F1062(pid 26108) host ws/priv=11.9/2.4MB wv procs=0 ws/priv=0.0/0.0MB
2026-10-02T17:00:31.562 ANCHOR created (fixtures/tw-events.json) host ws/priv=24.8/5.9MB wv procs=6 ws/priv=314.8/154.0MB
2026-10-02T17:00:31.649 RUN 1 WINDOW created hwnd=0x28E0E9C visible=false exStyle(built)=0x08040110(TOOLWINDOW=false APPWINDOW=true NOACTIVATE=true) exStyle(applied)=0x08000190(TOOLWINDOW=true APPWINDOW=false NOACTIVATE=true)
2026-10-02T17:00:31.858 RUN 1 PAGE-LOAD-FINISHED +295.9ms url=http://tauri.localhost/wallpapers/astrolabe.html?w=3840&h=2160&t=2026-10-05T00:30:00Z&tz=Asia/Taipei&fixture=../fixtures/tw-events.json
2026-10-02T17:00:32.232 RUN 1 META len=191 decoded={"w":3840,"h":2160,"tz":"Asia/Taipei","nowMs":1791160200000,"warnings":[],"dataStatus":"ok","dataSource":"fixture"}
2026-10-02T17:00:34.293 RUN 1 OK t=2026-10-05T00:30:00Z create=87.1ms load=208.9 png=373.0 total=669.0 close=0.8 bytes=5175612 3840x2160 body=raw decode=1.5ms metaLen=191 mem@png(host ws/priv=38.1/12.8MB wv ws/priv=553.5/436.4MB procs=7) mem@idle(host ws/priv=36.8/11.3MB wv ws/priv=380.2/353.8MB procs=6) peak(ws/priv=605.5/464.9MB) vis=0/9 fgOwn=0 fgChanged=0/10 
2026-10-02T17:00:34.297 PNG saved D:\projects\finance-calendar-dynamic-wallpaper\host\tools\evidence\dw-1.4-anchorlong40-open-close-run01.png
2026-10-02T17:00:34.384 RUN 2 WINDOW created hwnd=0x3AF0FD8 visible=false exStyle(built)=0x08040110(TOOLWINDOW=false APPWINDOW=true NOACTIVATE=true) exStyle(applied)=0x08000190(TOOLWINDOW=true APPWINDOW=false NOACTIVATE=true)
2026-10-02T17:00:34.581 RUN 2 PAGE-LOAD-FINISHED +284.3ms url=http://tauri.localhost/wallpapers/astrolabe.html?w=3840&h=2160&t=2026-10-05T00:45:00Z&tz=Asia/Taipei&fixture=../fixtures/tw-events.json
2026-10-02T17:00:34.821 RUN 2 META len=191 decoded={"w":3840,"h":2160,"tz":"Asia/Taipei","nowMs":1791161100000,"warnings":[],"dataStatus":"ok","dataSource":"fixture"}
2026-10-02T17:00:36.885 RUN 2 OK t=2026-10-05T00:45:00Z create=86.9ms load=197.4 png=238.2 total=522.5 close=0.8 bytes=5182488 3840x2160 body=raw decode=0.7ms metaLen=191 mem@png(host ws/priv=37.1/11.6MB wv ws/priv=560.3/538.9MB procs=7) mem@idle(host ws/priv=37.1/11.9MB wv ws/priv=384.8/456.0MB procs=6) peak(ws/priv=611.3/560.7MB) vis=0/7 fgOwn=0 fgChanged=0/8 
2026-10-02T17:00:36.964 RUN 3 WINDOW created hwnd=0x3B00FD8 visible=false exStyle(built)=0x08040110(TOOLWINDOW=false APPWINDOW=true NOACTIVATE=true) exStyle(applied)=0x08000190(TOOLWINDOW=true APPWINDOW=false NOACTIVATE=true)
2026-10-02T17:00:37.153 RUN 3 PAGE-LOAD-FINISHED +266.0ms url=http://tauri.localhost/wallpapers/astrolabe.html?w=3840&h=2160&t=2026-10-05T01:00:00Z&tz=Asia/Taipei&fixture=../fixtures/tw-events.json
2026-10-02T17:00:37.424 RUN 3 META len=191 decoded={"w":3840,"h":2160,"tz":"Asia/Taipei","nowMs":1791162000000,"warnings":[],"dataStatus":"ok","dataSource":"fixture"}
2026-10-02T17:00:39.514 RUN 3 OK t=2026-10-05T01:00:00Z create=77.3ms load=188.7 png=271.1 total=537.1 close=0.8 bytes=5220673 3840x2160 body=raw decode=0.7ms metaLen=191 mem@png(host ws/priv=37.2/12.0MB wv ws/priv=565.0/542.2MB procs=7) mem@idle(host ws/priv=37.2/11.9MB wv ws/priv=387.6/409.1MB procs=6) peak(ws/priv=626.8/579.2MB) vis=0/7 fgOwn=0 fgChanged=0/9 
2026-10-02T17:00:39.601 RUN 4 WINDOW created hwnd=0x28F0E9C visible=false exStyle(built)=0x08040110(TOOLWINDOW=false APPWINDOW=true NOACTIVATE=true) exStyle(applied)=0x08000190(TOOLWINDOW=true APPWINDOW=false NOACTIVATE=true)
2026-10-02T17:00:39.796 RUN 4 PAGE-LOAD-FINISHED +281.1ms url=http://tauri.localhost/wallpapers/astrolabe.html?w=3840&h=2160&t=2026-10-05T01:15:00Z&tz=Asia/Taipei&fixture=../fixtures/tw-events.json
2026-10-02T17:00:40.049 RUN 4 META len=191 decoded={"w":3840,"h":2160,"tz":"Asia/Taipei","nowMs":1791162900000,"warnings":[],"dataStatus":"ok","dataSource":"fixture"}
2026-10-02T17:00:42.118 RUN 4 OK t=2026-10-05T01:15:00Z create=84.0ms load=197.1 png=251.8 total=532.9 close=0.9 bytes=5224888 3840x2160 body=raw decode=0.8ms metaLen=191 mem@png(host ws/priv=38.2/13.2MB wv ws/priv=564.3/538.4MB procs=7) mem@idle(host ws/priv=38.1/13.1MB wv ws/priv=390.3/457.6MB procs=6) peak(ws/priv=615.2/565.4MB) vis=0/6 fgOwn=0 fgChanged=0/8 
2026-10-02T17:00:42.190 RUN 5 WINDOW created hwnd=0x1CB0512 visible=false exStyle(built)=0x08040110(TOOLWINDOW=false APPWINDOW=true NOACTIVATE=true) exStyle(applied)=0x08000190(TOOLWINDOW=true APPWINDOW=false NOACTIVATE=true)
2026-10-02T17:00:42.367 RUN 5 PAGE-LOAD-FINISHED +249.4ms url=http://tauri.localhost/wallpapers/astrolabe.html?w=3840&h=2160&t=2026-10-05T01:30:00Z&tz=Asia/Taipei&fixture=../fixtures/tw-events.json
2026-10-02T17:00:42.613 RUN 5 META len=191 decoded={"w":3840,"h":2160,"tz":"Asia/Taipei","nowMs":1791163800000,"warnings":[],"dataStatus":"ok","dataSource":"fixture"}
2026-10-02T17:00:44.671 RUN 5 OK t=2026-10-05T01:30:00Z create=71.8ms load=177.6 png=244.0 total=493.4 close=0.8 bytes=5240668 3840x2160 body=raw decode=1.1ms metaLen=191 mem@png(host ws/priv=39.0/13.9MB wv ws/priv=568.0/586.3MB procs=7) mem@idle(host ws/priv=39.0/13.9MB wv ws/priv=395.1/505.3MB procs=6) peak(ws/priv=608.1/608.4MB) vis=0/7 fgOwn=0 fgChanged=0/8 
2026-10-02T17:00:44.791 RUN 6 WINDOW created hwnd=0x1CC0512 visible=false exStyle(built)=0x08040110(TOOLWINDOW=false APPWINDOW=true NOACTIVATE=true) exStyle(applied)=0x08000190(TOOLWINDOW=true APPWINDOW=false NOACTIVATE=true)
2026-10-02T17:00:44.968 RUN 6 PAGE-LOAD-FINISHED +296.9ms url=http://tauri.localhost/wallpapers/astrolabe.html?w=3840&h=2160&t=2026-10-05T01:45:00Z&tz=Asia/Taipei&fixture=../fixtures/tw-events.json
2026-10-02T17:00:45.213 RUN 6 META len=191 decoded={"w":3840,"h":2160,"tz":"Asia/Taipei","nowMs":1791164700000,"warnings":[],"dataStatus":"ok","dataSource":"fixture"}
2026-10-02T17:00:47.284 RUN 6 OK t=2026-10-05T01:45:00Z create=118.3ms load=178.5 png=243.0 total=539.8 close=0.9 bytes=5244323 3840x2160 body=raw decode=1.6ms metaLen=191 mem@png(host ws/priv=38.1/12.8MB wv ws/priv=569.3/634.8MB procs=7) mem@idle(host ws/priv=39.6/14.9MB wv ws/priv=395.4/553.0MB procs=6) peak(ws/priv=622.5/657.9MB) vis=0/7 fgOwn=0 fgChanged=0/8 
2026-10-02T17:00:47.366 RUN 7 WINDOW created hwnd=0x2350B80 visible=false exStyle(built)=0x08040110(TOOLWINDOW=false APPWINDOW=true NOACTIVATE=true) exStyle(applied)=0x08000190(TOOLWINDOW=true APPWINDOW=false NOACTIVATE=true)
2026-10-02T17:00:47.556 RUN 7 PAGE-LOAD-FINISHED +272.1ms url=http://tauri.localhost/wallpapers/astrolabe.html?w=3840&h=2160&t=2026-10-05T02:00:00Z&tz=Asia/Taipei&fixture=../fixtures/tw-events.json
2026-10-02T17:00:47.801 RUN 7 META len=191 decoded={"w":3840,"h":2160,"tz":"Asia/Taipei","nowMs":1791165600000,"warnings":[],"dataStatus":"ok","dataSource":"fixture"}
2026-10-02T17:00:49.864 RUN 7 OK t=2026-10-05T02:00:00Z create=81.6ms load=190.5 png=243.6 total=515.6 close=0.8 bytes=5245570 3840x2160 body=raw decode=1.7ms metaLen=191 mem@png(host ws/priv=38.1/12.7MB wv ws/priv=570.6/635.0MB procs=7) mem@idle(host ws/priv=39.5/14.1MB wv ws/priv=397.1/554.1MB procs=6) peak(ws/priv=622.4/662.7MB) vis=0/7 fgOwn=0 fgChanged=0/9 
2026-10-02T17:00:49.939 RUN 8 WINDOW created hwnd=0x2360B80 visible=false exStyle(built)=0x08040110(TOOLWINDOW=false APPWINDOW=true NOACTIVATE=true) exStyle(applied)=0x08000190(TOOLWINDOW=true APPWINDOW=false NOACTIVATE=true)
2026-10-02T17:00:50.124 RUN 8 PAGE-LOAD-FINISHED +258.6ms url=http://tauri.localhost/wallpapers/astrolabe.html?w=3840&h=2160&t=2026-10-05T02:15:00Z&tz=Asia/Taipei&fixture=../fixtures/tw-events.json
2026-10-02T17:00:50.367 RUN 8 META len=191 decoded={"w":3840,"h":2160,"tz":"Asia/Taipei","nowMs":1791166500000,"warnings":[],"dataStatus":"ok","dataSource":"fixture"}
2026-10-02T17:00:52.429 RUN 8 OK t=2026-10-05T02:15:00Z create=73.0ms load=185.6 png=242.7 total=501.3 close=0.9 bytes=5247557 3840x2160 body=raw decode=0.7ms metaLen=191 mem@png(host ws/priv=40.0/14.7MB wv ws/priv=575.4/638.3MB procs=7) mem@idle(host ws/priv=38.6/13.3MB wv ws/priv=399.4/504.7MB procs=6) peak(ws/priv=629.0/667.4MB) vis=0/6 fgOwn=0 fgChanged=0/8 
2026-10-02T17:00:52.507 RUN 9 WINDOW created hwnd=0x1CD0512 visible=false exStyle(built)=0x08040110(TOOLWINDOW=false APPWINDOW=true NOACTIVATE=true) exStyle(applied)=0x08000190(TOOLWINDOW=true APPWINDOW=false NOACTIVATE=true)
2026-10-02T17:00:52.692 RUN 9 PAGE-LOAD-FINISHED +261.9ms url=http://tauri.localhost/wallpapers/astrolabe.html?w=3840&h=2160&t=2026-10-05T02:30:00Z&tz=Asia/Taipei&fixture=../fixtures/tw-events.json
2026-10-02T17:00:52.930 RUN 9 META len=191 decoded={"w":3840,"h":2160,"tz":"Asia/Taipei","nowMs":1791167400000,"warnings":[],"dataStatus":"ok","dataSource":"fixture"}
2026-10-02T17:00:55.000 RUN 9 OK t=2026-10-05T02:30:00Z create=76.3ms load=185.6 png=237.4 total=499.2 close=1.7 bytes=5224499 3840x2160 body=raw decode=1.4ms metaLen=191 mem@png(host ws/priv=38.3/13.0MB wv ws/priv=572.9/633.5MB procs=7) mem@idle(host ws/priv=38.4/13.0MB wv ws/priv=399.5/552.5MB procs=6) peak(ws/priv=626.1/662.6MB) vis=0/7 fgOwn=0 fgChanged=0/8 
2026-10-02T17:00:55.077 RUN 10 WINDOW created hwnd=0x1CE0512 visible=false exStyle(built)=0x08040110(TOOLWINDOW=false APPWINDOW=true NOACTIVATE=true) exStyle(applied)=0x08000190(TOOLWINDOW=true APPWINDOW=false NOACTIVATE=true)
2026-10-02T17:00:55.258 RUN 10 PAGE-LOAD-FINISHED +256.4ms url=http://tauri.localhost/wallpapers/astrolabe.html?w=3840&h=2160&t=2026-10-05T02:45:00Z&tz=Asia/Taipei&fixture=../fixtures/tw-events.json
2026-10-02T17:00:55.508 RUN 10 META len=191 decoded={"w":3840,"h":2160,"tz":"Asia/Taipei","nowMs":1791168300000,"warnings":[],"dataStatus":"ok","dataSource":"fixture"}
2026-10-02T17:00:57.582 RUN 10 OK t=2026-10-05T02:45:00Z create=74.3ms load=182.1 png=249.0 total=505.4 close=0.8 bytes=5226956 3840x2160 body=raw decode=0.7ms metaLen=191 mem@png(host ws/priv=38.0/12.6MB wv ws/priv=608.3/554.6MB procs=7) mem@idle(host ws/priv=38.1/12.7MB wv ws/priv=433.1/472.3MB procs=6) peak(ws/priv=660.9/621.2MB) vis=0/6 fgOwn=0 fgChanged=0/7 
2026-10-02T17:00:57.658 RUN 11 WINDOW created hwnd=0x1CF0512 visible=false exStyle(built)=0x08040110(TOOLWINDOW=false APPWINDOW=true NOACTIVATE=true) exStyle(applied)=0x08000190(TOOLWINDOW=true APPWINDOW=false NOACTIVATE=true)
2026-10-02T17:00:57.852 RUN 11 PAGE-LOAD-FINISHED +269.2ms url=http://tauri.localhost/wallpapers/astrolabe.html?w=3840&h=2160&t=2026-10-05T03:00:00Z&tz=Asia/Taipei&fixture=../fixtures/tw-events.json
2026-10-02T17:00:58.095 RUN 11 META len=191 decoded={"w":3840,"h":2160,"tz":"Asia/Taipei","nowMs":1791169200000,"warnings":[],"dataStatus":"ok","dataSource":"fixture"}
2026-10-02T17:01:00.169 RUN 11 OK t=2026-10-05T03:00:00Z create=75.5ms load=193.7 png=242.2 total=511.4 close=1.0 bytes=5226146 3840x2160 body=raw decode=1.4ms metaLen=191 mem@png(host ws/priv=39.3/14.1MB wv ws/priv=608.8/601.1MB procs=7) mem@idle(host ws/priv=39.2/14.0MB wv ws/priv=445.3/472.3MB procs=6) peak(ws/priv=669.2/640.1MB) vis=0/7 fgOwn=0 fgChanged=0/8 
2026-10-02T17:01:00.315 RUN 12 WINDOW created hwnd=0x3B40FD8 visible=false exStyle(built)=0x08040110(TOOLWINDOW=false APPWINDOW=true NOACTIVATE=true) exStyle(applied)=0x08000190(TOOLWINDOW=true APPWINDOW=false NOACTIVATE=true)
2026-10-02T17:01:00.500 RUN 12 PAGE-LOAD-FINISHED +330.0ms url=http://tauri.localhost/wallpapers/astrolabe.html?w=3840&h=2160&t=2026-10-05T03:15:00Z&tz=Asia/Taipei&fixture=../fixtures/tw-events.json
2026-10-02T17:01:00.748 RUN 12 META len=191 decoded={"w":3840,"h":2160,"tz":"Asia/Taipei","nowMs":1791170100000,"warnings":[],"dataStatus":"ok","dataSource":"fixture"}
2026-10-02T17:01:02.812 RUN 12 OK t=2026-10-05T03:15:00Z create=144.6ms load=185.4 png=247.2 total=577.2 close=0.8 bytes=5230754 3840x2160 body=raw decode=1.4ms metaLen=191 mem@png(host ws/priv=39.9/14.6MB wv ws/priv=651.4/566.9MB procs=7) mem@idle(host ws/priv=38.4/13.2MB wv ws/priv=478.6/486.9MB procs=6) peak(ws/priv=709.9/616.4MB) vis=0/7 fgOwn=0 fgChanged=0/9 
2026-10-02T17:01:02.888 RUN 13 WINDOW created hwnd=0x7090476 visible=false exStyle(built)=0x08040110(TOOLWINDOW=false APPWINDOW=true NOACTIVATE=true) exStyle(applied)=0x08000190(TOOLWINDOW=true APPWINDOW=false NOACTIVATE=true)
2026-10-02T17:01:03.066 RUN 13 PAGE-LOAD-FINISHED +253.8ms url=http://tauri.localhost/wallpapers/astrolabe.html?w=3840&h=2160&t=2026-10-05T03:30:00Z&tz=Asia/Taipei&fixture=../fixtures/tw-events.json
2026-10-02T17:01:03.305 RUN 13 META len=191 decoded={"w":3840,"h":2160,"tz":"Asia/Taipei","nowMs":1791171000000,"warnings":[],"dataStatus":"ok","dataSource":"fixture"}
2026-10-02T17:01:05.366 RUN 13 OK t=2026-10-05T03:30:00Z create=75.0ms load=178.7 png=239.1 total=492.9 close=1.0 bytes=5260693 3840x2160 body=raw decode=0.7ms metaLen=191 mem@png(host ws/priv=39.8/14.3MB wv ws/priv=686.4/618.0MB procs=7) mem@idle(host ws/priv=38.4/13.0MB wv ws/priv=508.6/532.3MB procs=6) peak(ws/priv=739.6/646.9MB) vis=0/6 fgOwn=0 fgChanged=0/7 
2026-10-02T17:01:05.445 RUN 14 WINDOW created hwnd=0x3B50FD8 visible=false exStyle(built)=0x08040110(TOOLWINDOW=false APPWINDOW=true NOACTIVATE=true) exStyle(applied)=0x08000190(TOOLWINDOW=true APPWINDOW=false NOACTIVATE=true)
2026-10-02T17:01:05.642 RUN 14 PAGE-LOAD-FINISHED +275.1ms url=http://tauri.localhost/wallpapers/astrolabe.html?w=3840&h=2160&t=2026-10-05T03:45:00Z&tz=Asia/Taipei&fixture=../fixtures/tw-events.json
2026-10-02T17:01:05.904 RUN 14 META len=191 decoded={"w":3840,"h":2160,"tz":"Asia/Taipei","nowMs":1791171900000,"warnings":[],"dataStatus":"ok","dataSource":"fixture"}
2026-10-02T17:01:07.957 RUN 14 OK t=2026-10-05T03:45:00Z create=77.8ms load=197.3 png=260.8 total=536.0 close=0.8 bytes=5261495 3840x2160 body=raw decode=1.4ms metaLen=191 mem@png(host ws/priv=39.5/14.7MB wv ws/priv=683.5/614.6MB procs=7) mem@idle(host ws/priv=38.5/13.2MB wv ws/priv=507.9/531.8MB procs=6) peak(ws/priv=735.9/643.0MB) vis=0/7 fgOwn=0 fgChanged=0/8 
2026-10-02T17:01:08.030 RUN 15 WINDOW created hwnd=0x3B60FD8 visible=false exStyle(built)=0x08040110(TOOLWINDOW=false APPWINDOW=true NOACTIVATE=true) exStyle(applied)=0x08000190(TOOLWINDOW=true APPWINDOW=false NOACTIVATE=true)
2026-10-02T17:01:08.221 RUN 15 PAGE-LOAD-FINISHED +263.4ms url=http://tauri.localhost/wallpapers/astrolabe.html?w=3840&h=2160&t=2026-10-05T04:00:00Z&tz=Asia/Taipei&fixture=../fixtures/tw-events.json
2026-10-02T17:01:08.470 RUN 15 META len=191 decoded={"w":3840,"h":2160,"tz":"Asia/Taipei","nowMs":1791172800000,"warnings":[],"dataStatus":"ok","dataSource":"fixture"}
2026-10-02T17:01:10.531 RUN 15 OK t=2026-10-05T04:00:00Z create=72.3ms load=191.1 png=247.8 total=511.2 close=0.7 bytes=5261186 3840x2160 body=raw decode=1.4ms metaLen=191 mem@png(host ws/priv=38.4/13.0MB wv ws/priv=713.0/661.4MB procs=7) mem@idle(host ws/priv=40.0/14.6MB wv ws/priv=517.6/555.6MB procs=6) peak(ws/priv=746.4/683.4MB) vis=0/7 fgOwn=0 fgChanged=0/8 
2026-10-02T17:01:10.617 RUN 16 WINDOW created hwnd=0x470097C visible=false exStyle(built)=0x08040110(TOOLWINDOW=false APPWINDOW=true NOACTIVATE=true) exStyle(applied)=0x08000190(TOOLWINDOW=true APPWINDOW=false NOACTIVATE=true)
2026-10-02T17:01:10.795 RUN 16 PAGE-LOAD-FINISHED +263.4ms url=http://tauri.localhost/wallpapers/astrolabe.html?w=3840&h=2160&t=2026-10-05T04:15:00Z&tz=Asia/Taipei&fixture=../fixtures/tw-events.json
2026-10-02T17:01:11.047 RUN 16 META len=191 decoded={"w":3840,"h":2160,"tz":"Asia/Taipei","nowMs":1791173700000,"warnings":[],"dataStatus":"ok","dataSource":"fixture"}
2026-10-02T17:01:13.108 RUN 16 OK t=2026-10-05T04:15:00Z create=84.8ms load=178.6 png=250.7 total=514.1 close=1.2 bytes=5263253 3840x2160 body=raw decode=1.4ms metaLen=191 mem@png(host ws/priv=38.6/13.2MB wv ws/priv=694.4/640.2MB procs=7) mem@idle(host ws/priv=38.6/14.0MB wv ws/priv=518.6/540.4MB procs=6) peak(ws/priv=747.8/669.1MB) vis=0/7 fgOwn=0 fgChanged=0/9 
2026-10-02T17:01:13.181 RUN 17 WINDOW created hwnd=0x471097C visible=false exStyle(built)=0x08040110(TOOLWINDOW=false APPWINDOW=true NOACTIVATE=true) exStyle(applied)=0x08000190(TOOLWINDOW=true APPWINDOW=false NOACTIVATE=true)
2026-10-02T17:01:13.376 RUN 17 PAGE-LOAD-FINISHED +267.3ms url=http://tauri.localhost/wallpapers/astrolabe.html?w=3840&h=2160&t=2026-10-05T04:30:00Z&tz=Asia/Taipei&fixture=../fixtures/tw-events.json
2026-10-02T17:01:13.618 RUN 17 META len=191 decoded={"w":3840,"h":2160,"tz":"Asia/Taipei","nowMs":1791174600000,"warnings":[],"dataStatus":"ok","dataSource":"fixture"}
2026-10-02T17:01:15.691 RUN 17 OK t=2026-10-05T04:30:00Z create=73.9ms load=193.5 png=241.0 total=508.4 close=0.7 bytes=5264357 3840x2160 body=raw decode=1.2ms metaLen=191 mem@png(host ws/priv=38.7/13.2MB wv ws/priv=691.6/716.7MB procs=7) mem@idle(host ws/priv=38.7/13.2MB wv ws/priv=509.3/617.6MB procs=6) peak(ws/priv=745.0/745.7MB) vis=0/7 fgOwn=0 fgChanged=0/8 
2026-10-02T17:01:15.764 RUN 18 WINDOW created hwnd=0x472097C visible=false exStyle(built)=0x08040110(TOOLWINDOW=false APPWINDOW=true NOACTIVATE=true) exStyle(applied)=0x08000190(TOOLWINDOW=true APPWINDOW=false NOACTIVATE=true)
2026-10-02T17:01:15.954 RUN 18 PAGE-LOAD-FINISHED +262.2ms url=http://tauri.localhost/wallpapers/astrolabe.html?w=3840&h=2160&t=2026-10-05T04:45:00Z&tz=Asia/Taipei&fixture=../fixtures/tw-events.json
2026-10-02T17:01:16.205 RUN 18 META len=191 decoded={"w":3840,"h":2160,"tz":"Asia/Taipei","nowMs":1791175500000,"warnings":[],"dataStatus":"ok","dataSource":"fixture"}
2026-10-02T17:01:18.265 RUN 18 OK t=2026-10-05T04:45:00Z create=72.2ms load=190.1 png=249.4 total=511.7 close=1.1 bytes=5263122 3840x2160 body=raw decode=1.4ms metaLen=191 mem@png(host ws/priv=38.9/13.3MB wv ws/priv=682.6/698.1MB procs=7) mem@idle(host ws/priv=40.3/14.8MB wv ws/priv=506.9/565.6MB procs=6) peak(ws/priv=811.9/812.3MB) vis=0/7 fgOwn=0 fgChanged=0/8 
2026-10-02T17:01:18.341 RUN 19 WINDOW created hwnd=0x473097C visible=false exStyle(built)=0x08040110(TOOLWINDOW=false APPWINDOW=true NOACTIVATE=true) exStyle(applied)=0x08000190(TOOLWINDOW=true APPWINDOW=false NOACTIVATE=true)
2026-10-02T17:01:18.532 RUN 19 PAGE-LOAD-FINISHED +267.3ms url=http://tauri.localhost/wallpapers/astrolabe.html?w=3840&h=2160&t=2026-10-05T05:00:00Z&tz=Asia/Taipei&fixture=../fixtures/tw-events.json
2026-10-02T17:01:18.794 RUN 19 META len=191 decoded={"w":3840,"h":2160,"tz":"Asia/Taipei","nowMs":1791176400000,"warnings":[],"dataStatus":"ok","dataSource":"fixture"}
2026-10-02T17:01:20.850 RUN 19 OK t=2026-10-05T05:00:00Z create=75.1ms load=192.1 png=259.9 total=527.1 close=0.8 bytes=5261343 3840x2160 body=raw decode=0.9ms metaLen=191 mem@png(host ws/priv=39.4/14.3MB wv ws/priv=682.8/649.0MB procs=7) mem@idle(host ws/priv=39.4/14.3MB wv ws/priv=505.6/563.5MB procs=6) peak(ws/priv=763.4/708.7MB) vis=0/7 fgOwn=0 fgChanged=0/9 
2026-10-02T17:01:20.927 RUN 20 WINDOW created hwnd=0x2B21068 visible=false exStyle(built)=0x08040110(TOOLWINDOW=false APPWINDOW=true NOACTIVATE=true) exStyle(applied)=0x08000190(TOOLWINDOW=true APPWINDOW=false NOACTIVATE=true)
2026-10-02T17:01:21.121 RUN 20 PAGE-LOAD-FINISHED +269.1ms url=http://tauri.localhost/wallpapers/astrolabe.html?w=3840&h=2160&t=2026-10-05T05:15:00Z&tz=Asia/Taipei&fixture=../fixtures/tw-events.json
2026-10-02T17:01:21.364 RUN 20 META len=191 decoded={"w":3840,"h":2160,"tz":"Asia/Taipei","nowMs":1791177300000,"warnings":[],"dataStatus":"ok","dataSource":"fixture"}
2026-10-02T17:01:23.423 RUN 20 OK t=2026-10-05T05:15:00Z create=74.1ms load=195.0 png=241.3 total=510.4 close=1.1 bytes=5263883 3840x2160 body=raw decode=1.4ms metaLen=191 mem@png(host ws/priv=39.6/14.4MB wv ws/priv=679.1/644.6MB procs=7) mem@idle(host ws/priv=41.1/15.8MB wv ws/priv=505.4/563.4MB procs=6) peak(ws/priv=793.9/749.2MB) vis=0/7 fgOwn=0 fgChanged=0/9 
2026-10-02T17:01:23.497 RUN 21 WINDOW created hwnd=0x2D90A18 visible=false exStyle(built)=0x08040110(TOOLWINDOW=false APPWINDOW=true NOACTIVATE=true) exStyle(applied)=0x08000190(TOOLWINDOW=true APPWINDOW=false NOACTIVATE=true)
2026-10-02T17:01:23.679 RUN 21 PAGE-LOAD-FINISHED +253.5ms url=http://tauri.localhost/wallpapers/astrolabe.html?w=3840&h=2160&t=2026-10-05T05:30:00Z&tz=Asia/Taipei&fixture=../fixtures/tw-events.json
2026-10-02T17:01:23.924 RUN 21 META len=191 decoded={"w":3840,"h":2160,"tz":"Asia/Taipei","nowMs":1791178200000,"warnings":[],"dataStatus":"ok","dataSource":"fixture"}
2026-10-02T17:01:25.994 RUN 21 OK t=2026-10-05T05:30:00Z create=71.1ms load=182.4 png=245.0 total=498.5 close=1.0 bytes=5247033 3840x2160 body=raw decode=1.4ms metaLen=191 mem@png(host ws/priv=40.1/14.5MB wv ws/priv=712.1/742.8MB procs=7) mem@idle(host ws/priv=38.6/13.1MB wv ws/priv=509.4/580.7MB procs=6) peak(ws/priv=765.9/771.7MB) vis=0/6 fgOwn=0 fgChanged=0/8 
2026-10-02T17:01:26.071 RUN 22 WINDOW created hwnd=0x22E17B6 visible=false exStyle(built)=0x08040110(TOOLWINDOW=false APPWINDOW=true NOACTIVATE=true) exStyle(applied)=0x08000190(TOOLWINDOW=true APPWINDOW=false NOACTIVATE=true)
2026-10-02T17:01:26.259 RUN 22 PAGE-LOAD-FINISHED +264.2ms url=http://tauri.localhost/wallpapers/astrolabe.html?w=3840&h=2160&t=2026-10-05T05:45:00Z&tz=Asia/Taipei&fixture=../fixtures/tw-events.json
2026-10-02T17:01:26.514 RUN 22 META len=191 decoded={"w":3840,"h":2160,"tz":"Asia/Taipei","nowMs":1791179100000,"warnings":[],"dataStatus":"ok","dataSource":"fixture"}
2026-10-02T17:01:28.565 RUN 22 OK t=2026-10-05T05:45:00Z create=75.4ms load=188.8 png=253.1 total=517.3 close=1.1 bytes=5246003 3840x2160 body=raw decode=1.3ms metaLen=191 mem@png(host ws/priv=38.9/13.5MB wv ws/priv=682.9/709.5MB procs=7) mem@idle(host ws/priv=38.9/13.6MB wv ws/priv=492.5/600.3MB procs=6) peak(ws/priv=726.6/731.8MB) vis=0/7 fgOwn=0 fgChanged=0/8 
2026-10-02T17:01:28.643 RUN 23 WINDOW created hwnd=0x34D09DE visible=false exStyle(built)=0x08040110(TOOLWINDOW=false APPWINDOW=true NOACTIVATE=true) exStyle(applied)=0x08000190(TOOLWINDOW=true APPWINDOW=false NOACTIVATE=true)
2026-10-02T17:01:28.828 RUN 23 PAGE-LOAD-FINISHED +263.2ms url=http://tauri.localhost/wallpapers/astrolabe.html?w=3840&h=2160&t=2026-10-05T06:00:00Z&tz=Asia/Taipei&fixture=../fixtures/tw-events.json
2026-10-02T17:01:29.086 RUN 23 META len=191 decoded={"w":3840,"h":2160,"tz":"Asia/Taipei","nowMs":1791180000000,"warnings":[],"dataStatus":"ok","dataSource":"fixture"}
2026-10-02T17:01:31.168 RUN 23 OK t=2026-10-05T06:00:00Z create=77.3ms load=186.0 png=257.4 total=520.6 close=1.0 bytes=5247929 3840x2160 body=raw decode=0.7ms metaLen=191 mem@png(host ws/priv=38.8/13.2MB wv ws/priv=669.5/584.3MB procs=7) mem@idle(host ws/priv=38.8/13.3MB wv ws/priv=487.9/494.2MB procs=6) peak(ws/priv=746.0/698.4MB) vis=0/7 fgOwn=0 fgChanged=0/9 
2026-10-02T17:01:31.256 RUN 24 WINDOW created hwnd=0x4510FDA visible=false exStyle(built)=0x08040110(TOOLWINDOW=false APPWINDOW=true NOACTIVATE=true) exStyle(applied)=0x08000190(TOOLWINDOW=true APPWINDOW=false NOACTIVATE=true)
2026-10-02T17:01:31.456 RUN 24 PAGE-LOAD-FINISHED +287.6ms url=http://tauri.localhost/wallpapers/astrolabe.html?w=3840&h=2160&t=2026-10-05T06:15:00Z&tz=Asia/Taipei&fixture=../fixtures/tw-events.json
2026-10-02T17:01:31.698 RUN 24 META len=191 decoded={"w":3840,"h":2160,"tz":"Asia/Taipei","nowMs":1791180900000,"warnings":[],"dataStatus":"ok","dataSource":"fixture"}
2026-10-02T17:01:33.757 RUN 24 OK t=2026-10-05T06:15:00Z create=87.1ms load=200.5 png=241.1 total=528.6 close=0.8 bytes=5250405 3840x2160 body=raw decode=0.7ms metaLen=191 mem@png(host ws/priv=39.0/13.5MB wv ws/priv=694.9/625.4MB procs=7) mem@idle(host ws/priv=39.0/13.9MB wv ws/priv=491.4/513.3MB procs=6) peak(ws/priv=747.7/654.2MB) vis=0/6 fgOwn=0 fgChanged=0/8 
2026-10-02T17:01:33.830 RUN 25 WINDOW created hwnd=0x3640C10 visible=false exStyle(built)=0x08040110(TOOLWINDOW=false APPWINDOW=true NOACTIVATE=true) exStyle(applied)=0x08000190(TOOLWINDOW=true APPWINDOW=false NOACTIVATE=true)
2026-10-02T17:01:34.021 RUN 25 PAGE-LOAD-FINISHED +261.8ms url=http://tauri.localhost/wallpapers/astrolabe.html?w=3840&h=2160&t=2026-10-05T06:30:00Z&tz=Asia/Taipei&fixture=../fixtures/tw-events.json
2026-10-02T17:01:34.265 RUN 25 META len=191 decoded={"w":3840,"h":2160,"tz":"Asia/Taipei","nowMs":1791181800000,"warnings":[],"dataStatus":"ok","dataSource":"fixture"}
2026-10-02T17:01:36.330 RUN 25 OK t=2026-10-05T06:30:00Z create=70.6ms load=191.2 png=244.1 total=505.9 close=0.8 bytes=5218107 3840x2160 body=raw decode=1.4ms metaLen=191 mem@png(host ws/priv=38.9/13.3MB wv ws/priv=668.3/693.9MB procs=7) mem@idle(host ws/priv=39.1/13.6MB wv ws/priv=494.7/612.7MB procs=6) peak(ws/priv=715.4/715.8MB) vis=0/7 fgOwn=0 fgChanged=0/8 
2026-10-02T17:01:36.408 RUN 26 WINDOW created hwnd=0x4520FDA visible=false exStyle(built)=0x08040110(TOOLWINDOW=false APPWINDOW=true NOACTIVATE=true) exStyle(applied)=0x08000190(TOOLWINDOW=true APPWINDOW=false NOACTIVATE=true)
2026-10-02T17:01:36.589 RUN 26 PAGE-LOAD-FINISHED +258.1ms url=http://tauri.localhost/wallpapers/astrolabe.html?w=3840&h=2160&t=2026-10-05T06:45:00Z&tz=Asia/Taipei&fixture=../fixtures/tw-events.json
2026-10-02T17:01:36.830 RUN 26 META len=191 decoded={"w":3840,"h":2160,"tz":"Asia/Taipei","nowMs":1791182700000,"warnings":[],"dataStatus":"ok","dataSource":"fixture"}
2026-10-02T17:01:38.894 RUN 26 OK t=2026-10-05T06:45:00Z create=77.1ms load=181.0 png=241.4 total=499.4 close=0.7 bytes=5219750 3840x2160 body=raw decode=1.3ms metaLen=191 mem@png(host ws/priv=40.0/14.8MB wv ws/priv=700.0/741.5MB procs=7) mem@idle(host ws/priv=40.0/14.7MB wv ws/priv=494.5/580.5MB procs=6) peak(ws/priv=740.7/764.3MB) vis=0/7 fgOwn=0 fgChanged=0/8 
2026-10-02T17:01:38.977 RUN 27 WINDOW created hwnd=0x4530FDA visible=false exStyle(built)=0x08040110(TOOLWINDOW=false APPWINDOW=true NOACTIVATE=true) exStyle(applied)=0x08000190(TOOLWINDOW=true APPWINDOW=false NOACTIVATE=true)
2026-10-02T17:01:39.168 RUN 27 PAGE-LOAD-FINISHED +272.5ms url=http://tauri.localhost/wallpapers/astrolabe.html?w=3840&h=2160&t=2026-10-05T07:00:00Z&tz=Asia/Taipei&fixture=../fixtures/tw-events.json
2026-10-02T17:01:39.419 RUN 27 META len=191 decoded={"w":3840,"h":2160,"tz":"Asia/Taipei","nowMs":1791183600000,"warnings":[],"dataStatus":"ok","dataSource":"fixture"}
2026-10-02T17:01:41.472 RUN 27 OK t=2026-10-05T07:00:00Z create=80.5ms load=192.0 png=250.2 total=522.7 close=1.0 bytes=5297563 3840x2160 body=raw decode=1.4ms metaLen=191 mem@png(host ws/priv=40.2/15.1MB wv ws/priv=673.1/714.7MB procs=7) mem@idle(host ws/priv=40.1/15.1MB wv ws/priv=494.6/515.2MB procs=6) peak(ws/priv=769.3/795.0MB) vis=0/6 fgOwn=0 fgChanged=0/8 
2026-10-02T17:01:41.548 RUN 28 WINDOW created hwnd=0x4540FDA visible=false exStyle(built)=0x08040110(TOOLWINDOW=false APPWINDOW=true NOACTIVATE=true) exStyle(applied)=0x08000190(TOOLWINDOW=true APPWINDOW=false NOACTIVATE=true)
2026-10-02T17:01:41.727 RUN 28 PAGE-LOAD-FINISHED +253.9ms url=http://tauri.localhost/wallpapers/astrolabe.html?w=3840&h=2160&t=2026-10-05T07:15:00Z&tz=Asia/Taipei&fixture=../fixtures/tw-events.json
2026-10-02T17:01:41.974 RUN 28 META len=191 decoded={"w":3840,"h":2160,"tz":"Asia/Taipei","nowMs":1791184500000,"warnings":[],"dataStatus":"ok","dataSource":"fixture"}
2026-10-02T17:01:44.046 RUN 28 OK t=2026-10-05T07:15:00Z create=73.6ms load=180.3 png=245.9 total=499.8 close=0.8 bytes=5300995 3840x2160 body=raw decode=0.8ms metaLen=191 mem@png(host ws/priv=40.2/15.0MB wv ws/priv=704.1/695.1MB procs=7) mem@idle(host ws/priv=40.1/14.9MB wv ws/priv=517.8/591.0MB procs=6) peak(ws/priv=767.3/735.4MB) vis=0/7 fgOwn=0 fgChanged=0/8 
2026-10-02T17:01:44.121 RUN 29 WINDOW created hwnd=0x4560FDA visible=false exStyle(built)=0x08040110(TOOLWINDOW=false APPWINDOW=true NOACTIVATE=true) exStyle(applied)=0x08000190(TOOLWINDOW=true APPWINDOW=false NOACTIVATE=true)
2026-10-02T17:01:44.333 RUN 29 PAGE-LOAD-FINISHED +286.3ms url=http://tauri.localhost/wallpapers/astrolabe.html?w=3840&h=2160&t=2026-10-05T07:30:00Z&tz=Asia/Taipei&fixture=../fixtures/tw-events.json
2026-10-02T17:01:44.584 RUN 29 META len=191 decoded={"w":3840,"h":2160,"tz":"Asia/Taipei","nowMs":1791185400000,"warnings":[],"dataStatus":"ok","dataSource":"fixture"}
2026-10-02T17:01:46.640 RUN 29 OK t=2026-10-05T07:30:00Z create=74.7ms load=211.6 png=250.0 total=536.3 close=1.7 bytes=5304144 3840x2160 body=raw decode=1.4ms metaLen=191 mem@png(host ws/priv=40.1/15.0MB wv ws/priv=713.1/648.1MB procs=7) mem@idle(host ws/priv=41.6/16.4MB wv ws/priv=537.1/563.4MB procs=6) peak(ws/priv=835.8/763.8MB) vis=0/7 fgOwn=0 fgChanged=0/9 
2026-10-02T17:01:46.716 RUN 30 WINDOW created hwnd=0x4570FDA visible=false exStyle(built)=0x08040110(TOOLWINDOW=false APPWINDOW=true NOACTIVATE=true) exStyle(applied)=0x08000190(TOOLWINDOW=true APPWINDOW=false NOACTIVATE=true)
2026-10-02T17:01:46.899 RUN 30 PAGE-LOAD-FINISHED +258.1ms url=http://tauri.localhost/wallpapers/astrolabe.html?w=3840&h=2160&t=2026-10-05T07:45:00Z&tz=Asia/Taipei&fixture=../fixtures/tw-events.json
2026-10-02T17:01:47.154 RUN 30 META len=191 decoded={"w":3840,"h":2160,"tz":"Asia/Taipei","nowMs":1791186300000,"warnings":[],"dataStatus":"ok","dataSource":"fixture"}
2026-10-02T17:01:49.213 RUN 30 OK t=2026-10-05T07:45:00Z create=74.8ms load=183.3 png=253.6 total=511.7 close=0.8 bytes=5307544 3840x2160 body=raw decode=1.4ms metaLen=191 mem@png(host ws/priv=40.8/15.3MB wv ws/priv=722.5/699.5MB procs=7) mem@idle(host ws/priv=39.4/13.9MB wv ws/priv=540.2/609.9MB procs=6) peak(ws/priv=789.3/743.3MB) vis=0/6 fgOwn=0 fgChanged=0/8 
2026-10-02T17:01:49.290 RUN 31 WINDOW created hwnd=0x4580FDA visible=false exStyle(built)=0x08040110(TOOLWINDOW=false APPWINDOW=true NOACTIVATE=true) exStyle(applied)=0x08000190(TOOLWINDOW=true APPWINDOW=false NOACTIVATE=true)
2026-10-02T17:01:49.479 RUN 31 PAGE-LOAD-FINISHED +264.1ms url=http://tauri.localhost/wallpapers/astrolabe.html?w=3840&h=2160&t=2026-10-05T08:00:00Z&tz=Asia/Taipei&fixture=../fixtures/tw-events.json
2026-10-02T17:01:49.732 RUN 31 META len=191 decoded={"w":3840,"h":2160,"tz":"Asia/Taipei","nowMs":1791187200000,"warnings":[],"dataStatus":"ok","dataSource":"fixture"}
2026-10-02T17:01:51.791 RUN 31 OK t=2026-10-05T08:00:00Z create=74.9ms load=189.3 png=252.0 total=516.2 close=0.9 bytes=5354390 3840x2160 body=raw decode=0.7ms metaLen=191 mem@png(host ws/priv=40.1/14.8MB wv ws/priv=687.1/709.2MB procs=7) mem@idle(host ws/priv=40.1/14.8MB wv ws/priv=514.4/630.0MB procs=6) peak(ws/priv=738.5/746.9MB) vis=0/7 fgOwn=0 fgChanged=0/8 
2026-10-02T17:01:51.909 RUN 32 WINDOW created hwnd=0x1351320 visible=false exStyle(built)=0x08040110(TOOLWINDOW=false APPWINDOW=true NOACTIVATE=true) exStyle(applied)=0x08000190(TOOLWINDOW=true APPWINDOW=false NOACTIVATE=true)
2026-10-02T17:01:52.095 RUN 32 PAGE-LOAD-FINISHED +303.5ms url=http://tauri.localhost/wallpapers/astrolabe.html?w=3840&h=2160&t=2026-10-05T08:15:00Z&tz=Asia/Taipei&fixture=../fixtures/tw-events.json
2026-10-02T17:01:52.347 RUN 32 META len=191 decoded={"w":3840,"h":2160,"tz":"Asia/Taipei","nowMs":1791188100000,"warnings":[],"dataStatus":"ok","dataSource":"fixture"}
2026-10-02T17:01:54.412 RUN 32 OK t=2026-10-05T08:15:00Z create=117.6ms load=185.9 png=251.3 total=554.8 close=1.1 bytes=5352497 3840x2160 body=raw decode=0.7ms metaLen=191 mem@png(host ws/priv=39.7/14.1MB wv ws/priv=692.1/666.5MB procs=7) mem@idle(host ws/priv=39.7/14.2MB wv ws/priv=514.2/581.7MB procs=6) peak(ws/priv=722.3/737.5MB) vis=0/7 fgOwn=0 fgChanged=0/9 
2026-10-02T17:01:54.485 RUN 33 WINDOW created hwnd=0x4C7048C visible=false exStyle(built)=0x08040110(TOOLWINDOW=false APPWINDOW=true NOACTIVATE=true) exStyle(applied)=0x08000190(TOOLWINDOW=true APPWINDOW=false NOACTIVATE=true)
2026-10-02T17:01:54.660 RUN 33 PAGE-LOAD-FINISHED +247.1ms url=http://tauri.localhost/wallpapers/astrolabe.html?w=3840&h=2160&t=2026-10-05T08:30:00Z&tz=Asia/Taipei&fixture=../fixtures/tw-events.json
2026-10-02T17:01:54.917 RUN 33 META len=191 decoded={"w":3840,"h":2160,"tz":"Asia/Taipei","nowMs":1791189000000,"warnings":[],"dataStatus":"ok","dataSource":"fixture"}
2026-10-02T17:01:56.976 RUN 33 OK t=2026-10-05T08:30:00Z create=71.1ms load=176.0 png=255.8 total=502.9 close=1.0 bytes=5355416 3840x2160 body=raw decode=1.4ms metaLen=191 mem@png(host ws/priv=40.1/15.0MB wv ws/priv=723.6/713.3MB procs=7) mem@idle(host ws/priv=40.1/15.0MB wv ws/priv=495.2/515.4MB procs=6) peak(ws/priv=794.8/764.3MB) vis=0/7 fgOwn=0 fgChanged=0/8 
2026-10-02T17:01:57.053 RUN 34 WINDOW created hwnd=0x4C8048C visible=false exStyle(built)=0x08040110(TOOLWINDOW=false APPWINDOW=true NOACTIVATE=true) exStyle(applied)=0x08000190(TOOLWINDOW=true APPWINDOW=false NOACTIVATE=true)
2026-10-02T17:01:57.240 RUN 34 PAGE-LOAD-FINISHED +264.0ms url=http://tauri.localhost/wallpapers/astrolabe.html?w=3840&h=2160&t=2026-10-05T08:45:00Z&tz=Asia/Taipei&fixture=../fixtures/tw-events.json
2026-10-02T17:01:57.503 RUN 34 META len=191 decoded={"w":3840,"h":2160,"tz":"Asia/Taipei","nowMs":1791189900000,"warnings":[],"dataStatus":"ok","dataSource":"fixture"}
2026-10-02T17:01:59.568 RUN 34 OK t=2026-10-05T08:45:00Z create=76.0ms load=188.0 png=260.9 total=525.0 close=0.7 bytes=5358482 3840x2160 body=raw decode=1.4ms metaLen=191 mem@png(host ws/priv=40.2/14.6MB wv ws/priv=698.4/690.0MB procs=7) mem@idle(host ws/priv=40.1/14.5MB wv ws/priv=524.0/591.4MB procs=6) peak(ws/priv=752.8/720.3MB) vis=0/7 fgOwn=0 fgChanged=0/8 
2026-10-02T17:01:59.645 RUN 35 WINDOW created hwnd=0x2EA03C4 visible=false exStyle(built)=0x08040110(TOOLWINDOW=false APPWINDOW=true NOACTIVATE=true) exStyle(applied)=0x08000190(TOOLWINDOW=true APPWINDOW=false NOACTIVATE=true)
2026-10-02T17:01:59.829 RUN 35 PAGE-LOAD-FINISHED +260.7ms url=http://tauri.localhost/wallpapers/astrolabe.html?w=3840&h=2160&t=2026-10-05T09:00:00Z&tz=Asia/Taipei&fixture=../fixtures/tw-events.json
2026-10-02T17:02:00.090 RUN 35 META len=191 decoded={"w":3840,"h":2160,"tz":"Asia/Taipei","nowMs":1791190800000,"warnings":[],"dataStatus":"ok","dataSource":"fixture"}
2026-10-02T17:02:02.160 RUN 35 OK t=2026-10-05T09:00:00Z create=75.2ms load=185.5 png=259.3 total=520.0 close=0.8 bytes=5380016 3840x2160 body=raw decode=0.8ms metaLen=191 mem@png(host ws/priv=40.4/15.2MB wv ws/priv=733.1/723.2MB procs=7) mem@idle(host ws/priv=40.3/15.1MB wv ws/priv=539.1/555.5MB procs=6) peak(ws/priv=828.4/809.6MB) vis=0/8 fgOwn=0 fgChanged=0/9 
2026-10-02T17:02:02.258 RUN 36 WINDOW created hwnd=0x2EB03C4 visible=false exStyle(built)=0x08040110(TOOLWINDOW=false APPWINDOW=true NOACTIVATE=true) exStyle(applied)=0x08000190(TOOLWINDOW=true APPWINDOW=false NOACTIVATE=true)
2026-10-02T17:02:02.436 RUN 36 PAGE-LOAD-FINISHED +275.2ms url=http://tauri.localhost/wallpapers/astrolabe.html?w=3840&h=2160&t=2026-10-05T09:15:00Z&tz=Asia/Taipei&fixture=../fixtures/tw-events.json
2026-10-02T17:02:02.694 RUN 36 META len=191 decoded={"w":3840,"h":2160,"tz":"Asia/Taipei","nowMs":1791191700000,"warnings":[],"dataStatus":"ok","dataSource":"fixture"}
2026-10-02T17:02:04.764 RUN 36 OK t=2026-10-05T09:15:00Z create=96.9ms load=178.4 png=258.5 total=533.7 close=0.8 bytes=5377339 3840x2160 body=raw decode=0.6ms metaLen=191 mem@png(host ws/priv=40.4/15.0MB wv ws/priv=720.2/691.2MB procs=7) mem@idle(host ws/priv=40.3/14.9MB wv ws/priv=531.6/528.3MB procs=6) peak(ws/priv=773.8/720.7MB) vis=0/7 fgOwn=0 fgChanged=0/8 
2026-10-02T17:02:04.837 RUN 37 WINDOW created hwnd=0x2421232 visible=false exStyle(built)=0x08040110(TOOLWINDOW=false APPWINDOW=true NOACTIVATE=true) exStyle(applied)=0x08000190(TOOLWINDOW=true APPWINDOW=false NOACTIVATE=true)
2026-10-02T17:02:05.032 RUN 37 PAGE-LOAD-FINISHED +267.1ms url=http://tauri.localhost/wallpapers/astrolabe.html?w=3840&h=2160&t=2026-10-05T09:30:00Z&tz=Asia/Taipei&fixture=../fixtures/tw-events.json
2026-10-02T17:02:05.280 RUN 37 META len=191 decoded={"w":3840,"h":2160,"tz":"Asia/Taipei","nowMs":1791192600000,"warnings":[],"dataStatus":"ok","dataSource":"fixture"}
2026-10-02T17:02:07.358 RUN 37 OK t=2026-10-05T09:30:00Z create=73.4ms load=193.7 png=246.9 total=513.9 close=0.8 bytes=5375727 3840x2160 body=raw decode=1.4ms metaLen=191 mem@png(host ws/priv=40.1/14.4MB wv ws/priv=709.5/708.8MB procs=7) mem@idle(host ws/priv=40.0/14.4MB wv ws/priv=524.6/570.1MB procs=6) peak(ws/priv=736.9/730.2MB) vis=0/7 fgOwn=0 fgChanged=0/8 
2026-10-02T17:02:07.450 RUN 38 WINDOW created hwnd=0x2431232 visible=false exStyle(built)=0x08040110(TOOLWINDOW=false APPWINDOW=true NOACTIVATE=true) exStyle(applied)=0x08000190(TOOLWINDOW=true APPWINDOW=false NOACTIVATE=true)
2026-10-02T17:02:07.660 RUN 38 PAGE-LOAD-FINISHED +300.2ms url=http://tauri.localhost/wallpapers/astrolabe.html?w=3840&h=2160&t=2026-10-05T09:45:00Z&tz=Asia/Taipei&fixture=../fixtures/tw-events.json
2026-10-02T17:02:07.955 RUN 38 META len=191 decoded={"w":3840,"h":2160,"tz":"Asia/Taipei","nowMs":1791193500000,"warnings":[],"dataStatus":"ok","dataSource":"fixture"}
2026-10-02T17:02:10.024 RUN 38 OK t=2026-10-05T09:45:00Z create=89.7ms load=210.5 png=295.7 total=595.9 close=0.9 bytes=5373108 3840x2160 body=raw decode=0.7ms metaLen=191 mem@png(host ws/priv=39.4/13.9MB wv ws/priv=732.8/703.3MB procs=7) mem@idle(host ws/priv=39.5/14.2MB wv ws/priv=513.3/572.9MB procs=6) peak(ws/priv=791.1/738.1MB) vis=0/7 fgOwn=0 fgChanged=0/9 
2026-10-02T17:02:10.104 RUN 39 WINDOW created hwnd=0x7150476 visible=false exStyle(built)=0x08040110(TOOLWINDOW=false APPWINDOW=true NOACTIVATE=true) exStyle(applied)=0x08000190(TOOLWINDOW=true APPWINDOW=false NOACTIVATE=true)
2026-10-02T17:02:10.286 RUN 39 PAGE-LOAD-FINISHED +260.9ms url=http://tauri.localhost/wallpapers/astrolabe.html?w=3840&h=2160&t=2026-10-05T10:00:00Z&tz=Asia/Taipei&fixture=../fixtures/tw-events.json
2026-10-02T17:02:10.553 RUN 39 META len=191 decoded={"w":3840,"h":2160,"tz":"Asia/Taipei","nowMs":1791194400000,"warnings":[],"dataStatus":"ok","dataSource":"fixture"}
2026-10-02T17:02:12.620 RUN 39 OK t=2026-10-05T10:00:00Z create=79.1ms load=181.7 png=266.9 total=527.8 close=0.8 bytes=5368087 3840x2160 body=raw decode=1.4ms metaLen=191 mem@png(host ws/priv=40.1/14.6MB wv ws/priv=720.5/755.0MB procs=7) mem@idle(host ws/priv=39.1/13.4MB wv ws/priv=526.1/585.9MB procs=6) peak(ws/priv=773.8/784.1MB) vis=0/7 fgOwn=0 fgChanged=0/9 
2026-10-02T17:02:12.700 RUN 40 WINDOW created hwnd=0x2BE0A8C visible=false exStyle(built)=0x08040110(TOOLWINDOW=false APPWINDOW=true NOACTIVATE=true) exStyle(applied)=0x08000190(TOOLWINDOW=true APPWINDOW=false NOACTIVATE=true)
2026-10-02T17:02:12.903 RUN 40 PAGE-LOAD-FINISHED +281.3ms url=http://tauri.localhost/wallpapers/astrolabe.html?w=3840&h=2160&t=2026-10-05T10:15:00Z&tz=Asia/Taipei&fixture=../fixtures/tw-events.json
2026-10-02T17:02:13.174 RUN 40 META len=191 decoded={"w":3840,"h":2160,"tz":"Asia/Taipei","nowMs":1791195300000,"warnings":[],"dataStatus":"ok","dataSource":"fixture"}
2026-10-02T17:02:15.233 RUN 40 OK t=2026-10-05T10:15:00Z create=77.6ms load=203.7 png=269.1 total=550.4 close=0.9 bytes=5364494 3840x2160 body=raw decode=1.4ms metaLen=191 mem@png(host ws/priv=40.2/14.6MB wv ws/priv=732.4/666.6MB procs=7) mem@idle(host ws/priv=40.2/14.6MB wv ws/priv=551.0/582.4MB procs=6) peak(ws/priv=805.2/716.7MB) vis=0/7 fgOwn=0 fgChanged=0/8 
2026-10-02T17:02:15.235 PNG saved D:\projects\finance-calendar-dynamic-wallpaper\host\tools\evidence\dw-1.4-anchorlong40-open-close-run40.png
2026-10-02T17:02:15.274 ANCHOR destroyed
2026-10-02T17:02:15.274 FOREGROUND before=0x13F1062(pid 26108) after=0x13F1062(pid 26108) changed=false
2026-10-02T17:02:15.274 CHILD-EXE ["msedgewebview2.exe"]
2026-10-02T17:02:15.274 SUMMARY open-close total_ms: n=40 median=516.7 max=669.0
2026-10-02T17:02:15.274 SUMMARY open-close create_ms: n=40 median=75.7 max=144.6
2026-10-02T17:02:15.274 SUMMARY open-close load_ms: n=40 median=188.8 max=211.6
2026-10-02T17:02:15.274 SUMMARY open-close png_ms: n=40 median=249.7 max=373.0
2026-10-02T17:02:15.274 SUMMARY open-close close_ms: n=40 median=0.8 max=1.7
2026-10-02T17:02:15.274 SUMMARY open-close total_ms(run>=2): n=39 median=516.2 max=595.9
2026-10-02T17:02:15.274 SUMMARY open-close peak(total) ws=835.8MB priv=812.3MB
2026-10-02T17:02:15.274 SUMMARY open-close idle priv(MB)=[365.1, 467.8, 421.0, 470.7, 519.2, 567.9, 568.2, 518.0, 565.6, 484.9, 486.3, 500.2, 545.3, 545.0, 570.2, 554.4, 630.8, 580.4, 577.8, 579.1, 593.7, 613.8, 507.4, 527.2, 626.3, 595.2, 530.3, 605.9, 579.8, 623.9, 644.9, 595.9, 530.4, 606.0, 570.6, 543.2, 584.5, 587.1, 599.3, 597.0] slope=3.2MB/run rises=23/39
2026-10-02T17:02:15.274 SUMMARY open-close idle ws(MB)=[417.0, 422.0, 424.8, 428.5, 434.1, 435.0, 436.6, 438.0, 437.9, 471.1, 484.5, 517.0, 546.9, 546.4, 557.6, 557.2, 548.0, 547.2, 545.0, 546.4, 548.1, 531.5, 526.7, 530.4, 533.8, 534.5, 534.7, 557.9, 578.6, 579.6, 554.5, 553.9, 535.3, 564.1, 579.4, 571.9, 564.7, 552.8, 565.2, 591.2] slope=3.9MB/run
2026-10-02T17:02:15.274 SUMMARY open-close png priv(MB)=[449.2, 550.5, 554.2, 551.5, 600.2, 647.6, 647.7, 653.0, 646.6, 567.2, 615.2, 581.5, 632.3, 629.3, 674.4, 653.4, 729.9, 711.4, 663.4, 659.0, 757.3, 723.0, 597.5, 639.0, 707.2, 756.3, 729.8, 710.0, 663.1, 714.8, 724.0, 680.7, 728.4, 704.6, 738.4, 706.2, 723.2, 717.2, 769.5, 681.3]
2026-10-02T17:02:15.274 SUMMARY open-close release priv(png-idle, MB) median=94.8 max=199.6
2026-10-02T17:02:15.274 SUMMARY open-close ok=40/40 visible=0/275 fgOwn=0 fgChanged=0/332 maxMetaHeader=191 bodyKinds={"raw"}
2026-10-02T17:02:15.274 EXIT code=0
