2026-10-02T17:08:46.456 START FC_HOST_PROBE_RENDER_BUILD pid=28140 mode=persistent runs=40 tag=long40 anchor=false controllerHidden=false out=D:\projects\finance-calendar-dynamic-wallpaper\host\tools\evidence webviewData=Some("%TEMP%\\fc-probe-render-20261002-170846\\webview2\\persistent") env(WEBVIEW2_USER_DATA_FOLDER=Some("%TEMP%\\fc-probe-render-20261002-170846\\webview2\\persistent") APPDATA=Some("%TEMP%\\fc-probe-render-20261002-170846\\appdata") LOCALAPPDATA=Some("%TEMP%\\fc-probe-render-20261002-170846\\localappdata"))
2026-10-02T17:08:46.493 BASELINE fg=0x13F1062(pid 26108) host ws/priv=11.9/2.4MB wv procs=0 ws/priv=0.0/0.0MB
2026-10-02T17:08:46.772 RUN 1 WINDOW created hwnd=0x8D1446 visible=false exStyle(built)=0x08040110(TOOLWINDOW=false APPWINDOW=true NOACTIVATE=true) exStyle(applied)=0x08000190(TOOLWINDOW=true APPWINDOW=false NOACTIVATE=true)
2026-10-02T17:08:46.970 RUN 1 PAGE-LOAD-FINISHED +475.5ms url=http://tauri.localhost/wallpapers/astrolabe.html?w=3840&h=2160&t=2026-10-05T00:30:00Z&tz=Asia/Taipei&fixture=../fixtures/tw-events.json
2026-10-02T17:08:47.317 RUN 1 META len=191 decoded={"w":3840,"h":2160,"tz":"Asia/Taipei","nowMs":1791160200000,"warnings":[],"dataStatus":"ok","dataSource":"fixture"}
2026-10-02T17:08:49.367 RUN 1 OK t=2026-10-05T00:30:00Z create=277.3ms load=198.2 png=346.3 total=821.8 close= bytes=5175612 3840x2160 body=raw decode=1.3ms metaLen=191 mem@png(host ws/priv=36.4/11.2MB wv ws/priv=474.9/399.5MB procs=6) mem@idle(host ws/priv=36.4/11.2MB wv ws/priv=471.8/394.0MB procs=6) peak(ws/priv=498.3/419.8MB) vis=0/9 fgOwn=0 fgChanged=0/13 
2026-10-02T17:08:49.370 PNG saved D:\projects\finance-calendar-dynamic-wallpaper\host\tools\evidence\dw-1.4-long40-persistent-run01.png
2026-10-02T17:08:49.553 RUN 2 PAGE-LOAD-FINISHED +182.8ms url=http://tauri.localhost/wallpapers/astrolabe.html?w=3840&h=2160&t=2026-10-05T00:45:00Z&tz=Asia/Taipei&fixture=../fixtures/tw-events.json
2026-10-02T17:08:49.772 RUN 2 META len=191 decoded={"w":3840,"h":2160,"tz":"Asia/Taipei","nowMs":1791161100000,"warnings":[],"dataStatus":"ok","dataSource":"fixture"}
2026-10-02T17:08:51.830 RUN 2 OK t=2026-10-05T00:45:00Z create=0.0ms load=182.8 png=219.0 total=401.8 close= bytes=5182488 3840x2160 body=raw decode=1.4ms metaLen=191 mem@png(host ws/priv=37.1/11.8MB wv ws/priv=512.5/479.9MB procs=6) mem@idle(host ws/priv=38.5/13.3MB wv ws/priv=491.1/450.5MB procs=6) peak(ws/priv=579.8/526.4MB) vis=0/7 fgOwn=0 fgChanged=0/7 
2026-10-02T17:08:52.013 RUN 3 PAGE-LOAD-FINISHED +182.6ms url=http://tauri.localhost/wallpapers/astrolabe.html?w=3840&h=2160&t=2026-10-05T01:00:00Z&tz=Asia/Taipei&fixture=../fixtures/tw-events.json
2026-10-02T17:08:52.255 RUN 3 META len=191 decoded={"w":3840,"h":2160,"tz":"Asia/Taipei","nowMs":1791162000000,"warnings":[],"dataStatus":"ok","dataSource":"fixture"}
2026-10-02T17:08:54.322 RUN 3 OK t=2026-10-05T01:00:00Z create=0.0ms load=182.6 png=240.7 total=423.3 close= bytes=5220673 3840x2160 body=raw decode=0.7ms metaLen=191 mem@png(host ws/priv=36.7/11.7MB wv ws/priv=532.5/517.5MB procs=6) mem@idle(host ws/priv=36.7/11.7MB wv ws/priv=528.3/512.6MB procs=6) peak(ws/priv=658.1/639.4MB) vis=0/8 fgOwn=0 fgChanged=0/8 
2026-10-02T17:08:54.486 RUN 4 PAGE-LOAD-FINISHED +164.3ms url=http://tauri.localhost/wallpapers/astrolabe.html?w=3840&h=2160&t=2026-10-05T01:15:00Z&tz=Asia/Taipei&fixture=../fixtures/tw-events.json
2026-10-02T17:08:54.733 RUN 4 META len=191 decoded={"w":3840,"h":2160,"tz":"Asia/Taipei","nowMs":1791162900000,"warnings":[],"dataStatus":"ok","dataSource":"fixture"}
2026-10-02T17:08:56.782 RUN 4 OK t=2026-10-05T01:15:00Z create=0.0ms load=164.3 png=246.0 total=410.4 close= bytes=5224888 3840x2160 body=raw decode=1.4ms metaLen=191 mem@png(host ws/priv=37.8/12.9MB wv ws/priv=548.2/554.9MB procs=6) mem@idle(host ws/priv=37.8/12.9MB wv ws/priv=537.7/543.5MB procs=6) peak(ws/priv=644.9/637.1MB) vis=0/7 fgOwn=0 fgChanged=0/7 
2026-10-02T17:08:56.968 RUN 5 PAGE-LOAD-FINISHED +185.2ms url=http://tauri.localhost/wallpapers/astrolabe.html?w=3840&h=2160&t=2026-10-05T01:30:00Z&tz=Asia/Taipei&fixture=../fixtures/tw-events.json
2026-10-02T17:08:57.178 RUN 5 META len=191 decoded={"w":3840,"h":2160,"tz":"Asia/Taipei","nowMs":1791163800000,"warnings":[],"dataStatus":"ok","dataSource":"fixture"}
2026-10-02T17:08:59.230 RUN 5 OK t=2026-10-05T01:30:00Z create=0.0ms load=185.2 png=210.3 total=395.6 close= bytes=5240668 3840x2160 body=raw decode=1.4ms metaLen=191 mem@png(host ws/priv=37.9/13.2MB wv ws/priv=567.8/585.7MB procs=6) mem@idle(host ws/priv=37.9/13.2MB wv ws/priv=566.1/583.3MB procs=6) peak(ws/priv=690.0/698.2MB) vis=0/7 fgOwn=0 fgChanged=0/7 
2026-10-02T17:08:59.414 RUN 6 PAGE-LOAD-FINISHED +182.5ms url=http://tauri.localhost/wallpapers/astrolabe.html?w=3840&h=2160&t=2026-10-05T01:45:00Z&tz=Asia/Taipei&fixture=../fixtures/tw-events.json
2026-10-02T17:08:59.635 RUN 6 META len=191 decoded={"w":3840,"h":2160,"tz":"Asia/Taipei","nowMs":1791164700000,"warnings":[],"dataStatus":"ok","dataSource":"fixture"}
2026-10-02T17:09:01.697 RUN 6 OK t=2026-10-05T01:45:00Z create=0.0ms load=182.5 png=219.3 total=401.8 close= bytes=5244323 3840x2160 body=raw decode=1.4ms metaLen=191 mem@png(host ws/priv=37.9/13.2MB wv ws/priv=582.8/612.3MB procs=6) mem@idle(host ws/priv=37.1/12.3MB wv ws/priv=581.0/609.7MB procs=6) peak(ws/priv=636.0/642.2MB) vis=0/6 fgOwn=0 fgChanged=0/6 
2026-10-02T17:09:01.877 RUN 7 PAGE-LOAD-FINISHED +179.4ms url=http://tauri.localhost/wallpapers/astrolabe.html?w=3840&h=2160&t=2026-10-05T02:00:00Z&tz=Asia/Taipei&fixture=../fixtures/tw-events.json
2026-10-02T17:09:02.115 RUN 7 META len=191 decoded={"w":3840,"h":2160,"tz":"Asia/Taipei","nowMs":1791165600000,"warnings":[],"dataStatus":"ok","dataSource":"fixture"}
2026-10-02T17:09:04.176 RUN 7 OK t=2026-10-05T02:00:00Z create=0.0ms load=179.4 png=237.0 total=416.4 close= bytes=5245570 3840x2160 body=raw decode=0.7ms metaLen=191 mem@png(host ws/priv=37.3/12.3MB wv ws/priv=598.5/638.1MB procs=6) mem@idle(host ws/priv=37.3/12.3MB wv ws/priv=595.3/630.3MB procs=6) peak(ws/priv=656.2/667.0MB) vis=0/7 fgOwn=0 fgChanged=0/7 
2026-10-02T17:09:04.361 RUN 8 PAGE-LOAD-FINISHED +184.1ms url=http://tauri.localhost/wallpapers/astrolabe.html?w=3840&h=2160&t=2026-10-05T02:15:00Z&tz=Asia/Taipei&fixture=../fixtures/tw-events.json
2026-10-02T17:09:04.606 RUN 8 META len=191 decoded={"w":3840,"h":2160,"tz":"Asia/Taipei","nowMs":1791166500000,"warnings":[],"dataStatus":"ok","dataSource":"fixture"}
2026-10-02T17:09:06.680 RUN 8 OK t=2026-10-05T02:15:00Z create=0.0ms load=184.1 png=245.7 total=429.8 close= bytes=5247557 3840x2160 body=raw decode=0.7ms metaLen=191 mem@png(host ws/priv=38.2/13.5MB wv ws/priv=632.0/675.7MB procs=6) mem@idle(host ws/priv=38.2/13.5MB wv ws/priv=629.3/671.3MB procs=6) peak(ws/priv=685.4/705.5MB) vis=0/7 fgOwn=0 fgChanged=0/7 
2026-10-02T17:09:06.862 RUN 9 PAGE-LOAD-FINISHED +180.7ms url=http://tauri.localhost/wallpapers/astrolabe.html?w=3840&h=2160&t=2026-10-05T02:30:00Z&tz=Asia/Taipei&fixture=../fixtures/tw-events.json
2026-10-02T17:09:07.117 RUN 9 META len=191 decoded={"w":3840,"h":2160,"tz":"Asia/Taipei","nowMs":1791167400000,"warnings":[],"dataStatus":"ok","dataSource":"fixture"}
2026-10-02T17:09:09.179 RUN 9 OK t=2026-10-05T02:30:00Z create=0.0ms load=180.7 png=254.3 total=435.0 close= bytes=5224499 3840x2160 body=raw decode=0.7ms metaLen=191 mem@png(host ws/priv=37.9/13.3MB wv ws/priv=631.4/686.0MB procs=6) mem@idle(host ws/priv=37.8/13.2MB wv ws/priv=629.0/668.3MB procs=6) peak(ws/priv=712.2/759.5MB) vis=0/7 fgOwn=0 fgChanged=0/7 
2026-10-02T17:09:09.360 RUN 10 PAGE-LOAD-FINISHED +181.8ms url=http://tauri.localhost/wallpapers/astrolabe.html?w=3840&h=2160&t=2026-10-05T02:45:00Z&tz=Asia/Taipei&fixture=../fixtures/tw-events.json
2026-10-02T17:09:09.595 RUN 10 META len=191 decoded={"w":3840,"h":2160,"tz":"Asia/Taipei","nowMs":1791168300000,"warnings":[],"dataStatus":"ok","dataSource":"fixture"}
2026-10-02T17:09:11.663 RUN 10 OK t=2026-10-05T02:45:00Z create=0.0ms load=181.8 png=232.3 total=414.1 close= bytes=5226956 3840x2160 body=raw decode=1.0ms metaLen=191 mem@png(host ws/priv=39.6/14.9MB wv ws/priv=648.4/699.0MB procs=6) mem@idle(host ws/priv=38.1/13.5MB wv ws/priv=645.5/695.5MB procs=6) peak(ws/priv=702.6/735.8MB) vis=0/6 fgOwn=0 fgChanged=0/6 
2026-10-02T17:09:11.848 RUN 11 PAGE-LOAD-FINISHED +184.8ms url=http://tauri.localhost/wallpapers/astrolabe.html?w=3840&h=2160&t=2026-10-05T03:00:00Z&tz=Asia/Taipei&fixture=../fixtures/tw-events.json
2026-10-02T17:09:12.082 RUN 11 META len=191 decoded={"w":3840,"h":2160,"tz":"Asia/Taipei","nowMs":1791169200000,"warnings":[],"dataStatus":"ok","dataSource":"fixture"}
2026-10-02T17:09:14.135 RUN 11 OK t=2026-10-05T03:00:00Z create=0.0ms load=184.8 png=232.9 total=417.8 close= bytes=5226146 3840x2160 body=raw decode=0.7ms metaLen=191 mem@png(host ws/priv=38.1/13.5MB wv ws/priv=680.1/741.4MB procs=6) mem@idle(host ws/priv=38.1/13.5MB wv ws/priv=678.0/738.8MB procs=6) peak(ws/priv=755.3/794.0MB) vis=0/6 fgOwn=0 fgChanged=0/6 
2026-10-02T17:09:14.323 RUN 12 PAGE-LOAD-FINISHED +185.8ms url=http://tauri.localhost/wallpapers/astrolabe.html?w=3840&h=2160&t=2026-10-05T03:15:00Z&tz=Asia/Taipei&fixture=../fixtures/tw-events.json
2026-10-02T17:09:14.559 RUN 12 META len=191 decoded={"w":3840,"h":2160,"tz":"Asia/Taipei","nowMs":1791170100000,"warnings":[],"dataStatus":"ok","dataSource":"fixture"}
2026-10-02T17:09:16.614 RUN 12 OK t=2026-10-05T03:15:00Z create=0.0ms load=185.8 png=236.0 total=421.8 close= bytes=5230754 3840x2160 body=raw decode=0.7ms metaLen=191 mem@png(host ws/priv=38.3/13.4MB wv ws/priv=681.7/752.9MB procs=6) mem@idle(host ws/priv=38.3/13.4MB wv ws/priv=688.0/750.7MB procs=6) peak(ws/priv=747.0/783.2MB) vis=0/7 fgOwn=0 fgChanged=0/7 
2026-10-02T17:09:16.789 RUN 13 PAGE-LOAD-FINISHED +174.3ms url=http://tauri.localhost/wallpapers/astrolabe.html?w=3840&h=2160&t=2026-10-05T03:30:00Z&tz=Asia/Taipei&fixture=../fixtures/tw-events.json
2026-10-02T17:09:17.010 RUN 13 META len=191 decoded={"w":3840,"h":2160,"tz":"Asia/Taipei","nowMs":1791171000000,"warnings":[],"dataStatus":"ok","dataSource":"fixture"}
2026-10-02T17:09:19.076 RUN 13 OK t=2026-10-05T03:30:00Z create=0.0ms load=174.3 png=219.2 total=393.5 close= bytes=5260693 3840x2160 body=raw decode=1.4ms metaLen=191 mem@png(host ws/priv=38.5/13.8MB wv ws/priv=705.7/781.4MB procs=6) mem@idle(host ws/priv=38.4/13.7MB wv ws/priv=703.4/778.0MB procs=6) peak(ws/priv=736.4/817.5MB) vis=0/6 fgOwn=0 fgChanged=0/6 
2026-10-02T17:09:19.252 RUN 14 PAGE-LOAD-FINISHED +176.5ms url=http://tauri.localhost/wallpapers/astrolabe.html?w=3840&h=2160&t=2026-10-05T03:45:00Z&tz=Asia/Taipei&fixture=../fixtures/tw-events.json
2026-10-02T17:09:19.499 RUN 14 META len=191 decoded={"w":3840,"h":2160,"tz":"Asia/Taipei","nowMs":1791171900000,"warnings":[],"dataStatus":"ok","dataSource":"fixture"}
2026-10-02T17:09:21.562 RUN 14 OK t=2026-10-05T03:45:00Z create=0.0ms load=176.5 png=244.3 total=420.8 close= bytes=5261495 3840x2160 body=raw decode=1.4ms metaLen=191 mem@png(host ws/priv=38.5/13.8MB wv ws/priv=726.9/813.2MB procs=6) mem@idle(host ws/priv=38.5/13.8MB wv ws/priv=720.5/806.2MB procs=6) peak(ws/priv=790.2/854.1MB) vis=0/7 fgOwn=0 fgChanged=0/7 
2026-10-02T17:09:21.741 RUN 15 PAGE-LOAD-FINISHED +178.8ms url=http://tauri.localhost/wallpapers/astrolabe.html?w=3840&h=2160&t=2026-10-05T04:00:00Z&tz=Asia/Taipei&fixture=../fixtures/tw-events.json
2026-10-02T17:09:21.966 RUN 15 META len=191 decoded={"w":3840,"h":2160,"tz":"Asia/Taipei","nowMs":1791172800000,"warnings":[],"dataStatus":"ok","dataSource":"fixture"}
2026-10-02T17:09:24.025 RUN 15 OK t=2026-10-05T04:00:00Z create=0.0ms load=178.8 png=223.9 total=402.8 close= bytes=5261186 3840x2160 body=raw decode=1.4ms metaLen=191 mem@png(host ws/priv=38.5/13.6MB wv ws/priv=754.9/851.5MB procs=6) mem@idle(host ws/priv=38.5/13.7MB wv ws/priv=750.3/846.5MB procs=6) peak(ws/priv=808.3/880.9MB) vis=0/7 fgOwn=0 fgChanged=0/7 
2026-10-02T17:09:24.197 RUN 16 PAGE-LOAD-FINISHED +171.1ms url=http://tauri.localhost/wallpapers/astrolabe.html?w=3840&h=2160&t=2026-10-05T04:15:00Z&tz=Asia/Taipei&fixture=../fixtures/tw-events.json
2026-10-02T17:09:24.448 RUN 16 META len=191 decoded={"w":3840,"h":2160,"tz":"Asia/Taipei","nowMs":1791173700000,"warnings":[],"dataStatus":"ok","dataSource":"fixture"}
2026-10-02T17:09:26.524 RUN 16 OK t=2026-10-05T04:15:00Z create=0.0ms load=171.1 png=250.7 total=421.7 close= bytes=5263253 3840x2160 body=raw decode=0.8ms metaLen=191 mem@png(host ws/priv=38.3/13.6MB wv ws/priv=755.1/864.8MB procs=6) mem@idle(host ws/priv=38.3/13.6MB wv ws/priv=751.2/860.4MB procs=6) peak(ws/priv=820.0/902.6MB) vis=0/7 fgOwn=0 fgChanged=0/7 
2026-10-02T17:09:26.727 RUN 17 PAGE-LOAD-FINISHED +201.0ms url=http://tauri.localhost/wallpapers/astrolabe.html?w=3840&h=2160&t=2026-10-05T04:30:00Z&tz=Asia/Taipei&fixture=../fixtures/tw-events.json
2026-10-02T17:09:26.974 RUN 17 META len=191 decoded={"w":3840,"h":2160,"tz":"Asia/Taipei","nowMs":1791174600000,"warnings":[],"dataStatus":"ok","dataSource":"fixture"}
2026-10-02T17:09:29.037 RUN 17 OK t=2026-10-05T04:30:00Z create=0.0ms load=201.0 png=247.0 total=448.0 close= bytes=5264357 3840x2160 body=raw decode=1.1ms metaLen=191 mem@png(host ws/priv=39.7/15.1MB wv ws/priv=769.2/888.9MB procs=6) mem@idle(host ws/priv=38.2/13.6MB wv ws/priv=766.9/886.0MB procs=6) peak(ws/priv=810.7/928.5MB) vis=0/6 fgOwn=0 fgChanged=0/6 
2026-10-02T17:09:29.217 RUN 18 PAGE-LOAD-FINISHED +179.4ms url=http://tauri.localhost/wallpapers/astrolabe.html?w=3840&h=2160&t=2026-10-05T04:45:00Z&tz=Asia/Taipei&fixture=../fixtures/tw-events.json
2026-10-02T17:09:29.442 RUN 18 META len=191 decoded={"w":3840,"h":2160,"tz":"Asia/Taipei","nowMs":1791175500000,"warnings":[],"dataStatus":"ok","dataSource":"fixture"}
2026-10-02T17:09:31.493 RUN 18 OK t=2026-10-05T04:45:00Z create=0.0ms load=179.4 png=224.6 total=404.0 close= bytes=5263122 3840x2160 body=raw decode=1.3ms metaLen=191 mem@png(host ws/priv=38.5/13.5MB wv ws/priv=799.4/933.3MB procs=6) mem@idle(host ws/priv=38.5/13.5MB wv ws/priv=766.8/899.5MB procs=6) peak(ws/priv=852.4/962.5MB) vis=0/7 fgOwn=0 fgChanged=0/7 
2026-10-02T17:09:31.672 RUN 19 PAGE-LOAD-FINISHED +179.2ms url=http://tauri.localhost/wallpapers/astrolabe.html?w=3840&h=2160&t=2026-10-05T05:00:00Z&tz=Asia/Taipei&fixture=../fixtures/tw-events.json
2026-10-02T17:09:31.907 RUN 19 META len=191 decoded={"w":3840,"h":2160,"tz":"Asia/Taipei","nowMs":1791176400000,"warnings":[],"dataStatus":"ok","dataSource":"fixture"}
2026-10-02T17:09:33.978 RUN 19 OK t=2026-10-05T05:00:00Z create=0.0ms load=179.2 png=234.6 total=413.7 close= bytes=5261343 3840x2160 body=raw decode=0.7ms metaLen=191 mem@png(host ws/priv=38.0/12.9MB wv ws/priv=802.8/960.1MB procs=6) mem@idle(host ws/priv=38.0/12.9MB wv ws/priv=799.1/956.1MB procs=6) peak(ws/priv=855.4/988.0MB) vis=0/7 fgOwn=0 fgChanged=0/7 
2026-10-02T17:09:34.157 RUN 20 PAGE-LOAD-FINISHED +179.1ms url=http://tauri.localhost/wallpapers/astrolabe.html?w=3840&h=2160&t=2026-10-05T05:15:00Z&tz=Asia/Taipei&fixture=../fixtures/tw-events.json
2026-10-02T17:09:34.389 RUN 20 META len=191 decoded={"w":3840,"h":2160,"tz":"Asia/Taipei","nowMs":1791177300000,"warnings":[],"dataStatus":"ok","dataSource":"fixture"}
2026-10-02T17:09:36.483 RUN 20 OK t=2026-10-05T05:15:00Z create=0.0ms load=179.1 png=231.9 total=411.0 close= bytes=5263883 3840x2160 body=raw decode=0.7ms metaLen=191 mem@png(host ws/priv=37.8/12.7MB wv ws/priv=818.5/990.7MB procs=6) mem@idle(host ws/priv=37.8/12.7MB wv ws/priv=814.9/986.6MB procs=6) peak(ws/priv=872.1/1019.4MB) vis=0/7 fgOwn=0 fgChanged=0/7 
2026-10-02T17:09:36.666 RUN 21 PAGE-LOAD-FINISHED +183.4ms url=http://tauri.localhost/wallpapers/astrolabe.html?w=3840&h=2160&t=2026-10-05T05:30:00Z&tz=Asia/Taipei&fixture=../fixtures/tw-events.json
2026-10-02T17:09:36.884 RUN 21 META len=191 decoded={"w":3840,"h":2160,"tz":"Asia/Taipei","nowMs":1791178200000,"warnings":[],"dataStatus":"ok","dataSource":"fixture"}
2026-10-02T17:09:38.942 RUN 21 OK t=2026-10-05T05:30:00Z create=0.0ms load=183.4 png=216.5 total=399.9 close= bytes=5247033 3840x2160 body=raw decode=0.7ms metaLen=191 mem@png(host ws/priv=37.9/13.0MB wv ws/priv=834.1/1014.4MB procs=6) mem@idle(host ws/priv=38.0/13.0MB wv ws/priv=831.9/1011.7MB procs=6) peak(ws/priv=862.4/1020.8MB) vis=0/6 fgOwn=0 fgChanged=0/6 
2026-10-02T17:09:39.120 RUN 22 PAGE-LOAD-FINISHED +177.8ms url=http://tauri.localhost/wallpapers/astrolabe.html?w=3840&h=2160&t=2026-10-05T05:45:00Z&tz=Asia/Taipei&fixture=../fixtures/tw-events.json
2026-10-02T17:09:39.377 RUN 22 META len=191 decoded={"w":3840,"h":2160,"tz":"Asia/Taipei","nowMs":1791179100000,"warnings":[],"dataStatus":"ok","dataSource":"fixture"}
2026-10-02T17:09:41.442 RUN 22 OK t=2026-10-05T05:45:00Z create=0.0ms load=177.8 png=256.3 total=434.1 close= bytes=5246003 3840x2160 body=raw decode=0.9ms metaLen=191 mem@png(host ws/priv=38.0/13.0MB wv ws/priv=848.4/1038.5MB procs=6) mem@idle(host ws/priv=38.0/13.0MB wv ws/priv=844.3/1030.1MB procs=6) peak(ws/priv=941.4/1122.3MB) vis=0/7 fgOwn=0 fgChanged=0/7 
2026-10-02T17:09:41.632 RUN 23 PAGE-LOAD-FINISHED +189.1ms url=http://tauri.localhost/wallpapers/astrolabe.html?w=3840&h=2160&t=2026-10-05T06:00:00Z&tz=Asia/Taipei&fixture=../fixtures/tw-events.json
2026-10-02T17:09:41.849 RUN 23 META len=191 decoded={"w":3840,"h":2160,"tz":"Asia/Taipei","nowMs":1791180000000,"warnings":[],"dataStatus":"ok","dataSource":"fixture"}
2026-10-02T17:09:43.915 RUN 23 OK t=2026-10-05T06:00:00Z create=0.0ms load=189.1 png=215.6 total=404.8 close= bytes=5247929 3840x2160 body=raw decode=0.8ms metaLen=191 mem@png(host ws/priv=38.0/13.0MB wv ws/priv=880.3/1081.7MB procs=6) mem@idle(host ws/priv=38.0/13.0MB wv ws/priv=873.8/1073.5MB procs=6) peak(ws/priv=978.4/1160.0MB) vis=0/7 fgOwn=0 fgChanged=0/7 
2026-10-02T17:09:44.101 RUN 24 PAGE-LOAD-FINISHED +184.3ms url=http://tauri.localhost/wallpapers/astrolabe.html?w=3840&h=2160&t=2026-10-05T06:15:00Z&tz=Asia/Taipei&fixture=../fixtures/tw-events.json
2026-10-02T17:09:44.356 RUN 24 META len=191 decoded={"w":3840,"h":2160,"tz":"Asia/Taipei","nowMs":1791180900000,"warnings":[],"dataStatus":"ok","dataSource":"fixture"}
2026-10-02T17:09:46.422 RUN 24 OK t=2026-10-05T06:15:00Z create=0.0ms load=184.3 png=254.3 total=438.6 close= bytes=5250405 3840x2160 body=raw decode=1.4ms metaLen=191 mem@png(host ws/priv=37.9/13.1MB wv ws/priv=879.7/1087.6MB procs=6) mem@idle(host ws/priv=38.0/13.1MB wv ws/priv=876.9/1083.1MB procs=6) peak(ws/priv=943.8/1118.7MB) vis=0/7 fgOwn=0 fgChanged=0/7 
2026-10-02T17:09:46.596 RUN 25 PAGE-LOAD-FINISHED +173.8ms url=http://tauri.localhost/wallpapers/astrolabe.html?w=3840&h=2160&t=2026-10-05T06:30:00Z&tz=Asia/Taipei&fixture=../fixtures/tw-events.json
2026-10-02T17:09:46.808 RUN 25 META len=191 decoded={"w":3840,"h":2160,"tz":"Asia/Taipei","nowMs":1791181800000,"warnings":[],"dataStatus":"ok","dataSource":"fixture"}
2026-10-02T17:09:48.875 RUN 25 OK t=2026-10-05T06:30:00Z create=0.0ms load=173.8 png=210.1 total=383.9 close= bytes=5218107 3840x2160 body=raw decode=1.4ms metaLen=191 mem@png(host ws/priv=37.7/12.8MB wv ws/priv=892.7/1109.5MB procs=6) mem@idle(host ws/priv=37.7/12.8MB wv ws/priv=887.5/1103.1MB procs=6) peak(ws/priv=925.5/1117.5MB) vis=0/6 fgOwn=0 fgChanged=0/6 
2026-10-02T17:09:49.066 RUN 26 PAGE-LOAD-FINISHED +190.7ms url=http://tauri.localhost/wallpapers/astrolabe.html?w=3840&h=2160&t=2026-10-05T06:45:00Z&tz=Asia/Taipei&fixture=../fixtures/tw-events.json
2026-10-02T17:09:49.280 RUN 26 META len=191 decoded={"w":3840,"h":2160,"tz":"Asia/Taipei","nowMs":1791182700000,"warnings":[],"dataStatus":"ok","dataSource":"fixture"}
2026-10-02T17:09:51.347 RUN 26 OK t=2026-10-05T06:45:00Z create=0.0ms load=190.7 png=212.6 total=403.3 close= bytes=5219750 3840x2160 body=raw decode=0.9ms metaLen=191 mem@png(host ws/priv=37.8/12.9MB wv ws/priv=919.8/1146.2MB procs=6) mem@idle(host ws/priv=39.2/14.4MB wv ws/priv=880.2/1103.5MB procs=6) peak(ws/priv=971.8/1173.6MB) vis=0/7 fgOwn=0 fgChanged=0/7 
2026-10-02T17:09:51.541 RUN 27 PAGE-LOAD-FINISHED +193.1ms url=http://tauri.localhost/wallpapers/astrolabe.html?w=3840&h=2160&t=2026-10-05T07:00:00Z&tz=Asia/Taipei&fixture=../fixtures/tw-events.json
2026-10-02T17:09:51.776 RUN 27 META len=191 decoded={"w":3840,"h":2160,"tz":"Asia/Taipei","nowMs":1791183600000,"warnings":[],"dataStatus":"ok","dataSource":"fixture"}
2026-10-02T17:09:53.827 RUN 27 OK t=2026-10-05T07:00:00Z create=0.0ms load=193.1 png=233.6 total=426.8 close= bytes=5297563 3840x2160 body=raw decode=1.5ms metaLen=191 mem@png(host ws/priv=38.5/13.7MB wv ws/priv=919.4/1161.0MB procs=6) mem@idle(host ws/priv=38.5/13.7MB wv ws/priv=913.5/1154.2MB procs=6) peak(ws/priv=971.8/1188.9MB) vis=0/7 fgOwn=0 fgChanged=0/7 
2026-10-02T17:09:54.000 RUN 28 PAGE-LOAD-FINISHED +172.6ms url=http://tauri.localhost/wallpapers/astrolabe.html?w=3840&h=2160&t=2026-10-05T07:15:00Z&tz=Asia/Taipei&fixture=../fixtures/tw-events.json
2026-10-02T17:09:54.247 RUN 28 META len=191 decoded={"w":3840,"h":2160,"tz":"Asia/Taipei","nowMs":1791184500000,"warnings":[],"dataStatus":"ok","dataSource":"fixture"}
2026-10-02T17:09:56.312 RUN 28 OK t=2026-10-05T07:15:00Z create=0.0ms load=172.6 png=244.7 total=417.4 close= bytes=5300995 3840x2160 body=raw decode=1.4ms metaLen=191 mem@png(host ws/priv=38.5/13.7MB wv ws/priv=931.3/1183.2MB procs=6) mem@idle(host ws/priv=38.5/13.7MB wv ws/priv=925.0/1176.4MB procs=6) peak(ws/priv=984.7/1219.3MB) vis=0/6 fgOwn=0 fgChanged=0/6 
2026-10-02T17:09:56.505 RUN 29 PAGE-LOAD-FINISHED +193.3ms url=http://tauri.localhost/wallpapers/astrolabe.html?w=3840&h=2160&t=2026-10-05T07:30:00Z&tz=Asia/Taipei&fixture=../fixtures/tw-events.json
2026-10-02T17:09:56.721 RUN 29 META len=191 decoded={"w":3840,"h":2160,"tz":"Asia/Taipei","nowMs":1791185400000,"warnings":[],"dataStatus":"ok","dataSource":"fixture"}
2026-10-02T17:09:58.772 RUN 29 OK t=2026-10-05T07:30:00Z create=0.0ms load=193.3 png=214.6 total=408.0 close= bytes=5304144 3840x2160 body=raw decode=0.7ms metaLen=191 mem@png(host ws/priv=38.6/13.7MB wv ws/priv=946.0/1209.4MB procs=6) mem@idle(host ws/priv=38.5/13.6MB wv ws/priv=940.5/1203.3MB procs=6) peak(ws/priv=973.7/1212.0MB) vis=0/6 fgOwn=0 fgChanged=0/6 
2026-10-02T17:09:58.959 RUN 30 PAGE-LOAD-FINISHED +186.2ms url=http://tauri.localhost/wallpapers/astrolabe.html?w=3840&h=2160&t=2026-10-05T07:45:00Z&tz=Asia/Taipei&fixture=../fixtures/tw-events.json
2026-10-02T17:09:59.195 RUN 30 META len=191 decoded={"w":3840,"h":2160,"tz":"Asia/Taipei","nowMs":1791186300000,"warnings":[],"dataStatus":"ok","dataSource":"fixture"}
2026-10-02T17:10:01.255 RUN 30 OK t=2026-10-05T07:45:00Z create=0.0ms load=186.2 png=235.4 total=421.6 close= bytes=5307544 3840x2160 body=raw decode=0.8ms metaLen=191 mem@png(host ws/priv=37.9/12.7MB wv ws/priv=960.9/1235.6MB procs=6) mem@idle(host ws/priv=37.9/12.8MB wv ws/priv=958.2/1232.0MB procs=6) peak(ws/priv=1013.8/1285.1MB) vis=0/7 fgOwn=0 fgChanged=0/7 
2026-10-02T17:10:01.425 RUN 31 PAGE-LOAD-FINISHED +170.3ms url=http://tauri.localhost/wallpapers/astrolabe.html?w=3840&h=2160&t=2026-10-05T08:00:00Z&tz=Asia/Taipei&fixture=../fixtures/tw-events.json
2026-10-02T17:10:01.691 RUN 31 META len=191 decoded={"w":3840,"h":2160,"tz":"Asia/Taipei","nowMs":1791187200000,"warnings":[],"dataStatus":"ok","dataSource":"fixture"}
2026-10-02T17:10:03.766 RUN 31 OK t=2026-10-05T08:00:00Z create=0.0ms load=170.3 png=264.1 total=434.4 close= bytes=5354390 3840x2160 body=raw decode=1.4ms metaLen=191 mem@png(host ws/priv=38.0/13.0MB wv ws/priv=991.6/1283.2MB procs=6) mem@idle(host ws/priv=39.5/14.5MB wv ws/priv=984.6/1275.6MB procs=6) peak(ws/priv=1082.5/1368.0MB) vis=0/7 fgOwn=0 fgChanged=0/7 
2026-10-02T17:10:03.955 RUN 32 PAGE-LOAD-FINISHED +189.5ms url=http://tauri.localhost/wallpapers/astrolabe.html?w=3840&h=2160&t=2026-10-05T08:15:00Z&tz=Asia/Taipei&fixture=../fixtures/tw-events.json
2026-10-02T17:10:04.220 RUN 32 META len=191 decoded={"w":3840,"h":2160,"tz":"Asia/Taipei","nowMs":1791188100000,"warnings":[],"dataStatus":"ok","dataSource":"fixture"}
2026-10-02T17:10:06.305 RUN 32 OK t=2026-10-05T08:15:00Z create=0.0ms load=189.5 png=262.7 total=452.2 close= bytes=5352497 3840x2160 body=raw decode=1.4ms metaLen=191 mem@png(host ws/priv=37.9/12.9MB wv ws/priv=993.0/1300.3MB procs=6) mem@idle(host ws/priv=39.4/14.4MB wv ws/priv=989.9/1297.0MB procs=6) peak(ws/priv=1064.9/1354.8MB) vis=0/7 fgOwn=0 fgChanged=0/7 
2026-10-02T17:10:06.481 RUN 33 PAGE-LOAD-FINISHED +175.0ms url=http://tauri.localhost/wallpapers/astrolabe.html?w=3840&h=2160&t=2026-10-05T08:30:00Z&tz=Asia/Taipei&fixture=../fixtures/tw-events.json
2026-10-02T17:10:06.718 RUN 33 META len=191 decoded={"w":3840,"h":2160,"tz":"Asia/Taipei","nowMs":1791189000000,"warnings":[],"dataStatus":"ok","dataSource":"fixture"}
2026-10-02T17:10:08.784 RUN 33 OK t=2026-10-05T08:30:00Z create=0.0ms load=175.0 png=236.9 total=411.9 close= bytes=5355416 3840x2160 body=raw decode=0.7ms metaLen=191 mem@png(host ws/priv=39.1/14.3MB wv ws/priv=1003.8/1322.9MB procs=6) mem@idle(host ws/priv=38.0/13.2MB wv ws/priv=998.0/1316.7MB procs=6) peak(ws/priv=1107.8/1418.8MB) vis=0/7 fgOwn=0 fgChanged=0/7 
2026-10-02T17:10:08.961 RUN 34 PAGE-LOAD-FINISHED +175.4ms url=http://tauri.localhost/wallpapers/astrolabe.html?w=3840&h=2160&t=2026-10-05T08:45:00Z&tz=Asia/Taipei&fixture=../fixtures/tw-events.json
2026-10-02T17:10:09.193 RUN 34 META len=191 decoded={"w":3840,"h":2160,"tz":"Asia/Taipei","nowMs":1791189900000,"warnings":[],"dataStatus":"ok","dataSource":"fixture"}
2026-10-02T17:10:11.253 RUN 34 OK t=2026-10-05T08:45:00Z create=0.0ms load=175.4 png=231.1 total=406.4 close= bytes=5358482 3840x2160 body=raw decode=0.7ms metaLen=191 mem@png(host ws/priv=38.7/14.2MB wv ws/priv=1032.5/1365.9MB procs=6) mem@idle(host ws/priv=38.7/14.2MB wv ws/priv=997.7/1330.0MB procs=6) peak(ws/priv=1085.9/1395.1MB) vis=0/7 fgOwn=0 fgChanged=0/7 
2026-10-02T17:10:11.438 RUN 35 PAGE-LOAD-FINISHED +184.9ms url=http://tauri.localhost/wallpapers/astrolabe.html?w=3840&h=2160&t=2026-10-05T09:00:00Z&tz=Asia/Taipei&fixture=../fixtures/tw-events.json
2026-10-02T17:10:11.656 RUN 35 META len=191 decoded={"w":3840,"h":2160,"tz":"Asia/Taipei","nowMs":1791190800000,"warnings":[],"dataStatus":"ok","dataSource":"fixture"}
2026-10-02T17:10:13.718 RUN 35 OK t=2026-10-05T09:00:00Z create=0.0ms load=184.9 png=216.4 total=401.3 close= bytes=5380016 3840x2160 body=raw decode=0.7ms metaLen=191 mem@png(host ws/priv=40.2/15.2MB wv ws/priv=1035.5/1376.9MB procs=6) mem@idle(host ws/priv=38.8/13.8MB wv ws/priv=1013.1/1353.0MB procs=6) peak(ws/priv=1088.9/1406.0MB) vis=0/6 fgOwn=0 fgChanged=0/6 
2026-10-02T17:10:13.892 RUN 36 PAGE-LOAD-FINISHED +171.9ms url=http://tauri.localhost/wallpapers/astrolabe.html?w=3840&h=2160&t=2026-10-05T09:15:00Z&tz=Asia/Taipei&fixture=../fixtures/tw-events.json
2026-10-02T17:10:14.129 RUN 36 META len=191 decoded={"w":3840,"h":2160,"tz":"Asia/Taipei","nowMs":1791191700000,"warnings":[],"dataStatus":"ok","dataSource":"fixture"}
2026-10-02T17:10:16.203 RUN 36 OK t=2026-10-05T09:15:00Z create=0.0ms load=171.9 png=236.2 total=408.0 close= bytes=5377339 3840x2160 body=raw decode=1.5ms metaLen=191 mem@png(host ws/priv=38.8/13.7MB wv ws/priv=1059.2/1401.8MB procs=7) mem@idle(host ws/priv=38.8/13.8MB wv ws/priv=1034.3/1387.7MB procs=6) peak(ws/priv=1138.0/1470.7MB) vis=0/6 fgOwn=0 fgChanged=0/6 
2026-10-02T17:10:16.385 RUN 37 PAGE-LOAD-FINISHED +180.6ms url=http://tauri.localhost/wallpapers/astrolabe.html?w=3840&h=2160&t=2026-10-05T09:30:00Z&tz=Asia/Taipei&fixture=../fixtures/tw-events.json
2026-10-02T17:10:16.604 RUN 37 META len=191 decoded={"w":3840,"h":2160,"tz":"Asia/Taipei","nowMs":1791192600000,"warnings":[],"dataStatus":"ok","dataSource":"fixture"}
2026-10-02T17:10:18.676 RUN 37 OK t=2026-10-05T09:30:00Z create=0.0ms load=180.6 png=219.8 total=400.4 close= bytes=5375727 3840x2160 body=raw decode=0.7ms metaLen=191 mem@png(host ws/priv=37.9/12.8MB wv ws/priv=1066.0/1437.9MB procs=6) mem@idle(host ws/priv=38.0/12.8MB wv ws/priv=1060.9/1431.9MB procs=6) peak(ws/priv=1188.9/1553.7MB) vis=0/6 fgOwn=0 fgChanged=0/6 
2026-10-02T17:10:18.860 RUN 38 PAGE-LOAD-FINISHED +183.0ms url=http://tauri.localhost/wallpapers/astrolabe.html?w=3840&h=2160&t=2026-10-05T09:45:00Z&tz=Asia/Taipei&fixture=../fixtures/tw-events.json
2026-10-02T17:10:19.131 RUN 38 META len=191 decoded={"w":3840,"h":2160,"tz":"Asia/Taipei","nowMs":1791193500000,"warnings":[],"dataStatus":"ok","dataSource":"fixture"}
2026-10-02T17:10:21.203 RUN 38 OK t=2026-10-05T09:45:00Z create=0.0ms load=183.0 png=271.2 total=454.1 close= bytes=5373108 3840x2160 body=raw decode=1.1ms metaLen=191 mem@png(host ws/priv=38.8/13.7MB wv ws/priv=1080.3/1466.6MB procs=6) mem@idle(host ws/priv=38.8/13.7MB wv ws/priv=1077.5/1464.6MB procs=6) peak(ws/priv=1152.8/1516.4MB) vis=0/7 fgOwn=0 fgChanged=0/7 
2026-10-02T17:10:21.385 RUN 39 PAGE-LOAD-FINISHED +180.8ms url=http://tauri.localhost/wallpapers/astrolabe.html?w=3840&h=2160&t=2026-10-05T10:00:00Z&tz=Asia/Taipei&fixture=../fixtures/tw-events.json
2026-10-02T17:10:21.632 RUN 39 META len=191 decoded={"w":3840,"h":2160,"tz":"Asia/Taipei","nowMs":1791194400000,"warnings":[],"dataStatus":"ok","dataSource":"fixture"}
2026-10-02T17:10:23.708 RUN 39 OK t=2026-10-05T10:00:00Z create=0.0ms load=180.8 png=245.2 total=426.0 close= bytes=5368087 3840x2160 body=raw decode=1.1ms metaLen=191 mem@png(host ws/priv=37.9/12.9MB wv ws/priv=1116.3/1509.7MB procs=6) mem@idle(host ws/priv=37.9/12.9MB wv ws/priv=1110.5/1503.4MB procs=6) peak(ws/priv=1169.2/1537.9MB) vis=0/7 fgOwn=0 fgChanged=0/7 
2026-10-02T17:10:23.893 RUN 40 PAGE-LOAD-FINISHED +183.7ms url=http://tauri.localhost/wallpapers/astrolabe.html?w=3840&h=2160&t=2026-10-05T10:15:00Z&tz=Asia/Taipei&fixture=../fixtures/tw-events.json
2026-10-02T17:10:24.148 RUN 40 META len=191 decoded={"w":3840,"h":2160,"tz":"Asia/Taipei","nowMs":1791195300000,"warnings":[],"dataStatus":"ok","dataSource":"fixture"}
2026-10-02T17:10:26.227 RUN 40 OK t=2026-10-05T10:15:00Z create=0.0ms load=183.7 png=254.7 total=438.4 close= bytes=5364494 3840x2160 body=raw decode=1.5ms metaLen=191 mem@png(host ws/priv=37.9/12.7MB wv ws/priv=1119.0/1530.2MB procs=6) mem@idle(host ws/priv=37.9/12.8MB wv ws/priv=1123.1/1532.5MB procs=6) peak(ws/priv=1175.2/1557.7MB) vis=0/7 fgOwn=0 fgChanged=0/7 
2026-10-02T17:10:26.230 PNG saved D:\projects\finance-calendar-dynamic-wallpaper\host\tools\evidence\dw-1.4-long40-persistent-run40.png
2026-10-02T17:10:26.265 EXTRAS start
2026-10-02T17:10:26.788 EXTRAS RENDER-DONE body=raw bytes=5364494 fnv=9a9ff363 dims=Some((3840, 2160)) decode=0.7ms meta={"probe":"raw-repeat"}
2026-10-02T17:10:27.622 EXTRAS RENDER-DONE body=json-array bytes=5364494 fnv=9a9ff363 dims=Some((3840, 2160)) decode=10.7ms meta={"probe":"json-array"}
2026-10-02T17:10:27.821 EXTRAS REPORT {"kind":"extras","visibilityState":"visible","hidden":false,"hasFocus":false,"devicePixelRatio":1.5,"innerSize":[640,332],"export":{"toBlob":{"ms":132.8,"bytes":5364494,"fnv":"9a9ff363"},"toDataURL":{"ms":141.1,"decodeMs":17.6,"bytes":6396123,"fnv":"02499b38"},"offscreen":{"ms":138.8,"bytes":5364494,"fnv":"9a9ff363"}},"ipc":{"raw":{"ms":74.8,"bytes":5364494,"fnv":"9a9ff363"},"jsonArray":{"ms":853.3,"bytes":5364494,"fnv":"9a9ff363"}},"header":[{"n":1024,"ok":true,"got":1024,"ms":2.3},{"n":4096,"ok":true,"got":4096,"ms":1.1},{"n":8192,"ok":true,"got":8192,"ms":1.1},{"n":16384,"ok":true,"got":16384,"ms":1.6},{"n":32768,"ok":true,"got":32768,"ms":1.8},{"n":65536,"ok":true,"got":65536,"ms":2.7},{"n":131072,"ok":true,"got":131072,"ms":3.8},{"n":262144,"ok":true,"got":262144,"ms":6},{"n":1048576,"ok":true,"got":1048576,"ms":28},{"n":4194304,"ok":true,"got":4194304,"ms":120.6}],"canvas":[3840,2160]}
2026-10-02T17:10:27.821 PERSISTENT end visible=false exStyle=0x08000190(TOOLWINDOW=true APPWINDOW=false NOACTIVATE=true)
2026-10-02T17:10:27.822 PERSISTENT closed in 1.0ms
2026-10-02T17:10:29.842 PERSISTENT after-close host ws/priv=33.3/8.3MB wv procs=0 ws/priv=0.0/0.0MB
2026-10-02T17:10:29.842 FOREGROUND before=0x13F1062(pid 26108) after=0x13F1062(pid 26108) changed=false
2026-10-02T17:10:29.842 CHILD-EXE ["msedgewebview2.exe"]
2026-10-02T17:10:29.842 SUMMARY persistent total_ms: n=40 median=415.2 max=821.8
2026-10-02T17:10:29.842 SUMMARY persistent create_ms: n=40 median=0.0 max=277.3
2026-10-02T17:10:29.842 SUMMARY persistent load_ms: n=40 median=182.2 max=201.0
2026-10-02T17:10:29.842 SUMMARY persistent png_ms: n=40 median=235.7 max=346.3
2026-10-02T17:10:29.842 SUMMARY persistent close_ms: n=0 median= max=
2026-10-02T17:10:29.842 SUMMARY persistent total_ms(run>=2): n=39 median=414.1 max=454.1
2026-10-02T17:10:29.842 SUMMARY persistent peak(total) ws=1188.9MB priv=1557.7MB
2026-10-02T17:10:29.843 SUMMARY persistent idle priv(MB)=[405.2, 463.8, 524.3, 556.4, 596.5, 622.0, 642.7, 684.8, 681.5, 709.0, 752.3, 764.2, 791.7, 820.0, 860.2, 874.1, 899.6, 913.0, 969.0, 999.3, 1024.7, 1043.1, 1086.5, 1096.3, 1115.9, 1117.9, 1167.8, 1190.1, 1216.9, 1244.8, 1290.1, 1311.4, 1329.9, 1344.2, 1366.8, 1401.4, 1444.7, 1478.3, 1516.3, 1545.3] slope=27.2MB/run rises=38/39
2026-10-02T17:10:29.843 SUMMARY persistent idle ws(MB)=[508.2, 529.7, 565.0, 575.5, 604.1, 618.1, 632.6, 667.5, 666.8, 683.6, 716.1, 726.3, 741.8, 759.0, 788.9, 789.5, 805.1, 805.2, 837.2, 852.7, 869.9, 882.3, 911.7, 914.9, 925.2, 919.5, 952.0, 963.5, 979.0, 996.1, 1024.1, 1029.3, 1036.1, 1036.4, 1051.8, 1073.1, 1098.8, 1116.3, 1148.4, 1161.1] slope=15.7MB/run
2026-10-02T17:10:29.843 SUMMARY persistent png priv(MB)=[410.7, 491.7, 529.2, 567.8, 598.8, 625.4, 650.4, 689.2, 699.3, 714.0, 754.9, 766.3, 795.1, 827.0, 865.2, 878.4, 904.0, 946.8, 972.9, 1003.5, 1027.3, 1051.5, 1094.7, 1100.7, 1122.3, 1159.1, 1174.7, 1196.9, 1223.1, 1248.4, 1296.1, 1313.3, 1337.2, 1380.0, 1392.2, 1415.5, 1450.7, 1480.3, 1522.6, 1543.0]
2026-10-02T17:10:29.843 SUMMARY persistent release priv(png-idle, MB) median=5.8 max=41.2
2026-10-02T17:10:29.843 SUMMARY persistent ok=40/40 visible=0/271 fgOwn=0 fgChanged=0/275 maxMetaHeader=191 bodyKinds={"raw"}
2026-10-02T17:10:29.843 EXIT code=0
