2026-10-02T17:05:01.230 START FC_HOST_PROBE_RENDER_BUILD pid=85172 mode=persistent-redraw runs=40 tag=long40 anchor=false controllerHidden=false out=D:\projects\finance-calendar-dynamic-wallpaper\host\tools\evidence webviewData=Some("%TEMP%\\fc-probe-render-20261002-170501\\webview2\\persistent-redraw") env(WEBVIEW2_USER_DATA_FOLDER=Some("%TEMP%\\fc-probe-render-20261002-170501\\webview2\\persistent-redraw") APPDATA=Some("%TEMP%\\fc-probe-render-20261002-170501\\appdata") LOCALAPPDATA=Some("%TEMP%\\fc-probe-render-20261002-170501\\localappdata"))
2026-10-02T17:05:01.269 BASELINE fg=0x13F1062(pid 26108) host ws/priv=11.9/2.4MB wv procs=0 ws/priv=0.0/0.0MB
2026-10-02T17:05:01.607 RUN 1 WINDOW created hwnd=0x2920C08 visible=false exStyle(built)=0x08040110(TOOLWINDOW=false APPWINDOW=true NOACTIVATE=true) exStyle(applied)=0x08000190(TOOLWINDOW=true APPWINDOW=false NOACTIVATE=true)
2026-10-02T17:05:01.812 RUN 1 PAGE-LOAD-FINISHED +544.5ms url=http://tauri.localhost/wallpapers/astrolabe.html?w=3840&h=2160&t=2026-10-05T00:30:00Z&tz=Asia/Taipei&fixture=../fixtures/tw-events.json
2026-10-02T17:05:02.193 RUN 1 META len=191 decoded={"w":3840,"h":2160,"tz":"Asia/Taipei","nowMs":1791160200000,"warnings":[],"dataStatus":"ok","dataSource":"fixture"}
2026-10-02T17:05:04.250 RUN 1 OK t=2026-10-05T00:30:00Z create=336.8ms load=207.7 png=378.7 total=923.2 close= bytes=5175612 3840x2160 body=raw decode=1.4ms metaLen=191 mem@png(host ws/priv=36.3/11.1MB wv ws/priv=478.3/399.8MB procs=6) mem@idle(host ws/priv=36.3/11.1MB wv ws/priv=474.6/393.5MB procs=6) peak(ws/priv=549.6/450.5MB) vis=0/9 fgOwn=0 fgChanged=0/15 
2026-10-02T17:05:04.252 PNG saved D:\projects\finance-calendar-dynamic-wallpaper\host\tools\evidence\dw-1.4-long40-persistent-redraw-run01.png
2026-10-02T17:05:04.454 RUN 2 META len=191 decoded={"w":3840,"h":2160,"tz":"Asia/Taipei","nowMs":1791161100000,"warnings":[],"dataStatus":"ok","dataSource":"fixture"}
2026-10-02T17:05:06.534 RUN 2 OK t=2026-10-05T00:45:00Z create=0.0ms load=0.0 png=201.6 total=201.6 close= bytes=5182488 3840x2160 body=raw decode=0.6ms metaLen=191 mem@png(host ws/priv=37.0/11.8MB wv ws/priv=498.4/450.7MB procs=6) mem@idle(host ws/priv=36.5/11.3MB wv ws/priv=506.9/451.7MB procs=6) peak(ws/priv=589.8/532.0MB) vis=0/4 fgOwn=0 fgChanged=0/4 
2026-10-02T17:05:06.769 RUN 3 META len=191 decoded={"w":3840,"h":2160,"tz":"Asia/Taipei","nowMs":1791162000000,"warnings":[],"dataStatus":"ok","dataSource":"fixture"}
2026-10-02T17:05:08.868 RUN 3 OK t=2026-10-05T01:00:00Z create=0.0ms load=0.0 png=232.8 total=232.9 close= bytes=5220673 3840x2160 body=raw decode=1.4ms metaLen=191 mem@png(host ws/priv=36.5/11.3MB wv ws/priv=530.2/495.6MB procs=6) mem@idle(host ws/priv=36.5/11.3MB wv ws/priv=527.7/492.7MB procs=6) peak(ws/priv=624.2/572.8MB) vis=0/4 fgOwn=0 fgChanged=0/4 
2026-10-02T17:05:09.079 RUN 4 META len=191 decoded={"w":3840,"h":2160,"tz":"Asia/Taipei","nowMs":1791162900000,"warnings":[],"dataStatus":"ok","dataSource":"fixture"}
2026-10-02T17:05:11.151 RUN 4 OK t=2026-10-05T01:15:00Z create=0.0ms load=0.0 png=207.7 total=207.7 close= bytes=5224888 3840x2160 body=raw decode=1.4ms metaLen=191 mem@png(host ws/priv=37.1/11.8MB wv ws/priv=499.1/474.6MB procs=6) mem@idle(host ws/priv=37.1/11.8MB wv ws/priv=497.7/472.8MB procs=6) peak(ws/priv=617.3/586.5MB) vis=0/4 fgOwn=0 fgChanged=0/4 
2026-10-02T17:05:11.365 RUN 5 META len=191 decoded={"w":3840,"h":2160,"tz":"Asia/Taipei","nowMs":1791163800000,"warnings":[],"dataStatus":"ok","dataSource":"fixture"}
2026-10-02T17:05:13.446 RUN 5 OK t=2026-10-05T01:30:00Z create=0.0ms load=0.0 png=211.6 total=211.6 close= bytes=5240668 3840x2160 body=raw decode=1.4ms metaLen=191 mem@png(host ws/priv=36.9/11.7MB wv ws/priv=518.9/503.2MB procs=6) mem@idle(host ws/priv=38.4/13.2MB wv ws/priv=509.3/492.3MB procs=6) peak(ws/priv=570.1/529.7MB) vis=0/3 fgOwn=0 fgChanged=0/3 
2026-10-02T17:05:13.652 RUN 6 META len=191 decoded={"w":3840,"h":2160,"tz":"Asia/Taipei","nowMs":1791164700000,"warnings":[],"dataStatus":"ok","dataSource":"fixture"}
2026-10-02T17:05:15.754 RUN 6 OK t=2026-10-05T01:45:00Z create=0.0ms load=0.0 png=204.3 total=204.4 close= bytes=5244323 3840x2160 body=raw decode=0.8ms metaLen=191 mem@png(host ws/priv=38.0/12.8MB wv ws/priv=500.1/483.9MB procs=6) mem@idle(host ws/priv=36.6/12.2MB wv ws/priv=499.1/482.2MB procs=6) peak(ws/priv=547.9/536.1MB) vis=0/4 fgOwn=0 fgChanged=0/4 
2026-10-02T17:05:15.976 RUN 7 META len=191 decoded={"w":3840,"h":2160,"tz":"Asia/Taipei","nowMs":1791165600000,"warnings":[],"dataStatus":"ok","dataSource":"fixture"}
2026-10-02T17:05:18.051 RUN 7 OK t=2026-10-05T02:00:00Z create=0.0ms load=0.0 png=220.3 total=220.3 close= bytes=5245570 3840x2160 body=raw decode=0.6ms metaLen=191 mem@png(host ws/priv=37.2/12.2MB wv ws/priv=520.6/501.6MB procs=6) mem@idle(host ws/priv=38.7/13.7MB wv ws/priv=519.3/499.5MB procs=6) peak(ws/priv=610.3/584.2MB) vis=0/4 fgOwn=0 fgChanged=0/4 
2026-10-02T17:05:18.256 RUN 8 META len=191 decoded={"w":3840,"h":2160,"tz":"Asia/Taipei","nowMs":1791166500000,"warnings":[],"dataStatus":"ok","dataSource":"fixture"}
2026-10-02T17:05:20.343 RUN 8 OK t=2026-10-05T02:15:00Z create=0.0ms load=0.0 png=204.4 total=204.4 close= bytes=5247557 3840x2160 body=raw decode=0.7ms metaLen=191 mem@png(host ws/priv=37.2/12.3MB wv ws/priv=511.1/486.6MB procs=6) mem@idle(host ws/priv=38.6/13.7MB wv ws/priv=509.6/484.2MB procs=6) peak(ws/priv=576.9/538.4MB) vis=0/4 fgOwn=0 fgChanged=0/4 
2026-10-02T17:05:20.562 RUN 9 META len=191 decoded={"w":3840,"h":2160,"tz":"Asia/Taipei","nowMs":1791167400000,"warnings":[],"dataStatus":"ok","dataSource":"fixture"}
2026-10-02T17:05:22.652 RUN 9 OK t=2026-10-05T02:30:00Z create=0.0ms load=0.0 png=217.4 total=217.5 close= bytes=5224499 3840x2160 body=raw decode=0.7ms metaLen=191 mem@png(host ws/priv=38.9/13.7MB wv ws/priv=526.6/501.4MB procs=6) mem@idle(host ws/priv=37.4/12.2MB wv ws/priv=524.8/481.7MB procs=6) peak(ws/priv=556.7/525.2MB) vis=0/4 fgOwn=0 fgChanged=0/4 
2026-10-02T17:05:22.871 RUN 10 META len=191 decoded={"w":3840,"h":2160,"tz":"Asia/Taipei","nowMs":1791168300000,"warnings":[],"dataStatus":"ok","dataSource":"fixture"}
2026-10-02T17:05:24.952 RUN 10 OK t=2026-10-05T02:45:00Z create=0.0ms load=0.0 png=217.4 total=217.4 close= bytes=5226956 3840x2160 body=raw decode=1.4ms metaLen=191 mem@png(host ws/priv=36.4/11.1MB wv ws/priv=514.2/468.7MB procs=6) mem@idle(host ws/priv=36.5/11.3MB wv ws/priv=512.1/465.0MB procs=6) peak(ws/priv=610.9/545.5MB) vis=0/3 fgOwn=0 fgChanged=0/3 
2026-10-02T17:05:25.175 RUN 11 META len=191 decoded={"w":3840,"h":2160,"tz":"Asia/Taipei","nowMs":1791169200000,"warnings":[],"dataStatus":"ok","dataSource":"fixture"}
2026-10-02T17:05:27.235 RUN 11 OK t=2026-10-05T03:00:00Z create=0.0ms load=0.0 png=220.7 total=220.7 close= bytes=5226146 3840x2160 body=raw decode=1.4ms metaLen=191 mem@png(host ws/priv=36.8/11.6MB wv ws/priv=534.2/485.2MB procs=6) mem@idle(host ws/priv=36.7/11.6MB wv ws/priv=532.6/482.9MB procs=6) peak(ws/priv=630.7/564.8MB) vis=0/3 fgOwn=0 fgChanged=0/3 
2026-10-02T17:05:27.445 RUN 12 META len=191 decoded={"w":3840,"h":2160,"tz":"Asia/Taipei","nowMs":1791170100000,"warnings":[],"dataStatus":"ok","dataSource":"fixture"}
2026-10-02T17:05:29.528 RUN 12 OK t=2026-10-05T03:15:00Z create=0.0ms load=0.0 png=209.3 total=209.4 close= bytes=5230754 3840x2160 body=raw decode=0.8ms metaLen=191 mem@png(host ws/priv=36.4/11.1MB wv ws/priv=522.0/472.7MB procs=6) mem@idle(host ws/priv=36.5/11.6MB wv ws/priv=520.0/467.7MB procs=6) peak(ws/priv=603.1/529.4MB) vis=0/3 fgOwn=0 fgChanged=0/3 
2026-10-02T17:05:29.747 RUN 13 META len=191 decoded={"w":3840,"h":2160,"tz":"Asia/Taipei","nowMs":1791171000000,"warnings":[],"dataStatus":"ok","dataSource":"fixture"}
2026-10-02T17:05:31.825 RUN 13 OK t=2026-10-05T03:30:00Z create=0.0ms load=0.0 png=218.1 total=218.1 close= bytes=5260693 3840x2160 body=raw decode=0.8ms metaLen=191 mem@png(host ws/priv=38.8/13.9MB wv ws/priv=542.8/492.6MB procs=6) mem@idle(host ws/priv=36.7/11.8MB wv ws/priv=550.2/490.9MB procs=6) peak(ws/priv=595.7/521.0MB) vis=0/3 fgOwn=0 fgChanged=0/3 
2026-10-02T17:05:32.048 RUN 14 META len=191 decoded={"w":3840,"h":2160,"tz":"Asia/Taipei","nowMs":1791171900000,"warnings":[],"dataStatus":"ok","dataSource":"fixture"}
2026-10-02T17:05:34.114 RUN 14 OK t=2026-10-05T03:45:00Z create=0.0ms load=0.0 png=219.6 total=219.7 close= bytes=5261495 3840x2160 body=raw decode=1.4ms metaLen=191 mem@png(host ws/priv=38.1/12.9MB wv ws/priv=540.3/481.0MB procs=6) mem@idle(host ws/priv=36.7/11.4MB wv ws/priv=536.6/476.0MB procs=6) peak(ws/priv=623.6/539.6MB) vis=0/3 fgOwn=0 fgChanged=0/3 
2026-10-02T17:05:34.344 RUN 15 META len=191 decoded={"w":3840,"h":2160,"tz":"Asia/Taipei","nowMs":1791172800000,"warnings":[],"dataStatus":"ok","dataSource":"fixture"}
2026-10-02T17:05:36.413 RUN 15 OK t=2026-10-05T04:00:00Z create=0.0ms load=0.0 png=228.4 total=228.4 close= bytes=5261186 3840x2160 body=raw decode=1.3ms metaLen=191 mem@png(host ws/priv=36.8/11.8MB wv ws/priv=556.5/496.4MB procs=6) mem@idle(host ws/priv=36.8/11.8MB wv ws/priv=553.9/491.8MB procs=6) peak(ws/priv=608.3/523.7MB) vis=0/4 fgOwn=0 fgChanged=0/4 
2026-10-02T17:05:36.645 RUN 16 META len=191 decoded={"w":3840,"h":2160,"tz":"Asia/Taipei","nowMs":1791173700000,"warnings":[],"dataStatus":"ok","dataSource":"fixture"}
2026-10-02T17:05:38.709 RUN 16 OK t=2026-10-05T04:15:00Z create=0.0ms load=0.0 png=228.8 total=228.8 close= bytes=5263253 3840x2160 body=raw decode=1.4ms metaLen=191 mem@png(host ws/priv=37.2/12.1MB wv ws/priv=556.2/494.6MB procs=6) mem@idle(host ws/priv=37.3/12.1MB wv ws/priv=552.7/490.6MB procs=6) peak(ws/priv=645.4/577.1MB) vis=0/4 fgOwn=0 fgChanged=0/4 
2026-10-02T17:05:38.919 RUN 17 META len=191 decoded={"w":3840,"h":2160,"tz":"Asia/Taipei","nowMs":1791174600000,"warnings":[],"dataStatus":"ok","dataSource":"fixture"}
2026-10-02T17:05:41.008 RUN 17 OK t=2026-10-05T04:30:00Z create=0.0ms load=0.0 png=208.0 total=208.1 close= bytes=5264357 3840x2160 body=raw decode=0.7ms metaLen=191 mem@png(host ws/priv=36.8/11.6MB wv ws/priv=572.8/510.8MB procs=6) mem@idle(host ws/priv=36.9/11.8MB wv ws/priv=571.5/509.2MB procs=6) peak(ws/priv=625.2/538.3MB) vis=0/3 fgOwn=0 fgChanged=0/3 
2026-10-02T17:05:41.215 RUN 18 META len=191 decoded={"w":3840,"h":2160,"tz":"Asia/Taipei","nowMs":1791175500000,"warnings":[],"dataStatus":"ok","dataSource":"fixture"}
2026-10-02T17:05:43.295 RUN 18 OK t=2026-10-05T04:45:00Z create=0.0ms load=0.0 png=204.8 total=204.9 close= bytes=5263122 3840x2160 body=raw decode=1.3ms metaLen=191 mem@png(host ws/priv=36.6/11.4MB wv ws/priv=552.1/489.9MB procs=6) mem@idle(host ws/priv=36.6/11.5MB wv ws/priv=550.6/488.0MB procs=6) peak(ws/priv=679.3/602.8MB) vis=0/4 fgOwn=0 fgChanged=0/4 
2026-10-02T17:05:43.522 RUN 19 META len=191 decoded={"w":3840,"h":2160,"tz":"Asia/Taipei","nowMs":1791176400000,"warnings":[],"dataStatus":"ok","dataSource":"fixture"}
2026-10-02T17:05:45.600 RUN 19 OK t=2026-10-05T05:00:00Z create=0.0ms load=0.0 png=224.6 total=224.7 close= bytes=5261343 3840x2160 body=raw decode=0.6ms metaLen=191 mem@png(host ws/priv=37.4/12.4MB wv ws/priv=575.2/525.8MB procs=6) mem@idle(host ws/priv=37.4/12.4MB wv ws/priv=571.8/521.4MB procs=6) peak(ws/priv=635.5/562.7MB) vis=0/4 fgOwn=0 fgChanged=0/4 
2026-10-02T17:05:45.818 RUN 20 META len=191 decoded={"w":3840,"h":2160,"tz":"Asia/Taipei","nowMs":1791177300000,"warnings":[],"dataStatus":"ok","dataSource":"fixture"}
2026-10-02T17:05:47.896 RUN 20 OK t=2026-10-05T05:15:00Z create=0.0ms load=0.0 png=217.4 total=217.5 close= bytes=5263883 3840x2160 body=raw decode=0.7ms metaLen=191 mem@png(host ws/priv=37.3/12.3MB wv ws/priv=559.2/514.4MB procs=6) mem@idle(host ws/priv=37.3/12.3MB wv ws/priv=554.7/509.5MB procs=6) peak(ws/priv=642.1/577.0MB) vis=0/4 fgOwn=0 fgChanged=0/4 
2026-10-02T17:05:48.116 RUN 21 META len=191 decoded={"w":3840,"h":2160,"tz":"Asia/Taipei","nowMs":1791178200000,"warnings":[],"dataStatus":"ok","dataSource":"fixture"}
2026-10-02T17:05:50.202 RUN 21 OK t=2026-10-05T05:30:00Z create=0.0ms load=0.0 png=218.0 total=218.1 close= bytes=5247033 3840x2160 body=raw decode=0.7ms metaLen=191 mem@png(host ws/priv=36.9/11.7MB wv ws/priv=574.0/531.8MB procs=6) mem@idle(host ws/priv=37.0/11.9MB wv ws/priv=571.1/528.3MB procs=6) peak(ws/priv=626.3/559.3MB) vis=0/4 fgOwn=0 fgChanged=0/4 
2026-10-02T17:05:50.414 RUN 22 META len=191 decoded={"w":3840,"h":2160,"tz":"Asia/Taipei","nowMs":1791179100000,"warnings":[],"dataStatus":"ok","dataSource":"fixture"}
2026-10-02T17:05:52.521 RUN 22 OK t=2026-10-05T05:45:00Z create=0.0ms load=0.0 png=211.6 total=211.6 close= bytes=5246003 3840x2160 body=raw decode=0.7ms metaLen=191 mem@png(host ws/priv=38.1/12.9MB wv ws/priv=556.9/517.4MB procs=6) mem@idle(host ws/priv=38.1/12.9MB wv ws/priv=552.8/512.8MB procs=6) peak(ws/priv=639.7/575.5MB) vis=0/3 fgOwn=0 fgChanged=0/3 
2026-10-02T17:05:52.773 RUN 23 META len=191 decoded={"w":3840,"h":2160,"tz":"Asia/Taipei","nowMs":1791180000000,"warnings":[],"dataStatus":"ok","dataSource":"fixture"}
2026-10-02T17:05:54.869 RUN 23 OK t=2026-10-05T06:00:00Z create=0.0ms load=0.0 png=249.0 total=249.0 close= bytes=5247929 3840x2160 body=raw decode=0.8ms metaLen=191 mem@png(host ws/priv=36.9/12.4MB wv ws/priv=570.7/537.7MB procs=6) mem@idle(host ws/priv=36.9/12.4MB wv ws/priv=564.7/529.7MB procs=6) peak(ws/priv=623.8/567.0MB) vis=0/5 fgOwn=0 fgChanged=0/5 
2026-10-02T17:05:55.100 RUN 24 META len=191 decoded={"w":3840,"h":2160,"tz":"Asia/Taipei","nowMs":1791180900000,"warnings":[],"dataStatus":"ok","dataSource":"fixture"}
2026-10-02T17:05:57.183 RUN 24 OK t=2026-10-05T06:15:00Z create=0.0ms load=0.0 png=229.4 total=229.5 close= bytes=5250405 3840x2160 body=raw decode=0.7ms metaLen=191 mem@png(host ws/priv=38.1/13.0MB wv ws/priv=551.0/548.6MB procs=6) mem@idle(host ws/priv=38.2/13.2MB wv ws/priv=547.6/528.7MB procs=6) peak(ws/priv=632.9/612.0MB) vis=0/4 fgOwn=0 fgChanged=0/4 
2026-10-02T17:05:57.403 RUN 25 META len=191 decoded={"w":3840,"h":2160,"tz":"Asia/Taipei","nowMs":1791181800000,"warnings":[],"dataStatus":"ok","dataSource":"fixture"}
2026-10-02T17:05:59.480 RUN 25 OK t=2026-10-05T06:30:00Z create=0.0ms load=0.0 png=218.3 total=218.3 close= bytes=5218107 3840x2160 body=raw decode=1.4ms metaLen=191 mem@png(host ws/priv=37.3/12.7MB wv ws/priv=565.7/548.4MB procs=6) mem@idle(host ws/priv=37.3/12.7MB wv ws/priv=563.0/545.3MB procs=6) peak(ws/priv=615.7/575.1MB) vis=0/4 fgOwn=0 fgChanged=0/4 
2026-10-02T17:05:59.710 RUN 26 META len=191 decoded={"w":3840,"h":2160,"tz":"Asia/Taipei","nowMs":1791182700000,"warnings":[],"dataStatus":"ok","dataSource":"fixture"}
2026-10-02T17:06:01.784 RUN 26 OK t=2026-10-05T06:45:00Z create=0.0ms load=0.1 png=228.4 total=228.4 close= bytes=5219750 3840x2160 body=raw decode=1.3ms metaLen=191 mem@png(host ws/priv=37.4/12.9MB wv ws/priv=553.8/534.4MB procs=6) mem@idle(host ws/priv=37.4/12.8MB wv ws/priv=547.8/526.7MB procs=6) peak(ws/priv=635.6/592.4MB) vis=0/4 fgOwn=0 fgChanged=0/4 
2026-10-02T17:06:02.007 RUN 27 META len=191 decoded={"w":3840,"h":2160,"tz":"Asia/Taipei","nowMs":1791183600000,"warnings":[],"dataStatus":"ok","dataSource":"fixture"}
2026-10-02T17:06:04.073 RUN 27 OK t=2026-10-05T07:00:00Z create=0.0ms load=0.0 png=220.6 total=220.7 close= bytes=5297563 3840x2160 body=raw decode=0.7ms metaLen=191 mem@png(host ws/priv=38.4/13.1MB wv ws/priv=567.3/549.5MB procs=6) mem@idle(host ws/priv=37.0/12.5MB wv ws/priv=562.0/543.4MB procs=6) peak(ws/priv=620.8/579.1MB) vis=0/3 fgOwn=0 fgChanged=0/3 
2026-10-02T17:06:04.291 RUN 28 META len=191 decoded={"w":3840,"h":2160,"tz":"Asia/Taipei","nowMs":1791184500000,"warnings":[],"dataStatus":"ok","dataSource":"fixture"}
2026-10-02T17:06:06.361 RUN 28 OK t=2026-10-05T07:15:00Z create=0.0ms load=0.0 png=216.6 total=216.6 close= bytes=5300995 3840x2160 body=raw decode=1.4ms metaLen=191 mem@png(host ws/priv=36.7/11.4MB wv ws/priv=550.4/529.1MB procs=6) mem@idle(host ws/priv=36.7/11.4MB wv ws/priv=544.4/520.6MB procs=6) peak(ws/priv=631.7/585.7MB) vis=0/4 fgOwn=0 fgChanged=0/4 
2026-10-02T17:06:06.573 RUN 29 META len=191 decoded={"w":3840,"h":2160,"tz":"Asia/Taipei","nowMs":1791185400000,"warnings":[],"dataStatus":"ok","dataSource":"fixture"}
2026-10-02T17:06:08.645 RUN 29 OK t=2026-10-05T07:30:00Z create=0.0ms load=0.0 png=211.2 total=211.2 close= bytes=5304144 3840x2160 body=raw decode=0.6ms metaLen=191 mem@png(host ws/priv=37.4/12.6MB wv ws/priv=564.4/540.4MB procs=6) mem@idle(host ws/priv=37.4/12.6MB wv ws/priv=561.5/536.7MB procs=6) peak(ws/priv=651.9/607.9MB) vis=0/3 fgOwn=0 fgChanged=0/3 
2026-10-02T17:06:08.862 RUN 30 META len=191 decoded={"w":3840,"h":2160,"tz":"Asia/Taipei","nowMs":1791186300000,"warnings":[],"dataStatus":"ok","dataSource":"fixture"}
2026-10-02T17:06:10.946 RUN 30 OK t=2026-10-05T07:45:00Z create=0.0ms load=0.0 png=215.5 total=215.5 close= bytes=5307544 3840x2160 body=raw decode=1.4ms metaLen=191 mem@png(host ws/priv=36.7/11.4MB wv ws/priv=549.5/525.7MB procs=6) mem@idle(host ws/priv=36.7/11.4MB wv ws/priv=544.1/518.7MB procs=6) peak(ws/priv=633.1/584.8MB) vis=0/3 fgOwn=0 fgChanged=0/3 
2026-10-02T17:06:11.169 RUN 31 META len=191 decoded={"w":3840,"h":2160,"tz":"Asia/Taipei","nowMs":1791187200000,"warnings":[],"dataStatus":"ok","dataSource":"fixture"}
2026-10-02T17:06:13.235 RUN 31 OK t=2026-10-05T08:00:00Z create=0.0ms load=0.0 png=220.9 total=220.9 close= bytes=5354390 3840x2160 body=raw decode=1.4ms metaLen=191 mem@png(host ws/priv=37.4/12.6MB wv ws/priv=566.1/545.9MB procs=6) mem@idle(host ws/priv=37.5/12.7MB wv ws/priv=565.0/542.0MB procs=6) peak(ws/priv=643.9/604.7MB) vis=0/4 fgOwn=0 fgChanged=0/4 
2026-10-02T17:06:13.460 RUN 32 META len=191 decoded={"w":3840,"h":2160,"tz":"Asia/Taipei","nowMs":1791188100000,"warnings":[],"dataStatus":"ok","dataSource":"fixture"}
2026-10-02T17:06:15.534 RUN 32 OK t=2026-10-05T08:15:00Z create=0.0ms load=0.0 png=223.1 total=223.1 close= bytes=5352497 3840x2160 body=raw decode=0.7ms metaLen=191 mem@png(host ws/priv=36.7/11.4MB wv ws/priv=555.6/538.3MB procs=6) mem@idle(host ws/priv=38.2/12.9MB wv ws/priv=550.9/533.1MB procs=6) peak(ws/priv=611.3/592.7MB) vis=0/4 fgOwn=0 fgChanged=0/4 
2026-10-02T17:06:15.757 RUN 33 META len=191 decoded={"w":3840,"h":2160,"tz":"Asia/Taipei","nowMs":1791189000000,"warnings":[],"dataStatus":"ok","dataSource":"fixture"}
2026-10-02T17:06:17.864 RUN 33 OK t=2026-10-05T08:30:00Z create=0.0ms load=0.0 png=221.4 total=221.4 close= bytes=5355416 3840x2160 body=raw decode=0.7ms metaLen=191 mem@png(host ws/priv=36.9/11.7MB wv ws/priv=566.1/548.4MB procs=6) mem@idle(host ws/priv=36.9/11.8MB wv ws/priv=559.2/540.9MB procs=6) peak(ws/priv=622.8/581.8MB) vis=0/5 fgOwn=0 fgChanged=0/5 
2026-10-02T17:06:18.082 RUN 34 META len=191 decoded={"w":3840,"h":2160,"tz":"Asia/Taipei","nowMs":1791189900000,"warnings":[],"dataStatus":"ok","dataSource":"fixture"}
2026-10-02T17:06:20.152 RUN 34 OK t=2026-10-05T08:45:00Z create=0.0ms load=0.0 png=215.7 total=215.7 close= bytes=5358482 3840x2160 body=raw decode=1.4ms metaLen=191 mem@png(host ws/priv=36.7/11.3MB wv ws/priv=547.8/535.5MB procs=6) mem@idle(host ws/priv=36.8/11.5MB wv ws/priv=545.5/533.8MB procs=6) peak(ws/priv=630.1/594.1MB) vis=0/3 fgOwn=0 fgChanged=0/3 
2026-10-02T17:06:20.372 RUN 35 META len=191 decoded={"w":3840,"h":2160,"tz":"Asia/Taipei","nowMs":1791190800000,"warnings":[],"dataStatus":"ok","dataSource":"fixture"}
2026-10-02T17:06:22.446 RUN 35 OK t=2026-10-05T09:00:00Z create=0.0ms load=0.0 png=218.4 total=218.4 close= bytes=5380016 3840x2160 body=raw decode=0.8ms metaLen=191 mem@png(host ws/priv=37.0/12.6MB wv ws/priv=567.4/556.8MB procs=6) mem@idle(host ws/priv=37.0/12.7MB wv ws/priv=564.7/553.1MB procs=6) peak(ws/priv=618.6/584.1MB) vis=0/4 fgOwn=0 fgChanged=0/4 
2026-10-02T17:06:22.687 RUN 36 META len=191 decoded={"w":3840,"h":2160,"tz":"Asia/Taipei","nowMs":1791191700000,"warnings":[],"dataStatus":"ok","dataSource":"fixture"}
2026-10-02T17:06:24.769 RUN 36 OK t=2026-10-05T09:15:00Z create=0.0ms load=0.0 png=238.4 total=238.4 close= bytes=5377339 3840x2160 body=raw decode=1.4ms metaLen=191 mem@png(host ws/priv=36.8/11.5MB wv ws/priv=549.2/539.9MB procs=6) mem@idle(host ws/priv=36.8/11.5MB wv ws/priv=549.1/538.9MB procs=6) peak(ws/priv=633.1/598.6MB) vis=0/4 fgOwn=0 fgChanged=0/4 
2026-10-02T17:06:24.992 RUN 37 META len=191 decoded={"w":3840,"h":2160,"tz":"Asia/Taipei","nowMs":1791192600000,"warnings":[],"dataStatus":"ok","dataSource":"fixture"}
2026-10-02T17:06:27.073 RUN 37 OK t=2026-10-05T09:30:00Z create=0.0ms load=0.0 png=222.9 total=223.0 close= bytes=5375727 3840x2160 body=raw decode=0.7ms metaLen=191 mem@png(host ws/priv=37.5/12.6MB wv ws/priv=575.5/565.0MB procs=6) mem@idle(host ws/priv=39.0/14.1MB wv ws/priv=570.7/559.8MB procs=6) peak(ws/priv=626.5/591.2MB) vis=0/4 fgOwn=0 fgChanged=0/4 
2026-10-02T17:06:27.306 RUN 38 META len=191 decoded={"w":3840,"h":2160,"tz":"Asia/Taipei","nowMs":1791193500000,"warnings":[],"dataStatus":"ok","dataSource":"fixture"}
2026-10-02T17:06:29.384 RUN 38 OK t=2026-10-05T09:45:00Z create=0.0ms load=0.0 png=231.7 total=231.8 close= bytes=5373108 3840x2160 body=raw decode=1.5ms metaLen=191 mem@png(host ws/priv=37.7/12.7MB wv ws/priv=572.8/564.3MB procs=6) mem@idle(host ws/priv=37.7/12.7MB wv ws/priv=568.5/558.8MB procs=6) peak(ws/priv=648.7/617.4MB) vis=0/5 fgOwn=0 fgChanged=0/5 
2026-10-02T17:06:29.609 RUN 39 META len=191 decoded={"w":3840,"h":2160,"tz":"Asia/Taipei","nowMs":1791194400000,"warnings":[],"dataStatus":"ok","dataSource":"fixture"}
2026-10-02T17:06:31.690 RUN 39 OK t=2026-10-05T10:00:00Z create=0.0ms load=0.0 png=223.7 total=223.7 close= bytes=5368087 3840x2160 body=raw decode=1.4ms metaLen=191 mem@png(host ws/priv=37.2/11.8MB wv ws/priv=592.4/585.5MB procs=6) mem@idle(host ws/priv=37.2/11.8MB wv ws/priv=589.7/582.3MB procs=6) peak(ws/priv=644.7/613.5MB) vis=0/4 fgOwn=0 fgChanged=0/4 
2026-10-02T17:06:31.905 RUN 40 META len=191 decoded={"w":3840,"h":2160,"tz":"Asia/Taipei","nowMs":1791195300000,"warnings":[],"dataStatus":"ok","dataSource":"fixture"}
2026-10-02T17:06:33.975 RUN 40 OK t=2026-10-05T10:15:00Z create=0.0ms load=0.0 png=214.3 total=214.3 close= bytes=5364494 3840x2160 body=raw decode=0.7ms metaLen=191 mem@png(host ws/priv=36.8/11.5MB wv ws/priv=577.4/584.2MB procs=6) mem@idle(host ws/priv=36.9/11.5MB wv ws/priv=574.3/579.2MB procs=6) peak(ws/priv=671.9/654.4MB) vis=0/4 fgOwn=0 fgChanged=0/4 
2026-10-02T17:06:33.976 PNG saved D:\projects\finance-calendar-dynamic-wallpaper\host\tools\evidence\dw-1.4-long40-persistent-redraw-run40.png
2026-10-02T17:06:34.014 EXTRAS start
2026-10-02T17:06:34.545 EXTRAS RENDER-DONE body=raw bytes=5364494 fnv=9a9ff363 dims=Some((3840, 2160)) decode=1.4ms meta={"probe":"raw-repeat"}
2026-10-02T17:06:35.407 EXTRAS RENDER-DONE body=json-array bytes=5364494 fnv=9a9ff363 dims=Some((3840, 2160)) decode=9.7ms meta={"probe":"json-array"}
2026-10-02T17:06:35.605 EXTRAS REPORT {"kind":"extras","visibilityState":"visible","hidden":false,"hasFocus":false,"devicePixelRatio":1.5,"innerSize":[640,332],"export":{"toBlob":{"ms":122.4,"bytes":5364494,"fnv":"9a9ff363"},"toDataURL":{"ms":137.5,"decodeMs":18,"bytes":6396123,"fnv":"02499b38"},"offscreen":{"ms":154.2,"bytes":5364494,"fnv":"9a9ff363"}},"ipc":{"raw":{"ms":82.4,"bytes":5364494,"fnv":"9a9ff363"},"jsonArray":{"ms":880.8,"bytes":5364494,"fnv":"9a9ff363"}},"header":[{"n":1024,"ok":true,"got":1024,"ms":2.3},{"n":4096,"ok":true,"got":4096,"ms":1.1},{"n":8192,"ok":true,"got":8192,"ms":1.1},{"n":16384,"ok":true,"got":16384,"ms":1.3},{"n":32768,"ok":true,"got":32768,"ms":1.6},{"n":65536,"ok":true,"got":65536,"ms":3},{"n":131072,"ok":true,"got":131072,"ms":3.9},{"n":262144,"ok":true,"got":262144,"ms":6.6},{"n":1048576,"ok":true,"got":1048576,"ms":28.3},{"n":4194304,"ok":true,"got":4194304,"ms":117.6}],"canvas":[3840,2160]}
2026-10-02T17:06:35.605 PERSISTENT end visible=false exStyle=0x08000190(TOOLWINDOW=true APPWINDOW=false NOACTIVATE=true)
2026-10-02T17:06:35.605 PERSISTENT closed in 1.0ms
2026-10-02T17:06:37.664 PERSISTENT after-close host ws/priv=31.7/6.3MB wv procs=0 ws/priv=0.0/0.0MB
2026-10-02T17:06:37.664 FOREGROUND before=0x13F1062(pid 26108) after=0x13F1062(pid 26108) changed=false
2026-10-02T17:06:37.664 CHILD-EXE ["msedgewebview2.exe"]
2026-10-02T17:06:37.664 SUMMARY persistent-redraw total_ms: n=40 median=218.4 max=923.2
2026-10-02T17:06:37.664 SUMMARY persistent-redraw create_ms: n=40 median=0.0 max=336.8
2026-10-02T17:06:37.664 SUMMARY persistent-redraw load_ms: n=40 median=0.0 max=207.7
2026-10-02T17:06:37.664 SUMMARY persistent-redraw png_ms: n=40 median=218.4 max=378.7
2026-10-02T17:06:37.664 SUMMARY persistent-redraw close_ms: n=0 median= max=
2026-10-02T17:06:37.664 SUMMARY persistent-redraw total_ms(run>=2): n=39 median=218.3 max=249.0
2026-10-02T17:06:37.664 SUMMARY persistent-redraw peak(total) ws=679.3MB priv=654.4MB
2026-10-02T17:06:37.664 SUMMARY persistent-redraw idle priv(MB)=[404.7, 463.0, 504.0, 484.7, 505.5, 494.4, 513.3, 497.9, 493.9, 476.3, 494.4, 479.3, 502.7, 487.4, 503.6, 502.8, 521.0, 499.4, 533.8, 521.8, 540.2, 525.7, 542.1, 541.9, 558.0, 539.5, 555.9, 532.0, 549.2, 530.2, 554.7, 546.0, 552.8, 545.2, 565.7, 550.4, 573.9, 571.5, 594.1, 590.8] slope=2.9MB/run rises=19/39
2026-10-02T17:06:37.664 SUMMARY persistent-redraw idle ws(MB)=[510.9, 543.3, 564.2, 534.8, 547.7, 535.7, 558.0, 548.2, 562.2, 548.6, 569.4, 556.5, 586.9, 573.3, 590.7, 590.0, 608.4, 587.3, 609.1, 592.0, 608.1, 590.9, 601.6, 585.8, 600.3, 585.2, 599.0, 581.1, 598.9, 580.8, 602.4, 589.1, 596.1, 582.3, 601.7, 585.9, 609.7, 606.2, 626.9, 611.2] slope=1.8MB/run
2026-10-02T17:06:37.664 SUMMARY persistent-redraw png priv(MB)=[410.9, 462.5, 506.9, 486.4, 514.8, 496.7, 513.8, 498.9, 515.1, 479.9, 496.8, 483.8, 506.5, 494.0, 508.2, 506.7, 522.4, 501.3, 538.2, 526.8, 543.5, 530.3, 550.1, 561.6, 561.0, 547.3, 562.7, 540.5, 553.0, 537.2, 558.6, 549.7, 560.2, 546.8, 569.4, 551.4, 577.6, 577.0, 597.3, 595.7]
2026-10-02T17:06:37.664 SUMMARY persistent-redraw release priv(png-idle, MB) median=3.8 max=21.2
2026-10-02T17:06:37.664 SUMMARY persistent-redraw ok=40/40 visible=0/156 fgOwn=0 fgChanged=0/162 maxMetaHeader=191 bodyKinds={"raw"}
2026-10-02T17:06:37.664 EXIT code=0
