2026-10-02T10:33:34.350+08:00 START dw-1.2 隱藏頂層視窗訊息計數（tag=smoke2，視窗 3s）；與 dw-1.1-smoke2.log 的 SET 行時間戳可交叉對照。注意：CYCLE／OUTSIDE 行是視窗期結束後才寫檔，行首時間戳為寫檔時間，事件時間看 start=／t+ 欄位
2026-10-02T10:33:34.354+08:00 SINK 隱藏頂層視窗已建立（非 message-only），訊息迴圈執行緒運行中
2026-10-02T10:33:36.469+08:00 CONTROL 已廣播對照訊息 WM_SETTINGCHANGE lParam="fc-probe-control"（SendMessageTimeout 回傳 1，耗時 87ms）；之後應在下方出現一筆 OUTSIDE ... text="fc-probe-control"，沒有就代表隱藏視窗收不到廣播
2026-10-02T10:33:57.454+08:00 OUTSIDE phase=baseline t+0.000s other:0x031F(WM_DWMNCRENDERINGCHANGED) wParam=0x1 lParam=0x0
2026-10-02T10:33:57.455+08:00 OUTSIDE phase=baseline t+2.044s WM_SETTINGCHANGE wParam=0x0 lParam=0x6FA95FF828 text="fc-probe-control"
2026-10-02T10:33:57.455+08:00 CYCLE n=0 label=set start=2026-10-02T10:33:54.439+08:00 sets=[mon0=A@+0.5ms/2.0ms/hr=0x00000000 mon1=B@+3.0ms/1.2ms/hr=0x00000000] window_ms=3005 total=0 WM_SETTINGCHANGE=0 WM_DISPLAYCHANGE=0 WM_THEMECHANGED=0 WM_DWMCOLORIZATIONCOLORCHANGED=0 WM_SYSCOLORCHANGE=0 other=0
2026-10-02T10:34:07.428+08:00 CYCLE n=1 label=set start=2026-10-02T10:34:04.413+08:00 sets=[mon0=B@+0.7ms/1.4ms/hr=0x00000000 mon1=A@+2.4ms/1.3ms/hr=0x00000000] window_ms=3004 total=0 WM_SETTINGCHANGE=0 WM_DISPLAYCHANGE=0 WM_THEMECHANGED=0 WM_DWMCOLORIZATIONCOLORCHANGED=0 WM_SYSCOLORCHANGE=0 other=0
2026-10-02T10:34:17.471+08:00 CYCLE n=2 label=set start=2026-10-02T10:34:14.455+08:00 sets=[mon0=A@+0.9ms/1.5ms/hr=0x00000000 mon1=B@+3.5ms/1.9ms/hr=0x00000000] window_ms=3006 total=0 WM_SETTINGCHANGE=0 WM_DISPLAYCHANGE=0 WM_THEMECHANGED=0 WM_DWMCOLORIZATIONCOLORCHANGED=0 WM_SYSCOLORCHANGE=0 other=0
2026-10-02T10:34:27.415+08:00 CYCLE n=3 label=set start=2026-10-02T10:34:24.394+08:00 sets=[mon0=B@+0.5ms/1.6ms/hr=0x00000000 mon1=A@+9.8ms/1.4ms/hr=0x00000000] window_ms=3011 total=0 WM_SETTINGCHANGE=0 WM_DISPLAYCHANGE=0 WM_THEMECHANGED=0 WM_DWMCOLORIZATIONCOLORCHANGED=0 WM_SYSCOLORCHANGE=0 other=0
2026-10-02T10:34:37.489+08:00 CYCLE n=4 label=set start=2026-10-02T10:34:34.474+08:00 sets=[mon0=A@+0.8ms/2.5ms/hr=0x00000000 mon1=B@+3.6ms/1.4ms/hr=0x00000000] window_ms=3005 total=0 WM_SETTINGCHANGE=0 WM_DISPLAYCHANGE=0 WM_THEMECHANGED=0 WM_DWMCOLORIZATIONCOLORCHANGED=0 WM_SYSCOLORCHANGE=0 other=0
2026-10-02T10:34:47.437+08:00 CYCLE n=5 label=set start=2026-10-02T10:34:44.415+08:00 sets=[mon0=B@+1.0ms/1.6ms/hr=0x00000000 mon1=A@+10.6ms/0.9ms/hr=0x00000000] window_ms=3012 total=0 WM_SETTINGCHANGE=0 WM_DISPLAYCHANGE=0 WM_THEMECHANGED=0 WM_DWMCOLORIZATIONCOLORCHANGED=0 WM_SYSCOLORCHANGE=0 other=0
2026-10-02T10:35:18.613+08:00 CYCLE n=6 label=restore start=2026-10-02T10:35:14.408+08:00 sets=[] window_ms=3705 total=0 WM_SETTINGCHANGE=0 WM_DISPLAYCHANGE=0 WM_THEMECHANGED=0 WM_DWMCOLORIZATIONCOLORCHANGED=0 WM_SYSCOLORCHANGE=0 other=0
2026-10-02T10:35:18.613+08:00 SUMMARY ===== 訊息計數摘要 =====
2026-10-02T10:35:18.613+08:00 SUMMARY phase=baseline approx_duration_s=20 all_received: WM_SETTINGCHANGE=1 other:0x031F(WM_DWMNCRENDERINGCHANGED)=1
2026-10-02T10:35:18.613+08:00 SUMMARY phase=setting approx_duration_s=60 all_received: （無）
2026-10-02T10:35:18.613+08:00 SUMMARY phase=cooldown approx_duration_s=20 all_received: （無）
2026-10-02T10:35:18.613+08:00 SUMMARY phase=restore approx_duration_s=1 all_received: （無）
2026-10-02T10:35:18.613+08:00 SUMMARY 設桌布後視窗內（共 7 個週期，含還原週期 1；其中有收到任何訊息的週期 0）：（無）
2026-10-02T10:35:18.613+08:00 SUMMARY WM_SETTINGCHANGE lParam 字串（視窗內）：（無）
2026-10-02T10:35:18.613+08:00 SUMMARY WM_SETTINGCHANGE lParam 字串（視窗外）："fc-probe-control"×1
