2026-10-02T10:13:06.152+08:00 START dw-1.2 隱藏頂層視窗訊息計數（tag=smoke，視窗 3s）；與 dw-1.1-smoke.log 的 SET 行時間戳可交叉對照。注意：CYCLE／OUTSIDE 行是視窗期結束後才寫檔，行首時間戳為寫檔時間，事件時間看 start=／t+ 欄位
2026-10-02T10:13:06.156+08:00 SINK 隱藏頂層視窗已建立（非 message-only），訊息迴圈執行緒運行中
2026-10-02T10:13:08.260+08:00 CONTROL 已廣播對照訊息 WM_SETTINGCHANGE lParam="fc-probe-control"（SendMessageTimeout 回傳 1，耗時 77ms）；之後應在下方出現一筆 OUTSIDE ... text="fc-probe-control"，沒有就代表隱藏視窗收不到廣播
2026-10-02T10:13:39.208+08:00 OUTSIDE phase=baseline t+0.000s other:0x031F(WM_DWMNCRENDERINGCHANGED) wParam=0x1 lParam=0x0
2026-10-02T10:13:39.208+08:00 OUTSIDE phase=baseline t+2.043s WM_SETTINGCHANGE wParam=0x0 lParam=0x2EE70FF638 text="fc-probe-control"
2026-10-02T10:13:39.208+08:00 CYCLE n=0 label=set start=2026-10-02T10:13:36.192+08:00 sets=[mon0=A@+0.5ms/1.5ms/hr=0x00000000 mon1=B@+2.0ms/1.6ms/hr=0x00000000] window_ms=3004 total=0 WM_SETTINGCHANGE=0 WM_DISPLAYCHANGE=0 WM_THEMECHANGED=0 WM_DWMCOLORIZATIONCOLORCHANGED=0 WM_SYSCOLORCHANGE=0 other=0
2026-10-02T10:13:49.251+08:00 CYCLE n=1 label=set start=2026-10-02T10:13:46.236+08:00 sets=[mon0=B@+0.4ms/1.9ms/hr=0x00000000 mon1=A@+2.3ms/1.1ms/hr=0x00000000] window_ms=3004 total=0 WM_SETTINGCHANGE=0 WM_DISPLAYCHANGE=0 WM_THEMECHANGED=0 WM_DWMCOLORIZATIONCOLORCHANGED=0 WM_SYSCOLORCHANGE=0 other=0
2026-10-02T10:13:59.192+08:00 CYCLE n=2 label=set start=2026-10-02T10:13:56.176+08:00 sets=[mon0=A@+0.5ms/1.5ms/hr=0x00000000 mon1=B@+2.1ms/1.4ms/hr=0x00000000] window_ms=3004 total=0 WM_SETTINGCHANGE=0 WM_DISPLAYCHANGE=0 WM_THEMECHANGED=0 WM_DWMCOLORIZATIONCOLORCHANGED=0 WM_SYSCOLORCHANGE=0 other=0
2026-10-02T10:14:09.269+08:00 CYCLE n=3 label=set start=2026-10-02T10:14:06.254+08:00 sets=[mon0=B@+0.5ms/1.9ms/hr=0x00000000 mon1=A@+2.4ms/1.1ms/hr=0x00000000] window_ms=3004 total=0 WM_SETTINGCHANGE=0 WM_DISPLAYCHANGE=0 WM_THEMECHANGED=0 WM_DWMCOLORIZATIONCOLORCHANGED=0 WM_SYSCOLORCHANGE=0 other=0
2026-10-02T10:14:19.209+08:00 CYCLE n=4 label=set start=2026-10-02T10:14:16.195+08:00 sets=[mon0=A@+0.5ms/1.2ms/hr=0x00000000 mon1=B@+1.8ms/0.9ms/hr=0x00000000] window_ms=3003 total=0 WM_SETTINGCHANGE=0 WM_DISPLAYCHANGE=0 WM_THEMECHANGED=0 WM_DWMCOLORIZATIONCOLORCHANGED=0 WM_SYSCOLORCHANGE=0 other=0
2026-10-02T10:14:29.248+08:00 CYCLE n=5 label=set start=2026-10-02T10:14:26.235+08:00 sets=[mon0=B@+0.6ms/1.1ms/hr=0x00000000 mon1=A@+1.8ms/0.8ms/hr=0x00000000] window_ms=3003 total=0 WM_SETTINGCHANGE=0 WM_DISPLAYCHANGE=0 WM_THEMECHANGED=0 WM_DWMCOLORIZATIONCOLORCHANGED=0 WM_SYSCOLORCHANGE=0 other=0
2026-10-02T10:14:39.217+08:00 CYCLE n=6 label=set start=2026-10-02T10:14:36.204+08:00 sets=[mon0=A@+0.9ms/1.2ms/hr=0x00000000 mon1=B@+2.1ms/0.9ms/hr=0x00000000] window_ms=3003 total=0 WM_SETTINGCHANGE=0 WM_DISPLAYCHANGE=0 WM_THEMECHANGED=0 WM_DWMCOLORIZATIONCOLORCHANGED=0 WM_SYSCOLORCHANGE=0 other=0
2026-10-02T10:14:49.254+08:00 CYCLE n=7 label=set start=2026-10-02T10:14:46.239+08:00 sets=[mon0=B@+0.4ms/1.4ms/hr=0x00000000 mon1=A@+1.9ms/1.1ms/hr=0x00000000] window_ms=3003 total=0 WM_SETTINGCHANGE=0 WM_DISPLAYCHANGE=0 WM_THEMECHANGED=0 WM_DWMCOLORIZATIONCOLORCHANGED=0 WM_SYSCOLORCHANGE=0 other=0
2026-10-02T10:14:59.193+08:00 CYCLE n=8 label=set start=2026-10-02T10:14:56.180+08:00 sets=[mon0=A@+0.4ms/1.1ms/hr=0x00000000 mon1=B@+1.6ms/1.2ms/hr=0x00000000] window_ms=3003 total=0 WM_SETTINGCHANGE=0 WM_DISPLAYCHANGE=0 WM_THEMECHANGED=0 WM_DWMCOLORIZATIONCOLORCHANGED=0 WM_SYSCOLORCHANGE=0 other=0
2026-10-02T10:15:09.260+08:00 CYCLE n=9 label=set start=2026-10-02T10:15:06.246+08:00 sets=[mon0=B@+0.5ms/1.4ms/hr=0x00000000 mon1=A@+1.9ms/0.8ms/hr=0x00000000] window_ms=3003 total=0 WM_SETTINGCHANGE=0 WM_DISPLAYCHANGE=0 WM_THEMECHANGED=0 WM_DWMCOLORIZATIONCOLORCHANGED=0 WM_SYSCOLORCHANGE=0 other=0
2026-10-02T10:15:19.198+08:00 CYCLE n=10 label=set start=2026-10-02T10:15:16.185+08:00 sets=[mon0=A@+0.6ms/1.3ms/hr=0x00000000 mon1=B@+2.0ms/0.8ms/hr=0x00000000] window_ms=3003 total=0 WM_SETTINGCHANGE=0 WM_DISPLAYCHANGE=0 WM_THEMECHANGED=0 WM_DWMCOLORIZATIONCOLORCHANGED=0 WM_SYSCOLORCHANGE=0 other=0
2026-10-02T10:15:29.240+08:00 CYCLE n=11 label=set start=2026-10-02T10:15:26.223+08:00 sets=[mon0=B@+0.9ms/1.6ms/hr=0x00000000 mon1=A@+2.6ms/1.0ms/hr=0x00000000] window_ms=3004 total=0 WM_SETTINGCHANGE=0 WM_DISPLAYCHANGE=0 WM_THEMECHANGED=0 WM_DWMCOLORIZATIONCOLORCHANGED=0 WM_SYSCOLORCHANGE=0 other=0
2026-10-02T10:16:10.427+08:00 CYCLE n=12 label=restore start=2026-10-02T10:16:06.216+08:00 sets=[] window_ms=3710 total=0 WM_SETTINGCHANGE=0 WM_DISPLAYCHANGE=0 WM_THEMECHANGED=0 WM_DWMCOLORIZATIONCOLORCHANGED=0 WM_SYSCOLORCHANGE=0 other=0
2026-10-02T10:16:10.427+08:00 SUMMARY ===== 訊息計數摘要 =====
2026-10-02T10:16:10.427+08:00 SUMMARY phase=baseline approx_duration_s=30 all_received: WM_SETTINGCHANGE=1 other:0x031F(WM_DWMNCRENDERINGCHANGED)=1
2026-10-02T10:16:10.427+08:00 SUMMARY phase=setting approx_duration_s=120 all_received: （無）
2026-10-02T10:16:10.427+08:00 SUMMARY phase=cooldown approx_duration_s=30 all_received: （無）
2026-10-02T10:16:10.427+08:00 SUMMARY phase=restore approx_duration_s=1 all_received: （無）
2026-10-02T10:16:10.427+08:00 SUMMARY 設桌布後視窗內（共 13 個週期，含還原週期 1；其中有收到任何訊息的週期 0）：（無）
2026-10-02T10:16:10.427+08:00 SUMMARY WM_SETTINGCHANGE lParam 字串（視窗內）：（無）
2026-10-02T10:16:10.427+08:00 SUMMARY WM_SETTINGCHANGE lParam 字串（視窗外）："fc-probe-control"×1
