2026-10-03T11:12:58.854+08:00 START dw-1.2 隱藏頂層視窗訊息計數（tag=1.7-smoke，視窗 3s）；與 dw-1.1-1.7-smoke.log 的 SET 行時間戳可交叉對照。注意：CYCLE／OUTSIDE 行是視窗期結束後才寫檔，行首時間戳為寫檔時間，事件時間看 start=／t+ 欄位
2026-10-03T11:12:58.858+08:00 SINK 隱藏頂層視窗已建立（非 message-only），訊息迴圈執行緒運行中
2026-10-03T11:13:01.068+08:00 CONTROL 已廣播對照訊息 WM_SETTINGCHANGE lParam="fc-probe-control"（SendMessageTimeout 回傳 1，耗時 177ms）；之後應在下方出現一筆 OUTSIDE ... text="fc-probe-control"，沒有就代表隱藏視窗收不到廣播
2026-10-03T11:13:21.877+08:00 OUTSIDE phase=baseline t+0.000s other:0x031F(WM_DWMNCRENDERINGCHANGED) wParam=0x1 lParam=0x0
2026-10-03T11:13:21.877+08:00 OUTSIDE phase=baseline t+2.061s WM_SETTINGCHANGE wParam=0x0 lParam=0xAA00FF678 text="fc-probe-control"
2026-10-03T11:13:21.877+08:00 CYCLE n=0 label=set start=2026-10-03T11:13:18.861+08:00 sets=[mon1=B@+0.9ms/4.3ms/hr=0x00000000] window_ms=3005 total=0 WM_SETTINGCHANGE=0 WM_DISPLAYCHANGE=0 WM_THEMECHANGED=0 WM_DWMCOLORIZATIONCOLORCHANGED=0 WM_SYSCOLORCHANGE=0 other=0
2026-10-03T11:13:31.946+08:00 CYCLE n=1 label=set start=2026-10-03T11:13:28.934+08:00 sets=[mon1=A@+0.5ms/2.9ms/hr=0x00000000] window_ms=3004 total=0 WM_SETTINGCHANGE=0 WM_DISPLAYCHANGE=0 WM_THEMECHANGED=0 WM_DWMCOLORIZATIONCOLORCHANGED=0 WM_SYSCOLORCHANGE=0 other=0
2026-10-03T11:13:41.916+08:00 CYCLE n=2 label=set start=2026-10-03T11:13:38.903+08:00 sets=[mon1=B@+0.4ms/2.0ms/hr=0x00000000] window_ms=3003 total=0 WM_SETTINGCHANGE=0 WM_DISPLAYCHANGE=0 WM_THEMECHANGED=0 WM_DWMCOLORIZATIONCOLORCHANGED=0 WM_SYSCOLORCHANGE=0 other=0
2026-10-03T11:13:51.894+08:00 CYCLE n=3 label=set start=2026-10-03T11:13:48.877+08:00 sets=[mon1=A@+0.8ms/3.6ms/hr=0x00000000] window_ms=3006 total=0 WM_SETTINGCHANGE=0 WM_DISPLAYCHANGE=0 WM_THEMECHANGED=0 WM_DWMCOLORIZATIONCOLORCHANGED=0 WM_SYSCOLORCHANGE=0 other=0
2026-10-03T11:14:01.961+08:00 CYCLE n=4 label=set start=2026-10-03T11:13:58.948+08:00 sets=[mon1=B@+0.5ms/1.6ms/hr=0x00000000] window_ms=3002 total=0 WM_SETTINGCHANGE=0 WM_DISPLAYCHANGE=0 WM_THEMECHANGED=0 WM_DWMCOLORIZATIONCOLORCHANGED=0 WM_SYSCOLORCHANGE=0 other=0
2026-10-03T11:14:11.923+08:00 CYCLE n=5 label=set start=2026-10-03T11:14:08.909+08:00 sets=[mon1=A@+1.0ms/3.2ms/hr=0x00000000] window_ms=3004 total=0 WM_SETTINGCHANGE=0 WM_DISPLAYCHANGE=0 WM_THEMECHANGED=0 WM_DWMCOLORIZATIONCOLORCHANGED=0 WM_SYSCOLORCHANGE=0 other=0
2026-10-03T11:14:43.129+08:00 CYCLE n=6 label=restore start=2026-10-03T11:14:38.953+08:00 sets=[] window_ms=3674 total=0 WM_SETTINGCHANGE=0 WM_DISPLAYCHANGE=0 WM_THEMECHANGED=0 WM_DWMCOLORIZATIONCOLORCHANGED=0 WM_SYSCOLORCHANGE=0 other=0
2026-10-03T11:14:43.129+08:00 SUMMARY ===== 訊息計數摘要 =====
2026-10-03T11:14:43.129+08:00 SUMMARY phase=baseline approx_duration_s=20 all_received: WM_SETTINGCHANGE=1 other:0x031F(WM_DWMNCRENDERINGCHANGED)=1
2026-10-03T11:14:43.129+08:00 SUMMARY phase=setting approx_duration_s=60 all_received: （無）
2026-10-03T11:14:43.129+08:00 SUMMARY phase=cooldown approx_duration_s=20 all_received: （無）
2026-10-03T11:14:43.129+08:00 SUMMARY phase=restore approx_duration_s=1 all_received: （無）
2026-10-03T11:14:43.129+08:00 SUMMARY 設桌布後視窗內（共 7 個週期，含還原週期 1；其中有收到任何訊息的週期 0）：（無）
2026-10-03T11:14:43.129+08:00 SUMMARY WM_SETTINGCHANGE lParam 字串（視窗內）：（無）
2026-10-03T11:14:43.129+08:00 SUMMARY WM_SETTINGCHANGE lParam 字串（視窗外）："fc-probe-control"×1
