# wallpaper-shots 2026-10-02T07:44:55.925Z  頁面=ridgeline.html  t=2026-10-02T12:00  tz=Asia/Taipei  fixture=/test-fixtures/tw_events_sample.json  離線比對=true  契約檢查=false  dsf=（不覆寫）  dsf 比對=否  反例模式=false
fixture 檔實際內容：形狀 bare、資料鍵 18 個、設定鍵 0 個
必要字型（PAGE_REQUIRED_FONTS）：plexmono-600、notosans-500
[3840x2160] 連線 OK  png=5358538B pngSha=dc6ee159062a0fba pixelSha=4a1195b9cdfb31e3 boxes=1 dpr=1 請求=16（全本機）資料鍵=18（bare） → .superpowers\sdd\scratch\3.5\full\dw-3.5-ridgeline-fresh-3840x2160.png
[3840x2160] 頁面摘要：TAIEX 2026-10-01 THU 09:00–13:25｜54 點｜高 48,331.47 低 47,927.14｜依高低點正規化｜seed 20261001｜最近已收盤 2026-10-01，落後 0 個交易日｜過期標示：不顯示
[3840x2160] 離線 OK  對外 fetch 負向對照=blocked  頁面被攔截的請求數=0  pixelSha=4a1195b9cdfb31e3 pngSha=dc6ee159062a0fba
[3840x2160] 離線 vs 連線：像素逐像素相同；PNG 位元組相同
[3840x2160] 字型來源（離線）：NotoSansTC-VF.ttf(本機) IBMPlexMono-SemiBold.ttf(本機)
[3840x2160] document.fonts（離線）：Cinzel/400 900=unloaded LXGW WenKai TC/400=unloaded LXGW WenKai TC/700=unloaded Noto Serif TC/200 900=unloaded Noto Sans TC/100 900=loaded IBM Plex Mono/600=loaded
[2560x1600] 連線 OK  png=3100927B pngSha=d77c68a337d23650 pixelSha=7bb203ca9a414c98 boxes=1 dpr=1 請求=16（全本機）資料鍵=18（bare） → .superpowers\sdd\scratch\3.5\full\dw-3.5-ridgeline-fresh-2560x1600.png
[2560x1600] 頁面摘要：TAIEX 2026-10-01 THU 09:00–13:25｜54 點｜高 48,331.47 低 47,927.14｜依高低點正規化｜seed 20261001｜最近已收盤 2026-10-01，落後 0 個交易日｜過期標示：不顯示
[2560x1600] 離線 OK  對外 fetch 負向對照=blocked  頁面被攔截的請求數=0  pixelSha=7bb203ca9a414c98 pngSha=d77c68a337d23650
[2560x1600] 離線 vs 連線：像素逐像素相同；PNG 位元組相同
[1920x1080] 連線 OK  png=1732498B pngSha=681c534e763b888c pixelSha=080dcc4eaf862fc0 boxes=1 dpr=1 請求=16（全本機）資料鍵=18（bare） → .superpowers\sdd\scratch\3.5\full\dw-3.5-ridgeline-fresh-1920x1080.png
[1920x1080] 頁面摘要：TAIEX 2026-10-01 THU 09:00–13:25｜54 點｜高 48,331.47 低 47,927.14｜依高低點正規化｜seed 20261001｜最近已收盤 2026-10-01，落後 0 個交易日｜過期標示：不顯示
[1920x1080] 離線 OK  對外 fetch 負向對照=blocked  頁面被攔截的請求數=0  pixelSha=080dcc4eaf862fc0 pngSha=681c534e763b888c
[1920x1080] 離線 vs 連線：像素逐像素相同；PNG 位元組相同
[2560x1080] 連線 OK  png=2120768B pngSha=41461cd8be040b37 pixelSha=480c5e43aa193ada boxes=1 dpr=1 請求=16（全本機）資料鍵=18（bare） → .superpowers\sdd\scratch\3.5\full\dw-3.5-ridgeline-fresh-2560x1080.png
[2560x1080] 頁面摘要：TAIEX 2026-10-01 THU 09:00–13:25｜54 點｜高 48,331.47 低 47,927.14｜依高低點正規化｜seed 20261001｜最近已收盤 2026-10-01，落後 0 個交易日｜過期標示：不顯示
[2560x1080] 離線 OK  對外 fetch 負向對照=blocked  頁面被攔截的請求數=0  pixelSha=480c5e43aa193ada pngSha=41461cd8be040b37
[2560x1080] 離線 vs 連線：像素逐像素相同；PNG 位元組相同
[1080x1920] 連線 OK  png=1628960B pngSha=58db21af64d527dc pixelSha=ab42be278b6c8339 boxes=1 dpr=1 請求=16（全本機）資料鍵=18（bare） → .superpowers\sdd\scratch\3.5\full\dw-3.5-ridgeline-fresh-1080x1920.png
[1080x1920] 頁面摘要：TAIEX 2026-10-01 THU 09:00–13:25｜54 點｜高 48,331.47 低 47,927.14｜依高低點正規化｜seed 20261001｜最近已收盤 2026-10-01，落後 0 個交易日｜過期標示：不顯示
[1080x1920] 離線 OK  對外 fetch 負向對照=blocked  頁面被攔截的請求數=0  pixelSha=ab42be278b6c8339 pngSha=58db21af64d527dc
[1080x1920] 離線 vs 連線：像素逐像素相同；PNG 位元組相同
結果：全部通過
