28098d5c99482f0eb120d69ed65dbc01804230b66f462544ac258bf799dd9c31 *dw-3.6-contract-1920x1080.png
02425001a801df9523b74250ade4ba2d6781e0a654eebb1f0c8b825a1e56d187 *dw-3.6-crash-1080x1920.png
08de3a10133dcd430fe6f0cb0813974b3eba5f26434f52c9754c8d89a44e9745 *dw-3.6-crash-1920x1080.png
d31d7f9acc25009268f6812bb946e3d07b48e124eb648632d17142612651d5a4 *dw-3.6-crash-2560x1080.png
4aad383aedd80410252f5d5a3698288c6982fdec022b20d8e3c6e47e7fa362c6 *dw-3.6-crash-2560x1600.png
f2211b61eb6a1f2b053406147ee51a99823fca869e700bc3f74635bbbe4426f8 *dw-3.6-crash-3840x2160.png
e687da48d64d249fd1b56c14c81bb0db2c31c82acedc31eb54433ce3257d2383 *dw-3.6-crash-stale3-1080x1920.png
d6e01cd011f2fd30f21d873ec6490eb0377c206810d2ed49cd31e2c96a015d1f *dw-3.6-crash-stale3-1920x1080.png
ce5e1ad62ef9c3e6cc577bb33ea3824dce07b62063bc181d1614988d4dc23328 *dw-3.6-crash-stale3-2560x1080.png
1ed5370ced423454555f0d65c1729948ba5cff3aa614d2417a37e17344f391f1 *dw-3.6-crash-stale3-2560x1600.png
fc8f4078bfc6fed576f07ad1881860daf8c8c180335bf86fb6702be45fa45758 *dw-3.6-crash-stale3-3840x2160.png
d487c44d6d0f7d4f3a26ce3a05f0b2cb86aa142b0c22106b30fd5ca170762599 *dw-3.6-dsf-3840x2160.png
d487c44d6d0f7d4f3a26ce3a05f0b2cb86aa142b0c22106b30fd5ca170762599 *dw-3.6-dsf-3840x2160-dsf1.5.png
ff4af1a46528ccee81838756b0141504186853f2d2122b930f2328b3ff6a63af *dw-3.6-empty-1920x1080.png
55d9d0d3169c166c957e1afa2f6766b7de14c6235b9a8c982f62a42ca856ea3a *dw-3.6-fresh-1080x1920.png
28098d5c99482f0eb120d69ed65dbc01804230b66f462544ac258bf799dd9c31 *dw-3.6-fresh-1920x1080.png
ebbb0e794fdb208859b82a7be79d4efd174c7b36b0a3d03479ff266d644e835a *dw-3.6-fresh-2560x1080.png
068f3de494c0e5d4fb3ae49807f501fecc88d6cfb4ba92791596b89b3969c52d *dw-3.6-fresh-2560x1600.png
d487c44d6d0f7d4f3a26ce3a05f0b2cb86aa142b0c22106b30fd5ca170762599 *dw-3.6-fresh-3840x2160.png
ff4af1a46528ccee81838756b0141504186853f2d2122b930f2328b3ff6a63af *dw-3.6-missing-1920x1080.png
a68f26a5b43d0a753132bc85c3479c6db59ed85ca2ad64d25e7f40d81f1f7b22 *dw-3.6-negative-1080x1920.png
7f9f69f5cfd15232bd31deae2887b7565eef74c57aa563730f94b845b5aaac5b *dw-3.6-negative-1920x1080.png
7f9f69f5cfd15232bd31deae2887b7565eef74c57aa563730f94b845b5aaac5b *dw-3.6-negative-plain-1920x1080.png
9f4116debd55cb234e4d5e5a26ca4fa5f51618ee22458936f11b47aa405cf8bc *dw-3.6-rally-1080x1920.png
150980bb20f1de8b290200ff4b4b27c10155a53d8d69fffc90fe803ce99c2cb5 *dw-3.6-rally-1920x1080.png
a796a9b620a040d480b2d6e6e79563434b6535f288624f8cf588c12be95abf86 *dw-3.6-rally-2560x1080.png
3293ffa2a8dc9b3e27144eabb4a0819c14166aa41f2059a58bea094e72c346ed *dw-3.6-rally-2560x1600.png
a81fbc444a01433f5ddb726a6e123c5297de4048dbe217ceba12c0f425b79e68 *dw-3.6-rally-3840x2160.png
04f90e92621b252789c0579bd51446c64dc1fc1b22cb763df118d0abef4c6c5e *dw-3.6-rally-stale3-1080x1920.png
19a7d6e0b54a2f42ce2e8c36a7297a2ab35afadf77e5297e0b2b424221b5a7e6 *dw-3.6-rally-stale3-1920x1080.png
081af4afad41a7f91855c6dc5a82fca0b5d4ca268ccbb05e19566a21deacec34 *dw-3.6-rally-stale3-2560x1080.png
c0abd0a08589665483a69ce4bd1025bf7137635abefb4159a45795c87746ddfa *dw-3.6-rally-stale3-2560x1600.png
ed4c56f934cd1e6322fda7c51f545bdd34f8e5471cb06990f5afc7f2bdb3afd4 *dw-3.6-rally-stale3-3840x2160.png
ff4af1a46528ccee81838756b0141504186853f2d2122b930f2328b3ff6a63af *dw-3.6-rows19-1920x1080.png
7c8c1c1afb50924123552f97876f33899948bd1a90b8fbdd1416125fe9b4d0ba *dw-3.6-rows30-1920x1080.png
55d9d0d3169c166c957e1afa2f6766b7de14c6235b9a8c982f62a42ca856ea3a *dw-3.6-rows39-1080x1920.png
28098d5c99482f0eb120d69ed65dbc01804230b66f462544ac258bf799dd9c31 *dw-3.6-rows39-1920x1080.png
ebbb0e794fdb208859b82a7be79d4efd174c7b36b0a3d03479ff266d644e835a *dw-3.6-rows39-2560x1080.png
068f3de494c0e5d4fb3ae49807f501fecc88d6cfb4ba92791596b89b3969c52d *dw-3.6-rows39-2560x1600.png
d487c44d6d0f7d4f3a26ce3a05f0b2cb86aa142b0c22106b30fd5ca170762599 *dw-3.6-rows39-3840x2160.png
55d9d0d3169c166c957e1afa2f6766b7de14c6235b9a8c982f62a42ca856ea3a *dw-3.6-stale2-1080x1920.png
28098d5c99482f0eb120d69ed65dbc01804230b66f462544ac258bf799dd9c31 *dw-3.6-stale2-1920x1080.png
ebbb0e794fdb208859b82a7be79d4efd174c7b36b0a3d03479ff266d644e835a *dw-3.6-stale2-2560x1080.png
068f3de494c0e5d4fb3ae49807f501fecc88d6cfb4ba92791596b89b3969c52d *dw-3.6-stale2-2560x1600.png
d487c44d6d0f7d4f3a26ce3a05f0b2cb86aa142b0c22106b30fd5ca170762599 *dw-3.6-stale2-3840x2160.png
cae568a1a519e31c613e6ead93d2295115cf877699cb128ec2003edfb9814d35 *dw-3.6-stale3-1080x1920.png
19b26f38ed7318b624dbcce4d0071a74be4871ccde3476f84b8553519d4563b5 *dw-3.6-stale3-1920x1080.png
24502a9b9eb27edd54bb62c6883ad79335f6a164dc276b7b422e42713c4d52e9 *dw-3.6-stale3-2560x1080.png
624e43eac0172ecdffc09adf6e663f768f77b83301735787b9adfbb21f709cac *dw-3.6-stale3-2560x1600.png
6550ab2b579838f703c5dd64b64a9989bcb915ea9faae14ef114e270550aa00e *dw-3.6-stale3-3840x2160.png
e872188c87cc5d8421e680daec2dcf7bb6897e00f69ce5e0f0c7477810a829ba *dw-3.6-stale-oldpos-negative-1080x1920.png
217e0a657b15d340027c15afb351f685bf7553e2c66e44caf90fdcb53d70dc87 *sample-09-skyline-1080x1920.png
028c314af44d7cb3ad7b2550b6634ba78226a7367ee688b78e619392d656c66e *sample-09-skyline-1920x1080.png
# 修正輪 1 之前（commit eaa1719）的完整輸出
be3ab7370e894f76864a00b449deb5c7368ee00da634ae8e9a93c76e18a470b8 pre-fix1/dw-3.6-contract-1920x1080.png
09c16ad0f0d9753ce0d9e179b88d41fbfa2b3a0d78480458aa46bb165ec05e98 pre-fix1/dw-3.6-crash-1080x1920.png
552b73361eddb14e9ad5ab96cee4daef6f4efce8c999e60143b270cf70972cf9 pre-fix1/dw-3.6-crash-1920x1080.png
e21959de7ed3eb94ceab24aae4cbb09310fb568de6e0852348ffee40e3bb3528 pre-fix1/dw-3.6-crash-2560x1080.png
be2b50f28d5ae3eb5972590a7e4cbfd8c2bb8c6805ce8ee4ae91a33c8f8d6989 pre-fix1/dw-3.6-crash-2560x1600.png
c484b20770eb5622cac0c5704df297153f427149dcbf2f5c65aa29892810e780 pre-fix1/dw-3.6-crash-3840x2160.png
c834f9b8ec56b2ae4368fa604a30afbb53f0a32d0f0d41893506bfd7e416a21e pre-fix1/dw-3.6-dsf-3840x2160.png
c834f9b8ec56b2ae4368fa604a30afbb53f0a32d0f0d41893506bfd7e416a21e pre-fix1/dw-3.6-dsf-3840x2160-dsf1.5.png
ff4af1a46528ccee81838756b0141504186853f2d2122b930f2328b3ff6a63af pre-fix1/dw-3.6-empty-1920x1080.png
51684a19910fcff716e43494086f39763bd7a3b74a518f1bded03aac2711c18a pre-fix1/dw-3.6-fresh-1080x1920.png
be3ab7370e894f76864a00b449deb5c7368ee00da634ae8e9a93c76e18a470b8 pre-fix1/dw-3.6-fresh-1920x1080.png
59babe2c7fa55e969dd9a78ad74fee672238f1a96eb8acdd4ad845ef3fd0c3e9 pre-fix1/dw-3.6-fresh-2560x1080.png
038d34de6a0eeaad43f29b8c98dfad52cc447863a5210c3d0fc6f11a5d6e506e pre-fix1/dw-3.6-fresh-2560x1600.png
c834f9b8ec56b2ae4368fa604a30afbb53f0a32d0f0d41893506bfd7e416a21e pre-fix1/dw-3.6-fresh-3840x2160.png
ff4af1a46528ccee81838756b0141504186853f2d2122b930f2328b3ff6a63af pre-fix1/dw-3.6-missing-1920x1080.png
c39d596de47e579e3d4036c1ecb830e9df41809a58990a09bb63e2cb7957495f pre-fix1/dw-3.6-negative-1080x1920.png
9573d82775ca75ef4adcea990534b10b781582a0b22dfe4ccbc0953bad7fb4b7 pre-fix1/dw-3.6-negative-1920x1080.png
9573d82775ca75ef4adcea990534b10b781582a0b22dfe4ccbc0953bad7fb4b7 pre-fix1/dw-3.6-negative-plain-1920x1080.png
496abc35175481125cffee55d2a50eba9fc58d75c4feefdf48efb462014293ed pre-fix1/dw-3.6-rally-1080x1920.png
ec15bd297d50750b8ca59da7016f87aa21a2a3033899bb29deaeb325765dc129 pre-fix1/dw-3.6-rally-1920x1080.png
bd41819dfae016b76e1d66647bebde8c09d974d1d615568a01ace1e745a44c2d pre-fix1/dw-3.6-rally-2560x1080.png
bab5630b54eef291904ee07971ff9231543edf167bafd24e5b84cd2c8cea3669 pre-fix1/dw-3.6-rally-2560x1600.png
412a7ba6b91b8ac81ecbf9cc794a84bbe69a85d0dad4e49657e25737935a0aed pre-fix1/dw-3.6-rally-3840x2160.png
ff4af1a46528ccee81838756b0141504186853f2d2122b930f2328b3ff6a63af pre-fix1/dw-3.6-rows19-1920x1080.png
fc3e2b81fa3b51f7432fca26fa7c1383e684579ce7ae3d4e183c826ed50ae30a pre-fix1/dw-3.6-rows30-1920x1080.png
51684a19910fcff716e43494086f39763bd7a3b74a518f1bded03aac2711c18a pre-fix1/dw-3.6-rows39-1080x1920.png
be3ab7370e894f76864a00b449deb5c7368ee00da634ae8e9a93c76e18a470b8 pre-fix1/dw-3.6-rows39-1920x1080.png
59babe2c7fa55e969dd9a78ad74fee672238f1a96eb8acdd4ad845ef3fd0c3e9 pre-fix1/dw-3.6-rows39-2560x1080.png
038d34de6a0eeaad43f29b8c98dfad52cc447863a5210c3d0fc6f11a5d6e506e pre-fix1/dw-3.6-rows39-2560x1600.png
c834f9b8ec56b2ae4368fa604a30afbb53f0a32d0f0d41893506bfd7e416a21e pre-fix1/dw-3.6-rows39-3840x2160.png
51684a19910fcff716e43494086f39763bd7a3b74a518f1bded03aac2711c18a pre-fix1/dw-3.6-stale2-1080x1920.png
be3ab7370e894f76864a00b449deb5c7368ee00da634ae8e9a93c76e18a470b8 pre-fix1/dw-3.6-stale2-1920x1080.png
59babe2c7fa55e969dd9a78ad74fee672238f1a96eb8acdd4ad845ef3fd0c3e9 pre-fix1/dw-3.6-stale2-2560x1080.png
038d34de6a0eeaad43f29b8c98dfad52cc447863a5210c3d0fc6f11a5d6e506e pre-fix1/dw-3.6-stale2-2560x1600.png
c834f9b8ec56b2ae4368fa604a30afbb53f0a32d0f0d41893506bfd7e416a21e pre-fix1/dw-3.6-stale2-3840x2160.png
6fc9d0bd7c8bf390c90f109b5beac949be34aab2da48257e1e11bfe35669e8e7 pre-fix1/dw-3.6-stale3-1080x1920.png
23d30672786c0684e3e776932f4162fe077e134c9f4f32beaf535f25e334ff06 pre-fix1/dw-3.6-stale3-1920x1080.png
d1c6e426ab40236d317cc2549bd1bddeca50ae58b24a033b5f1e16cedbd8e07f pre-fix1/dw-3.6-stale3-2560x1080.png
d498f29cb485f11b50f7ad45ce433903116f9fa3bb7f2c32a37c537cd915fad4 pre-fix1/dw-3.6-stale3-2560x1600.png
38b115a8010f11a528e6e18121579b332a61204f41ee80bc4016e211113b7590 pre-fix1/dw-3.6-stale3-3840x2160.png
