# task 3.4（修正輪 1 重跑）全部截圖的 SHA-256（PNG 位元組）。已提交的只有代表性子集，其餘檔案留在本機 .superpowers/sdd/scratch/3.4/full-fix1/（git 忽略）；before-sample＝樣稿 03-tearoff/bg.html 的 canvas 匯出（字型由 Google Fonts 線上載入）；missing-font＝漏列 wenkai-700 的突變驗證（初版）
545a0b43bc3757b2fba2467c9016101daab096a25bd9da0fd003e2f4d5a6f3d3 *dw-3.4-after-1080x1920.png
d2c7211f1ba32f4b3b64d699ee1ae5d0eb86e34a9b509e5e906de0d3c04a3448 *dw-3.4-after-2560x1080.png
930f62431a79bc7a18b0b485cd0a05a7ed4ac8bcfad8dbece57e1daee6a194b1 *dw-3.4-after-2560x1600.png
7dfcd256edd55731ae69e298f2957817add5bd855ce24b9586b9f78793633951 *dw-3.4-after-3840x2160.png
0a29309fb79b1821a9aa552e71639e4a36b4b65c59ba571d1990dccf53705d9b *dw-3.4-before-sample-1080x1920.png
eaeb9265562e2ca3ebf06d66f9c696583aa2b2b4dcf4de260d3148d7ba1a84b8 *dw-3.4-before-sample-2560x1080.png
dfdc05b7d746fa539626cf22269460a97d846097e28541c5c5bed3cabf7100a2 *dw-3.4-before-sample-2560x1600.png
fb36a70197f8e0fa8bfc39b9452e0b09a95f8864cfccc608f82d473378c603ec *dw-3.4-before-sample-3840x2160.png
53666186ebbaf1be37668317a723cccb4a0a18fc919bfacec85a8adabeaa96ad *dw-3.4-below-readable-1080x1920.png
0f1ba6ab003e97cd771c1af18b749428e524791145b99de94a881df3b1409079 *dw-3.4-below-readable-1920x1080.png
8cf7ce2d03259ae758d12ad2cbfcde2330f9e75040d25c26e402ea144662849a *dw-3.4-contract-1920x1080.png
45e3580ee7f3bdd579dfd342223ca4a3363d668e5df89c0adcb0d3f8fb7b0d0a *dw-3.4-dsf-3840x2160.png
45e3580ee7f3bdd579dfd342223ca4a3363d668e5df89c0adcb0d3f8fb7b0d0a *dw-3.4-dsf-3840x2160-dsf1.5.png
d97ab2d112cfdd4f8c62296261b6e87e47eda2f0bca57fce37951e699abf3688 *dw-3.4-earnings-week-1920x1080.png
d995ee3e7f19d4822ed93a99ebadd198d8e5894eebc8a77834113d550f27165b *dw-3.4-ganzhi-edge-1920x1080.png
197a0953562f20ca45a8dcdab5298f4e50665d30aac7558b30c071ea3dbea861 *dw-3.4-lny-2027-1920x1080.png
bf16546397daf4748c54d2fb4082142ad57bf54dc5c3847c46d4bacc4ac152a0 *dw-3.4-long-phrase-1080x1920.png
85b541044124b5bba443c0b56ccd262dfccfce82f851b2537154ad766e74ca17 *dw-3.4-long-phrase-1920x1080.png
f5aab61f6b789e8a1d85ec087b37e94e798601cbbbce82b29f1a24c0798d4ab1 *dw-3.4-long-phrase-2560x1080.png
d52a8a816833b73a7b9670e34a48835c4ef19de23922ca4b53a3c13cd4a751d1 *dw-3.4-long-phrase-2560x1600.png
ab27e9d90528474a9c42f108611c763b7e9362378ecc5786f12e4d8b157bb77b *dw-3.4-long-phrase-3840x2160.png
518cbd4d2d68349469d654fe395e6b44259eca0c231d94b7656554e1bea7bf15 *dw-3.4-missing-font-1920x1080.png
4f771863a13b9f4b429bfcbf86a3a304ee613a98822f59136c6dbb75c734d498 *dw-3.4-negative-1080x1920.png
2d56dc9ebbc8c9a13af6bfa460ce5714277281d48d7b0e131a12c2d393b11ae3 *dw-3.4-negative-1920x1080.png
2d56dc9ebbc8c9a13af6bfa460ce5714277281d48d7b0e131a12c2d393b11ae3 *dw-3.4-negative-plain-1920x1080.png
ee1083ebcc2a6548552f8f5e3e6305895ee9ea55062e291cbcaab60d13090b6c *dw-3.4-sample-oct15-1920x1080.png
3c21a504088d32848e422c0f4f053ffec02eec8de19fe573771f4088f0818f5d *dw-3.4-saturday-1080x1920.png
6d44150f053cf5f261d1773bda060ccc2d889cf599c7b403b876e2399e02e702 *dw-3.4-saturday-1920x1080.png
d990cdde9e53d33e2cb842c9b87fd83407bbe896beadb09b1fee13148d4f9641 *dw-3.4-saturday-2560x1080.png
feff9645ff96e7e0bf2b58716bde43f3a4175bed114d0f910eaba930135e4c34 *dw-3.4-saturday-2560x1600.png
b1ce470e5f59005d2eae6bce81b2dc8fad84493da19ff5379a6afb2cbc253cac *dw-3.4-saturday-3840x2160.png
04022b95789c38cf5f1850a2a4811f6a2ca915bf1dff892dc98da5e00e241ac0 *dw-3.4-short-ratio-1080x1920.png
cac3ac5b650c92dadd7901c15ae29cffba062d980f78d9e56b76b9a958313d9e *dw-3.4-short-ratio-1920x1080.png
2834c92e0deb01c5b5d84af57d5a6c7c376197a97c5fec6e3df8bdcf68b8b851 *dw-3.4-short-ratio-2560x1080.png
8c3f77c0c88ef8163d61c629f1583b6013d2d20494d23f55ac724f352f60ec3e *dw-3.4-short-ratio-2560x1600.png
4b9bd3e00fec8e532771241026f9d7e40837cdb59b862a563045fa8fb92607a2 *dw-3.4-short-ratio-3840x2160.png
b1ddc4579f78644a46bae4f0da3640ac316c6581e9a9dcd76d8a86e089362fcc *dw-3.4-sunday-maintenance-1080x1920.png
af02735f470e2a451cec13e84a51bf8da98e4a1c9d9df26b874ec34bb4de75f9 *dw-3.4-sunday-maintenance-1920x1080.png
5bb152d5e0638c4e6976fec9eb28539a7ac3581cb92844e63a7f6df038566c59 *dw-3.4-trading-1080x1920.png
8cf7ce2d03259ae758d12ad2cbfcde2330f9e75040d25c26e402ea144662849a *dw-3.4-trading-1920x1080.png
b6f89ff66746309f8889ad55329682a519438f8d4c3eecaa3938972e016628e9 *dw-3.4-trading-2560x1080.png
e1aa569fb263163b32627f97655e9fd742b29d98a08196fdefcf3c67ea8d9bc7 *dw-3.4-trading-2560x1600.png
45e3580ee7f3bdd579dfd342223ca4a3363d668e5df89c0adcb0d3f8fb7b0d0a *dw-3.4-trading-3840x2160.png
cf9c76cb759ebc0d5730e5d075f95162e9608dd2c130eeeb806d2d8c336c73be *dw-3.4-tsmc-july-1080x1920.png
5e3b50180a62bdd74cc30a679edeeea002dab42cdd00443585e77a791100941a *dw-3.4-tsmc-july-1920x1080.png
6c610f79d9ecb97f676c2660f60add6734460104ebfd1846c4548a09bbba5003 *dw-3.4-tsmc-july-2560x1080.png
edfc3ecc4a31a83000c0bc251bacd11c9b71f9eeea851e06e6f1e6c6e426e289 *dw-3.4-tsmc-july-2560x1600.png
97e1cf2ed1083b0410a29cc680ffe15144af349217a7fc5b208440ffd2304572 *dw-3.4-tsmc-july-3840x2160.png
