c546dfe682b3ae10bc3dd847ce01844052fb235307940152d8be4a33a585ab5c *dw-3.5-contour-contract-1920x1080.png
535f45abd406e5b1cad502f979f366926e895fefb237905dffd404ba4760c5ab *dw-3.5-contour-dsf-3840x2160.png
535f45abd406e5b1cad502f979f366926e895fefb237905dffd404ba4760c5ab *dw-3.5-contour-dsf-3840x2160-dsf1.5.png
ff4af1a46528ccee81838756b0141504186853f2d2122b930f2328b3ff6a63af *dw-3.5-contour-empty-1920x1080.png
1677ece6a88ccd6fa2967100e7888991257148a6b65ac72c604642b3b75ed240 *dw-3.5-contour-flat-1080x1920.png
56ef58b4c0a7b66f64b4805ea370c4d773def51ea207ecb420bf43ceffdc3c72 *dw-3.5-contour-flat-1920x1080.png
351111f84c30f2f997c3bbdc3766c21df9a09f5f9b5269325090a5d9397b836c *dw-3.5-contour-flat-2560x1080.png
678b2b56d42765e5f30b3c0f888078ac596dd734c8bc6f5b5114abdd84aa3e2b *dw-3.5-contour-flat-2560x1600.png
2440a31bc9bd6ba409cff5f31e64404d4341e64aa4bac22abd2970d9f2346584 *dw-3.5-contour-flat-3840x2160.png
be830f575c0c96a670bd8689cf6aca4619354b8fab789f02e4fc1b2959ce6c4e *dw-3.5-contour-fresh-1080x1920.png
c546dfe682b3ae10bc3dd847ce01844052fb235307940152d8be4a33a585ab5c *dw-3.5-contour-fresh-1920x1080.png
02be123d3bf92696460694a6ad52585d5aa6db7adf6f8d53fecfc07ddabb7a12 *dw-3.5-contour-fresh-2560x1080.png
5bd10d8934414f4ef12280e28e6dbe34b851ac76ff12527a857e9ffd5c8c663e *dw-3.5-contour-fresh-2560x1600.png
535f45abd406e5b1cad502f979f366926e895fefb237905dffd404ba4760c5ab *dw-3.5-contour-fresh-3840x2160.png
ff4af1a46528ccee81838756b0141504186853f2d2122b930f2328b3ff6a63af *dw-3.5-contour-missing-1920x1080.png
6fa7bb8125629c3214693662ba9526ebe989209c00c965fbe39c3bc584c2ad77 *dw-3.5-contour-monday-1080x1920.png
2b45f977bc93c86f8b8c6e701221470061a80df8d271c5bee51ea88527edcead *dw-3.5-contour-monday-1920x1080.png
9ad733b00941a4813bbb8f3fa17840fd5df975181c94366722e89687494800a8 *dw-3.5-contour-monday-2560x1080.png
620e84d4d9c6840488073654ae4ebc05ac9e6c2c829ef4c851bfaa7864cad811 *dw-3.5-contour-monday-2560x1600.png
7b453413f73141611f0c970aaf1777b8b50054a384e66619fea1ee3f13c72d9a *dw-3.5-contour-monday-3840x2160.png
febb2b951393ae5a25583bb48714e216c2b1cbd4a55ad88325a108b7f3a128cb *dw-3.5-contour-negative-1080x1920.png
4206da4030ffd12c7929d94b644e2a68ae617db5974cdbb74857aa38e6dcf089 *dw-3.5-contour-negative-1920x1080.png
4206da4030ffd12c7929d94b644e2a68ae617db5974cdbb74857aa38e6dcf089 *dw-3.5-contour-negative-plain-1920x1080.png
be830f575c0c96a670bd8689cf6aca4619354b8fab789f02e4fc1b2959ce6c4e *dw-3.5-contour-stale2-1080x1920.png
c546dfe682b3ae10bc3dd847ce01844052fb235307940152d8be4a33a585ab5c *dw-3.5-contour-stale2-1920x1080.png
02be123d3bf92696460694a6ad52585d5aa6db7adf6f8d53fecfc07ddabb7a12 *dw-3.5-contour-stale2-2560x1080.png
5bd10d8934414f4ef12280e28e6dbe34b851ac76ff12527a857e9ffd5c8c663e *dw-3.5-contour-stale2-2560x1600.png
535f45abd406e5b1cad502f979f366926e895fefb237905dffd404ba4760c5ab *dw-3.5-contour-stale2-3840x2160.png
1e3cebfa9c08ca352d15abf59fe32aa4004f0c44148c1e85016e5bb41566400b *dw-3.5-contour-stale3-1080x1920.png
af0be4479eef091d2dea1ebaa1513e1bb028f924094b1de4e3435ddfe586f66b *dw-3.5-contour-stale3-1920x1080.png
0050c089c638ee2b1dc2623318ca3b25d9948f746c4e7f31331195d894daaaa4 *dw-3.5-contour-stale3-2560x1080.png
a3b3e627dc550e72eae0279ddffbe04b1b21f478adcf746464c29582138f738e *dw-3.5-contour-stale3-2560x1600.png
fe2b919a846ee39d7d29ec8adb36fca6ed66bdce34984aa2062f168521832d74 *dw-3.5-contour-stale3-3840x2160.png
681c534e763b888c5130241350c1ffb8030e418551133bfb52fd47481ea36622 *dw-3.5-ridgeline-contract-1920x1080.png
dc6ee159062a0fba4341a00ce58816e9d9fda9c7b462e00a7249a6bb2ec64d14 *dw-3.5-ridgeline-dsf-3840x2160.png
dc6ee159062a0fba4341a00ce58816e9d9fda9c7b462e00a7249a6bb2ec64d14 *dw-3.5-ridgeline-dsf-3840x2160-dsf1.5.png
ff4af1a46528ccee81838756b0141504186853f2d2122b930f2328b3ff6a63af *dw-3.5-ridgeline-empty-1920x1080.png
c7aabbe33bc3d4f0bae9063493a89518c0aced05c7f09f75be91f0f8edfa5062 *dw-3.5-ridgeline-flat-1080x1920.png
5d19c234197d9a658dc6c536bbca810d0d9606967f187b3407ca08e95aef5d9d *dw-3.5-ridgeline-flat-1920x1080.png
3bb311823fab09d383f0c9bdd0451b96c53745866131ad2bee0ee6baf04fa54a *dw-3.5-ridgeline-flat-2560x1080.png
37dc4ac8700de6c9758d3843c267906b48969bf0526bfdeb57feea7e3531dae8 *dw-3.5-ridgeline-flat-2560x1600.png
c8e0b98bfa2294f55865d8d7f4212a9abea8a92f2a93da91d96058b0fa70d600 *dw-3.5-ridgeline-flat-3840x2160.png
58db21af64d527dce2135b776822a2fe3cc34baa69c260f20d9e8fbce859ca3b *dw-3.5-ridgeline-fresh-1080x1920.png
681c534e763b888c5130241350c1ffb8030e418551133bfb52fd47481ea36622 *dw-3.5-ridgeline-fresh-1920x1080.png
41461cd8be040b375acd4c230c1e7f0ce2da093cb3ceb52658744be0f8b7dd52 *dw-3.5-ridgeline-fresh-2560x1080.png
d77c68a337d2365059321af062e85443a8541661a80aac2d941bfcfcaf853fe7 *dw-3.5-ridgeline-fresh-2560x1600.png
dc6ee159062a0fba4341a00ce58816e9d9fda9c7b462e00a7249a6bb2ec64d14 *dw-3.5-ridgeline-fresh-3840x2160.png
ff4af1a46528ccee81838756b0141504186853f2d2122b930f2328b3ff6a63af *dw-3.5-ridgeline-missing-1920x1080.png
b6f1ad2a805136e362882353d3b106994b2072e8d04f1eb7aa4a7a28fc85daa5 *dw-3.5-ridgeline-monday-1080x1920.png
9a98ea0640ca330c99e6cf2e8a566f44c24ab34a3094a07e11040add85366a1a *dw-3.5-ridgeline-monday-1920x1080.png
2e4f09e80fa403e85b0e48f7568ef4786373b9308e0eed3cf0244b20415593f4 *dw-3.5-ridgeline-monday-2560x1080.png
221d2a261f864a3da60a69f2db0130b2e2ba5880fe10610137e7947be1597ad1 *dw-3.5-ridgeline-monday-2560x1600.png
41662a05ddc701f42157a80c9a1e92f0023c389a1449bdf6a5baaa5c403887fc *dw-3.5-ridgeline-monday-3840x2160.png
c2e75d21a45560ce45e5077878d8dd92e13f8e4adfc50d43453104ba6725d420 *dw-3.5-ridgeline-negative-1080x1920.png
11853304ba632d4548b975a5bc376500814b7550eaf05bb20cb624d12d6f894b *dw-3.5-ridgeline-negative-1920x1080.png
11853304ba632d4548b975a5bc376500814b7550eaf05bb20cb624d12d6f894b *dw-3.5-ridgeline-negative-plain-1920x1080.png
58db21af64d527dce2135b776822a2fe3cc34baa69c260f20d9e8fbce859ca3b *dw-3.5-ridgeline-stale2-1080x1920.png
681c534e763b888c5130241350c1ffb8030e418551133bfb52fd47481ea36622 *dw-3.5-ridgeline-stale2-1920x1080.png
41461cd8be040b375acd4c230c1e7f0ce2da093cb3ceb52658744be0f8b7dd52 *dw-3.5-ridgeline-stale2-2560x1080.png
d77c68a337d2365059321af062e85443a8541661a80aac2d941bfcfcaf853fe7 *dw-3.5-ridgeline-stale2-2560x1600.png
dc6ee159062a0fba4341a00ce58816e9d9fda9c7b462e00a7249a6bb2ec64d14 *dw-3.5-ridgeline-stale2-3840x2160.png
b531d0936fefe5ccdf3be7911687007b28f5013fb933551be41af23cbd3225ac *dw-3.5-ridgeline-stale3-1080x1920.png
1f60681ade1c68fc3bcae4bc18aee72dfefce37fdb71d90aacbd7e2d6076c2f1 *dw-3.5-ridgeline-stale3-1920x1080.png
b83e76dd42a5b0a8e0212c112ff9f038252d3181e50e4c0d85635593452328ef *dw-3.5-ridgeline-stale3-2560x1080.png
d486d4f171c50367f590fa6ac1bbe3c03838730aa4c3ef339405c9d3cd877120 *dw-3.5-ridgeline-stale3-2560x1600.png
1e43052bbae801757f6e33945ceb962d95e1d44f91d0a371f4cde4f0f4c97dc8 *dw-3.5-ridgeline-stale3-3840x2160.png
55ef4881daad7aaddfd2ab7a75510104830134f9e6ed683b61f383e3275d1368 *sample-01-ridgeline-1080x1920.png
7c1932a43061d040ec2406b563ee181150b538fe13d595014ba243a28bb7e936 *sample-01-ridgeline-1920x1080.png
fe6dbffdf17047942de734196bf7f7da05a40bf4f007cdaef3f8a4ed26ad6070 *sample-07-contour-1080x1920.png
b1401746745a95e03f9509f4e27bb5238c3689514c4036dc11ea51ed7cfbf4b3 *sample-07-contour-1920x1080.png
9ef23a68ed162e6df9bafccad43a6e35bf1135c01bd43c35f9eecb8f9f8fd80b *dw-3.5-ridgeline-before-fix1-1080x1920.png
bad3152970bc01754e51299095247339e2e5da7335a9f31c9750c6b81cb77612 *dw-3.5-ridgeline-before-fix1-1920x1080.png
