# wallpaper-shots 2026-10-02T08:29:55.645Z  頁面=skyline.html  t=2026-10-02T12:00  tz=Asia/Taipei  fixture=/test-fixtures/tw_events_sample.json  離線比對=true  契約檢查=false  dsf=（不覆寫）  dsf 比對=否  反例模式=false
fixture 檔實際內容：形狀 bare、資料鍵 18 個、設定鍵 0 個
必要字型（PAGE_REQUIRED_FONTS）：plexmono-600、notosans-500
[3840x2160] 連線 OK  png=3039947B pngSha=d487c44d6d0f7d4f pixelSha=185645fda553b5a3 boxes=3 dpr=1 請求=17（全本機）資料鍵=18（bare） → .superpowers\sdd\scratch\3.6\full\dw-3.6-fresh-3840x2160.png
[3840x2160] 頁面摘要：TAIEX 20D  2026-09-02 – 2026-10-01｜資料 63 筆、K 20 根、MA20 20 根｜最右 2026-10-01 開 47,961.98 高 48,353.49 低 47,893.42 收 48,353.49（up）MA20 46,981.62｜範圍 45,398.43–48,601.53｜MA 在 K 下方 15、上方 2、穿過 3｜seed 20261001｜最近已收盤 2026-10-01，落後 0 個交易日｜過期標示：不顯示
[3840x2160] 離線 OK  對外 fetch 負向對照=blocked  頁面被攔截的請求數=0  pixelSha=185645fda553b5a3 pngSha=d487c44d6d0f7d4f
[3840x2160] 離線 vs 連線：像素逐像素相同；PNG 位元組相同
[3840x2160] 字型來源（離線）：IBMPlexMono-SemiBold.ttf(本機) NotoSansTC-VF.ttf(本機)
[3840x2160] document.fonts（離線）：Cinzel/400 900=unloaded LXGW WenKai TC/400=unloaded LXGW WenKai TC/700=unloaded Noto Serif TC/200 900=unloaded Noto Sans TC/100 900=loaded IBM Plex Mono/600=loaded
[2560x1600] 連線 OK  png=1750642B pngSha=068f3de494c0e5d4 pixelSha=e31a6f9483ccd520 boxes=3 dpr=1 請求=17（全本機）資料鍵=18（bare） → .superpowers\sdd\scratch\3.6\full\dw-3.6-fresh-2560x1600.png
[2560x1600] 頁面摘要：TAIEX 20D  2026-09-02 – 2026-10-01｜資料 63 筆、K 20 根、MA20 20 根｜最右 2026-10-01 開 47,961.98 高 48,353.49 低 47,893.42 收 48,353.49（up）MA20 46,981.62｜範圍 45,398.43–48,601.53｜MA 在 K 下方 15、上方 2、穿過 3｜seed 20261001｜最近已收盤 2026-10-01，落後 0 個交易日｜過期標示：不顯示
[2560x1600] 離線 OK  對外 fetch 負向對照=blocked  頁面被攔截的請求數=0  pixelSha=e31a6f9483ccd520 pngSha=068f3de494c0e5d4
[2560x1600] 離線 vs 連線：像素逐像素相同；PNG 位元組相同
[1920x1080] 連線 OK  png=963714B pngSha=28098d5c99482f0e pixelSha=fee02d9c3899e648 boxes=3 dpr=1 請求=17（全本機）資料鍵=18（bare） → .superpowers\sdd\scratch\3.6\full\dw-3.6-fresh-1920x1080.png
[1920x1080] 頁面摘要：TAIEX 20D  2026-09-02 – 2026-10-01｜資料 63 筆、K 20 根、MA20 20 根｜最右 2026-10-01 開 47,961.98 高 48,353.49 低 47,893.42 收 48,353.49（up）MA20 46,981.62｜範圍 45,398.43–48,601.53｜MA 在 K 下方 15、上方 2、穿過 3｜seed 20261001｜最近已收盤 2026-10-01，落後 0 個交易日｜過期標示：不顯示
[1920x1080] 離線 OK  對外 fetch 負向對照=blocked  頁面被攔截的請求數=0  pixelSha=fee02d9c3899e648 pngSha=28098d5c99482f0e
[1920x1080] 離線 vs 連線：像素逐像素相同；PNG 位元組相同
[2560x1080] 連線 OK  png=1211714B pngSha=ebbb0e794fdb2088 pixelSha=abfab44682ffa9ea boxes=3 dpr=1 請求=17（全本機）資料鍵=18（bare） → .superpowers\sdd\scratch\3.6\full\dw-3.6-fresh-2560x1080.png
[2560x1080] 頁面摘要：TAIEX 20D  2026-09-02 – 2026-10-01｜資料 63 筆、K 20 根、MA20 20 根｜最右 2026-10-01 開 47,961.98 高 48,353.49 低 47,893.42 收 48,353.49（up）MA20 46,981.62｜範圍 45,398.43–48,601.53｜MA 在 K 下方 15、上方 2、穿過 3｜seed 20261001｜最近已收盤 2026-10-01，落後 0 個交易日｜過期標示：不顯示
[2560x1080] 離線 OK  對外 fetch 負向對照=blocked  頁面被攔截的請求數=0  pixelSha=abfab44682ffa9ea pngSha=ebbb0e794fdb2088
[2560x1080] 離線 vs 連線：像素逐像素相同；PNG 位元組相同
[1080x1920] 連線 OK  png=1335390B pngSha=55d9d0d3169c166c pixelSha=2d78807651938dc0 boxes=3 dpr=1 請求=17（全本機）資料鍵=18（bare） → .superpowers\sdd\scratch\3.6\full\dw-3.6-fresh-1080x1920.png
[1080x1920] 頁面摘要：TAIEX 20D  2026-09-02 – 2026-10-01｜資料 63 筆、K 20 根、MA20 20 根｜最右 2026-10-01 開 47,961.98 高 48,353.49 低 47,893.42 收 48,353.49（up）MA20 46,981.62｜範圍 45,398.43–48,601.53｜MA 在 K 下方 15、上方 2、穿過 3｜seed 20261001｜最近已收盤 2026-10-01，落後 0 個交易日｜過期標示：不顯示
[1080x1920] 離線 OK  對外 fetch 負向對照=blocked  頁面被攔截的請求數=0  pixelSha=2d78807651938dc0 pngSha=55d9d0d3169c166c
[1080x1920] 離線 vs 連線：像素逐像素相同；PNG 位元組相同
結果：全部通過
