# wallpaper-shots 2026-10-02T07:46:32.552Z  頁面=contour.html  t=2026-10-02T12:00  tz=Asia/Taipei  fixture=/test-fixtures/tw_events_sample.json  離線比對=true  契約檢查=false  dsf=（不覆寫）  dsf 比對=否  反例模式=false
fixture 檔實際內容：形狀 bare、資料鍵 18 個、設定鍵 0 個
必要字型（PAGE_REQUIRED_FONTS）：plexmono-600、notosans-500
[3840x2160] 連線 OK  png=11264830B pngSha=535f45abd406e5b1 pixelSha=294c2c32040acbf1 boxes=4 dpr=1 請求=16（全本機）資料鍵=18（bare） → .superpowers\sdd\scratch\3.5\full\dw-3.5-contour-fresh-3840x2160.png
[3840x2160] 頁面摘要：TAIEX 2026-10-01 THU 09:00–13:25｜54 點｜高 48,331.47 低 47,927.14｜依高低點正規化｜seed 20261001｜最近已收盤 2026-10-01，落後 0 個交易日｜過期標示：不顯示｜標高：48,331.47、48,176.80、48,146.70
[3840x2160] 離線 OK  對外 fetch 負向對照=blocked  頁面被攔截的請求數=0  pixelSha=294c2c32040acbf1 pngSha=535f45abd406e5b1
[3840x2160] 離線 vs 連線：像素逐像素相同；PNG 位元組相同
[3840x2160] 字型來源（離線）：NotoSansTC-VF.ttf(本機) IBMPlexMono-SemiBold.ttf(本機)
[3840x2160] document.fonts（離線）：Cinzel/400 900=unloaded LXGW WenKai TC/400=unloaded LXGW WenKai TC/700=unloaded Noto Serif TC/200 900=unloaded Noto Sans TC/100 900=loaded IBM Plex Mono/600=loaded
[2560x1600] 連線 OK  png=6101616B pngSha=5bd10d8934414f4e pixelSha=e410a8e50ce45d5a boxes=4 dpr=1 請求=16（全本機）資料鍵=18（bare） → .superpowers\sdd\scratch\3.5\full\dw-3.5-contour-fresh-2560x1600.png
[2560x1600] 頁面摘要：TAIEX 2026-10-01 THU 09:00–13:25｜54 點｜高 48,331.47 低 47,927.14｜依高低點正規化｜seed 20261001｜最近已收盤 2026-10-01，落後 0 個交易日｜過期標示：不顯示｜標高：48,331.47、48,176.80、48,146.70
[2560x1600] 離線 OK  對外 fetch 負向對照=blocked  頁面被攔截的請求數=0  pixelSha=e410a8e50ce45d5a pngSha=5bd10d8934414f4e
[2560x1600] 離線 vs 連線：像素逐像素相同；PNG 位元組相同
[1920x1080] 連線 OK  png=3314850B pngSha=c546dfe682b3ae10 pixelSha=32b3368af3add7f0 boxes=4 dpr=1 請求=16（全本機）資料鍵=18（bare） → .superpowers\sdd\scratch\3.5\full\dw-3.5-contour-fresh-1920x1080.png
[1920x1080] 頁面摘要：TAIEX 2026-10-01 THU 09:00–13:25｜54 點｜高 48,331.47 低 47,927.14｜依高低點正規化｜seed 20261001｜最近已收盤 2026-10-01，落後 0 個交易日｜過期標示：不顯示｜標高：48,331.47、48,176.80、48,146.70
[1920x1080] 離線 OK  對外 fetch 負向對照=blocked  頁面被攔截的請求數=0  pixelSha=32b3368af3add7f0 pngSha=c546dfe682b3ae10
[1920x1080] 離線 vs 連線：像素逐像素相同；PNG 位元組相同
[2560x1080] 連線 OK  png=3989166B pngSha=02be123d3bf92696 pixelSha=634320b7fd12b6fc boxes=4 dpr=1 請求=16（全本機）資料鍵=18（bare） → .superpowers\sdd\scratch\3.5\full\dw-3.5-contour-fresh-2560x1080.png
[2560x1080] 頁面摘要：TAIEX 2026-10-01 THU 09:00–13:25｜54 點｜高 48,331.47 低 47,927.14｜依高低點正規化｜seed 20261001｜最近已收盤 2026-10-01，落後 0 個交易日｜過期標示：不顯示｜標高：48,331.47、48,176.80、48,146.70
[2560x1080] 離線 OK  對外 fetch 負向對照=blocked  頁面被攔截的請求數=0  pixelSha=634320b7fd12b6fc pngSha=02be123d3bf92696
[2560x1080] 離線 vs 連線：像素逐像素相同；PNG 位元組相同
[1080x1920] 連線 OK  png=3638054B pngSha=be830f575c0c96a6 pixelSha=65b76b4e9b6ef12e boxes=4 dpr=1 請求=16（全本機）資料鍵=18（bare） → .superpowers\sdd\scratch\3.5\full\dw-3.5-contour-fresh-1080x1920.png
[1080x1920] 頁面摘要：TAIEX 2026-10-01 THU 09:00–13:25｜54 點｜高 48,331.47 低 47,927.14｜依高低點正規化｜seed 20261001｜最近已收盤 2026-10-01，落後 0 個交易日｜過期標示：不顯示｜標高：48,331.47、48,176.80、48,146.70
[1080x1920] 離線 OK  對外 fetch 負向對照=blocked  頁面被攔截的請求數=0  pixelSha=65b76b4e9b6ef12e pngSha=be830f575c0c96a6
[1080x1920] 離線 vs 連線：像素逐像素相同；PNG 位元組相同
結果：全部通過
