2026-10-03T04:48:23.093 PRECHECK ok exe=D:\projects\finance-calendar-dynamic-wallpaper\host\target\release\fc-host.exe unlocked=true fcHostRunning=0 marker=present
2026-10-03T04:48:23.138 REAL-BEFORE EBWebView=2026-10-02T00:23:14.6417320Z wallpaper-renderer=absent wallpaper=absent logs=2026-10-01T16:54:15.1949307Z
2026-10-03T04:48:23.153 ISOLATION root=%TEMP%\fc-measure-4.5-20261003-044823
2026-10-03T04:48:23.392 START pid=13844 renders=3 timeoutSec=540 args=--self-test-render --render-log D:\projects\finance-calendar-dynamic-wallpaper\host\tools\evidence\dw-4.5-fix2-smoke-render.log --interval-secs 60 --warmup-secs 30 --tail-secs 30 --width 3840 --height 2160 --count 3 --timeout-at 2
2026-10-03T04:48:24.438 BROWSER pid=80936 group=widget --user-data-dir=%TEMP%\fc-measure-4.5-20261003-044823\webview2\EBWebView
2026-10-03T04:48:55.457 BROWSER pid=100140 group=renderer --user-data-dir=（讀不到，已結束）
2026-10-03T04:49:55.315 BROWSER pid=59744 group=renderer --user-data-dir=%TEMP%\fc-measure-4.5-20261003-044823\webview2\wallpaper-renderer\EBWebView
2026-10-03T04:50:55.234 BROWSER pid=102832 group=renderer --user-data-dir=（讀不到，已結束）
2026-10-03T04:51:25.363 BROWSERS 宿主直接子行程（各 WebView2 環境的 browser）共 4 個：widget=1 renderer=3
2026-10-03T04:51:25.371 EXIT code=0
2026-10-03T04:51:26.133 LEFTOVER stopped=[]
2026-10-03T04:51:31.172 RELAUNCH-CHECK fc-host=0
2026-10-03T04:51:31.186 UDF-GROUPS widget=[%TEMP%\fc-measure-4.5-20261003-044823\webview2\EBWebView] renderer=[%TEMP%\fc-measure-4.5-20261003-044823\webview2\wallpaper-renderer\EBWebView]
2026-10-03T04:51:31.200 INDEPENDENT ok 渲染視窗與小工具使用不同的 WebView2 使用者資料夾
2026-10-03T04:51:31.238 REAL-AFTER EBWebView=2026-10-02T00:23:14.6417320Z wallpaper-renderer=absent wallpaper=absent logs=2026-10-01T16:54:15.1949307Z
2026-10-03T04:51:31.276 RENDERER-UDF-FINAL wallpaper-renderer 12.56 MB／188 檔（宿主結束後）
2026-10-03T04:51:31.294 OUTPUT-FILES m-7ebe8f017cddc2d6-a.png(5175612 bytes) m-7ebe8f017cddc2d6-b.png(5220673 bytes)
2026-10-03T04:51:31.304 COPIED m-7ebe8f017cddc2d6-b.png -> D:\projects\finance-calendar-dynamic-wallpaper\host\tools\evidence\dw-4.5-fix2-smoke-last.png
2026-10-03T04:51:31.333 COPIED host log fc-host.2026-10-03.log -> D:\projects\finance-calendar-dynamic-wallpaper\host\tools\evidence\dw-4.5-fix2-smoke-host-fc-host.2026-10-03.log
2026-10-03T04:51:31.541 FORCED-TIMEOUT ok 第 2 次：視窗已關閉＝True，渲染那組行程在 640 ms 內結束
2026-10-03T04:51:31.740 CLEANUP removed %TEMP%\fc-measure-4.5-20261003-044823
2026-10-03T04:51:31.747 VERDICT PASS
