2026-10-03T04:48:23.401 [ INFO] fc_host: fc-host 啟動 version=0.1.0 pid=13844
2026-10-03T04:48:23.401 [ INFO] fc_host::desktop: 錯誤模式 0x0（原生當機會交給 WER）
2026-10-03T04:48:23.401 [ INFO] fc_host::desktop::instance: 啟動仲裁：啟動鎖=Acquired 角色=Primary
2026-10-03T04:48:23.403 [ INFO] fc_host::wallpaper_config: 主題設定檔 %TEMP%\fc-measure-4.5-20261003-044823\appdata\tw.fintools.fc-host\wallpaper-config.json 不存在，已寫出內建預設供編輯
2026-10-03T04:48:23.422 [ INFO] fc_host::desktop: 已向系統註冊重新啟動（RegisterApplicationRestart，命令列 --restarted）
2026-10-03T04:48:23.740 [ INFO] fc_host::desktop: 已訂閱 ProcessFailed widget=w-clock browserPid=Some(80936)
2026-10-03T04:48:23.806 [ INFO] fc_host::widgets: 資料訂閱 widget=w-clock channel=tw-events replaced=false
2026-10-03T04:48:23.892 [ INFO] fc_host::desktop: 已訂閱 ProcessFailed widget=w-macro browserPid=Some(80936)
2026-10-03T04:48:23.955 [ INFO] fc_host::widgets: 資料訂閱 widget=w-macro channel=tw-events replaced=false
2026-10-03T04:48:24.035 [ INFO] fc_host::desktop: 已訂閱 ProcessFailed widget=w-fixed browserPid=Some(80936)
2026-10-03T04:48:24.109 [ INFO] fc_host::widgets: 資料訂閱 widget=w-fixed channel=tw-events replaced=false
2026-10-03T04:48:24.122 [ INFO] fc_host::desktop: 已訂閱 ProcessFailed widget=w-dynamic browserPid=Some(80936)
2026-10-03T04:48:24.204 [ INFO] fc_host::widgets: 資料訂閱 widget=w-dynamic channel=tw-events replaced=false
2026-10-03T04:48:24.219 [ INFO] fc_host::desktop: 已訂閱 ProcessFailed widget=w-quotes browserPid=Some(80936)
2026-10-03T04:48:24.220 [ INFO] fc_host::wallpaper_render: 桌布渲染管線就緒：渲染視窗使用者資料夾 %TEMP%\fc-measure-4.5-20261003-044823\webview2\wallpaper-renderer（小工具那組：%TEMP%\fc-measure-4.5-20261003-044823\webview2）
2026-10-03T04:48:24.220 [ INFO] fc_host::self_test_render: self-test-render：START FC_HOST_SELF_TEST_RENDER_BUILD pid=13844 args=Args { log: "D:\\projects\\finance-calendar-dynamic-wallpaper\\host\\tools\\evidence\\dw-4.5-fix2-smoke-render.log", count: 3, interval: 60s, warmup: 30s, tail: 30s, width: 3840, height: 2160, theme: Astrolabe, fixture: true, timeout_at: Some(2), skip_render: false }
2026-10-03T04:48:24.220 [ INFO] fc_host::self_test_render: self-test-render：RENDERER-UDF %TEMP%\fc-measure-4.5-20261003-044823\webview2\wallpaper-renderer
2026-10-03T04:48:24.220 [ INFO] fc_host::self_test_render: self-test-render：OUTPUT dir=%TEMP%\fc-measure-4.5-20261003-044823\localappdata\tw.fintools.fc-host\wallpaper key=m-7ebe8f017cddc2d6
2026-10-03T04:48:24.220 [ INFO] fc_host::self_test_render: self-test-render：WARMUP 30 s
2026-10-03T04:48:24.309 [ INFO] fc_host::widgets: 資料訂閱 widget=w-quotes channel=tw-events replaced=false
2026-10-03T04:48:54.221 [ INFO] fc_host::self_test_render: self-test-render：RENDER-START n=1
2026-10-03T04:48:54.221 [ INFO] fc_host::wallpaper_render: 桌布渲染 #1 開始：astrolabe 3840×2160 t=2026-10-05T00:30:00Z tz=Asia/Taipei 螢幕 m-7ebe8f017cddc2d6
2026-10-03T04:48:55.065 [ INFO] fc_host::wallpaper_render: 桌布渲染 #1 完成：%TEMP%\fc-measure-4.5-20261003-044823\localappdata\tw.fintools.fc-host\wallpaper\m-7ebe8f017cddc2d6-a.png（a）建立 270 ms、頁面 553 ms、關窗 3 ms、寫檔 17 ms、本體 raw
2026-10-03T04:48:55.065 [ INFO] fc_host::self_test_render: self-test-render：RENDER-OK n=1 id=1 slot=A path=%TEMP%\fc-measure-4.5-20261003-044823\localappdata\tw.fintools.fc-host\wallpaper\m-7ebe8f017cddc2d6-a.png wh=3840x2160 body=raw open_ms=270.3 page_ms=553.4 to_png_ms=823.7 close_ms=3.0 write_ms=17.5 warnings=0
2026-10-03T04:48:55.065 [ INFO] fc_host::self_test_render: self-test-render：VERIFY n=1 dims=Some((3840, 2160)) expect=3840x2160 own_files=1 PASS
2026-10-03T04:49:54.221 [ INFO] fc_host::self_test_render: self-test-render：RENDER-START n=2
2026-10-03T04:49:54.221 [ INFO] fc_host::wallpaper_render: 桌布渲染 #2 開始：astrolabe 3840×2160 t=2026-10-05T00:45:00Z tz=Asia/Taipei 螢幕 m-7ebe8f017cddc2d6（頁面 wallpapers/__self-test-never-reports__.html）
2026-10-03T04:50:24.227 [ WARN] fc_host::wallpaper_render: 渲染 #2 失敗：30 秒內沒有收到回報（保留舊圖；視窗已關閉）
2026-10-03T04:50:24.227 [ INFO] fc_host::self_test_render: self-test-render：RENDER-FORCED-TIMEOUT n=2 id=Some(2) kind=Render window_closed=Some(true) elapsed_ms=30005.6 PASS 渲染 #2 失敗：30 秒內沒有收到回報
2026-10-03T04:50:54.221 [ INFO] fc_host::self_test_render: self-test-render：RENDER-START n=3
2026-10-03T04:50:54.221 [ INFO] fc_host::wallpaper_render: 桌布渲染 #3 開始：astrolabe 3840×2160 t=2026-10-05T01:00:00Z tz=Asia/Taipei 螢幕 m-7ebe8f017cddc2d6
2026-10-03T04:50:54.965 [ INFO] fc_host::wallpaper_render: 桌布渲染 #3 完成：%TEMP%\fc-measure-4.5-20261003-044823\localappdata\tw.fintools.fc-host\wallpaper\m-7ebe8f017cddc2d6-b.png（b）建立 261 ms、頁面 461 ms、關窗 3 ms、寫檔 18 ms、本體 raw
2026-10-03T04:50:54.965 [ INFO] fc_host::self_test_render: self-test-render：RENDER-OK n=3 id=3 slot=B path=%TEMP%\fc-measure-4.5-20261003-044823\localappdata\tw.fintools.fc-host\wallpaper\m-7ebe8f017cddc2d6-b.png wh=3840x2160 body=raw open_ms=261.4 page_ms=460.6 to_png_ms=722.0 close_ms=3.2 write_ms=18.2 warnings=0
2026-10-03T04:50:54.965 [ INFO] fc_host::self_test_render: self-test-render：VERIFY n=3 dims=Some((3840, 2160)) expect=3840x2160 own_files=2 PASS
2026-10-03T04:50:54.965 [ INFO] fc_host::self_test_render: self-test-render：RENDER-LOOP-END
2026-10-03T04:50:54.965 [ INFO] fc_host::self_test_render: self-test-render：TAIL 30 s
2026-10-03T04:51:24.966 [ INFO] fc_host::self_test_render: self-test-render：SUMMARY ok=3/3 to_png_median_ms=772.8 to_png_max_ms=823.7 open_median_ms=265.9 open_max_ms=270.3 page_median_ms=507.0 page_max_ms=553.4 close_median_ms=3.1
2026-10-03T04:51:24.966 [ INFO] fc_host::self_test_render: self-test-render：EXIT code=0
2026-10-03T04:51:24.966 [ INFO] fc_host: 事件迴圈：收到結束要求 code=0
2026-10-03T04:51:24.967 [ INFO] fc_host: 事件迴圈結束（RunEvent::Exit），行程即將結束
