BASIS 宿主＋全部 msedgewebview2 子孫的 PrivateMemorySize64（同 soak-6.2 total_private_mb）；取樣 4101 列
M1 每次渲染開始前（前一次關窗後的閒置水位）：n total_mb widget_mb host_mb renderer_mb renderer_procs
M1     1    479.8    469.1    10.7      0.0 0
M1     2    480.9    470.2    10.8      0.0 0
M1     3    466.6    455.0    11.6      0.0 0
M1     4    461.7    450.4    11.2      0.0 0
M1     5    461.7    451.0    10.6      0.0 0
M1     6    463.9    452.6    11.3      0.0 0
M1     7    463.4    452.9    10.5      0.0 0
M1     8    465.4    454.3    11.1      0.0 0
M1     9    466.2    455.4    10.8      0.0 0
M1    10    470.5    459.1    11.4      0.0 0
M1    11    468.6    455.9    12.8      0.0 0
M1    12    465.5    453.8    11.7      0.0 0
M1    13    466.4    454.9    11.4      0.0 0
M1    14    467.2    455.7    11.5      0.0 0
M1    15    467.6    455.7    11.9      0.0 0
M1    16    467.2    455.2    12.1      0.0 0
M1    17    464.6    453.5    11.0      0.0 0
M1    18    466.1    454.6    11.5      0.0 0
M1    19    467.6    455.0    12.6      0.0 0
M1    20    489.4    478.5    11.0      0.0 0
M1    21    466.6    455.4    11.2      0.0 0
M1    22    469.2    457.8    11.4      0.0 0
M1    23    466.7    455.4    11.3      0.0 0
M1    24    467.0    454.8    12.2      0.0 0
M1    25    467.5    454.8    12.7      0.0 0
M1    26    489.6    477.6    12.0      0.0 0
M1    27    466.9    454.9    12.0      0.0 0
M1    28    467.1    455.1    12.1      0.0 0
M1    29    465.1    453.7    11.4      0.0 0
M1    30    465.4    454.0    11.4      0.0 0
M1   結尾（最後一筆，尾段閒置後）total=502.7 widget=491.0 host=11.6 renderer=0.0 renderer_procs=0
M1 小工具那組：第 1→2 次增量 1.10 MB；第 2 次起斜率 0.104 MB／次（29 點）；首→末 469.1→454.0
M1 宿主本身：第 2 次起斜率 0.031 MB／次；整棵樹：第 2 次起斜率 0.134 MB／次（×60.0 次／時＝8.0 MB／時）
M1 整棵樹首→末 479.8→465.4 MB（-3.0%）
M2 每次：n ok to_png_ms open_ms page_ms close_ms 渲染那組峰值MB 關窗後歸零ms（取樣解析度）
M2     1 True   821.5     271   550.5    3.1   208.0 1914
M2     2 True   700.6   247.6     453    3.3   273.5 627
M2     3 True   728.1   253.6   474.5    3.4    12.5 209
M2     4 True   702.6   254.9   447.7    3.4    66.0 278
M2     5 True   693.6   257.1   436.5    3.6    56.7 230
M2     6 True   708.4   271.3   437.1    3.4    36.5 667
M2     7 True   700.3   250.6   449.7    4.1    37.8 678
M2     8 True   692.9   254.9     438    3.5    51.6 254
M2     9 True   687.8   249.6   438.2    3.5    71.7 350
M2    10 True   679.1   249.9   429.2    3.5    53.1 336
M2    11 True   704.9   258.6   446.3    3.5    16.5 241
M2    12 True   703.5   268.1   435.5    4.2     9.0 277
M2    13 True   726.3   272.8   453.5    3.5    29.7 245
M2    14 True   706.6   248.1   458.5    3.4    37.0 309
M2    15 True   747.9   297.5   450.3    3.4    87.5 306
M2    16 True   698.4   244.7   453.7    3.5    68.1 328
M2    17 True   747.3   299.7   447.5    3.4   150.3 376
M2    18 True   725.6     268   457.7    3.3   133.5 463
M2    19 True     715   255.8   459.2    3.5    13.3 216
M2    20 True   680.3   243.9   436.4    3.9   416.7 568
M2    21 True   713.8     257   456.8    3.8    99.8 351
M2    22 True   695.9   245.3   450.6    3.9   143.6 405
M2    23 True   719.9   257.6   462.3    3.9    90.0 360
M2    24 True   685.9   249.5   436.3    3.5   140.0 470
M2    25 True     689     254   435.1    3.4   148.5 497
M2    26 True   711.5   250.4   461.1    3.5   181.7 541
M2    27 True   719.6   256.4   463.2    3.1   163.5 462
M2    28 True   774.3   291.6   482.7    3.8    90.3 414
M2    29 True     691   246.7   444.4    4.3   153.0 437
M2    30 True   704.8   253.1   451.8    2.8    71.4 268
M2 成功 30/30；冷啟動（to_png＝建立視窗＋載入＋繪製＋收到 PNG）中位數 704.8 ms、最大 821.5 ms；建立視窗（含新 browser 行程）中位數 254.9 ms、最大 299.7 ms
M2 關窗後渲染那組行程全部結束：30/30 次歸零；歸零時間中位數 355.5 ms、最大 1914 ms；未歸零 0 次；尾段 renderer_procs=0 renderer_mb=0.0
M3 整棵樹峰值 920.7 MB；曲線見 CSV（total_private_mb）
HOST 1790951853438 RENDERER-UDF %TEMP%\fc-measure-4.5-20261002-223732\webview2\wallpaper-renderer
HOST 1790953954172 SUMMARY ok=30/30 to_png_median_ms=704.9 to_png_max_ms=821.5 open_median_ms=254.9 open_max_ms=299.7 page_median_ms=450.5 page_max_ms=550.5 close_median_ms=3.5
