BASIS 宿主＋全部 msedgewebview2 子孫的 PrivateMemorySize64（同 soak-6.2 total_private_mb）；取樣 3881 列；對照組（--skip-render，不渲染）
M1 每次渲染開始前（前一次關窗後的閒置水位）：n total_mb widget_mb host_mb renderer_mb renderer_procs
M1     1    460.4    449.8    10.6      0.0 0
M1     2    468.0    457.4    10.6      0.0 0
M1     3    468.6    458.0    10.6      0.0 0
M1     4    466.7    456.1    10.6      0.0 0
M1     5    469.4    458.8    10.6      0.0 0
M1     6    468.4    457.8    10.6      0.0 0
M1     7    469.3    458.7    10.6      0.0 0
M1     8    469.2    458.6    10.6      0.0 0
M1     9    470.4    459.8    10.6      0.0 0
M1   結尾穩態（尾段後半、宿主結束前 2 秒以前的閒置樣本中位數，74 筆）total=470.3 widget=459.7 host=10.7 renderer_procs=0
M1 小工具那組：第 1→2 次增量 7.60 MB；第 2 次起斜率 0.317 MB／次（8 點）；首→末 449.8→459.8
M1 宿主本身：第 2 次起斜率 0.000 MB／次；整棵樹：第 2 次起斜率 0.317 MB／次（×4.0 次／時＝1.3 MB／時）
M1 整棵樹首→末 460.4→470.4 MB（+2.2%）
M1 暖機後（第 600 秒起，8 點）：小工具那組斜率 0.317 MB／次、整棵樹 0.317 MB／次；整棵樹 468.0→470.4
SLOPE 完整（第 300–7,501 秒，閒置樣本 3581 筆）：整棵樹 +1.91 MB／時、小工具那組 +1.92、宿主 -0.01；整棵樹中位數 468.5 MB
SLOPE 暖機後（第 600–7,501 秒，閒置樣本 3432 筆）：整棵樹 +1.43 MB／時、小工具那組 +1.44、宿主 -+0.00；整棵樹中位數 468.6 MB
UDF 渲染視窗資料夾（wallpaper-renderer）大小：第一次有內容 0 MB／0 檔 → 最後 0.00 MB／0 檔；最大 0 MB
M3 整棵樹峰值 544.6 MB；曲線見 CSV（total_private_mb）
HOST 1790965638945 RENDERER-UDF %TEMP%\fc-measure-4.5-20261003-022718\webview2\wallpaper-renderer
HOST 1790973438970 SUMMARY ok=9/9 to_png_median_ms=NaN to_png_max_ms=NaN open_median_ms=NaN open_max_ms=NaN page_median_ms=NaN page_max_ms=NaN close_median_ms=NaN
