1790965638945 START FC_HOST_SELF_TEST_RENDER_BUILD pid=106412 args=Args { log: "D:\\projects\\finance-calendar-dynamic-wallpaper\\host\\tools\\evidence\\dw-4.5-formal-control-render.log", count: 9, interval: 900s, warmup: 300s, tail: 300s, width: 3840, height: 2160, theme: Astrolabe, fixture: true, timeout_at: None, skip_render: true }
1790965638945 RENDERER-UDF %TEMP%\fc-measure-4.5-20261003-022718\webview2\wallpaper-renderer
1790965638945 OUTPUT dir=%TEMP%\fc-measure-4.5-20261003-022718\localappdata\tw.fintools.fc-host\wallpaper key=m-7ebe8f017cddc2d6
1790965638945 WARMUP 300 s
1790965938947 RENDER-START n=1
1790965938947 RENDER-SKIPPED n=1
1790966838951 RENDER-START n=2
1790966838951 RENDER-SKIPPED n=2
1790967738955 RENDER-START n=3
1790967738955 RENDER-SKIPPED n=3
1790968638959 RENDER-START n=4
1790968638959 RENDER-SKIPPED n=4
1790969538961 RENDER-START n=5
1790969538961 RENDER-SKIPPED n=5
1790970438963 RENDER-START n=6
1790970438963 RENDER-SKIPPED n=6
1790971338965 RENDER-START n=7
1790971338965 RENDER-SKIPPED n=7
1790972238967 RENDER-START n=8
1790972238967 RENDER-SKIPPED n=8
1790973138969 RENDER-START n=9
1790973138969 RENDER-SKIPPED n=9
1790973138969 RENDER-LOOP-END
1790973138969 TAIL 300 s
1790973438970 SUMMARY ok=9/9 to_png_median_ms=NaN to_png_max_ms=NaN open_median_ms=NaN open_max_ms=NaN page_median_ms=NaN page_max_ms=NaN close_median_ms=NaN
1790973438970 EXIT code=0
