2026-10-03T00:12:25.984 [ INFO] fc_host: fc-host 啟動 version=0.1.0 pid=76576
2026-10-03T00:12:25.984 [ INFO] fc_host::desktop: 錯誤模式 0x0（原生當機會交給 WER）
2026-10-03T00:12:25.984 [ INFO] fc_host::desktop::instance: 啟動仲裁：啟動鎖=Acquired 角色=Primary
2026-10-03T00:12:26.002 [ INFO] fc_host::desktop: 已向系統註冊重新啟動（RegisterApplicationRestart，命令列 --restarted）
2026-10-03T00:12:26.299 [ INFO] fc_host::desktop: 已訂閱 ProcessFailed widget=w-clock browserPid=Some(107208)
2026-10-03T00:12:26.363 [ INFO] fc_host::widgets: 資料訂閱 widget=w-clock channel=tw-events replaced=false
2026-10-03T00:12:26.391 [ INFO] fc_host::desktop: 已訂閱 ProcessFailed widget=w-macro browserPid=Some(107208)
2026-10-03T00:12:26.491 [ INFO] fc_host::widgets: 資料訂閱 widget=w-macro channel=tw-events replaced=false
2026-10-03T00:12:26.505 [ INFO] fc_host::desktop: 已訂閱 ProcessFailed widget=w-fixed browserPid=Some(107208)
2026-10-03T00:12:26.582 [ INFO] fc_host::widgets: 資料訂閱 widget=w-fixed channel=tw-events replaced=false
2026-10-03T00:12:26.609 [ INFO] fc_host::desktop: 已訂閱 ProcessFailed widget=w-dynamic browserPid=Some(107208)
2026-10-03T00:12:26.700 [ INFO] fc_host::widgets: 資料訂閱 widget=w-dynamic channel=tw-events replaced=false
2026-10-03T00:12:26.713 [ INFO] fc_host::desktop: 已訂閱 ProcessFailed widget=w-quotes browserPid=Some(107208)
2026-10-03T00:12:26.714 [ INFO] fc_host::wallpaper_render: 桌布渲染管線就緒：渲染視窗使用者資料夾 %TEMP%\fc-measure-4.5-20261003-001225\webview2\wallpaper-renderer（小工具那組：%TEMP%\fc-measure-4.5-20261003-001225\webview2）
2026-10-03T00:12:26.714 [ INFO] fc_host::self_test_render: self-test-render：START FC_HOST_SELF_TEST_RENDER_BUILD pid=76576 args=Args { log: "D:\\projects\\finance-calendar-dynamic-wallpaper\\host\\tools\\evidence\\dw-4.5-smoke-fix1-control-render.log", count: 2, interval: 20s, warmup: 10s, tail: 10s, width: 3840, height: 2160, theme: Astrolabe, fixture: true, timeout_at: None, skip_render: true }
2026-10-03T00:12:26.714 [ INFO] fc_host::self_test_render: self-test-render：RENDERER-UDF %TEMP%\fc-measure-4.5-20261003-001225\webview2\wallpaper-renderer
2026-10-03T00:12:26.714 [ INFO] fc_host::self_test_render: self-test-render：OUTPUT dir=%TEMP%\fc-measure-4.5-20261003-001225\localappdata\tw.fintools.fc-host\wallpaper key=m-7ebe8f017cddc2d6
2026-10-03T00:12:26.715 [ INFO] fc_host::self_test_render: self-test-render：WARMUP 10 s
2026-10-03T00:12:26.804 [ INFO] fc_host::widgets: 資料訂閱 widget=w-quotes channel=tw-events replaced=false
2026-10-03T00:12:36.716 [ INFO] fc_host::self_test_render: self-test-render：RENDER-START n=1
2026-10-03T00:12:36.716 [ INFO] fc_host::self_test_render: self-test-render：RENDER-SKIPPED n=1
2026-10-03T00:12:56.716 [ INFO] fc_host::self_test_render: self-test-render：RENDER-START n=2
2026-10-03T00:12:56.716 [ INFO] fc_host::self_test_render: self-test-render：RENDER-SKIPPED n=2
2026-10-03T00:12:56.716 [ INFO] fc_host::self_test_render: self-test-render：RENDER-LOOP-END
2026-10-03T00:12:56.716 [ INFO] fc_host::self_test_render: self-test-render：TAIL 10 s
2026-10-03T00:13:06.716 [ INFO] fc_host::self_test_render: self-test-render：SUMMARY ok=2/2 to_png_median_ms=NaN to_png_max_ms=NaN open_median_ms=NaN open_max_ms=NaN page_median_ms=NaN page_max_ms=NaN close_median_ms=NaN
2026-10-03T00:13:06.716 [ INFO] fc_host::self_test_render: self-test-render：EXIT code=0
2026-10-03T00:13:06.716 [ INFO] fc_host: 事件迴圈：收到結束要求 code=0
2026-10-03T00:13:06.717 [ INFO] fc_host: 事件迴圈結束（RunEvent::Exit），行程即將結束
