2026-10-02T22:35:38.129 [ INFO] fc_host: fc-host 啟動 version=0.1.0 pid=107188
2026-10-02T22:35:38.129 [ INFO] fc_host::desktop: 錯誤模式 0x0（原生當機會交給 WER）
2026-10-02T22:35:38.129 [ INFO] fc_host::desktop::instance: 啟動仲裁：啟動鎖=Acquired 角色=Primary
2026-10-02T22:35:38.146 [ INFO] fc_host::desktop: 已向系統註冊重新啟動（RegisterApplicationRestart，命令列 --restarted）
2026-10-02T22:35:38.427 [ INFO] fc_host::desktop: 已訂閱 ProcessFailed widget=w-clock browserPid=Some(88508)
2026-10-02T22:35:38.524 [ INFO] fc_host::widgets: 資料訂閱 widget=w-clock channel=tw-events replaced=false
2026-10-02T22:35:38.539 [ INFO] fc_host::desktop: 已訂閱 ProcessFailed widget=w-macro browserPid=Some(88508)
2026-10-02T22:35:38.614 [ INFO] fc_host::widgets: 資料訂閱 widget=w-macro channel=tw-events replaced=false
2026-10-02T22:35:38.629 [ INFO] fc_host::desktop: 已訂閱 ProcessFailed widget=w-fixed browserPid=Some(88508)
2026-10-02T22:35:38.698 [ INFO] fc_host::widgets: 資料訂閱 widget=w-fixed channel=tw-events replaced=false
2026-10-02T22:35:38.729 [ INFO] fc_host::desktop: 已訂閱 ProcessFailed widget=w-dynamic browserPid=Some(88508)
2026-10-02T22:35:38.816 [ INFO] fc_host::widgets: 資料訂閱 widget=w-dynamic channel=tw-events replaced=false
2026-10-02T22:35:38.829 [ INFO] fc_host::desktop: 已訂閱 ProcessFailed widget=w-quotes browserPid=Some(88508)
2026-10-02T22:35:38.829 [ INFO] fc_host::wallpaper_render: 桌布渲染管線就緒：渲染視窗使用者資料夾 %TEMP%\fc-measure-4.5-20261002-223538\webview2\wallpaper-renderer（小工具那組：%TEMP%\fc-measure-4.5-20261002-223538\webview2）
2026-10-02T22:35:38.830 [ INFO] fc_host::self_test_render: self-test-render：START FC_HOST_SELF_TEST_RENDER_BUILD pid=107188 args=Args { log: "D:\\projects\\finance-calendar-dynamic-wallpaper\\host\\tools\\evidence\\dw-4.5-4k-render.log", count: 1, interval: 60s, warmup: 30s, tail: 15s, width: 3840, height: 2160, theme: Astrolabe, fixture: true }
2026-10-02T22:35:38.830 [ INFO] fc_host::self_test_render: self-test-render：RENDERER-UDF %TEMP%\fc-measure-4.5-20261002-223538\webview2\wallpaper-renderer
2026-10-02T22:35:38.830 [ INFO] fc_host::self_test_render: self-test-render：OUTPUT dir=%TEMP%\fc-measure-4.5-20261002-223538\localappdata\tw.fintools.fc-host\wallpaper key=m-7ebe8f017cddc2d6
2026-10-02T22:35:38.830 [ INFO] fc_host::self_test_render: self-test-render：WARMUP 30 s
2026-10-02T22:35:38.916 [ INFO] fc_host::widgets: 資料訂閱 widget=w-quotes channel=tw-events replaced=false
2026-10-02T22:36:08.831 [ INFO] fc_host::self_test_render: self-test-render：RENDER-START n=1
2026-10-02T22:36:08.831 [ INFO] fc_host::wallpaper_render: 桌布渲染 #1 開始：astrolabe 3840×2160 t=2026-10-05T00:30:00Z tz=Asia/Taipei 螢幕 m-7ebe8f017cddc2d6
2026-10-02T22:36:09.654 [ INFO] fc_host::wallpaper_render: 桌布渲染 #1 完成：%TEMP%\fc-measure-4.5-20261002-223538\localappdata\tw.fintools.fc-host\wallpaper\m-7ebe8f017cddc2d6-a.png（a）建立 249 ms、頁面 552 ms、關窗 4 ms、寫檔 18 ms、本體 raw
2026-10-02T22:36:09.654 [ INFO] fc_host::self_test_render: self-test-render：RENDER-OK n=1 id=1 slot=A path=%TEMP%\fc-measure-4.5-20261002-223538\localappdata\tw.fintools.fc-host\wallpaper\m-7ebe8f017cddc2d6-a.png wh=3840x2160 body=raw open_ms=249.4 page_ms=551.8 to_png_ms=801.2 close_ms=3.7 write_ms=17.7 warnings=0
2026-10-02T22:36:09.655 [ INFO] fc_host::self_test_render: self-test-render：VERIFY n=1 dims=Some((3840, 2160)) expect=3840x2160 own_files=1 PASS
2026-10-02T22:36:09.655 [ INFO] fc_host::self_test_render: self-test-render：RENDER-LOOP-END
2026-10-02T22:36:09.655 [ INFO] fc_host::self_test_render: self-test-render：TAIL 15 s
2026-10-02T22:36:24.655 [ INFO] fc_host::self_test_render: self-test-render：SUMMARY ok=1/1 to_png_median_ms=801.2 to_png_max_ms=801.2 open_median_ms=249.4 open_max_ms=249.4 page_median_ms=551.8 page_max_ms=551.8 close_median_ms=3.7
2026-10-02T22:36:24.655 [ INFO] fc_host::self_test_render: self-test-render：EXIT code=0
2026-10-02T22:36:24.656 [ INFO] fc_host: 事件迴圈：收到結束要求 code=0
2026-10-02T22:36:24.659 [ INFO] fc_host: 事件迴圈結束（RunEvent::Exit），行程即將結束
