2026-10-02T22:37:32.697 [ INFO] fc_host: fc-host 啟動 version=0.1.0 pid=47428
2026-10-02T22:37:32.697 [ INFO] fc_host::desktop: 錯誤模式 0x0（原生當機會交給 WER）
2026-10-02T22:37:32.697 [ INFO] fc_host::desktop::instance: 啟動仲裁：啟動鎖=Acquired 角色=Primary
2026-10-02T22:37:32.713 [ INFO] fc_host::desktop: 已向系統註冊重新啟動（RegisterApplicationRestart，命令列 --restarted）
2026-10-02T22:37:33.030 [ INFO] fc_host::desktop: 已訂閱 ProcessFailed widget=w-clock browserPid=Some(21776)
2026-10-02T22:37:33.120 [ INFO] fc_host::widgets: 資料訂閱 widget=w-clock channel=tw-events replaced=false
2026-10-02T22:37:33.133 [ INFO] fc_host::desktop: 已訂閱 ProcessFailed widget=w-macro browserPid=Some(21776)
2026-10-02T22:37:33.206 [ INFO] fc_host::widgets: 資料訂閱 widget=w-macro channel=tw-events replaced=false
2026-10-02T22:37:33.223 [ INFO] fc_host::desktop: 已訂閱 ProcessFailed widget=w-fixed browserPid=Some(21776)
2026-10-02T22:37:33.297 [ INFO] fc_host::widgets: 資料訂閱 widget=w-fixed channel=tw-events replaced=false
2026-10-02T22:37:33.326 [ INFO] fc_host::desktop: 已訂閱 ProcessFailed widget=w-dynamic browserPid=Some(21776)
2026-10-02T22:37:33.420 [ INFO] fc_host::widgets: 資料訂閱 widget=w-dynamic channel=tw-events replaced=false
2026-10-02T22:37:33.436 [ INFO] fc_host::desktop: 已訂閱 ProcessFailed widget=w-quotes browserPid=Some(21776)
2026-10-02T22:37:33.437 [ INFO] fc_host::wallpaper_render: 桌布渲染管線就緒：渲染視窗使用者資料夾 %TEMP%\fc-measure-4.5-20261002-223732\webview2\wallpaper-renderer（小工具那組：%TEMP%\fc-measure-4.5-20261002-223732\webview2）
2026-10-02T22:37:33.437 [ INFO] fc_host::self_test_render: self-test-render：START FC_HOST_SELF_TEST_RENDER_BUILD pid=47428 args=Args { log: "D:\\projects\\finance-calendar-dynamic-wallpaper\\host\\tools\\evidence\\dw-4.5-accel-render.log", count: 30, interval: 60s, warmup: 180s, tail: 180s, width: 3840, height: 2160, theme: Astrolabe, fixture: true }
2026-10-02T22:37:33.437 [ INFO] fc_host::self_test_render: self-test-render：RENDERER-UDF %TEMP%\fc-measure-4.5-20261002-223732\webview2\wallpaper-renderer
2026-10-02T22:37:33.437 [ INFO] fc_host::self_test_render: self-test-render：OUTPUT dir=%TEMP%\fc-measure-4.5-20261002-223732\localappdata\tw.fintools.fc-host\wallpaper key=m-7ebe8f017cddc2d6
2026-10-02T22:37:33.437 [ INFO] fc_host::self_test_render: self-test-render：WARMUP 180 s
2026-10-02T22:37:33.532 [ INFO] fc_host::widgets: 資料訂閱 widget=w-quotes channel=tw-events replaced=false
2026-10-02T22:40:33.439 [ INFO] fc_host::self_test_render: self-test-render：RENDER-START n=1
2026-10-02T22:40:33.439 [ INFO] fc_host::wallpaper_render: 桌布渲染 #1 開始：astrolabe 3840×2160 t=2026-10-05T00:30:00Z tz=Asia/Taipei 螢幕 m-7ebe8f017cddc2d6
2026-10-02T22:40:34.281 [ INFO] fc_host::wallpaper_render: 桌布渲染 #1 完成：%TEMP%\fc-measure-4.5-20261002-223732\localappdata\tw.fintools.fc-host\wallpaper\m-7ebe8f017cddc2d6-a.png（a）建立 271 ms、頁面 550 ms、關窗 3 ms、寫檔 17 ms、本體 raw
2026-10-02T22:40:34.282 [ INFO] fc_host::self_test_render: self-test-render：RENDER-OK n=1 id=1 slot=A path=%TEMP%\fc-measure-4.5-20261002-223732\localappdata\tw.fintools.fc-host\wallpaper\m-7ebe8f017cddc2d6-a.png wh=3840x2160 body=raw open_ms=271.0 page_ms=550.5 to_png_ms=821.5 close_ms=3.1 write_ms=17.5 warnings=0
2026-10-02T22:40:34.282 [ INFO] fc_host::self_test_render: self-test-render：VERIFY n=1 dims=Some((3840, 2160)) expect=3840x2160 own_files=1 PASS
2026-10-02T22:41:33.439 [ INFO] fc_host::self_test_render: self-test-render：RENDER-START n=2
2026-10-02T22:41:33.439 [ INFO] fc_host::wallpaper_render: 桌布渲染 #2 開始：astrolabe 3840×2160 t=2026-10-05T00:45:00Z tz=Asia/Taipei 螢幕 m-7ebe8f017cddc2d6
2026-10-02T22:41:34.154 [ INFO] fc_host::wallpaper_render: 桌布渲染 #2 完成：%TEMP%\fc-measure-4.5-20261002-223732\localappdata\tw.fintools.fc-host\wallpaper\m-7ebe8f017cddc2d6-b.png（b）建立 248 ms、頁面 453 ms、關窗 3 ms、寫檔 12 ms、本體 raw
2026-10-02T22:41:34.154 [ INFO] fc_host::self_test_render: self-test-render：RENDER-OK n=2 id=2 slot=B path=%TEMP%\fc-measure-4.5-20261002-223732\localappdata\tw.fintools.fc-host\wallpaper\m-7ebe8f017cddc2d6-b.png wh=3840x2160 body=raw open_ms=247.6 page_ms=453.0 to_png_ms=700.6 close_ms=3.3 write_ms=11.8 warnings=0
2026-10-02T22:41:34.156 [ INFO] fc_host::self_test_render: self-test-render：VERIFY n=2 dims=Some((3840, 2160)) expect=3840x2160 own_files=2 PASS
2026-10-02T22:42:33.440 [ INFO] fc_host::self_test_render: self-test-render：RENDER-START n=3
2026-10-02T22:42:33.440 [ INFO] fc_host::wallpaper_render: 桌布渲染 #3 開始：astrolabe 3840×2160 t=2026-10-05T01:00:00Z tz=Asia/Taipei 螢幕 m-7ebe8f017cddc2d6
2026-10-02T22:42:34.189 [ INFO] fc_host::wallpaper_render: 桌布渲染 #3 完成：%TEMP%\fc-measure-4.5-20261002-223732\localappdata\tw.fintools.fc-host\wallpaper\m-7ebe8f017cddc2d6-a.png（a）建立 254 ms、頁面 475 ms、關窗 3 ms、寫檔 18 ms、本體 raw
2026-10-02T22:42:34.189 [ INFO] fc_host::self_test_render: self-test-render：RENDER-OK n=3 id=3 slot=A path=%TEMP%\fc-measure-4.5-20261002-223732\localappdata\tw.fintools.fc-host\wallpaper\m-7ebe8f017cddc2d6-a.png wh=3840x2160 body=raw open_ms=253.6 page_ms=474.5 to_png_ms=728.1 close_ms=3.4 write_ms=17.7 warnings=0
2026-10-02T22:42:34.189 [ INFO] fc_host::self_test_render: self-test-render：VERIFY n=3 dims=Some((3840, 2160)) expect=3840x2160 own_files=2 PASS
2026-10-02T22:43:33.440 [ INFO] fc_host::self_test_render: self-test-render：RENDER-START n=4
2026-10-02T22:43:33.440 [ INFO] fc_host::wallpaper_render: 桌布渲染 #4 開始：astrolabe 3840×2160 t=2026-10-05T01:15:00Z tz=Asia/Taipei 螢幕 m-7ebe8f017cddc2d6
2026-10-02T22:43:34.166 [ INFO] fc_host::wallpaper_render: 桌布渲染 #4 完成：%TEMP%\fc-measure-4.5-20261002-223732\localappdata\tw.fintools.fc-host\wallpaper\m-7ebe8f017cddc2d6-b.png（b）建立 255 ms、頁面 448 ms、關窗 3 ms、寫檔 20 ms、本體 raw
2026-10-02T22:43:34.166 [ INFO] fc_host::self_test_render: self-test-render：RENDER-OK n=4 id=4 slot=B path=%TEMP%\fc-measure-4.5-20261002-223732\localappdata\tw.fintools.fc-host\wallpaper\m-7ebe8f017cddc2d6-b.png wh=3840x2160 body=raw open_ms=254.9 page_ms=447.7 to_png_ms=702.6 close_ms=3.4 write_ms=19.6 warnings=0
2026-10-02T22:43:34.166 [ INFO] fc_host::self_test_render: self-test-render：VERIFY n=4 dims=Some((3840, 2160)) expect=3840x2160 own_files=2 PASS
2026-10-02T22:44:33.440 [ INFO] fc_host::self_test_render: self-test-render：RENDER-START n=5
2026-10-02T22:44:33.440 [ INFO] fc_host::wallpaper_render: 桌布渲染 #5 開始：astrolabe 3840×2160 t=2026-10-05T01:30:00Z tz=Asia/Taipei 螢幕 m-7ebe8f017cddc2d6
2026-10-02T22:44:34.155 [ INFO] fc_host::wallpaper_render: 桌布渲染 #5 完成：%TEMP%\fc-measure-4.5-20261002-223732\localappdata\tw.fintools.fc-host\wallpaper\m-7ebe8f017cddc2d6-a.png（a）建立 257 ms、頁面 437 ms、關窗 4 ms、寫檔 18 ms、本體 raw
2026-10-02T22:44:34.155 [ INFO] fc_host::self_test_render: self-test-render：RENDER-OK n=5 id=5 slot=A path=%TEMP%\fc-measure-4.5-20261002-223732\localappdata\tw.fintools.fc-host\wallpaper\m-7ebe8f017cddc2d6-a.png wh=3840x2160 body=raw open_ms=257.1 page_ms=436.5 to_png_ms=693.6 close_ms=3.6 write_ms=17.8 warnings=0
2026-10-02T22:44:34.155 [ INFO] fc_host::self_test_render: self-test-render：VERIFY n=5 dims=Some((3840, 2160)) expect=3840x2160 own_files=2 PASS
2026-10-02T22:45:33.441 [ INFO] fc_host::self_test_render: self-test-render：RENDER-START n=6
2026-10-02T22:45:33.441 [ INFO] fc_host::wallpaper_render: 桌布渲染 #6 開始：astrolabe 3840×2160 t=2026-10-05T01:45:00Z tz=Asia/Taipei 螢幕 m-7ebe8f017cddc2d6
2026-10-02T22:45:34.171 [ INFO] fc_host::wallpaper_render: 桌布渲染 #6 完成：%TEMP%\fc-measure-4.5-20261002-223732\localappdata\tw.fintools.fc-host\wallpaper\m-7ebe8f017cddc2d6-b.png（b）建立 271 ms、頁面 437 ms、關窗 3 ms、寫檔 19 ms、本體 raw
2026-10-02T22:45:34.171 [ INFO] fc_host::self_test_render: self-test-render：RENDER-OK n=6 id=6 slot=B path=%TEMP%\fc-measure-4.5-20261002-223732\localappdata\tw.fintools.fc-host\wallpaper\m-7ebe8f017cddc2d6-b.png wh=3840x2160 body=raw open_ms=271.3 page_ms=437.1 to_png_ms=708.4 close_ms=3.4 write_ms=18.5 warnings=0
2026-10-02T22:45:34.172 [ INFO] fc_host::self_test_render: self-test-render：VERIFY n=6 dims=Some((3840, 2160)) expect=3840x2160 own_files=2 PASS
2026-10-02T22:46:33.441 [ INFO] fc_host::self_test_render: self-test-render：RENDER-START n=7
2026-10-02T22:46:33.441 [ INFO] fc_host::wallpaper_render: 桌布渲染 #7 開始：astrolabe 3840×2160 t=2026-10-05T02:00:00Z tz=Asia/Taipei 螢幕 m-7ebe8f017cddc2d6
2026-10-02T22:46:34.164 [ INFO] fc_host::wallpaper_render: 桌布渲染 #7 完成：%TEMP%\fc-measure-4.5-20261002-223732\localappdata\tw.fintools.fc-host\wallpaper\m-7ebe8f017cddc2d6-a.png（a）建立 251 ms、頁面 450 ms、關窗 4 ms、寫檔 20 ms、本體 raw
2026-10-02T22:46:34.164 [ INFO] fc_host::self_test_render: self-test-render：RENDER-OK n=7 id=7 slot=A path=%TEMP%\fc-measure-4.5-20261002-223732\localappdata\tw.fintools.fc-host\wallpaper\m-7ebe8f017cddc2d6-a.png wh=3840x2160 body=raw open_ms=250.6 page_ms=449.7 to_png_ms=700.3 close_ms=4.1 write_ms=19.8 warnings=0
2026-10-02T22:46:34.165 [ INFO] fc_host::self_test_render: self-test-render：VERIFY n=7 dims=Some((3840, 2160)) expect=3840x2160 own_files=2 PASS
2026-10-02T22:47:33.441 [ INFO] fc_host::self_test_render: self-test-render：RENDER-START n=8
2026-10-02T22:47:33.441 [ INFO] fc_host::wallpaper_render: 桌布渲染 #8 開始：astrolabe 3840×2160 t=2026-10-05T02:15:00Z tz=Asia/Taipei 螢幕 m-7ebe8f017cddc2d6
2026-10-02T22:47:34.149 [ INFO] fc_host::wallpaper_render: 桌布渲染 #8 完成：%TEMP%\fc-measure-4.5-20261002-223732\localappdata\tw.fintools.fc-host\wallpaper\m-7ebe8f017cddc2d6-b.png（b）建立 255 ms、頁面 438 ms、關窗 3 ms、寫檔 11 ms、本體 raw
2026-10-02T22:47:34.149 [ INFO] fc_host::self_test_render: self-test-render：RENDER-OK n=8 id=8 slot=B path=%TEMP%\fc-measure-4.5-20261002-223732\localappdata\tw.fintools.fc-host\wallpaper\m-7ebe8f017cddc2d6-b.png wh=3840x2160 body=raw open_ms=254.9 page_ms=438.0 to_png_ms=692.9 close_ms=3.5 write_ms=11.2 warnings=0
2026-10-02T22:47:34.149 [ INFO] fc_host::self_test_render: self-test-render：VERIFY n=8 dims=Some((3840, 2160)) expect=3840x2160 own_files=2 PASS
2026-10-02T22:48:33.441 [ INFO] fc_host::self_test_render: self-test-render：RENDER-START n=9
2026-10-02T22:48:33.441 [ INFO] fc_host::wallpaper_render: 桌布渲染 #9 開始：astrolabe 3840×2160 t=2026-10-05T02:30:00Z tz=Asia/Taipei 螢幕 m-7ebe8f017cddc2d6
2026-10-02T22:48:34.151 [ INFO] fc_host::wallpaper_render: 桌布渲染 #9 完成：%TEMP%\fc-measure-4.5-20261002-223732\localappdata\tw.fintools.fc-host\wallpaper\m-7ebe8f017cddc2d6-a.png（a）建立 250 ms、頁面 438 ms、關窗 4 ms、寫檔 18 ms、本體 raw
2026-10-02T22:48:34.151 [ INFO] fc_host::self_test_render: self-test-render：RENDER-OK n=9 id=9 slot=A path=%TEMP%\fc-measure-4.5-20261002-223732\localappdata\tw.fintools.fc-host\wallpaper\m-7ebe8f017cddc2d6-a.png wh=3840x2160 body=raw open_ms=249.6 page_ms=438.2 to_png_ms=687.8 close_ms=3.5 write_ms=18.3 warnings=0
2026-10-02T22:48:34.152 [ INFO] fc_host::self_test_render: self-test-render：VERIFY n=9 dims=Some((3840, 2160)) expect=3840x2160 own_files=2 PASS
2026-10-02T22:49:33.441 [ INFO] fc_host::self_test_render: self-test-render：RENDER-START n=10
2026-10-02T22:49:33.441 [ INFO] fc_host::wallpaper_render: 桌布渲染 #10 開始：astrolabe 3840×2160 t=2026-10-05T02:45:00Z tz=Asia/Taipei 螢幕 m-7ebe8f017cddc2d6
2026-10-02T22:49:34.143 [ INFO] fc_host::wallpaper_render: 桌布渲染 #10 完成：%TEMP%\fc-measure-4.5-20261002-223732\localappdata\tw.fintools.fc-host\wallpaper\m-7ebe8f017cddc2d6-b.png（b）建立 250 ms、頁面 429 ms、關窗 4 ms、寫檔 19 ms、本體 raw
2026-10-02T22:49:34.143 [ INFO] fc_host::self_test_render: self-test-render：RENDER-OK n=10 id=10 slot=B path=%TEMP%\fc-measure-4.5-20261002-223732\localappdata\tw.fintools.fc-host\wallpaper\m-7ebe8f017cddc2d6-b.png wh=3840x2160 body=raw open_ms=249.9 page_ms=429.2 to_png_ms=679.1 close_ms=3.5 write_ms=18.6 warnings=0
2026-10-02T22:49:34.143 [ INFO] fc_host::self_test_render: self-test-render：VERIFY n=10 dims=Some((3840, 2160)) expect=3840x2160 own_files=2 PASS
2026-10-02T22:50:33.442 [ INFO] fc_host::self_test_render: self-test-render：RENDER-START n=11
2026-10-02T22:50:33.442 [ INFO] fc_host::wallpaper_render: 桌布渲染 #11 開始：astrolabe 3840×2160 t=2026-10-05T03:00:00Z tz=Asia/Taipei 螢幕 m-7ebe8f017cddc2d6
2026-10-02T22:50:34.168 [ INFO] fc_host::wallpaper_render: 桌布渲染 #11 完成：%TEMP%\fc-measure-4.5-20261002-223732\localappdata\tw.fintools.fc-host\wallpaper\m-7ebe8f017cddc2d6-a.png（a）建立 259 ms、頁面 446 ms、關窗 3 ms、寫檔 18 ms、本體 raw
2026-10-02T22:50:34.168 [ INFO] fc_host::self_test_render: self-test-render：RENDER-OK n=11 id=11 slot=A path=%TEMP%\fc-measure-4.5-20261002-223732\localappdata\tw.fintools.fc-host\wallpaper\m-7ebe8f017cddc2d6-a.png wh=3840x2160 body=raw open_ms=258.6 page_ms=446.3 to_png_ms=704.9 close_ms=3.5 write_ms=18.3 warnings=0
2026-10-02T22:50:34.168 [ INFO] fc_host::self_test_render: self-test-render：VERIFY n=11 dims=Some((3840, 2160)) expect=3840x2160 own_files=2 PASS
2026-10-02T22:51:33.442 [ INFO] fc_host::self_test_render: self-test-render：RENDER-START n=12
2026-10-02T22:51:33.442 [ INFO] fc_host::wallpaper_render: 桌布渲染 #12 開始：astrolabe 3840×2160 t=2026-10-05T03:15:00Z tz=Asia/Taipei 螢幕 m-7ebe8f017cddc2d6
2026-10-02T22:51:34.165 [ INFO] fc_host::wallpaper_render: 桌布渲染 #12 完成：%TEMP%\fc-measure-4.5-20261002-223732\localappdata\tw.fintools.fc-host\wallpaper\m-7ebe8f017cddc2d6-b.png（b）建立 268 ms、頁面 435 ms、關窗 4 ms、寫檔 15 ms、本體 raw
2026-10-02T22:51:34.165 [ INFO] fc_host::self_test_render: self-test-render：RENDER-OK n=12 id=12 slot=B path=%TEMP%\fc-measure-4.5-20261002-223732\localappdata\tw.fintools.fc-host\wallpaper\m-7ebe8f017cddc2d6-b.png wh=3840x2160 body=raw open_ms=268.1 page_ms=435.5 to_png_ms=703.5 close_ms=4.2 write_ms=15.4 warnings=0
2026-10-02T22:51:34.165 [ INFO] fc_host::self_test_render: self-test-render：VERIFY n=12 dims=Some((3840, 2160)) expect=3840x2160 own_files=2 PASS
2026-10-02T22:52:33.442 [ INFO] fc_host::self_test_render: self-test-render：RENDER-START n=13
2026-10-02T22:52:33.442 [ INFO] fc_host::wallpaper_render: 桌布渲染 #13 開始：astrolabe 3840×2160 t=2026-10-05T03:30:00Z tz=Asia/Taipei 螢幕 m-7ebe8f017cddc2d6
2026-10-02T22:52:34.189 [ INFO] fc_host::wallpaper_render: 桌布渲染 #13 完成：%TEMP%\fc-measure-4.5-20261002-223732\localappdata\tw.fintools.fc-host\wallpaper\m-7ebe8f017cddc2d6-a.png（a）建立 273 ms、頁面 453 ms、關窗 3 ms、寫檔 18 ms、本體 raw
2026-10-02T22:52:34.189 [ INFO] fc_host::self_test_render: self-test-render：RENDER-OK n=13 id=13 slot=A path=%TEMP%\fc-measure-4.5-20261002-223732\localappdata\tw.fintools.fc-host\wallpaper\m-7ebe8f017cddc2d6-a.png wh=3840x2160 body=raw open_ms=272.8 page_ms=453.5 to_png_ms=726.3 close_ms=3.5 write_ms=17.7 warnings=0
2026-10-02T22:52:34.189 [ INFO] fc_host::self_test_render: self-test-render：VERIFY n=13 dims=Some((3840, 2160)) expect=3840x2160 own_files=2 PASS
2026-10-02T22:53:33.442 [ INFO] fc_host::self_test_render: self-test-render：RENDER-START n=14
2026-10-02T22:53:33.442 [ INFO] fc_host::wallpaper_render: 桌布渲染 #14 開始：astrolabe 3840×2160 t=2026-10-05T03:45:00Z tz=Asia/Taipei 螢幕 m-7ebe8f017cddc2d6
2026-10-02T22:53:34.170 [ INFO] fc_host::wallpaper_render: 桌布渲染 #14 完成：%TEMP%\fc-measure-4.5-20261002-223732\localappdata\tw.fintools.fc-host\wallpaper\m-7ebe8f017cddc2d6-b.png（b）建立 248 ms、頁面 459 ms、關窗 3 ms、寫檔 18 ms、本體 raw
2026-10-02T22:53:34.170 [ INFO] fc_host::self_test_render: self-test-render：RENDER-OK n=14 id=14 slot=B path=%TEMP%\fc-measure-4.5-20261002-223732\localappdata\tw.fintools.fc-host\wallpaper\m-7ebe8f017cddc2d6-b.png wh=3840x2160 body=raw open_ms=248.1 page_ms=458.5 to_png_ms=706.6 close_ms=3.4 write_ms=18.1 warnings=0
2026-10-02T22:53:34.170 [ INFO] fc_host::self_test_render: self-test-render：VERIFY n=14 dims=Some((3840, 2160)) expect=3840x2160 own_files=2 PASS
2026-10-02T22:54:33.442 [ INFO] fc_host::self_test_render: self-test-render：RENDER-START n=15
2026-10-02T22:54:33.442 [ INFO] fc_host::wallpaper_render: 桌布渲染 #15 開始：astrolabe 3840×2160 t=2026-10-05T04:00:00Z tz=Asia/Taipei 螢幕 m-7ebe8f017cddc2d6
2026-10-02T22:54:34.209 [ INFO] fc_host::wallpaper_render: 桌布渲染 #15 完成：%TEMP%\fc-measure-4.5-20261002-223732\localappdata\tw.fintools.fc-host\wallpaper\m-7ebe8f017cddc2d6-a.png（a）建立 298 ms、頁面 450 ms、關窗 3 ms、寫檔 17 ms、本體 raw
2026-10-02T22:54:34.209 [ INFO] fc_host::self_test_render: self-test-render：RENDER-OK n=15 id=15 slot=A path=%TEMP%\fc-measure-4.5-20261002-223732\localappdata\tw.fintools.fc-host\wallpaper\m-7ebe8f017cddc2d6-a.png wh=3840x2160 body=raw open_ms=297.5 page_ms=450.3 to_png_ms=747.9 close_ms=3.4 write_ms=17.1 warnings=0
2026-10-02T22:54:34.210 [ INFO] fc_host::self_test_render: self-test-render：VERIFY n=15 dims=Some((3840, 2160)) expect=3840x2160 own_files=2 PASS
2026-10-02T22:55:33.442 [ INFO] fc_host::self_test_render: self-test-render：RENDER-START n=16
2026-10-02T22:55:33.442 [ INFO] fc_host::wallpaper_render: 桌布渲染 #16 開始：astrolabe 3840×2160 t=2026-10-05T04:15:00Z tz=Asia/Taipei 螢幕 m-7ebe8f017cddc2d6
2026-10-02T22:55:34.162 [ INFO] fc_host::wallpaper_render: 桌布渲染 #16 完成：%TEMP%\fc-measure-4.5-20261002-223732\localappdata\tw.fintools.fc-host\wallpaper\m-7ebe8f017cddc2d6-b.png（b）建立 245 ms、頁面 454 ms、關窗 3 ms、寫檔 18 ms、本體 raw
2026-10-02T22:55:34.162 [ INFO] fc_host::self_test_render: self-test-render：RENDER-OK n=16 id=16 slot=B path=%TEMP%\fc-measure-4.5-20261002-223732\localappdata\tw.fintools.fc-host\wallpaper\m-7ebe8f017cddc2d6-b.png wh=3840x2160 body=raw open_ms=244.7 page_ms=453.7 to_png_ms=698.4 close_ms=3.5 write_ms=18.3 warnings=0
2026-10-02T22:55:34.162 [ INFO] fc_host::self_test_render: self-test-render：VERIFY n=16 dims=Some((3840, 2160)) expect=3840x2160 own_files=2 PASS
2026-10-02T22:56:33.442 [ INFO] fc_host::self_test_render: self-test-render：RENDER-START n=17
2026-10-02T22:56:33.442 [ INFO] fc_host::wallpaper_render: 桌布渲染 #17 開始：astrolabe 3840×2160 t=2026-10-05T04:30:00Z tz=Asia/Taipei 螢幕 m-7ebe8f017cddc2d6
2026-10-02T22:56:34.212 [ INFO] fc_host::wallpaper_render: 桌布渲染 #17 完成：%TEMP%\fc-measure-4.5-20261002-223732\localappdata\tw.fintools.fc-host\wallpaper\m-7ebe8f017cddc2d6-a.png（a）建立 300 ms、頁面 448 ms、關窗 3 ms、寫檔 19 ms、本體 raw
2026-10-02T22:56:34.212 [ INFO] fc_host::self_test_render: self-test-render：RENDER-OK n=17 id=17 slot=A path=%TEMP%\fc-measure-4.5-20261002-223732\localappdata\tw.fintools.fc-host\wallpaper\m-7ebe8f017cddc2d6-a.png wh=3840x2160 body=raw open_ms=299.7 page_ms=447.5 to_png_ms=747.3 close_ms=3.4 write_ms=18.8 warnings=0
2026-10-02T22:56:34.212 [ INFO] fc_host::self_test_render: self-test-render：VERIFY n=17 dims=Some((3840, 2160)) expect=3840x2160 own_files=2 PASS
2026-10-02T22:57:33.442 [ INFO] fc_host::self_test_render: self-test-render：RENDER-START n=18
2026-10-02T22:57:33.442 [ INFO] fc_host::wallpaper_render: 桌布渲染 #18 開始：astrolabe 3840×2160 t=2026-10-05T04:45:00Z tz=Asia/Taipei 螢幕 m-7ebe8f017cddc2d6
2026-10-02T22:57:34.189 [ INFO] fc_host::wallpaper_render: 桌布渲染 #18 完成：%TEMP%\fc-measure-4.5-20261002-223732\localappdata\tw.fintools.fc-host\wallpaper\m-7ebe8f017cddc2d6-b.png（b）建立 268 ms、頁面 458 ms、關窗 3 ms、寫檔 19 ms、本體 raw
2026-10-02T22:57:34.189 [ INFO] fc_host::self_test_render: self-test-render：RENDER-OK n=18 id=18 slot=B path=%TEMP%\fc-measure-4.5-20261002-223732\localappdata\tw.fintools.fc-host\wallpaper\m-7ebe8f017cddc2d6-b.png wh=3840x2160 body=raw open_ms=268.0 page_ms=457.7 to_png_ms=725.6 close_ms=3.3 write_ms=18.9 warnings=0
2026-10-02T22:57:34.191 [ INFO] fc_host::self_test_render: self-test-render：VERIFY n=18 dims=Some((3840, 2160)) expect=3840x2160 own_files=2 PASS
2026-10-02T22:58:33.442 [ INFO] fc_host::self_test_render: self-test-render：RENDER-START n=19
2026-10-02T22:58:33.442 [ INFO] fc_host::wallpaper_render: 桌布渲染 #19 開始：astrolabe 3840×2160 t=2026-10-05T05:00:00Z tz=Asia/Taipei 螢幕 m-7ebe8f017cddc2d6
2026-10-02T22:58:34.173 [ INFO] fc_host::wallpaper_render: 桌布渲染 #19 完成：%TEMP%\fc-measure-4.5-20261002-223732\localappdata\tw.fintools.fc-host\wallpaper\m-7ebe8f017cddc2d6-a.png（a）建立 256 ms、頁面 459 ms、關窗 4 ms、寫檔 12 ms、本體 raw
2026-10-02T22:58:34.173 [ INFO] fc_host::self_test_render: self-test-render：RENDER-OK n=19 id=19 slot=A path=%TEMP%\fc-measure-4.5-20261002-223732\localappdata\tw.fintools.fc-host\wallpaper\m-7ebe8f017cddc2d6-a.png wh=3840x2160 body=raw open_ms=255.8 page_ms=459.2 to_png_ms=715.0 close_ms=3.5 write_ms=11.7 warnings=0
2026-10-02T22:58:34.173 [ INFO] fc_host::self_test_render: self-test-render：VERIFY n=19 dims=Some((3840, 2160)) expect=3840x2160 own_files=2 PASS
2026-10-02T22:59:33.442 [ INFO] fc_host::self_test_render: self-test-render：RENDER-START n=20
2026-10-02T22:59:33.442 [ INFO] fc_host::wallpaper_render: 桌布渲染 #20 開始：astrolabe 3840×2160 t=2026-10-05T05:15:00Z tz=Asia/Taipei 螢幕 m-7ebe8f017cddc2d6
2026-10-02T22:59:34.144 [ INFO] fc_host::wallpaper_render: 桌布渲染 #20 完成：%TEMP%\fc-measure-4.5-20261002-223732\localappdata\tw.fintools.fc-host\wallpaper\m-7ebe8f017cddc2d6-b.png（b）建立 244 ms、頁面 436 ms、關窗 4 ms、寫檔 18 ms、本體 raw
2026-10-02T22:59:34.144 [ INFO] fc_host::self_test_render: self-test-render：RENDER-OK n=20 id=20 slot=B path=%TEMP%\fc-measure-4.5-20261002-223732\localappdata\tw.fintools.fc-host\wallpaper\m-7ebe8f017cddc2d6-b.png wh=3840x2160 body=raw open_ms=243.9 page_ms=436.4 to_png_ms=680.3 close_ms=3.9 write_ms=18.0 warnings=0
2026-10-02T22:59:34.144 [ INFO] fc_host::self_test_render: self-test-render：VERIFY n=20 dims=Some((3840, 2160)) expect=3840x2160 own_files=2 PASS
2026-10-02T23:00:33.443 [ INFO] fc_host::self_test_render: self-test-render：RENDER-START n=21
2026-10-02T23:00:33.443 [ INFO] fc_host::wallpaper_render: 桌布渲染 #21 開始：astrolabe 3840×2160 t=2026-10-05T05:30:00Z tz=Asia/Taipei 螢幕 m-7ebe8f017cddc2d6
2026-10-02T23:00:34.173 [ INFO] fc_host::wallpaper_render: 桌布渲染 #21 完成：%TEMP%\fc-measure-4.5-20261002-223732\localappdata\tw.fintools.fc-host\wallpaper\m-7ebe8f017cddc2d6-a.png（a）建立 257 ms、頁面 457 ms、關窗 4 ms、寫檔 13 ms、本體 raw
2026-10-02T23:00:34.173 [ INFO] fc_host::self_test_render: self-test-render：RENDER-OK n=21 id=21 slot=A path=%TEMP%\fc-measure-4.5-20261002-223732\localappdata\tw.fintools.fc-host\wallpaper\m-7ebe8f017cddc2d6-a.png wh=3840x2160 body=raw open_ms=257.0 page_ms=456.8 to_png_ms=713.8 close_ms=3.8 write_ms=12.6 warnings=0
2026-10-02T23:00:34.173 [ INFO] fc_host::self_test_render: self-test-render：VERIFY n=21 dims=Some((3840, 2160)) expect=3840x2160 own_files=2 PASS
2026-10-02T23:01:33.443 [ INFO] fc_host::self_test_render: self-test-render：RENDER-START n=22
2026-10-02T23:01:33.443 [ INFO] fc_host::wallpaper_render: 桌布渲染 #22 開始：astrolabe 3840×2160 t=2026-10-05T05:45:00Z tz=Asia/Taipei 螢幕 m-7ebe8f017cddc2d6
2026-10-02T23:01:34.154 [ INFO] fc_host::wallpaper_render: 桌布渲染 #22 完成：%TEMP%\fc-measure-4.5-20261002-223732\localappdata\tw.fintools.fc-host\wallpaper\m-7ebe8f017cddc2d6-b.png（b）建立 245 ms、頁面 451 ms、關窗 4 ms、寫檔 12 ms、本體 raw
2026-10-02T23:01:34.154 [ INFO] fc_host::self_test_render: self-test-render：RENDER-OK n=22 id=22 slot=B path=%TEMP%\fc-measure-4.5-20261002-223732\localappdata\tw.fintools.fc-host\wallpaper\m-7ebe8f017cddc2d6-b.png wh=3840x2160 body=raw open_ms=245.3 page_ms=450.6 to_png_ms=695.9 close_ms=3.9 write_ms=11.6 warnings=0
2026-10-02T23:01:34.155 [ INFO] fc_host::self_test_render: self-test-render：VERIFY n=22 dims=Some((3840, 2160)) expect=3840x2160 own_files=2 PASS
2026-10-02T23:02:33.443 [ INFO] fc_host::self_test_render: self-test-render：RENDER-START n=23
2026-10-02T23:02:33.443 [ INFO] fc_host::wallpaper_render: 桌布渲染 #23 開始：astrolabe 3840×2160 t=2026-10-05T06:00:00Z tz=Asia/Taipei 螢幕 m-7ebe8f017cddc2d6
2026-10-02T23:02:34.179 [ INFO] fc_host::wallpaper_render: 桌布渲染 #23 完成：%TEMP%\fc-measure-4.5-20261002-223732\localappdata\tw.fintools.fc-host\wallpaper\m-7ebe8f017cddc2d6-a.png（a）建立 258 ms、頁面 462 ms、關窗 4 ms、寫檔 12 ms、本體 raw
2026-10-02T23:02:34.179 [ INFO] fc_host::self_test_render: self-test-render：RENDER-OK n=23 id=23 slot=A path=%TEMP%\fc-measure-4.5-20261002-223732\localappdata\tw.fintools.fc-host\wallpaper\m-7ebe8f017cddc2d6-a.png wh=3840x2160 body=raw open_ms=257.6 page_ms=462.3 to_png_ms=719.9 close_ms=3.9 write_ms=12.1 warnings=0
2026-10-02T23:02:34.179 [ INFO] fc_host::self_test_render: self-test-render：VERIFY n=23 dims=Some((3840, 2160)) expect=3840x2160 own_files=2 PASS
2026-10-02T23:03:33.443 [ INFO] fc_host::self_test_render: self-test-render：RENDER-START n=24
2026-10-02T23:03:33.443 [ INFO] fc_host::wallpaper_render: 桌布渲染 #24 開始：astrolabe 3840×2160 t=2026-10-05T06:15:00Z tz=Asia/Taipei 螢幕 m-7ebe8f017cddc2d6
2026-10-02T23:03:34.145 [ INFO] fc_host::wallpaper_render: 桌布渲染 #24 完成：%TEMP%\fc-measure-4.5-20261002-223732\localappdata\tw.fintools.fc-host\wallpaper\m-7ebe8f017cddc2d6-b.png（b）建立 250 ms、頁面 436 ms、關窗 4 ms、寫檔 12 ms、本體 raw
2026-10-02T23:03:34.145 [ INFO] fc_host::self_test_render: self-test-render：RENDER-OK n=24 id=24 slot=B path=%TEMP%\fc-measure-4.5-20261002-223732\localappdata\tw.fintools.fc-host\wallpaper\m-7ebe8f017cddc2d6-b.png wh=3840x2160 body=raw open_ms=249.5 page_ms=436.3 to_png_ms=685.9 close_ms=3.5 write_ms=12.4 warnings=0
2026-10-02T23:03:34.145 [ INFO] fc_host::self_test_render: self-test-render：VERIFY n=24 dims=Some((3840, 2160)) expect=3840x2160 own_files=2 PASS
2026-10-02T23:04:33.443 [ INFO] fc_host::self_test_render: self-test-render：RENDER-START n=25
2026-10-02T23:04:33.443 [ INFO] fc_host::wallpaper_render: 桌布渲染 #25 開始：astrolabe 3840×2160 t=2026-10-05T06:30:00Z tz=Asia/Taipei 螢幕 m-7ebe8f017cddc2d6
2026-10-02T23:04:34.154 [ INFO] fc_host::wallpaper_render: 桌布渲染 #25 完成：%TEMP%\fc-measure-4.5-20261002-223732\localappdata\tw.fintools.fc-host\wallpaper\m-7ebe8f017cddc2d6-a.png（a）建立 254 ms、頁面 435 ms、關窗 3 ms、寫檔 19 ms、本體 raw
2026-10-02T23:04:34.154 [ INFO] fc_host::self_test_render: self-test-render：RENDER-OK n=25 id=25 slot=A path=%TEMP%\fc-measure-4.5-20261002-223732\localappdata\tw.fintools.fc-host\wallpaper\m-7ebe8f017cddc2d6-a.png wh=3840x2160 body=raw open_ms=254.0 page_ms=435.1 to_png_ms=689.0 close_ms=3.4 write_ms=19.5 warnings=0
2026-10-02T23:04:34.156 [ INFO] fc_host::self_test_render: self-test-render：VERIFY n=25 dims=Some((3840, 2160)) expect=3840x2160 own_files=2 PASS
2026-10-02T23:05:33.443 [ INFO] fc_host::self_test_render: self-test-render：RENDER-START n=26
2026-10-02T23:05:33.443 [ INFO] fc_host::wallpaper_render: 桌布渲染 #26 開始：astrolabe 3840×2160 t=2026-10-05T06:45:00Z tz=Asia/Taipei 螢幕 m-7ebe8f017cddc2d6
2026-10-02T23:05:34.169 [ INFO] fc_host::wallpaper_render: 桌布渲染 #26 完成：%TEMP%\fc-measure-4.5-20261002-223732\localappdata\tw.fintools.fc-host\wallpaper\m-7ebe8f017cddc2d6-b.png（b）建立 250 ms、頁面 461 ms、關窗 3 ms、寫檔 11 ms、本體 raw
2026-10-02T23:05:34.169 [ INFO] fc_host::self_test_render: self-test-render：RENDER-OK n=26 id=26 slot=B path=%TEMP%\fc-measure-4.5-20261002-223732\localappdata\tw.fintools.fc-host\wallpaper\m-7ebe8f017cddc2d6-b.png wh=3840x2160 body=raw open_ms=250.4 page_ms=461.1 to_png_ms=711.5 close_ms=3.5 write_ms=11.4 warnings=0
2026-10-02T23:05:34.169 [ INFO] fc_host::self_test_render: self-test-render：VERIFY n=26 dims=Some((3840, 2160)) expect=3840x2160 own_files=2 PASS
2026-10-02T23:06:33.443 [ INFO] fc_host::self_test_render: self-test-render：RENDER-START n=27
2026-10-02T23:06:33.443 [ INFO] fc_host::wallpaper_render: 桌布渲染 #27 開始：astrolabe 3840×2160 t=2026-10-05T07:00:00Z tz=Asia/Taipei 螢幕 m-7ebe8f017cddc2d6
2026-10-02T23:06:34.184 [ INFO] fc_host::wallpaper_render: 桌布渲染 #27 完成：%TEMP%\fc-measure-4.5-20261002-223732\localappdata\tw.fintools.fc-host\wallpaper\m-7ebe8f017cddc2d6-a.png（a）建立 256 ms、頁面 463 ms、關窗 3 ms、寫檔 18 ms、本體 raw
2026-10-02T23:06:34.184 [ INFO] fc_host::self_test_render: self-test-render：RENDER-OK n=27 id=27 slot=A path=%TEMP%\fc-measure-4.5-20261002-223732\localappdata\tw.fintools.fc-host\wallpaper\m-7ebe8f017cddc2d6-a.png wh=3840x2160 body=raw open_ms=256.4 page_ms=463.2 to_png_ms=719.6 close_ms=3.1 write_ms=18.2 warnings=0
2026-10-02T23:06:34.184 [ INFO] fc_host::self_test_render: self-test-render：VERIFY n=27 dims=Some((3840, 2160)) expect=3840x2160 own_files=2 PASS
2026-10-02T23:07:33.444 [ INFO] fc_host::self_test_render: self-test-render：RENDER-START n=28
2026-10-02T23:07:33.444 [ INFO] fc_host::wallpaper_render: 桌布渲染 #28 開始：astrolabe 3840×2160 t=2026-10-05T07:15:00Z tz=Asia/Taipei 螢幕 m-7ebe8f017cddc2d6
2026-10-02T23:07:34.234 [ INFO] fc_host::wallpaper_render: 桌布渲染 #28 完成：%TEMP%\fc-measure-4.5-20261002-223732\localappdata\tw.fintools.fc-host\wallpaper\m-7ebe8f017cddc2d6-b.png（b）建立 292 ms、頁面 483 ms、關窗 4 ms、寫檔 13 ms、本體 raw
2026-10-02T23:07:34.235 [ INFO] fc_host::self_test_render: self-test-render：RENDER-OK n=28 id=28 slot=B path=%TEMP%\fc-measure-4.5-20261002-223732\localappdata\tw.fintools.fc-host\wallpaper\m-7ebe8f017cddc2d6-b.png wh=3840x2160 body=raw open_ms=291.6 page_ms=482.7 to_png_ms=774.3 close_ms=3.8 write_ms=13.1 warnings=0
2026-10-02T23:07:34.235 [ INFO] fc_host::self_test_render: self-test-render：VERIFY n=28 dims=Some((3840, 2160)) expect=3840x2160 own_files=2 PASS
2026-10-02T23:08:33.444 [ INFO] fc_host::self_test_render: self-test-render：RENDER-START n=29
2026-10-02T23:08:33.444 [ INFO] fc_host::wallpaper_render: 桌布渲染 #29 開始：astrolabe 3840×2160 t=2026-10-05T07:30:00Z tz=Asia/Taipei 螢幕 m-7ebe8f017cddc2d6
2026-10-02T23:08:34.158 [ INFO] fc_host::wallpaper_render: 桌布渲染 #29 完成：%TEMP%\fc-measure-4.5-20261002-223732\localappdata\tw.fintools.fc-host\wallpaper\m-7ebe8f017cddc2d6-a.png（a）建立 247 ms、頁面 444 ms、關窗 4 ms、寫檔 19 ms、本體 raw
2026-10-02T23:08:34.158 [ INFO] fc_host::self_test_render: self-test-render：RENDER-OK n=29 id=29 slot=A path=%TEMP%\fc-measure-4.5-20261002-223732\localappdata\tw.fintools.fc-host\wallpaper\m-7ebe8f017cddc2d6-a.png wh=3840x2160 body=raw open_ms=246.7 page_ms=444.4 to_png_ms=691.0 close_ms=4.3 write_ms=18.9 warnings=0
2026-10-02T23:08:34.158 [ INFO] fc_host::self_test_render: self-test-render：VERIFY n=29 dims=Some((3840, 2160)) expect=3840x2160 own_files=2 PASS
2026-10-02T23:09:33.444 [ INFO] fc_host::self_test_render: self-test-render：RENDER-START n=30
2026-10-02T23:09:33.444 [ INFO] fc_host::wallpaper_render: 桌布渲染 #30 開始：astrolabe 3840×2160 t=2026-10-05T07:45:00Z tz=Asia/Taipei 螢幕 m-7ebe8f017cddc2d6
2026-10-02T23:09:34.171 [ INFO] fc_host::wallpaper_render: 桌布渲染 #30 完成：%TEMP%\fc-measure-4.5-20261002-223732\localappdata\tw.fintools.fc-host\wallpaper\m-7ebe8f017cddc2d6-b.png（b）建立 253 ms、頁面 452 ms、關窗 3 ms、寫檔 19 ms、本體 raw
2026-10-02T23:09:34.171 [ INFO] fc_host::self_test_render: self-test-render：RENDER-OK n=30 id=30 slot=B path=%TEMP%\fc-measure-4.5-20261002-223732\localappdata\tw.fintools.fc-host\wallpaper\m-7ebe8f017cddc2d6-b.png wh=3840x2160 body=raw open_ms=253.1 page_ms=451.8 to_png_ms=704.8 close_ms=2.8 write_ms=18.9 warnings=0
2026-10-02T23:09:34.171 [ INFO] fc_host::self_test_render: self-test-render：VERIFY n=30 dims=Some((3840, 2160)) expect=3840x2160 own_files=2 PASS
2026-10-02T23:09:34.171 [ INFO] fc_host::self_test_render: self-test-render：RENDER-LOOP-END
2026-10-02T23:09:34.171 [ INFO] fc_host::self_test_render: self-test-render：TAIL 180 s
2026-10-02T23:12:34.172 [ INFO] fc_host::self_test_render: self-test-render：SUMMARY ok=30/30 to_png_median_ms=704.9 to_png_max_ms=821.5 open_median_ms=254.9 open_max_ms=299.7 page_median_ms=450.5 page_max_ms=550.5 close_median_ms=3.5
2026-10-02T23:12:34.172 [ INFO] fc_host::self_test_render: self-test-render：EXIT code=0
2026-10-02T23:12:34.172 [ INFO] fc_host: 事件迴圈：收到結束要求 code=0
2026-10-02T23:12:34.173 [ INFO] fc_host: 事件迴圈結束（RunEvent::Exit），行程即將結束
