2026-10-03T17:58:30 == 安全閥通知第一句（brief 項目 4）：self-test 建置，注入檔先為 real，接管後改 +2001，主題設定檔加頂層鍵觸發重畫 → 安全閥觸發、還原、通知（連拍通知區域） ==
2026-10-03T17:58:30 host PID=16264 exe=%TEMP%\fc-61r\st\fc-host.exe iso=%TEMP%\fc-61\iso-rA9-175830
2026-10-03T17:58:31 host ready: 2026-10-03T17:58:31.069 [ INFO] fc_host::wallpaper_coordinator: 決策：Idle；下次喚醒 無（只等事件）
2026-10-03T17:58:34 secondary exit=0; select_wallpaper_theme(astrolabe) exit=0 out="applied"
2026-10-03T17:58:38 first redraw: 2026-10-03T17:58:37.800 [ INFO] fc_host::wallpaper_coordinator: Redraw 結束
2026-10-03T17:58:40 [A9-taken-over] position=4 bg=0x000000 reg.Wallpaper=%APPDATA%\Microsoft\Windows\Themes\TranscodedWallpaper reg.Style=10 reg.Tile=0 slideshow=1
[A9-taken-over]   mon rect=3840,4,6400,1604 hr=0x00000000 raw=<%TEMP%\fc-61\iso-rA9-175830\localappdata\tw.fintools.fc-host\wallpaper\m-f9b2ea130f53c2f2-a.png> id=\\?\DISPLAY#BOE0CDF#4&102fce2&0&UID8388688#{e6f07b5f-ee97-4a90-b076-33f57bf4eaa7}
[A9-taken-over]   mon rect=0,0,3840,2160 hr=0x00000000 raw=<%TEMP%\fc-61\iso-rA9-175830\localappdata\tw.fintools.fc-host\wallpaper\m-3bd72edb34b1e28f-a.png> id=\\?\DISPLAY#AUSAA34#5&1091fafa&0&UID4356#{e6f07b5f-ee97-4a90-b076-33f57bf4eaa7}
2026-10-03T17:58:40 注入檔改 +2001；主題設定檔加頂層鍵 _fc61_touch
2026-10-03T17:59:03 notice: 2026-10-03T17:59:03.249 [ INFO] fc_host::tray: 系統匣通知已送出（uID 2）：財經桌布：已停止接管桌布｜已停止接管，並已還原原本的桌布。原因：explorer 資源接近上限（數值見記錄檔）。可在設定中重新開啟。
2026-10-03T17:59:07 hostlog: 2026-10-03T17:58:31.069 [ INFO] fc_host::wallpaper_coordinator: 還原原桌布：原因 NotTakeover
2026-10-03T17:59:07 hostlog: 2026-10-03T17:58:31.069 [ INFO] fc_host::wallpaper_coordinator: 還原結果：NothingToRestore
2026-10-03T17:59:07 hostlog: 2026-10-03T17:58:34.053 [ INFO] fc_host::wallpaper_coordinator: 使用者重新開啟接管：沒有要清除的安全閥基準，下一次設定桌布前的讀值成為基準
2026-10-03T17:59:07 hostlog: 2026-10-03T17:58:34.073 [ INFO] fc_host::wallpaper_coordinator: 安全閥基準設為 PID 104556 GDI 994：沒有基準（接管開始、重新開啟接管或舊狀態檔）
2026-10-03T17:59:07 hostlog: 2026-10-03T17:59:01.206 [ INFO] fc_host::wallpaper_coordinator: self-test 注入 explorer GDI：注入檔內容 "+2001" → Ok(ExplorerSample { pid: 104556, gdi: 2995 })
2026-10-03T17:59:07 hostlog: 2026-10-03T17:59:01.206 [ WARN] fc_host::wallpaper_coordinator: 安全閥觸發：explorer PID 104556 GDI 讀值 2995、基準 994（PID 104556）、增量 2001；門檻 增量超過 2000 或絕對值超過 8000（增量超過 true、絕對值超過 false）→ 決策：停止接管——不設定桌布，還原原桌布與填滿方式、主題改「不接管」並通知
2026-10-03T17:59:07 hostlog: 2026-10-03T17:59:01.206 [ INFO] fc_host::wallpaper_coordinator: 還原原桌布：原因 SafetyValve { detail: "explorer（PID 104556）的 GDI 物件數 2995，比基準 994 多出 2001；增量超過門檻（門檻：增量超過 2000 或絕對值超過 8000）" }
2026-10-03T17:59:07 hostlog: 2026-10-03T17:59:01.216 [ INFO] fc_host::wallpaper_state: 已寫入「還原進行中」標記（safety_valve: explorer（PID 104556）的 GDI 物件數 2995，比基準 994 多出 2001；增量超過門檻（門檻：增量超過 2000 或絕對值超過 8000））
2026-10-03T17:59:07 hostlog: 2026-10-03T17:59:03.243 [ INFO] fc_host::wallpaper_state: 還原 \\?\DISPLAY#AUSAA34#5&1091fafa&0&UID4356#{e6f07b5f-ee97-4a90-b076-33f57bf4eaa7} 成功：C:\Windows\asus\wallpapers\asus.jpg（讀回驗證通過）
2026-10-03T17:59:07 hostlog: 2026-10-03T17:59:03.243 [ INFO] fc_host::wallpaper_state: 還原 \\?\DISPLAY#BOE0CDF#4&102fce2&0&UID8388688#{e6f07b5f-ee97-4a90-b076-33f57bf4eaa7} 成功：C:\Windows\asus\wallpapers\asus.jpg（讀回驗證通過）
2026-10-03T17:59:07 hostlog: 2026-10-03T17:59:03.246 [ INFO] fc_host::wallpaper_state: 已還原原桌布（safety_valve: explorer（PID 104556）的 GDI 物件數 2995，比基準 994 多出 2001；增量超過門檻（門檻：增量超過 2000 或絕對值超過 8000））；離線待還原 []
2026-10-03T17:59:07 hostlog: 2026-10-03T17:59:03.246 [ WARN] fc_host::wallpaper_coordinator: 狀態機要求主題改為「不接管」（SafetyValve）
2026-10-03T17:59:07 hostlog: 2026-10-03T17:59:03.248 [ INFO] fc_host::wallpaper_coordinator: 系統匣通知：SafetyValve { detail: "explorer（PID 104556）的 GDI 物件數 2995，比基準 994 多出 2001；增量超過門檻（門檻：增量超過 2000 或絕對值超過 8000）", restore: Restored }
2026-10-03T17:59:07 hostlog: 2026-10-03T17:59:03.248 [ INFO] fc_host::wallpaper_coordinator: 還原結果：Restored { offline_unverified: [], user_choice_kept: [], warnings: [], state_saved: true }
2026-10-03T17:59:07 hostlog: 2026-10-03T17:59:03.248 [ INFO] fc_host::wallpaper_coordinator: 決策：安全閥觸發：停止接管（已走「不接管」的還原路徑）；下次喚醒 無（只等事件）
2026-10-03T17:59:07 hostlog: 2026-10-03T17:59:03.249 [ INFO] fc_host::tray: 系統匣通知已送出（uID 2）：財經桌布：已停止接管桌布｜已停止接管，並已還原原本的桌布。原因：explorer 資源接近上限（數值見記錄檔）。可在設定中重新開啟。
2026-10-03T17:59:07 settings.json wallpaper_theme=none
2026-10-03T17:59:07 [A9-after-valve-host-restore] position=4 bg=0x000000 reg.Wallpaper=c:\windows\asus\wallpapers\asus.jpg reg.Style=10 reg.Tile=0 slideshow=1
[A9-after-valve-host-restore]   mon rect=3840,4,6400,1604 hr=0x00000000 raw=<C:\Windows\asus\wallpapers\asus.jpg> id=\\?\DISPLAY#BOE0CDF#4&102fce2&0&UID8388688#{e6f07b5f-ee97-4a90-b076-33f57bf4eaa7}
[A9-after-valve-host-restore]   mon rect=0,0,3840,2160 hr=0x00000000 raw=<C:\Windows\asus\wallpapers\asus.jpg> id=\\?\DISPLAY#AUSAA34#5&1091fafa&0&UID4356#{e6f07b5f-ee97-4a90-b076-33f57bf4eaa7}
2026-10-03T17:59:07 [A9-after-valve-host-restore] 與快照比對：一致；Colors\Background=0 0 0
2026-10-03T17:59:07 [A9-after-valve-host-restore] HKCU Run 前後比對：相同
2026-10-03T17:59:39 宿主（安全閥後不接管）self_test_quit exit=0；結束=True；通知橫幅截圖完整顯示結果句與原因句（dw-6.1-rerun-A9-valve-toast.png）
2026-10-03T17:59:39 [A9-after-host-exit] position=4 bg=0x000000 reg.Wallpaper=c:\windows\asus\wallpapers\asus.jpg reg.Style=10 reg.Tile=0 slideshow=1
[A9-after-host-exit]   mon rect=3840,4,6400,1604 hr=0x00000000 raw=<C:\Windows\asus\wallpapers\asus.jpg> id=\\?\DISPLAY#BOE0CDF#4&102fce2&0&UID8388688#{e6f07b5f-ee97-4a90-b076-33f57bf4eaa7}
[A9-after-host-exit]   mon rect=0,0,3840,2160 hr=0x00000000 raw=<C:\Windows\asus\wallpapers\asus.jpg> id=\\?\DISPLAY#AUSAA34#5&1091fafa&0&UID4356#{e6f07b5f-ee97-4a90-b076-33f57bf4eaa7}
2026-10-03T17:59:39 [A9-after-host-exit] 與快照比對：一致；Colors\Background=0 0 0
2026-10-03T17:59:39 [A9-after-host-exit] HKCU Run 前後比對：相同
