2026-10-03T17:56:24 == B9 讓位（修正報告 B9 步驟 4）：重設全域純色（背景 0x804020）→ 接管 → 兩台確認套用後，以獨立腳本對筆電 SetWallpaper(img0.jpg) → 主題設定檔加頂層鍵觸發重畫 → 預期讓位、主螢幕「讓位時還原 … 成功：純色（讀回 記憶圖片）」、不標待還原、登錄不寫回 ==
2026-10-03T17:56:24 SetWallpaper(NULL,'') hr=0x00000000
2026-10-03T17:56:24 SetBackgroundColor(0x804020) hr=0x00000000
2026-10-03T17:56:27 [B9y-solid-original] position=4 bg=0x804020 reg.Wallpaper= reg.Style=10 reg.Tile=0 slideshow=0
[B9y-solid-original]   mon rect=3840,4,6400,1604 hr=0x00000000 raw=<> id=\\?\DISPLAY#BOE0CDF#4&102fce2&0&UID8388688#{e6f07b5f-ee97-4a90-b076-33f57bf4eaa7}
[B9y-solid-original]   mon rect=0,0,3840,2160 hr=0x00000000 raw=<> id=\\?\DISPLAY#AUSAA34#5&1091fafa&0&UID4356#{e6f07b5f-ee97-4a90-b076-33f57bf4eaa7}
2026-10-03T17:56:28 host PID=109192 exe=%TEMP%\fc-61r\st\fc-host.exe iso=%TEMP%\fc-61\iso-rB9y-175628
2026-10-03T17:56:29 host ready: 2026-10-03T17:56:28.912 [ INFO] fc_host::wallpaper_coordinator: 決策：Idle；下次喚醒 無（只等事件）
2026-10-03T17:56:32 secondary exit=0; select_wallpaper_theme(astrolabe) exit=0 out="applied"
2026-10-03T17:56:35 first redraw: 2026-10-03T17:56:35.481 [ INFO] fc_host::wallpaper_coordinator: Redraw 結束
2026-10-03T17:56:37 hostlog: 2026-10-03T17:56:32.736 [ INFO] fc_host::wallpaper_state: 原桌布是全域純色（背景色 0x804020、GetStatus 0）：還原時以 SetWallpaper(NULL, "") 還原；接管途中 explorer 換回的記憶圖片不算使用者自換
2026-10-03T17:56:37 hostlog: 2026-10-03T17:56:33.749 [ INFO] fc_host::wallpaper_coordinator: 確認已套用：螢幕 \\?\DISPLAY#BOE0CDF#4&102fce2&0&UID8388688#{e6f07b5f-ee97-4a90-b076-33f57bf4eaa7} 讀回 %TEMP%\fc-61\iso-rB9y-175628\localappdata\tw.fintools.fc-host\wallpaper\m-f9b2ea130f53c2f2-a.png → true
2026-10-03T17:56:37 hostlog: 2026-10-03T17:56:34.474 [ INFO] fc_host::wallpaper_state: 螢幕 \\?\DISPLAY#AUSAA34#5&1091fafa&0&UID4356#{e6f07b5f-ee97-4a90-b076-33f57bf4eaa7} 讀回 C:\Windows\Web\Wallpaper\ThemeB\img24.jpg：原桌布是全域純色，這是設定別台後 explorer 換回的記憶圖片（接管途中的過渡讀回），不算使用者自換
2026-10-03T17:56:37 hostlog: 2026-10-03T17:56:35.481 [ INFO] fc_host::wallpaper_coordinator: 確認已套用：螢幕 \\?\DISPLAY#AUSAA34#5&1091fafa&0&UID4356#{e6f07b5f-ee97-4a90-b076-33f57bf4eaa7} 讀回 %TEMP%\fc-61\iso-rB9y-175628\localappdata\tw.fintools.fc-host\wallpaper\m-3bd72edb34b1e28f-a.png → true
2026-10-03T17:56:37 [B9y-taken-over] position=4 bg=0x804020 reg.Wallpaper=%APPDATA%\Microsoft\Windows\Themes\TranscodedWallpaper reg.Style=10 reg.Tile=0 slideshow=1
[B9y-taken-over]   mon rect=3840,4,6400,1604 hr=0x00000000 raw=<%TEMP%\fc-61\iso-rB9y-175628\localappdata\tw.fintools.fc-host\wallpaper\m-f9b2ea130f53c2f2-a.png> id=\\?\DISPLAY#BOE0CDF#4&102fce2&0&UID8388688#{e6f07b5f-ee97-4a90-b076-33f57bf4eaa7}
[B9y-taken-over]   mon rect=0,0,3840,2160 hr=0x00000000 raw=<%TEMP%\fc-61\iso-rB9y-175628\localappdata\tw.fintools.fc-host\wallpaper\m-3bd72edb34b1e28f-a.png> id=\\?\DISPLAY#AUSAA34#5&1091fafa&0&UID4356#{e6f07b5f-ee97-4a90-b076-33f57bf4eaa7}
2026-10-03T17:56:48 模擬使用者自換：SetWallpaper(筆電, C:\Windows\Web\Wallpaper\Windows\img0.jpg) hr=0x00000000
2026-10-03T17:56:51 [B9y-after-user-switch] position=4 bg=0x804020 reg.Wallpaper=%APPDATA%\Microsoft\Windows\Themes\TranscodedWallpaper reg.Style=10 reg.Tile=0 slideshow=1
[B9y-after-user-switch]   mon rect=3840,4,6400,1604 hr=0x00000000 raw=<C:\Windows\Web\Wallpaper\Windows\img0.jpg> id=\\?\DISPLAY#BOE0CDF#4&102fce2&0&UID8388688#{e6f07b5f-ee97-4a90-b076-33f57bf4eaa7}
[B9y-after-user-switch]   mon rect=0,0,3840,2160 hr=0x00000000 raw=<%TEMP%\fc-61\iso-rB9y-175628\localappdata\tw.fintools.fc-host\wallpaper\m-3bd72edb34b1e28f-a.png> id=\\?\DISPLAY#AUSAA34#5&1091fafa&0&UID4356#{e6f07b5f-ee97-4a90-b076-33f57bf4eaa7}
2026-10-03T17:56:51 主題設定檔加頂層鍵 _fc61_touch（觸發重畫；設定檔每 30 秒輪詢）
2026-10-03T17:57:00 yield: 2026-10-03T17:56:59.656 [ WARN] fc_host::wallpaper_state: 使用者自行更換了桌布（["\\\\?\\DISPLAY#BOE0CDF#4&102fce2&0&UID8388688#{e6f07b5f-ee97-4a90-b076-33f57bf4eaa7}"]）：讓位，主題改為「不接管」
2026-10-03T17:57:03 settings.json wallpaper_theme=none
2026-10-03T17:57:03 state: { "version": 1, "status": "not_taken_over", "original": null, "monitors": { "m-3bd72edb34b1e28f": { "device_path": "\\\\?\\DISPLAY#AUSAA34#5&1091fafa&0&UID4356#{e6f07b5f-ee97-4a90-b076-33f57bf4eaa7}", "original_wallpaper": "", "backup": null, "recorded_at": 1791021392, "last_set": null, "host_applied": false, "pending_restore": false, "original_unknown": false, "stale": false }, "m-f9b2ea130f53c2f2": { "device_path": "\\\\?\\DISPLAY#BOE0CDF#4&102fce2&0&UID8388688#{e6f07b5f-ee97-4a90-b076-33f57bf4eaa7}", "original_wallpaper": "C:\\Windows\\Web\\Wallpaper\\Windows\\img0.jpg", "backup": null, "recorded_at": 1791021419, "last_set": null, "host_applied": false, "pending_restore": false, "original_unknown": false, "stale": false } }, "last_event": { "kind": "yielded", "at": 1791021419, "monitors": [ "\\\\?\\DISPLAY#BOE0CDF#4&102fce2&0&UID8388688#{e6f07b5f-ee97-4a90-b076-33f57bf4eaa7}" ] } }
2026-10-03T17:57:03 [B9y-after-yield] position=4 bg=0x804020 reg.Wallpaper=%APPDATA%\Microsoft\Windows\Themes\TranscodedWallpaper reg.Style=10 reg.Tile=0 slideshow=1
[B9y-after-yield]   mon rect=3840,4,6400,1604 hr=0x00000000 raw=<C:\Windows\Web\Wallpaper\Windows\img0.jpg> id=\\?\DISPLAY#BOE0CDF#4&102fce2&0&UID8388688#{e6f07b5f-ee97-4a90-b076-33f57bf4eaa7}
[B9y-after-yield]   mon rect=0,0,3840,2160 hr=0x00000000 raw=<C:\Windows\Web\Wallpaper\ThemeB\img24.jpg> id=\\?\DISPLAY#AUSAA34#5&1091fafa&0&UID4356#{e6f07b5f-ee97-4a90-b076-33f57bf4eaa7}
2026-10-03T17:57:44 hostlog: 2026-10-03T17:56:59.018 [ INFO] fc_host::wallpaper_coordinator: 喚醒：DataChanged
2026-10-03T17:57:44 hostlog: 2026-10-03T17:56:59.018 [ INFO] fc_host::wallpaper_coordinator: 主題設定檔已變更（第 1 版）：清除時點紀錄，目前的主題 astrolabe 重畫
2026-10-03T17:57:44 hostlog: 2026-10-03T17:56:59.019 [ INFO] fc_host::wallpaper_coordinator: explorer GDI：PID 104556 讀值 994；基準 994（PID 104556）；門檻 增量超過 2000 或絕對值超過 8000
2026-10-03T17:57:44 hostlog: 2026-10-03T17:56:59.019 [ INFO] fc_host::wallpaper_coordinator: 決策：Redraw 主題 astrolabe 時點 Slot(1791020700) 呈現 2026-10-03 17:45:00 (UTC+08:00)：\\?\DISPLAY#BOE0CDF#4&102fce2&0&UID8388688#{e6f07b5f-ee97-4a90-b076-33f57bf4eaa7}（Unrecorded）、\\?\DISPLAY#AUSAA34#5&1091fafa&0&UID4356#{e6f07b5f-ee97-4a90-b076-33f57bf4eaa7}（Unrecorded）；下次喚醒 2026-10-03 18:00:00 (UTC+08:00)
2026-10-03T17:57:44 hostlog: 2026-10-03T17:56:59.019 [ INFO] fc_host::wallpaper_coordinator: Redraw 開始：主題 astrolabe、時點 Slot(1791020700)、呈現 2026-10-03 17:45:00 (UTC+08:00)、2 台
2026-10-03T17:57:44 hostlog: 2026-10-03T17:56:59.019 [ INFO] fc_host::wallpaper_coordinator: 渲染：螢幕 \\?\DISPLAY#BOE0CDF#4&102fce2&0&UID8388688#{e6f07b5f-ee97-4a90-b076-33f57bf4eaa7}（Unrecorded）2560×1600 DPI 168 鍵 m-f9b2ea130f53c2f2
2026-10-03T17:57:44 hostlog: 2026-10-03T17:56:59.019 [ INFO] fc_host::wallpaper_render: 桌布渲染 #3 開始：astrolabe 2560×1600 t=2026-10-03T09:45:00Z tz= 螢幕 m-f9b2ea130f53c2f2
2026-10-03T17:57:44 hostlog: 2026-10-03T17:56:59.649 [ INFO] fc_host::wallpaper_render: 桌布渲染 #3 完成：%TEMP%\fc-61\iso-rB9y-175628\localappdata\tw.fintools.fc-host\wallpaper\m-f9b2ea130f53c2f2-b.png（b）建立 279 ms、頁面 333 ms、關窗 2 ms、寫檔 15 ms、本體 raw
2026-10-03T17:57:44 hostlog: 2026-10-03T17:56:59.655 [ INFO] fc_host::wallpaper_state: 讓位時還原 \\?\DISPLAY#AUSAA34#5&1091fafa&0&UID4356#{e6f07b5f-ee97-4a90-b076-33f57bf4eaa7} 成功：純色（讀回 ）
2026-10-03T17:57:44 hostlog: 2026-10-03T17:56:59.656 [ WARN] fc_host::wallpaper_state: 使用者自行更換了桌布（["\\\\?\\DISPLAY#BOE0CDF#4&102fce2&0&UID8388688#{e6f07b5f-ee97-4a90-b076-33f57bf4eaa7}"]）：讓位，主題改為「不接管」
2026-10-03T17:57:44 hostlog: 2026-10-03T17:56:59.656 [ INFO] fc_host::wallpaper_coordinator: SetWallpaper（經狀態機）：螢幕 \\?\DISPLAY#BOE0CDF#4&102fce2&0&UID8388688#{e6f07b5f-ee97-4a90-b076-33f57bf4eaa7}、圖 %TEMP%\fc-61\iso-rB9y-175628\localappdata\tw.fintools.fc-host\wallpaper\m-f9b2ea130f53c2f2-b.png → Yielded { events: [ThemeSetToNone { cause: UserChangedWallpaper }, Notify(Yielded { device_paths: ["\\\\?\\DISPLAY#BOE0CDF#4&102fce2&0&UID8388688#{e6f07b5f-ee97-4a90-b076-33f57bf4eaa7}"] })] }
2026-10-03T17:57:44 hostlog: 2026-10-03T17:56:59.656 [ WARN] fc_host::wallpaper_coordinator: 狀態機要求主題改為「不接管」（UserChangedWallpaper）
2026-10-03T17:57:44 hostlog: 2026-10-03T17:56:59.658 [ WARN] fc_host::wallpaper_coordinator: 通知使用者：Yielded { device_paths: ["\\\\?\\DISPLAY#BOE0CDF#4&102fce2&0&UID8388688#{e6f07b5f-ee97-4a90-b076-33f57bf4eaa7}"] }
2026-10-03T17:57:44 hostlog: 2026-10-03T17:56:59.658 [ INFO] fc_host::wallpaper_coordinator: 系統匣通知：Yielded { device_paths: ["\\\\?\\DISPLAY#BOE0CDF#4&102fce2&0&UID8388688#{e6f07b5f-ee97-4a90-b076-33f57bf4eaa7}"] }
2026-10-03T17:57:44 hostlog: 2026-10-03T17:56:59.658 [ INFO] fc_host::wallpaper_coordinator: Redraw 中止（使用者自行更換桌布，已讓位）：其餘 1 台不渲染、不設定：["\\\\?\\DISPLAY#AUSAA34#5&1091fafa&0&UID4356#{e6f07b5f-ee97-4a90-b076-33f57bf4eaa7}"]
2026-10-03T17:57:44 hostlog: 2026-10-03T17:56:59.658 [ INFO] fc_host::wallpaper_coordinator: Redraw 結束
2026-10-03T17:57:44 hostlog: 2026-10-03T17:56:59.658 [ INFO] fc_host::wallpaper_coordinator: Redraw 結束，立即再評估一次
2026-10-03T17:57:44 hostlog: 2026-10-03T17:56:59.658 [ INFO] fc_host::wallpaper_coordinator: 決策：Idle；下次喚醒 無（只等事件）
2026-10-03T17:57:44 hostlog: 2026-10-03T17:56:59.659 [ INFO] fc_host::tray: 系統匣通知已送出（uID 2）：財經桌布：已停止接管桌布｜偵測到你換了桌布，已保留你選的桌布、不再覆蓋。可在設定中重新開啟。
2026-10-03T17:57:44 hostlog: 2026-10-03T17:56:59.660 [ INFO] fc_host::app_icon: 圖示：系統匣 → icon 24px（主題 none，主要顯示器縮放 1.50）
2026-10-03T17:57:44 hostlog: 2026-10-03T17:56:59.660 [ INFO] fc_host::app_icon: 圖示：設定視窗 → icon 48px（主題 none，縮放 1.50）
2026-10-03T17:57:44 hostlog: 2026-10-03T17:57:32.030 [ INFO] fc_host::wallpaper_coordinator: 勿打擾：主題為「不接管」，停止輪詢（下次需要重畫時再讀）
2026-10-03T17:58:04 [B9y-yield+60s] position=4 bg=0x804020 reg.Wallpaper=%APPDATA%\Microsoft\Windows\Themes\TranscodedWallpaper reg.Style=10 reg.Tile=0 slideshow=1
[B9y-yield+60s]   mon rect=3840,4,6400,1604 hr=0x00000000 raw=<C:\Windows\Web\Wallpaper\Windows\img0.jpg> id=\\?\DISPLAY#BOE0CDF#4&102fce2&0&UID8388688#{e6f07b5f-ee97-4a90-b076-33f57bf4eaa7}
[B9y-yield+60s]   mon rect=0,0,3840,2160 hr=0x00000000 raw=<C:\Windows\Web\Wallpaper\ThemeB\img24.jpg> id=\\?\DISPLAY#AUSAA34#5&1091fafa&0&UID4356#{e6f07b5f-ee97-4a90-b076-33f57bf4eaa7}
2026-10-03T17:58:04 宿主（已讓位、不接管）self_test_quit exit=0；結束=True
2026-10-03T17:58:05 hostlog: 2026-10-03T17:58:04.895 [ INFO] fc_host::tray: 系統匣：使用者選擇「結束」
2026-10-03T17:58:05 hostlog: 2026-10-03T17:58:04.896 [ INFO] fc_host::wallpaper_coordinator: 系統匣「結束」：停止新的渲染（進行中的 Redraw 已在檢查點中止），開始還原原桌布（含全域填滿方式、背景色、登錄）
2026-10-03T17:58:05 hostlog: 2026-10-03T17:58:04.896 [ INFO] fc_host::wallpaper_coordinator: 還原原桌布：原因 TrayExit
2026-10-03T17:58:05 hostlog: 2026-10-03T17:58:04.896 [ INFO] fc_host::wallpaper_coordinator: 還原結果：NothingToRestore
2026-10-03T17:58:05 hostlog: 2026-10-03T17:58:04.896 [ INFO] fc_host::wallpaper_coordinator: 系統匣「結束」：還原結果 已還原（或無需還原）（沒有需要還原的桌布（未接管））→ 協調迴圈結束
2026-10-03T17:58:06 hostlog: 2026-10-03T17:58:04.896 [ INFO] fc_host::wallpaper_coordinator: 協調迴圈結束（系統匣結束）
2026-10-03T17:58:06 hostlog: 2026-10-03T17:58:04.896 [ INFO] fc_host::wallpaper_coordinator: 系統匣「結束」：還原完成（沒有需要還原的桌布（未接管）），宿主結束
2026-10-03T17:58:06 hostlog: 2026-10-03T17:58:04.898 [ INFO] fc_host::tray: 系統匣「結束」：桌布主題已存成「不接管」
2026-10-03T17:58:06 hostlog: 2026-10-03T17:58:04.898 [ INFO] fc_host: 事件迴圈：收到結束要求 code=0
2026-10-03T17:58:06 hostlog: 2026-10-03T17:58:04.899 [ INFO] fc_host: 事件迴圈結束（RunEvent::Exit），行程即將結束
2026-10-03T17:58:06 [B9y-after-host-exit] position=4 bg=0x804020 reg.Wallpaper=%APPDATA%\Microsoft\Windows\Themes\TranscodedWallpaper reg.Style=10 reg.Tile=0 slideshow=1
[B9y-after-host-exit]   mon rect=3840,4,6400,1604 hr=0x00000000 raw=<C:\Windows\Web\Wallpaper\Windows\img0.jpg> id=\\?\DISPLAY#BOE0CDF#4&102fce2&0&UID8388688#{e6f07b5f-ee97-4a90-b076-33f57bf4eaa7}
[B9y-after-host-exit]   mon rect=0,0,3840,2160 hr=0x00000000 raw=<C:\Windows\Web\Wallpaper\ThemeB\img24.jpg> id=\\?\DISPLAY#AUSAA34#5&1091fafa&0&UID4356#{e6f07b5f-ee97-4a90-b076-33f57bf4eaa7}
2026-10-03T17:58:13 manual restore（收尾自己模擬的使用者狀態：純色原桌布＋筆電自換 img0）: SetWallpaper \\?\DISPLAY#BOE0CDF#4&102fce2&0&UID8388688#{e6f07b5f-ee97-4a90-b076-33f57bf4eaa7} hr=0x00000000
2026-10-03T17:58:13 manual restore（收尾自己模擬的使用者狀態：純色原桌布＋筆電自換 img0）: SetWallpaper \\?\DISPLAY#AUSAA34#5&1091fafa&0&UID4356#{e6f07b5f-ee97-4a90-b076-33f57bf4eaa7} hr=0x00000000
2026-10-03T17:58:13 manual restore（收尾自己模擬的使用者狀態：純色原桌布＋筆電自換 img0）: SetPosition(4) hr=0x00000000
2026-10-03T17:58:13 manual restore（收尾自己模擬的使用者狀態：純色原桌布＋筆電自換 img0）: SetBackgroundColor(0) hr=0x00000000
2026-10-03T17:58:13 manual restore（收尾自己模擬的使用者狀態：純色原桌布＋筆電自換 img0）: registry: WallPaper/WallpaperStyle/TileWallpaper 寫回快照值
2026-10-03T17:58:13 [after-B9y-manual-restore] position=4 bg=0x000000 reg.Wallpaper=c:\windows\asus\wallpapers\asus.jpg reg.Style=10 reg.Tile=0 slideshow=1
[after-B9y-manual-restore]   mon rect=3840,4,6400,1604 hr=0x00000000 raw=<C:\Windows\asus\wallpapers\asus.jpg> id=\\?\DISPLAY#BOE0CDF#4&102fce2&0&UID8388688#{e6f07b5f-ee97-4a90-b076-33f57bf4eaa7}
[after-B9y-manual-restore]   mon rect=0,0,3840,2160 hr=0x00000000 raw=<C:\Windows\asus\wallpapers\asus.jpg> id=\\?\DISPLAY#AUSAA34#5&1091fafa&0&UID4356#{e6f07b5f-ee97-4a90-b076-33f57bf4eaa7}
2026-10-03T17:58:13 [after-B9y-manual-restore] 與快照比對：一致；Colors\Background=0 0 0
2026-10-03T17:58:13 [after-B9y-manual-restore] HKCU Run 前後比對：相同
2026-10-03T17:58:13 themes(手動還原快照後): Transcoded_000         11471351 2026-10-03T17:58:12 sha=3A7C52E26C74C897 實際格式=png 3840x2400 宿主png_dimensions=png 3840x2400
2026-10-03T17:58:13 themes(手動還原快照後): Transcoded_001         11471351 2026-10-03T17:58:12 sha=3A7C52E26C74C897 實際格式=png 3840x2400 宿主png_dimensions=png 3840x2400
2026-10-03T17:58:13 themes(手動還原快照後): TranscodedWallpaper      654944 2026-10-03T17:58:13 sha=0D778B702A881B66 實際格式=jpeg 3840x2401 宿主png_dimensions=not-png(header=FFD8FFE0)
