2026-10-03T10:16:09 == A5 模擬使用者自換：獨立腳本對筆電螢幕 SetWallpaper C:\Windows\Web\Wallpaper\Windows\img0.jpg（存在=True）==
2026-10-03T10:16:09 SetWallpaper(laptop) hr=0x00000000
2026-10-03T10:16:11 [after-user-switch] position=4 bg=0x000000 reg.Wallpaper=%APPDATA%\Microsoft\Windows\Themes\TranscodedWallpaper reg.Style=10 reg.Tile=0 slideshow=1
[after-user-switch]   mon rect=3840,4,6400,1604 hr=0x00000000 raw=<C:\Windows\Web\Wallpaper\Windows\img0.jpg> id=\\?\DISPLAY#BOE0CDF#4&102fce2&0&UID8388688#{e6f07b5f-ee97-4a90-b076-33f57bf4eaa7}
[after-user-switch]   mon rect=0,0,3840,2160 hr=0x00000000 raw=<%TEMP%\fc-61\iso-A1-101233\localappdata\tw.fintools.fc-host\wallpaper\m-3bd72edb34b1e28f-b.png> id=\\?\DISPLAY#AUSAA34#5&1091fafa&0&UID4356#{e6f07b5f-ee97-4a90-b076-33f57bf4eaa7}
2026-10-03T10:16:22 state(before yield): { "version": 1, "status": "taken_over", "original": { "recorded_at": 1790993598, "position": 4, "background_color": 0, "slideshow_status": 1, "slideshow": null, "registry": { "wallpaper": { "state": "present", "kind": 1, "data_hex": "63003a005c00770069006e0064006f00770073005c0061007300750073005c00770061006c006c007000610070006500720073005c0061007300750073002e006a00700067000000" }, "wallpaper_style": { "state": "present", "kind": 1, "data_hex": "310030000000" }, "tile_wallpaper": { "state": "present", "kind": 1, "data_hex": "30000000" } }, "spotlight": { "enabled_state": 0, "background_type": 0 } }, "monitors": { "m-3bd72edb34b1e28f": { "device_path": "\\\\?\\DISPLAY#AUSAA34#5&1091fafa&0&UID4356#{e6f07b5f-ee97-4a90-b076-33f57bf4eaa7}", "original_wallpaper": "C:\\Windows\\asus\\wallpapers\\asus.jpg", "backup": "m-3bd72edb34b1e28f.jpg", "recorded_at": 1790993598, "last_set": "%TEMP%\\fc-61\\iso-A1-101233\\localappdata\\tw.fintools.fc-host\\wallpaper\\m-3bd72edb34b1e28f-b.png", "host_applied": true, "pending_restore": false, "original_unknown": false, "stale": false, "original_file_id": { "volume_serial": 3806363889, "file_index": 3377699720744854 } }, "m-f9b2ea130f53c2f2": { "device_path": "\\\\?\\DISPLAY#BOE0CDF#4&102fce2&0&UID8388688#{e6f07b5f-ee97-4a90-b076-33f57bf4eaa7}", "original_wallpaper": "C:\\Windows\\asus\\wallpapers\\asus.jpg", "backup": "m-f9b2ea130f53c2f2.jpg", "recorded_at": 1790993598, "last_set": "%TEMP%\\fc-61\\iso-A1-101233\\localappdata\\tw.fintools.fc-host\\wallpaper\\m-f9b2ea130f53c2f2-b.png", "host_applied": true, "pending_restore": false, "original_unknown": false, "stale": false, "original_file_id": { "volume_serial": 3806363889, "file_index": 3377699720744854 } } }, "last_event": null, "explorer_baseline": { "pid": 104556, "gdi": 994, "recorded_at": 1790993598 } }
2026-10-03T10:30:13 [after-yield] position=4 bg=0x000000 reg.Wallpaper=%APPDATA%\Microsoft\Windows\Themes\TranscodedWallpaper reg.Style=10 reg.Tile=0 slideshow=1
[after-yield]   mon rect=3840,4,6400,1604 hr=0x00000000 raw=<C:\Windows\Web\Wallpaper\Windows\img0.jpg> id=\\?\DISPLAY#BOE0CDF#4&102fce2&0&UID8388688#{e6f07b5f-ee97-4a90-b076-33f57bf4eaa7}
[after-yield]   mon rect=0,0,3840,2160 hr=0x00000000 raw=<C:\Windows\asus\wallpapers\asus.jpg> id=\\?\DISPLAY#AUSAA34#5&1091fafa&0&UID4356#{e6f07b5f-ee97-4a90-b076-33f57bf4eaa7}
2026-10-03T10:30:13 settings.json wallpaper_theme=none
2026-10-03T10:30:13 state(after yield): { "version": 1, "status": "not_taken_over", "original": null, "monitors": { "m-3bd72edb34b1e28f": { "device_path": "\\\\?\\DISPLAY#AUSAA34#5&1091fafa&0&UID4356#{e6f07b5f-ee97-4a90-b076-33f57bf4eaa7}", "original_wallpaper": "C:\\Windows\\asus\\wallpapers\\asus.jpg", "backup": "m-3bd72edb34b1e28f.jpg", "recorded_at": 1790993598, "last_set": null, "host_applied": false, "pending_restore": false, "original_unknown": false, "stale": false, "original_file_id": { "volume_serial": 3806363889, "file_index": 3377699720744854 } }, "m-f9b2ea130f53c2f2": { "device_path": "\\\\?\\DISPLAY#BOE0CDF#4&102fce2&0&UID8388688#{e6f07b5f-ee97-4a90-b076-33f57bf4eaa7}", "original_wallpaper": "C:\\Windows\\Web\\Wallpaper\\Windows\\img0.jpg", "backup": null, "recorded_at": 1790994601, "last_set": null, "host_applied": false, "pending_restore": false, "original_unknown": false, "stale": false, "original_file_id": { "volume_serial": 3806363889, "file_index": 3377699720744854 } } }, "last_event": { "kind": "yielded", "at": 1790994601, "monitors": [ "\\\\?\\DISPLAY#BOE0CDF#4&102fce2&0&UID8388688#{e6f07b5f-ee97-4a90-b076-33f57bf4eaa7}" ] }, "superseded_backups": [ "m-f9b2ea130f53c2f2.jpg" ] }
2026-10-03T10:30:22 hostlog: 2026-10-03T10:15:00.802 [ INFO] fc_host::wallpaper_coordinator: 決策：Redraw 主題 astrolabe 時點 Slot(1790993700) 呈現 2026-10-03 10:15:00 (UTC+08:00)：\\?\DISPLAY#BOE0CDF#4&102fce2&0&UID8388688#{e6f07b5f-ee97-4a90-b076-33f57bf4eaa7}（Scheduled）、\\?\DISPLAY#AUSAA34#5&1091fafa&0&UID4356#{e6f07b5f-ee97-4a90-b076-33f57bf4eaa7}（Scheduled）；下次喚醒 2026-10-03 10:30:00 (UTC+08:00)
2026-10-03T10:30:22 hostlog: 2026-10-03T10:15:04.177 [ INFO] fc_host::wallpaper_coordinator: 決策：UpToDate；下次喚醒 2026-10-03 10:30:00 (UTC+08:00)
2026-10-03T10:30:22 hostlog: 2026-10-03T10:30:00.517 [ INFO] fc_host::wallpaper_coordinator: explorer GDI：PID 104556 讀值 994；基準 994（PID 104556）；門檻 增量超過 2000 或絕對值超過 8000
2026-10-03T10:30:22 hostlog: 2026-10-03T10:30:00.517 [ INFO] fc_host::wallpaper_coordinator: 決策：Redraw 主題 astrolabe 時點 Slot(1790994600) 呈現 2026-10-03 10:30:00 (UTC+08:00)：\\?\DISPLAY#BOE0CDF#4&102fce2&0&UID8388688#{e6f07b5f-ee97-4a90-b076-33f57bf4eaa7}（Scheduled）、\\?\DISPLAY#AUSAA34#5&1091fafa&0&UID4356#{e6f07b5f-ee97-4a90-b076-33f57bf4eaa7}（Scheduled）；下次喚醒 2026-10-03 10:45:00 (UTC+08:00)
2026-10-03T10:30:22 hostlog: 2026-10-03T10:30:00.517 [ INFO] fc_host::wallpaper_coordinator: Redraw 開始：主題 astrolabe、時點 Slot(1790994600)、呈現 2026-10-03 10:30:00 (UTC+08:00)、2 台
2026-10-03T10:30:22 hostlog: 2026-10-03T10:30:00.518 [ INFO] fc_host::wallpaper_coordinator: 渲染：螢幕 \\?\DISPLAY#BOE0CDF#4&102fce2&0&UID8388688#{e6f07b5f-ee97-4a90-b076-33f57bf4eaa7}（Scheduled）2560×1600 DPI 168 鍵 m-f9b2ea130f53c2f2
2026-10-03T10:30:22 hostlog: 2026-10-03T10:30:00.518 [ INFO] fc_host::wallpaper_render: 桌布渲染 #5 開始：astrolabe 2560×1600 t=2026-10-03T02:30:00Z tz= 螢幕 m-f9b2ea130f53c2f2
2026-10-03T10:30:22 hostlog: 2026-10-03T10:30:01.170 [ INFO] fc_host::wallpaper_render: 桌布渲染 #5 完成：%TEMP%\fc-61\iso-A1-101233\localappdata\tw.fintools.fc-host\wallpaper\m-f9b2ea130f53c2f2-a.png（a）建立 286 ms、頁面 355 ms、關窗 2 ms、寫檔 8 ms、本體 raw
2026-10-03T10:30:22 hostlog: 2026-10-03T10:30:01.175 [ WARN] fc_host::wallpaper_state: 使用者自行更換了桌布（["\\\\?\\DISPLAY#BOE0CDF#4&102fce2&0&UID8388688#{e6f07b5f-ee97-4a90-b076-33f57bf4eaa7}"]）：讓位，主題改為「不接管」
2026-10-03T10:30:22 hostlog: 2026-10-03T10:30:01.175 [ INFO] fc_host::wallpaper_coordinator: SetWallpaper（經狀態機）：螢幕 \\?\DISPLAY#BOE0CDF#4&102fce2&0&UID8388688#{e6f07b5f-ee97-4a90-b076-33f57bf4eaa7}、圖 %TEMP%\fc-61\iso-A1-101233\localappdata\tw.fintools.fc-host\wallpaper\m-f9b2ea130f53c2f2-a.png → Yielded { events: [ThemeSetToNone { cause: UserChangedWallpaper }, Notify(Yielded { device_paths: ["\\\\?\\DISPLAY#BOE0CDF#4&102fce2&0&UID8388688#{e6f07b5f-ee97-4a90-b076-33f57bf4eaa7}"] })] }
2026-10-03T10:30:22 hostlog: 2026-10-03T10:30:01.175 [ WARN] fc_host::wallpaper_coordinator: 狀態機要求主題改為「不接管」（UserChangedWallpaper）
2026-10-03T10:30:22 hostlog: 2026-10-03T10:30:01.176 [ WARN] fc_host::wallpaper_coordinator: 通知使用者：Yielded { device_paths: ["\\\\?\\DISPLAY#BOE0CDF#4&102fce2&0&UID8388688#{e6f07b5f-ee97-4a90-b076-33f57bf4eaa7}"] }
2026-10-03T10:30:22 hostlog: 2026-10-03T10:30:01.176 [ INFO] fc_host::wallpaper_coordinator: 系統匣通知：Yielded { device_paths: ["\\\\?\\DISPLAY#BOE0CDF#4&102fce2&0&UID8388688#{e6f07b5f-ee97-4a90-b076-33f57bf4eaa7}"] }
2026-10-03T10:30:22 hostlog: 2026-10-03T10:30:01.176 [ INFO] fc_host::wallpaper_coordinator: Redraw 中止（使用者自行更換桌布，已讓位）：其餘 1 台不渲染、不設定：["\\\\?\\DISPLAY#AUSAA34#5&1091fafa&0&UID4356#{e6f07b5f-ee97-4a90-b076-33f57bf4eaa7}"]
2026-10-03T10:30:22 hostlog: 2026-10-03T10:30:01.176 [ INFO] fc_host::wallpaper_coordinator: Redraw 結束
2026-10-03T10:30:22 hostlog: 2026-10-03T10:30:01.176 [ INFO] fc_host::wallpaper_coordinator: Redraw 結束，立即再評估一次
2026-10-03T10:30:22 hostlog: 2026-10-03T10:30:01.176 [ INFO] fc_host::wallpaper_coordinator: 決策：Idle；下次喚醒 無（只等事件）
2026-10-03T10:30:22 hostlog: 2026-10-03T10:30:01.177 [ INFO] fc_host::tray: 系統匣通知已送出（uID 2）：財經桌布：已停止接管桌布｜偵測到你換了桌布，已保留你選的桌布、不再覆蓋。可在設定中重新開啟。
2026-10-03T10:30:22 hostlog: 2026-10-03T10:30:01.184 [ INFO] fc_host::app_icon: 圖示：系統匣 → icon 24px（主題 none，主要顯示器縮放 1.50）
2026-10-03T10:30:22 hostlog: 2026-10-03T10:30:01.184 [ INFO] fc_host::app_icon: 圖示：設定視窗 → icon 48px（主題 none，縮放 1.50）
2026-10-03T10:30:55 宿主（不接管、已讓位）以 Stop-ProcessTree 結束；以下為我手動把筆電還原回快照（模擬的使用者選擇 img0 不是宿主該還原的）
2026-10-03T10:30:57 manual: SetWallpaper \\?\DISPLAY#BOE0CDF#4&102fce2&0&UID8388688#{e6f07b5f-ee97-4a90-b076-33f57bf4eaa7} hr=0x00000000
2026-10-03T10:30:57 manual: SetWallpaper \\?\DISPLAY#AUSAA34#5&1091fafa&0&UID4356#{e6f07b5f-ee97-4a90-b076-33f57bf4eaa7} hr=0x00000000
2026-10-03T10:30:57 manual: SetPosition(4) hr=0x00000000
2026-10-03T10:30:57 manual: SetBackgroundColor(0) hr=0x00000000
2026-10-03T10:30:57 manual: registry: WallPaper/WallpaperStyle/TileWallpaper 寫回快照值
2026-10-03T10:30:57 [after-manual-restore] position=4 bg=0x000000 reg.Wallpaper=c:\windows\asus\wallpapers\asus.jpg reg.Style=10 reg.Tile=0 slideshow=1
[after-manual-restore]   mon rect=3840,4,6400,1604 hr=0x00000000 raw=<C:\Windows\asus\wallpapers\asus.jpg> id=\\?\DISPLAY#BOE0CDF#4&102fce2&0&UID8388688#{e6f07b5f-ee97-4a90-b076-33f57bf4eaa7}
[after-manual-restore]   mon rect=0,0,3840,2160 hr=0x00000000 raw=<C:\Windows\asus\wallpapers\asus.jpg> id=\\?\DISPLAY#AUSAA34#5&1091fafa&0&UID4356#{e6f07b5f-ee97-4a90-b076-33f57bf4eaa7}
2026-10-03T10:30:57 [after-manual-restore] 與快照比對：一致；Colors\Background=0 0 0
2026-10-03T10:30:57 [after-manual-restore] HKCU Run 前後比對：相同
