2026-10-03T10:36:23 == C4 勿打擾注入：FC_HOST_SELF_TEST_DND_FILE（focus=on）、FC_HOST_SELF_TEST_DND_POLL_SECS=3；self-test-ipc 建置 ==
2026-10-03T10:36:23 host PID=34072 exe=%TEMP%\fc-61\st\fc-host.exe iso=%TEMP%\fc-61\iso-C4-103623
2026-10-03T10:36:24 host ready: 2026-10-03T10:36:24.123 [ INFO] fc_host::wallpaper_coordinator: 決策：Idle；下次喚醒 無（只等事件）
2026-10-03T10:36:27 secondary exit=0; select_wallpaper_theme(astrolabe) exit=0 out="applied"
2026-10-03T10:36:27 decision: 2026-10-03T10:36:27.211 [ INFO] fc_host::wallpaper_coordinator: 決策：DoNotDisturb；下次喚醒 無（只等事件）
2026-10-03T10:36:35 status(勿打擾中 +8s): {"coordinator_running":true,"state":"do_not_disturb","waiting_for":null,"holding_without":null,"blocked":null,"awaiting_spotlight_confirmation":false,"spotlight_check_needed":false,"taken_over":false,"config_version":0}
2026-10-03T10:36:35 渲染次數（勿打擾中）=0
2026-10-03T10:36:35 [C4-dnd-on] position=4 bg=0x000000 reg.Wallpaper=c:\windows\asus\wallpapers\asus.jpg reg.Style=10 reg.Tile=0 slideshow=1
[C4-dnd-on]   mon rect=3840,4,6400,1604 hr=0x00000000 raw=<C:\Windows\asus\wallpapers\asus.jpg> id=\\?\DISPLAY#BOE0CDF#4&102fce2&0&UID8388688#{e6f07b5f-ee97-4a90-b076-33f57bf4eaa7}
[C4-dnd-on]   mon rect=0,0,3840,2160 hr=0x00000000 raw=<C:\Windows\asus\wallpapers\asus.jpg> id=\\?\DISPLAY#AUSAA34#5&1091fafa&0&UID4356#{e6f07b5f-ee97-4a90-b076-33f57bf4eaa7}
2026-10-03T10:36:35 hostlog: 2026-10-03T10:36:27.205 [ INFO] fc_host::wallpaper_coordinator: 喚醒：SettingsChanged
2026-10-03T10:36:35 hostlog: 2026-10-03T10:36:27.205 [ INFO] fc_host::wallpaper_coordinator: 主題：none → astrolabe
2026-10-03T10:36:35 hostlog: 2026-10-03T10:36:27.205 [ INFO] fc_host::wallpaper_coordinator: 使用者重新開啟接管：沒有要清除的安全閥基準，下一次設定桌布前的讀值成為基準
2026-10-03T10:36:35 hostlog: 2026-10-03T10:36:27.206 [ INFO] fc_host::wallpaper_coordinator: 顯示器清單改變：3840×2160@(0,0) DPI 144；2560×1600@(3840,4) DPI 168
2026-10-03T10:36:35 hostlog: 2026-10-03T10:36:27.210 [ INFO] fc_host::wallpaper_coordinator: 列舉螢幕（IDesktopWallpaper）：2 台，在線 2 台：\\?\DISPLAY#BOE0CDF#4&102fce2&0&UID8388688#{e6f07b5f-ee97-4a90-b076-33f57bf4eaa7} 2560×1600@(3840,4)；\\?\DISPLAY#AUSAA34#5&1091fafa&0&UID4356#{e6f07b5f-ee97-4a90-b076-33f57bf4eaa7} 3840×2160@(0,0)
2026-10-03T10:36:35 hostlog: 2026-10-03T10:36:27.210 [ INFO] fc_host::wallpaper_coordinator: 勿打擾：啟動輪詢執行緒（每 3 秒讀一次；主題為「不接管」時停止）
2026-10-03T10:36:35 hostlog: 2026-10-03T10:36:27.210 [ INFO] fc_host::wallpaper_coordinator: self-test 注入勿打擾讀值（官方）：On IsFocusActive=true（self-test 注入）
2026-10-03T10:36:35 hostlog: 2026-10-03T10:36:27.211 [ INFO] fc_host::wallpaper_coordinator: 勿打擾狀態：專注工作階段（FocusSessionManager） IsFocusActive=true（self-test 注入）、WNF 勿打擾（非官方） WNF=0 → 合併：勿打擾中，暫停重畫
2026-10-03T10:36:35 hostlog: 2026-10-03T10:36:27.211 [ INFO] fc_host::wallpaper_coordinator: 決策：DoNotDisturb；下次喚醒 無（只等事件）
2026-10-03T10:36:35 hostlog: 2026-10-03T10:36:27.211 [ INFO] fc_host::wallpaper_coordinator: 喚醒：DoNotDisturbChanged
2026-10-03T10:36:35 hostlog: 2026-10-03T10:36:27.211 [ INFO] fc_host::wallpaper_coordinator: 決策：DoNotDisturb；下次喚醒 無（只等事件）
2026-10-03T10:36:35 hostlog: 2026-10-03T10:36:30.221 [ INFO] fc_host::wallpaper_coordinator: self-test 注入勿打擾讀值（官方）：On IsFocusActive=true（self-test 注入）
2026-10-03T10:36:35 hostlog: 2026-10-03T10:36:33.224 [ INFO] fc_host::wallpaper_coordinator: self-test 注入勿打擾讀值（官方）：On IsFocusActive=true（self-test 注入）
2026-10-03T10:36:49 注入檔改為 focus=off wnf=1（只有 WNF 半邊為勿打擾）
2026-10-03T10:36:56 hostlog: 2026-10-03T10:36:51.290 [ INFO] fc_host::wallpaper_coordinator: 勿打擾狀態：專注工作階段（FocusSessionManager） IsFocusActive=false（self-test 注入）、WNF 勿打擾（非官方） WNF=1（self-test 注入） → 合併：勿打擾中，暫停重畫
2026-10-03T10:36:56 注入檔改為 real（解除；真實讀值兩者皆非勿打擾）
2026-10-03T10:37:01 解除後補畫：2026-10-03T10:37:00.823 [ INFO] fc_host::wallpaper_coordinator: Redraw 結束
2026-10-03T10:37:07 hostlog: 2026-10-03T10:36:57.300 [ INFO] fc_host::wallpaper_coordinator: 勿打擾狀態：專注工作階段（FocusSessionManager） IsFocusActive=false、WNF 勿打擾（非官方） WNF=0 → 合併：不暫停
2026-10-03T10:37:07 hostlog: 2026-10-03T10:36:57.311 [ INFO] fc_host::wallpaper_coordinator: 決策：Redraw 主題 astrolabe 時點 Slot(1790994600) 呈現 2026-10-03 10:30:00 (UTC+08:00)：\\?\DISPLAY#BOE0CDF#4&102fce2&0&UID8388688#{e6f07b5f-ee97-4a90-b076-33f57bf4eaa7}（Unrecorded）、\\?\DISPLAY#AUSAA34#5&1091fafa&0&UID4356#{e6f07b5f-ee97-4a90-b076-33f57bf4eaa7}（Unrecorded）；下次喚醒 2026-10-03 10:45:00 (UTC+08:00)
2026-10-03T10:37:07 hostlog: 2026-10-03T10:36:57.311 [ INFO] fc_host::wallpaper_coordinator: Redraw 開始：主題 astrolabe、時點 Slot(1790994600)、呈現 2026-10-03 10:30:00 (UTC+08:00)、2 台
2026-10-03T10:37:07 hostlog: 2026-10-03T10:36:57.311 [ INFO] fc_host::wallpaper_render: 桌布渲染 #1 開始：astrolabe 2560×1600 t=2026-10-03T02:30:00Z tz= 螢幕 m-f9b2ea130f53c2f2
2026-10-03T10:37:07 hostlog: 2026-10-03T10:36:58.035 [ INFO] fc_host::wallpaper_render: 桌布渲染 #1 完成：%TEMP%\fc-61\iso-C4-103623\localappdata\tw.fintools.fc-host\wallpaper\m-f9b2ea130f53c2f2-a.png（a）建立 262 ms、頁面 443 ms、關窗 3 ms、寫檔 16 ms、本體 raw
2026-10-03T10:37:07 hostlog: 2026-10-03T10:36:58.052 [ INFO] fc_host::wallpaper_coordinator: SetWallpaper（經狀態機）：螢幕 \\?\DISPLAY#BOE0CDF#4&102fce2&0&UID8388688#{e6f07b5f-ee97-4a90-b076-33f57bf4eaa7}、圖 %TEMP%\fc-61\iso-C4-103623\localappdata\tw.fintools.fc-host\wallpaper\m-f9b2ea130f53c2f2-a.png → Applied
2026-10-03T10:37:07 hostlog: 2026-10-03T10:36:59.062 [ INFO] fc_host::wallpaper_render: 桌布渲染 #2 開始：astrolabe 3840×2160 t=2026-10-03T02:30:00Z tz= 螢幕 m-3bd72edb34b1e28f
2026-10-03T10:37:07 hostlog: 2026-10-03T10:36:59.803 [ INFO] fc_host::wallpaper_render: 桌布渲染 #2 完成：%TEMP%\fc-61\iso-C4-103623\localappdata\tw.fintools.fc-host\wallpaper\m-3bd72edb34b1e28f-a.png（a）建立 254 ms、頁面 468 ms、關窗 3 ms、寫檔 16 ms、本體 raw
2026-10-03T10:37:07 hostlog: 2026-10-03T10:36:59.812 [ INFO] fc_host::wallpaper_coordinator: SetWallpaper（經狀態機）：螢幕 \\?\DISPLAY#AUSAA34#5&1091fafa&0&UID4356#{e6f07b5f-ee97-4a90-b076-33f57bf4eaa7}、圖 %TEMP%\fc-61\iso-C4-103623\localappdata\tw.fintools.fc-host\wallpaper\m-3bd72edb34b1e28f-a.png → Applied
2026-10-03T10:37:07 hostlog: 2026-10-03T10:37:00.823 [ INFO] fc_host::wallpaper_coordinator: Redraw 結束
2026-10-03T10:37:07 hostlog: 2026-10-03T10:37:00.823 [ INFO] fc_host::wallpaper_coordinator: Redraw 結束，立即再評估一次
2026-10-03T10:37:07 hostlog: 2026-10-03T10:37:00.824 [ INFO] fc_host::wallpaper_coordinator: 決策：UpToDate；下次喚醒 2026-10-03 10:45:00 (UTC+08:00)
2026-10-03T10:37:07 解除後 6 秒內 Redraw 次數=1
2026-10-03T10:37:07 [C4-after-dnd-off] position=4 bg=0x000000 reg.Wallpaper=%APPDATA%\Microsoft\Windows\Themes\TranscodedWallpaper reg.Style=10 reg.Tile=0 slideshow=1
[C4-after-dnd-off]   mon rect=3840,4,6400,1604 hr=0x00000000 raw=<%TEMP%\fc-61\iso-C4-103623\localappdata\tw.fintools.fc-host\wallpaper\m-f9b2ea130f53c2f2-a.png> id=\\?\DISPLAY#BOE0CDF#4&102fce2&0&UID8388688#{e6f07b5f-ee97-4a90-b076-33f57bf4eaa7}
[C4-after-dnd-off]   mon rect=0,0,3840,2160 hr=0x00000000 raw=<%TEMP%\fc-61\iso-C4-103623\localappdata\tw.fintools.fc-host\wallpaper\m-3bd72edb34b1e28f-a.png> id=\\?\DISPLAY#AUSAA34#5&1091fafa&0&UID4356#{e6f07b5f-ee97-4a90-b076-33f57bf4eaa7}
2026-10-03T10:37:56 C4/C5 宿主以 self_test_quit 結束：True
2026-10-03T10:37:57 hostlog: 2026-10-03T10:37:56.341 [ INFO] fc_host::wallpaper_coordinator: 系統匣「結束」：還原結果 已還原（或無需還原）（已還原；離線待還原 []、保留使用者自選 []、警告 0 則、狀態已存檔 true）→ 協調迴圈結束
2026-10-03T10:37:57 hostlog: 2026-10-03T10:37:56.341 [ INFO] fc_host::wallpaper_coordinator: 協調迴圈結束（系統匣結束）
2026-10-03T10:37:57 hostlog: 2026-10-03T10:37:56.341 [ INFO] fc_host::wallpaper_coordinator: 系統匣「結束」：還原完成（已還原；離線待還原 []、保留使用者自選 []、警告 0 則、狀態已存檔 true），宿主結束
2026-10-03T10:37:57 hostlog: 2026-10-03T10:37:56.342 [ INFO] fc_host::tray: 系統匣「結束」：桌布主題已存成「不接管」
2026-10-03T10:37:57 hostlog: 2026-10-03T10:37:56.342 [ INFO] fc_host: 事件迴圈：收到結束要求 code=0
2026-10-03T10:37:57 hostlog: 2026-10-03T10:37:56.346 [ INFO] fc_host: 事件迴圈結束（RunEvent::Exit），行程即將結束
2026-10-03T10:37:58 [after-C4-quit] position=4 bg=0x000000 reg.Wallpaper=c:\windows\asus\wallpapers\asus.jpg reg.Style=10 reg.Tile=0 slideshow=1
[after-C4-quit]   mon rect=3840,4,6400,1604 hr=0x00000000 raw=<C:\Windows\asus\wallpapers\asus.jpg> id=\\?\DISPLAY#BOE0CDF#4&102fce2&0&UID8388688#{e6f07b5f-ee97-4a90-b076-33f57bf4eaa7}
[after-C4-quit]   mon rect=0,0,3840,2160 hr=0x00000000 raw=<C:\Windows\asus\wallpapers\asus.jpg> id=\\?\DISPLAY#AUSAA34#5&1091fafa&0&UID4356#{e6f07b5f-ee97-4a90-b076-33f57bf4eaa7}
2026-10-03T10:37:58 [after-C4-quit] 與快照比對：一致；Colors\Background=0 0 0
2026-10-03T10:37:58 [after-C4-quit] HKCU Run 前後比對：相同
