TAG pre-gap60 count=150 gapMs=60 size=2560x1600
RENDER ok=150 fail=0 hostExit=0
OVERLAP 下一次開始時前一個 browser 仍存活：149/149
EXIT 返回後結束耗時 ms：n=108 p50=30280.7 p95=55714.1 max=59792.7
NOT-EXITED 60 秒內沒結束：42
REUSED 新渲染拿到前一個 browser 行程：149
HOST 1791110626864 BROWSERS total=150 leaked=0 []
SURVIVORS 宿主結束後仍存活（隔離資料夾內）：0
DETAIL 1791110584986 BROWSER-NOT-EXITED n=1 pid=95672 after_return_ms=60008.3
DETAIL 1791110585486 BROWSER-NOT-EXITED n=2 pid=95672 after_return_ms=60015.6
DETAIL 1791110585974 BROWSER-NOT-EXITED n=3 pid=95672 after_return_ms=60003.0
DETAIL 1791110586487 BROWSER-NOT-EXITED n=4 pid=95672 after_return_ms=60010.9
DETAIL 1791110586974 BROWSER-NOT-EXITED n=5 pid=95672 after_return_ms=60003.3
DETAIL 1791110587549 BROWSER-NOT-EXITED n=6 pid=95672 after_return_ms=60010.9
DETAIL 1791110588049 BROWSER-NOT-EXITED n=7 pid=95672 after_return_ms=60012.1
DETAIL 1791110588535 BROWSER-NOT-EXITED n=8 pid=95672 after_return_ms=60011.3
DETAIL 1791110589033 BROWSER-NOT-EXITED n=9 pid=95672 after_return_ms=60001.2
DETAIL 1791110589532 BROWSER-NOT-EXITED n=10 pid=95672 after_return_ms=60013.9
DETAIL 1791110590004 BROWSER-NOT-EXITED n=11 pid=95672 after_return_ms=60011.3
DETAIL 1791110590488 BROWSER-NOT-EXITED n=12 pid=95672 after_return_ms=60005.0
DETAIL 1791110590990 BROWSER-NOT-EXITED n=13 pid=95672 after_return_ms=60014.2
DETAIL 1791110591484 BROWSER-NOT-EXITED n=14 pid=95672 after_return_ms=60002.4
DETAIL 1791110592001 BROWSER-NOT-EXITED n=15 pid=95672 after_return_ms=60013.2
DETAIL 1791110592563 BROWSER-NOT-EXITED n=16 pid=95672 after_return_ms=60004.9
DETAIL 1791110593078 BROWSER-NOT-EXITED n=17 pid=95672 after_return_ms=60011.5
DETAIL 1791110593593 BROWSER-NOT-EXITED n=18 pid=95672 after_return_ms=60010.7
DETAIL 1791110594077 BROWSER-NOT-EXITED n=19 pid=95672 after_return_ms=60000.0
DETAIL 1791110594577 BROWSER-NOT-EXITED n=20 pid=95672 after_return_ms=60003.5
DETAIL 1791110595092 BROWSER-NOT-EXITED n=21 pid=95672 after_return_ms=60009.4
DETAIL 1791110595591 BROWSER-NOT-EXITED n=22 pid=95672 after_return_ms=60002.1
DETAIL 1791110596101 BROWSER-NOT-EXITED n=23 pid=95672 after_return_ms=60002.2
DETAIL 1791110596631 BROWSER-NOT-EXITED n=24 pid=95672 after_return_ms=60013.5
DETAIL 1791110597129 BROWSER-NOT-EXITED n=25 pid=95672 after_return_ms=60008.8
DETAIL 1791110597632 BROWSER-NOT-EXITED n=26 pid=95672 after_return_ms=60014.6
DETAIL 1791110598132 BROWSER-NOT-EXITED n=27 pid=95672 after_return_ms=60002.7
DETAIL 1791110598697 BROWSER-NOT-EXITED n=28 pid=95672 after_return_ms=60011.4
DETAIL 1791110599197 BROWSER-NOT-EXITED n=29 pid=95672 after_return_ms=60005.7
DETAIL 1791110600706 BROWSER-NOT-EXITED n=30 pid=95672 after_return_ms=60009.0
DETAIL 1791110601206 BROWSER-NOT-EXITED n=31 pid=95672 after_return_ms=60006.1
DETAIL 1791110601706 BROWSER-NOT-EXITED n=32 pid=95672 after_return_ms=60012.7
DETAIL 1791110602191 BROWSER-NOT-EXITED n=33 pid=95672 after_return_ms=60012.3
DETAIL 1791110602687 BROWSER-NOT-EXITED n=34 pid=95672 after_return_ms=60010.3
DETAIL 1791110603186 BROWSER-NOT-EXITED n=35 pid=95672 after_return_ms=60006.5
DETAIL 1791110603700 BROWSER-NOT-EXITED n=36 pid=95672 after_return_ms=60014.3
DETAIL 1791110604198 BROWSER-NOT-EXITED n=37 pid=95672 after_return_ms=60004.2
DETAIL 1791110604759 BROWSER-NOT-EXITED n=38 pid=95672 after_return_ms=60005.2
DETAIL 1791110605275 BROWSER-NOT-EXITED n=39 pid=95672 after_return_ms=60005.3
DETAIL 1791110605771 BROWSER-NOT-EXITED n=40 pid=95672 after_return_ms=60005.0
DETAIL 1791110606284 BROWSER-NOT-EXITED n=41 pid=95672 after_return_ms=60003.3
DETAIL 1791110606788 BROWSER-NOT-EXITED n=42 pid=95672 after_return_ms=60003.5
DETAIL 1791110525470 BROWSER-REUSED n=2 pid=95672
DETAIL 1791110525971 BROWSER-REUSED n=3 pid=95672
DETAIL 1791110526476 BROWSER-REUSED n=4 pid=95672
DETAIL 1791110526970 BROWSER-REUSED n=5 pid=95672
DETAIL 1791110527538 BROWSER-REUSED n=6 pid=95672
DETAIL 1791110528037 BROWSER-REUSED n=7 pid=95672
DETAIL 1791110528523 BROWSER-REUSED n=8 pid=95672
DETAIL 1791110529032 BROWSER-REUSED n=9 pid=95672
DETAIL 1791110529518 BROWSER-REUSED n=10 pid=95672
DETAIL 1791110529993 BROWSER-REUSED n=11 pid=95672
DETAIL 1791110530482 BROWSER-REUSED n=12 pid=95672
DETAIL 1791110530975 BROWSER-REUSED n=13 pid=95672
DETAIL 1791110531482 BROWSER-REUSED n=14 pid=95672
DETAIL 1791110531987 BROWSER-REUSED n=15 pid=95672
DETAIL 1791110532558 BROWSER-REUSED n=16 pid=95672
DETAIL 1791110533066 BROWSER-REUSED n=17 pid=95672
DETAIL 1791110533582 BROWSER-REUSED n=18 pid=95672
DETAIL 1791110534077 BROWSER-REUSED n=19 pid=95672
DETAIL 1791110534573 BROWSER-REUSED n=20 pid=95672
DETAIL 1791110535083 BROWSER-REUSED n=21 pid=95672
DETAIL 1791110535588 BROWSER-REUSED n=22 pid=95672
DETAIL 1791110536099 BROWSER-REUSED n=23 pid=95672
DETAIL 1791110536617 BROWSER-REUSED n=24 pid=95672
DETAIL 1791110537120 BROWSER-REUSED n=25 pid=95672
DETAIL 1791110537617 BROWSER-REUSED n=26 pid=95672
DETAIL 1791110538129 BROWSER-REUSED n=27 pid=95672
DETAIL 1791110538685 BROWSER-REUSED n=28 pid=95672
DETAIL 1791110539191 BROWSER-REUSED n=29 pid=95672
DETAIL 1791110540697 BROWSER-REUSED n=30 pid=95672
DETAIL 1791110541200 BROWSER-REUSED n=31 pid=95672
DETAIL 1791110541693 BROWSER-REUSED n=32 pid=95672
DETAIL 1791110542178 BROWSER-REUSED n=33 pid=95672
DETAIL 1791110542677 BROWSER-REUSED n=34 pid=95672
DETAIL 1791110543179 BROWSER-REUSED n=35 pid=95672
DETAIL 1791110543685 BROWSER-REUSED n=36 pid=95672
DETAIL 1791110544194 BROWSER-REUSED n=37 pid=95672
DETAIL 1791110544754 BROWSER-REUSED n=38 pid=95672
DETAIL 1791110545269 BROWSER-REUSED n=39 pid=95672
DETAIL 1791110545766 BROWSER-REUSED n=40 pid=95672
DETAIL 1791110546281 BROWSER-REUSED n=41 pid=95672
DETAIL 1791110546784 BROWSER-REUSED n=42 pid=95672
DETAIL 1791110547276 BROWSER-REUSED n=43 pid=95672
DETAIL 1791110547811 BROWSER-REUSED n=44 pid=95672
DETAIL 1791110548335 BROWSER-REUSED n=45 pid=95672
DETAIL 1791110548837 BROWSER-REUSED n=46 pid=95672
DETAIL 1791110549332 BROWSER-REUSED n=47 pid=95672
DETAIL 1791110550850 BROWSER-REUSED n=48 pid=95672
DETAIL 1791110551354 BROWSER-REUSED n=49 pid=95672
DETAIL 1791110551853 BROWSER-REUSED n=50 pid=95672
DETAIL 1791110552355 BROWSER-REUSED n=51 pid=95672
DETAIL 1791110552861 BROWSER-REUSED n=52 pid=95672
DETAIL 1791110553356 BROWSER-REUSED n=53 pid=95672
DETAIL 1791110553849 BROWSER-REUSED n=54 pid=95672
DETAIL 1791110554356 BROWSER-REUSED n=55 pid=95672
DETAIL 1791110554872 BROWSER-REUSED n=56 pid=95672
DETAIL 1791110555434 BROWSER-REUSED n=57 pid=95672
DETAIL 1791110555942 BROWSER-REUSED n=58 pid=95672
DETAIL 1791110556450 BROWSER-REUSED n=59 pid=95672
DETAIL 1791110556979 BROWSER-REUSED n=60 pid=95672
DETAIL 1791110557481 BROWSER-REUSED n=61 pid=95672
DETAIL 1791110557979 BROWSER-REUSED n=62 pid=95672
DETAIL 1791110558496 BROWSER-REUSED n=63 pid=95672
DETAIL 1791110558997 BROWSER-REUSED n=64 pid=95672
DETAIL 1791110559497 BROWSER-REUSED n=65 pid=95672
DETAIL 1791110559999 BROWSER-REUSED n=66 pid=95672
DETAIL 1791110560509 BROWSER-REUSED n=67 pid=95672
DETAIL 1791110561033 BROWSER-REUSED n=68 pid=95672
DETAIL 1791110561560 BROWSER-REUSED n=69 pid=95672
DETAIL 1791110562092 BROWSER-REUSED n=70 pid=95672
DETAIL 1791110562604 BROWSER-REUSED n=71 pid=95672
DETAIL 1791110563106 BROWSER-REUSED n=72 pid=95672
DETAIL 1791110563633 BROWSER-REUSED n=73 pid=95672
DETAIL 1791110564146 BROWSER-REUSED n=74 pid=95672
DETAIL 1791110564637 BROWSER-REUSED n=75 pid=95672
DETAIL 1791110565127 BROWSER-REUSED n=76 pid=95672
DETAIL 1791110565642 BROWSER-REUSED n=77 pid=95672
DETAIL 1791110567148 BROWSER-REUSED n=78 pid=95672
DETAIL 1791110567654 BROWSER-REUSED n=79 pid=95672
DETAIL 1791110568149 BROWSER-REUSED n=80 pid=95672
DETAIL 1791110568645 BROWSER-REUSED n=81 pid=95672
DETAIL 1791110569136 BROWSER-REUSED n=82 pid=95672
DETAIL 1791110569637 BROWSER-REUSED n=83 pid=95672
DETAIL 1791110570138 BROWSER-REUSED n=84 pid=95672
DETAIL 1791110570687 BROWSER-REUSED n=85 pid=95672
DETAIL 1791110571181 BROWSER-REUSED n=86 pid=95672
DETAIL 1791110571689 BROWSER-REUSED n=87 pid=95672
DETAIL 1791110572195 BROWSER-REUSED n=88 pid=95672
DETAIL 1791110572700 BROWSER-REUSED n=89 pid=95672
DETAIL 1791110573213 BROWSER-REUSED n=90 pid=95672
DETAIL 1791110573715 BROWSER-REUSED n=91 pid=95672
DETAIL 1791110574240 BROWSER-REUSED n=92 pid=95672
DETAIL 1791110574734 BROWSER-REUSED n=93 pid=95672
DETAIL 1791110575236 BROWSER-REUSED n=94 pid=95672
DETAIL 1791110575737 BROWSER-REUSED n=95 pid=95672
DETAIL 1791110576298 BROWSER-REUSED n=96 pid=95672
DETAIL 1791110576788 BROWSER-REUSED n=97 pid=95672
DETAIL 1791110577288 BROWSER-REUSED n=98 pid=95672
DETAIL 1791110577796 BROWSER-REUSED n=99 pid=95672
DETAIL 1791110578313 BROWSER-REUSED n=100 pid=95672
DETAIL 1791110578813 BROWSER-REUSED n=101 pid=95672
DETAIL 1791110579332 BROWSER-REUSED n=102 pid=95672
DETAIL 1791110579836 BROWSER-REUSED n=103 pid=95672
DETAIL 1791110580348 BROWSER-REUSED n=104 pid=95672
DETAIL 1791110580862 BROWSER-REUSED n=105 pid=95672
DETAIL 1791110581420 BROWSER-REUSED n=106 pid=95672
DETAIL 1791110581911 BROWSER-REUSED n=107 pid=95672
DETAIL 1791110582416 BROWSER-REUSED n=108 pid=95672
DETAIL 1791110582914 BROWSER-REUSED n=109 pid=95672
DETAIL 1791110584426 BROWSER-REUSED n=110 pid=95672
DETAIL 1791110584961 BROWSER-REUSED n=111 pid=95672
DETAIL 1791110585466 BROWSER-REUSED n=112 pid=95672
DETAIL 1791110585986 BROWSER-REUSED n=113 pid=95672
DETAIL 1791110587509 BROWSER-REUSED n=114 pid=95672
DETAIL 1791110588074 BROWSER-REUSED n=115 pid=95672
DETAIL 1791110588567 BROWSER-REUSED n=116 pid=95672
DETAIL 1791110589065 BROWSER-REUSED n=117 pid=95672
DETAIL 1791110589560 BROWSER-REUSED n=118 pid=95672
DETAIL 1791110590050 BROWSER-REUSED n=119 pid=95672
DETAIL 1791110590551 BROWSER-REUSED n=120 pid=95672
DETAIL 1791110591033 BROWSER-REUSED n=121 pid=95672
DETAIL 1791110591524 BROWSER-REUSED n=122 pid=95672
DETAIL 1791110592036 BROWSER-REUSED n=123 pid=95672
DETAIL 1791110592541 BROWSER-REUSED n=124 pid=95672
DETAIL 1791110593111 BROWSER-REUSED n=125 pid=95672
DETAIL 1791110593603 BROWSER-REUSED n=126 pid=95672
DETAIL 1791110594109 BROWSER-REUSED n=127 pid=95672
DETAIL 1791110594613 BROWSER-REUSED n=128 pid=95672
DETAIL 1791110595119 BROWSER-REUSED n=129 pid=95672
DETAIL 1791110595644 BROWSER-REUSED n=130 pid=95672
DETAIL 1791110596157 BROWSER-REUSED n=131 pid=95672
DETAIL 1791110596639 BROWSER-REUSED n=132 pid=95672
DETAIL 1791110597141 BROWSER-REUSED n=133 pid=95672
DETAIL 1791110597630 BROWSER-REUSED n=134 pid=95672
DETAIL 1791110598130 BROWSER-REUSED n=135 pid=95672
DETAIL 1791110598640 BROWSER-REUSED n=136 pid=95672
DETAIL 1791110599146 BROWSER-REUSED n=137 pid=95672
DETAIL 1791110599652 BROWSER-REUSED n=138 pid=95672
DETAIL 1791110600162 BROWSER-REUSED n=139 pid=95672
DETAIL 1791110601683 BROWSER-REUSED n=140 pid=95672
DETAIL 1791110602185 BROWSER-REUSED n=141 pid=95672
DETAIL 1791110602686 BROWSER-REUSED n=142 pid=95672
DETAIL 1791110603190 BROWSER-REUSED n=143 pid=95672
DETAIL 1791110603778 BROWSER-REUSED n=144 pid=95672
DETAIL 1791110604300 BROWSER-REUSED n=145 pid=95672
DETAIL 1791110604808 BROWSER-REUSED n=146 pid=95672
DETAIL 1791110605317 BROWSER-REUSED n=147 pid=95672
DETAIL 1791110605844 BROWSER-REUSED n=148 pid=95672
DETAIL 1791110606374 BROWSER-REUSED n=149 pid=95672
DETAIL 1791110606863 BROWSER-REUSED n=150 pid=95672
