1791114916379 START FC_HOST_SELF_TEST_RENDER_BUILD pid=114468 args=Args { log: "D:\\projects\\finance-calendar-dynamic-wallpaper\\host\\tools\\evidence\\dw-bug-renderer-inject-fixed-render.log", count: 20, interval: 60s, warmup: 5s, tail: 15s, width: 2560, height: 1600, theme: Astrolabe, fixture: true, timeout_at: None, skip_render: false, gap: Some(2s), alt_size: None, pair_idle: None }
1791114916379 RENDERER-UDF %TEMP%\fc-repro-leak-20261004-195515\webview2\wallpaper-renderer
1791114916379 OUTPUT dir=%TEMP%\fc-repro-leak-20261004-195515\localappdata\tw.fintools.fc-host\wallpaper key=m-7ebe8f017cddc2d6
1791114916379 WARMUP 5 s
1791114921380 RENDER-START n=1
1791114922109 RENDER-OK n=1 id=1 browser_pid=Some(44696) slot=A path=%TEMP%\fc-repro-leak-20261004-195515\localappdata\tw.fintools.fc-host\wallpaper\m-7ebe8f017cddc2d6-a.png wh=2560x1600 body=raw open_ms=256.2 page_ms=455.6 to_png_ms=711.8 close_ms=2.0 write_ms=14.8 warnings=0
1791114922109 VERIFY n=1 dims=Some((2560, 1600)) expect=2560x1600 own_files=1 PASS
1791114922286 BROWSER-EXIT n=1 pid=44696 after_return_ms=177.7
1791114924109 PREV-BROWSER n=2 prev_n=1 pid=44696 alive=false
1791114924109 RENDER-START n=2
1791114924719 RENDER-OK n=2 id=2 browser_pid=Some(89924) slot=B path=%TEMP%\fc-repro-leak-20261004-195515\localappdata\tw.fintools.fc-host\wallpaper\m-7ebe8f017cddc2d6-b.png wh=2560x1600 body=raw open_ms=254.9 page_ms=343.7 to_png_ms=598.6 close_ms=2.0 write_ms=9.1 warnings=0
1791114924719 VERIFY n=2 dims=Some((2560, 1600)) expect=2560x1600 own_files=2 PASS
1791114924890 BROWSER-EXIT n=2 pid=89924 after_return_ms=171.3
1791114926719 PREV-BROWSER n=3 prev_n=2 pid=89924 alive=false
1791114926719 RENDER-START n=3
1791114927332 RENDER-OK n=3 id=3 browser_pid=Some(110640) slot=A path=%TEMP%\fc-repro-leak-20261004-195515\localappdata\tw.fintools.fc-host\wallpaper\m-7ebe8f017cddc2d6-a.png wh=2560x1600 body=raw open_ms=251.4 page_ms=342.2 to_png_ms=593.6 close_ms=2.1 write_ms=16.6 warnings=0
1791114927332 VERIFY n=3 dims=Some((2560, 1600)) expect=2560x1600 own_files=2 PASS
1791114927508 BROWSER-EXIT n=3 pid=110640 after_return_ms=175.6
1791114929332 PREV-BROWSER n=4 prev_n=3 pid=110640 alive=false
1791114929332 RENDER-START n=4
1791114929945 RENDER-OK n=4 id=4 browser_pid=Some(32268) slot=B path=%TEMP%\fc-repro-leak-20261004-195515\localappdata\tw.fintools.fc-host\wallpaper\m-7ebe8f017cddc2d6-b.png wh=2560x1600 body=raw open_ms=252.7 page_ms=341.8 to_png_ms=594.5 close_ms=2.3 write_ms=15.7 warnings=0
1791114929945 VERIFY n=4 dims=Some((2560, 1600)) expect=2560x1600 own_files=2 PASS
1791114930129 BROWSER-EXIT n=4 pid=32268 after_return_ms=183.7
1791114931945 PREV-BROWSER n=5 prev_n=4 pid=32268 alive=false
1791114931945 RENDER-START n=5
1791114932601 RENDER-OK n=5 id=5 browser_pid=Some(112708) slot=A path=%TEMP%\fc-repro-leak-20261004-195515\localappdata\tw.fintools.fc-host\wallpaper\m-7ebe8f017cddc2d6-a.png wh=2560x1600 body=raw open_ms=287.1 page_ms=348.8 to_png_ms=635.9 close_ms=2.2 write_ms=17.3 warnings=0
1791114932601 VERIFY n=5 dims=Some((2560, 1600)) expect=2560x1600 own_files=2 PASS
1791114934601 PREV-BROWSER n=6 prev_n=5 pid=112708 alive=true
1791114934601 RENDER-START n=6
1791114939654 BROWSER-EXIT n=5 pid=112708 after_return_ms=7053.3
1791114940287 RENDER-OK n=6 id=6 browser_pid=Some(22164) slot=B path=%TEMP%\fc-repro-leak-20261004-195515\localappdata\tw.fintools.fc-host\wallpaper\m-7ebe8f017cddc2d6-b.png wh=2560x1600 body=raw open_ms=273.4 page_ms=340.7 to_png_ms=614.2 close_ms=2.0 write_ms=16.5 warnings=0
1791114940287 VERIFY n=6 dims=Some((2560, 1600)) expect=2560x1600 own_files=2 PASS
1791114940452 BROWSER-EXIT n=6 pid=22164 after_return_ms=164.9
1791114942287 PREV-BROWSER n=7 prev_n=6 pid=22164 alive=false
1791114942287 RENDER-START n=7
1791114942903 RENDER-OK n=7 id=7 browser_pid=Some(110256) slot=A path=%TEMP%\fc-repro-leak-20261004-195515\localappdata\tw.fintools.fc-host\wallpaper\m-7ebe8f017cddc2d6-a.png wh=2560x1600 body=raw open_ms=251.6 page_ms=345.6 to_png_ms=597.3 close_ms=1.9 write_ms=16.5 warnings=0
1791114942904 VERIFY n=7 dims=Some((2560, 1600)) expect=2560x1600 own_files=2 PASS
1791114943073 BROWSER-EXIT n=7 pid=110256 after_return_ms=170.2
1791114944903 PREV-BROWSER n=8 prev_n=7 pid=110256 alive=false
1791114944903 RENDER-START n=8
1791114945514 RENDER-OK n=8 id=8 browser_pid=Some(110652) slot=B path=%TEMP%\fc-repro-leak-20261004-195515\localappdata\tw.fintools.fc-host\wallpaper\m-7ebe8f017cddc2d6-b.png wh=2560x1600 body=raw open_ms=250.2 page_ms=341.3 to_png_ms=591.5 close_ms=2.1 write_ms=16.5 warnings=0
1791114945514 VERIFY n=8 dims=Some((2560, 1600)) expect=2560x1600 own_files=2 PASS
1791114945679 BROWSER-EXIT n=8 pid=110652 after_return_ms=164.9
1791114947514 PREV-BROWSER n=9 prev_n=8 pid=110652 alive=false
1791114947514 RENDER-START n=9
1791114948133 RENDER-OK n=9 id=9 browser_pid=Some(114692) slot=A path=%TEMP%\fc-repro-leak-20261004-195515\localappdata\tw.fintools.fc-host\wallpaper\m-7ebe8f017cddc2d6-a.png wh=2560x1600 body=raw open_ms=256.2 page_ms=344.6 to_png_ms=600.7 close_ms=2.1 write_ms=15.6 warnings=0
1791114948133 VERIFY n=9 dims=Some((2560, 1600)) expect=2560x1600 own_files=2 PASS
1791114948295 BROWSER-EXIT n=9 pid=114692 after_return_ms=162.9
1791114950133 PREV-BROWSER n=10 prev_n=9 pid=114692 alive=false
1791114950133 RENDER-START n=10
1791114950752 RENDER-OK n=10 id=10 browser_pid=Some(48668) slot=B path=%TEMP%\fc-repro-leak-20261004-195515\localappdata\tw.fintools.fc-host\wallpaper\m-7ebe8f017cddc2d6-b.png wh=2560x1600 body=raw open_ms=258.0 page_ms=343.8 to_png_ms=601.8 close_ms=1.9 write_ms=15.7 warnings=0
1791114950753 VERIFY n=10 dims=Some((2560, 1600)) expect=2560x1600 own_files=2 PASS
1791114952753 PREV-BROWSER n=11 prev_n=10 pid=48668 alive=true
1791114952753 RENDER-START n=11
1791114957801 BROWSER-EXIT n=10 pid=48668 after_return_ms=7048.9
1791114958435 RENDER-OK n=11 id=11 browser_pid=Some(112332) slot=A path=%TEMP%\fc-repro-leak-20261004-195515\localappdata\tw.fintools.fc-host\wallpaper\m-7ebe8f017cddc2d6-a.png wh=2560x1600 body=raw open_ms=266.8 page_ms=348.9 to_png_ms=615.8 close_ms=2.1 write_ms=15.8 warnings=0
1791114958435 VERIFY n=11 dims=Some((2560, 1600)) expect=2560x1600 own_files=2 PASS
1791114958609 BROWSER-EXIT n=11 pid=112332 after_return_ms=174.3
1791114960435 PREV-BROWSER n=12 prev_n=11 pid=112332 alive=false
1791114960435 RENDER-START n=12
1791114961081 RENDER-OK n=12 id=12 browser_pid=Some(114464) slot=B path=%TEMP%\fc-repro-leak-20261004-195515\localappdata\tw.fintools.fc-host\wallpaper\m-7ebe8f017cddc2d6-b.png wh=2560x1600 body=raw open_ms=276.8 page_ms=349.9 to_png_ms=626.7 close_ms=2.2 write_ms=16.0 warnings=0
1791114961081 VERIFY n=12 dims=Some((2560, 1600)) expect=2560x1600 own_files=2 PASS
1791114961257 BROWSER-EXIT n=12 pid=114464 after_return_ms=176.3
1791114963081 PREV-BROWSER n=13 prev_n=12 pid=114464 alive=false
1791114963081 RENDER-START n=13
1791114963708 RENDER-OK n=13 id=13 browser_pid=Some(114032) slot=A path=%TEMP%\fc-repro-leak-20261004-195515\localappdata\tw.fintools.fc-host\wallpaper\m-7ebe8f017cddc2d6-a.png wh=2560x1600 body=raw open_ms=252.7 page_ms=353.8 to_png_ms=606.5 close_ms=2.3 write_ms=17.4 warnings=0
1791114963708 VERIFY n=13 dims=Some((2560, 1600)) expect=2560x1600 own_files=2 PASS
1791114963874 BROWSER-EXIT n=13 pid=114032 after_return_ms=166.7
1791114965708 PREV-BROWSER n=14 prev_n=13 pid=114032 alive=false
1791114965708 RENDER-START n=14
1791114966326 RENDER-OK n=14 id=14 browser_pid=Some(106760) slot=B path=%TEMP%\fc-repro-leak-20261004-195515\localappdata\tw.fintools.fc-host\wallpaper\m-7ebe8f017cddc2d6-b.png wh=2560x1600 body=raw open_ms=249.8 page_ms=349.2 to_png_ms=599.1 close_ms=2.2 write_ms=16.2 warnings=0
1791114966326 VERIFY n=14 dims=Some((2560, 1600)) expect=2560x1600 own_files=2 PASS
1791114966496 BROWSER-EXIT n=14 pid=106760 after_return_ms=170.3
1791114968326 PREV-BROWSER n=15 prev_n=14 pid=106760 alive=false
1791114968326 RENDER-START n=15
1791114968979 RENDER-OK n=15 id=15 browser_pid=Some(62316) slot=A path=%TEMP%\fc-repro-leak-20261004-195515\localappdata\tw.fintools.fc-host\wallpaper\m-7ebe8f017cddc2d6-a.png wh=2560x1600 body=raw open_ms=293.0 page_ms=341.6 to_png_ms=634.6 close_ms=2.1 write_ms=15.6 warnings=0
1791114968979 VERIFY n=15 dims=Some((2560, 1600)) expect=2560x1600 own_files=2 PASS
1791114970979 PREV-BROWSER n=16 prev_n=15 pid=62316 alive=true
1791114970979 RENDER-START n=16
1791114976023 BROWSER-EXIT n=15 pid=62316 after_return_ms=7044.1
1791114976658 RENDER-OK n=16 id=16 browser_pid=Some(112872) slot=B path=%TEMP%\fc-repro-leak-20261004-195515\localappdata\tw.fintools.fc-host\wallpaper\m-7ebe8f017cddc2d6-b.png wh=2560x1600 body=raw open_ms=271.3 page_ms=345.6 to_png_ms=616.9 close_ms=2.1 write_ms=15.8 warnings=0
1791114976658 VERIFY n=16 dims=Some((2560, 1600)) expect=2560x1600 own_files=2 PASS
1791114976833 BROWSER-EXIT n=16 pid=112872 after_return_ms=175.5
1791114978658 PREV-BROWSER n=17 prev_n=16 pid=112872 alive=false
1791114978658 RENDER-START n=17
1791114979314 RENDER-OK n=17 id=17 browser_pid=Some(37896) slot=A path=%TEMP%\fc-repro-leak-20261004-195515\localappdata\tw.fintools.fc-host\wallpaper\m-7ebe8f017cddc2d6-a.png wh=2560x1600 body=raw open_ms=299.8 page_ms=338.4 to_png_ms=638.2 close_ms=2.1 write_ms=14.9 warnings=0
1791114979314 VERIFY n=17 dims=Some((2560, 1600)) expect=2560x1600 own_files=2 PASS
1791114979484 BROWSER-EXIT n=17 pid=37896 after_return_ms=170.6
1791114981314 PREV-BROWSER n=18 prev_n=17 pid=37896 alive=false
1791114981314 RENDER-START n=18
1791114981967 RENDER-OK n=18 id=18 browser_pid=Some(87540) slot=B path=%TEMP%\fc-repro-leak-20261004-195515\localappdata\tw.fintools.fc-host\wallpaper\m-7ebe8f017cddc2d6-b.png wh=2560x1600 body=raw open_ms=265.7 page_ms=377.0 to_png_ms=642.7 close_ms=2.1 write_ms=8.2 warnings=0
1791114981967 VERIFY n=18 dims=Some((2560, 1600)) expect=2560x1600 own_files=2 PASS
1791114982261 BROWSER-EXIT n=18 pid=87540 after_return_ms=293.9
1791114983967 PREV-BROWSER n=19 prev_n=18 pid=87540 alive=false
1791114983967 RENDER-START n=19
1791114984581 RENDER-OK n=19 id=19 browser_pid=Some(100104) slot=A path=%TEMP%\fc-repro-leak-20261004-195515\localappdata\tw.fintools.fc-host\wallpaper\m-7ebe8f017cddc2d6-a.png wh=2560x1600 body=raw open_ms=248.3 page_ms=347.6 to_png_ms=595.9 close_ms=2.0 write_ms=15.9 warnings=0
1791114984581 VERIFY n=19 dims=Some((2560, 1600)) expect=2560x1600 own_files=2 PASS
1791114984763 BROWSER-EXIT n=19 pid=100104 after_return_ms=181.7
1791114986581 PREV-BROWSER n=20 prev_n=19 pid=100104 alive=false
1791114986581 RENDER-START n=20
1791114987178 RENDER-OK n=20 id=20 browser_pid=Some(46820) slot=B path=%TEMP%\fc-repro-leak-20261004-195515\localappdata\tw.fintools.fc-host\wallpaper\m-7ebe8f017cddc2d6-b.png wh=2560x1600 body=raw open_ms=246.3 page_ms=339.1 to_png_ms=585.5 close_ms=2.3 write_ms=8.5 warnings=0
1791114987178 VERIFY n=20 dims=Some((2560, 1600)) expect=2560x1600 own_files=2 PASS
1791114987178 RENDER-LOOP-END
1791114987178 TAIL 15 s
1791114987364 BROWSER-EXIT n=20 pid=46820 after_return_ms=186.2
1791115002179 BROWSERS total=20 leaked=0 []
1791115002179 SHUTDOWN-SETTLE Exited { pid: 46820, waited: 400ns }
1791115002179 SUMMARY ok=20/20 to_png_median_ms=604.2 to_png_max_ms=711.8 open_median_ms=256.2 open_max_ms=299.8 page_median_ms=345.1 page_max_ms=455.6 close_median_ms=2.1
1791115002179 EXIT code=0
