TAG pre-gap30 count=150 gapMs=30 size=2560x1600
RENDER ok=150 fail=0 hostExit=0
OVERLAP 下一次開始時前一個 browser 仍存活：149/149
EXIT 返回後結束耗時 ms：n=120 p50=30432.4 p95=56920.3 max=59805.7
NOT-EXITED 60 秒內沒結束：30
REUSED 新渲染拿到前一個 browser 行程：149
HOST 1791110513563 BROWSERS total=150 leaked=0 []
SURVIVORS 宿主結束後仍存活（隔離資料夾內）：0
DETAIL 1791110479815 BROWSER-NOT-EXITED n=1 pid=11992 after_return_ms=60000.3
DETAIL 1791110480298 BROWSER-NOT-EXITED n=2 pid=11992 after_return_ms=60011.3
DETAIL 1791110480750 BROWSER-NOT-EXITED n=3 pid=11992 after_return_ms=60004.0
DETAIL 1791110481218 BROWSER-NOT-EXITED n=4 pid=11992 after_return_ms=60013.1
DETAIL 1791110481671 BROWSER-NOT-EXITED n=5 pid=11992 after_return_ms=60005.0
DETAIL 1791110482152 BROWSER-NOT-EXITED n=6 pid=11992 after_return_ms=60015.2
DETAIL 1791110482620 BROWSER-NOT-EXITED n=7 pid=11992 after_return_ms=60008.4
DETAIL 1791110483089 BROWSER-NOT-EXITED n=8 pid=11992 after_return_ms=60008.2
DETAIL 1791110483568 BROWSER-NOT-EXITED n=9 pid=11992 after_return_ms=60013.6
DETAIL 1791110484020 BROWSER-NOT-EXITED n=10 pid=11992 after_return_ms=60000.8
DETAIL 1791110484490 BROWSER-NOT-EXITED n=11 pid=11992 after_return_ms=60011.8
DETAIL 1791110484958 BROWSER-NOT-EXITED n=12 pid=11992 after_return_ms=60011.5
DETAIL 1791110485471 BROWSER-NOT-EXITED n=13 pid=11992 after_return_ms=60000.1
DETAIL 1791110485955 BROWSER-NOT-EXITED n=14 pid=11992 after_return_ms=60014.3
DETAIL 1791110486410 BROWSER-NOT-EXITED n=15 pid=11992 after_return_ms=60002.4
DETAIL 1791110486893 BROWSER-NOT-EXITED n=16 pid=11992 after_return_ms=60010.9
DETAIL 1791110487346 BROWSER-NOT-EXITED n=17 pid=11992 after_return_ms=60006.3
DETAIL 1791110487829 BROWSER-NOT-EXITED n=18 pid=11992 after_return_ms=60004.1
DETAIL 1791110488325 BROWSER-NOT-EXITED n=19 pid=11992 after_return_ms=60013.6
DETAIL 1791110488792 BROWSER-NOT-EXITED n=20 pid=11992 after_return_ms=60002.4
DETAIL 1791110489260 BROWSER-NOT-EXITED n=21 pid=11992 after_return_ms=60006.2
DETAIL 1791110489728 BROWSER-NOT-EXITED n=22 pid=11992 after_return_ms=60004.3
DETAIL 1791110490213 BROWSER-NOT-EXITED n=23 pid=11992 after_return_ms=60004.7
DETAIL 1791110490677 BROWSER-NOT-EXITED n=24 pid=11992 after_return_ms=60013.4
DETAIL 1791110491146 BROWSER-NOT-EXITED n=25 pid=11992 after_return_ms=60014.4
DETAIL 1791110491599 BROWSER-NOT-EXITED n=26 pid=11992 after_return_ms=60005.3
DETAIL 1791110492079 BROWSER-NOT-EXITED n=27 pid=11992 after_return_ms=60000.9
DETAIL 1791110492548 BROWSER-NOT-EXITED n=28 pid=11992 after_return_ms=60001.0
DETAIL 1791110493019 BROWSER-NOT-EXITED n=29 pid=11992 after_return_ms=60004.5
DETAIL 1791110493488 BROWSER-NOT-EXITED n=30 pid=11992 after_return_ms=60002.5
DETAIL 1791110420286 BROWSER-REUSED n=2 pid=11992
DETAIL 1791110420746 BROWSER-REUSED n=3 pid=11992
DETAIL 1791110421205 BROWSER-REUSED n=4 pid=11992
DETAIL 1791110421666 BROWSER-REUSED n=5 pid=11992
DETAIL 1791110422136 BROWSER-REUSED n=6 pid=11992
DETAIL 1791110422612 BROWSER-REUSED n=7 pid=11992
DETAIL 1791110423080 BROWSER-REUSED n=8 pid=11992
DETAIL 1791110423555 BROWSER-REUSED n=9 pid=11992
DETAIL 1791110424020 BROWSER-REUSED n=10 pid=11992
DETAIL 1791110424478 BROWSER-REUSED n=11 pid=11992
DETAIL 1791110424946 BROWSER-REUSED n=12 pid=11992
DETAIL 1791110425470 BROWSER-REUSED n=13 pid=11992
DETAIL 1791110425941 BROWSER-REUSED n=14 pid=11992
DETAIL 1791110426407 BROWSER-REUSED n=15 pid=11992
DETAIL 1791110426881 BROWSER-REUSED n=16 pid=11992
DETAIL 1791110427340 BROWSER-REUSED n=17 pid=11992
DETAIL 1791110427824 BROWSER-REUSED n=18 pid=11992
DETAIL 1791110428312 BROWSER-REUSED n=19 pid=11992
DETAIL 1791110428790 BROWSER-REUSED n=20 pid=11992
DETAIL 1791110429254 BROWSER-REUSED n=21 pid=11992
DETAIL 1791110429724 BROWSER-REUSED n=22 pid=11992
DETAIL 1791110430208 BROWSER-REUSED n=23 pid=11992
DETAIL 1791110430664 BROWSER-REUSED n=24 pid=11992
DETAIL 1791110431132 BROWSER-REUSED n=25 pid=11992
DETAIL 1791110431593 BROWSER-REUSED n=26 pid=11992
DETAIL 1791110432078 BROWSER-REUSED n=27 pid=11992
DETAIL 1791110432547 BROWSER-REUSED n=28 pid=11992
DETAIL 1791110433014 BROWSER-REUSED n=29 pid=11992
DETAIL 1791110433485 BROWSER-REUSED n=30 pid=11992
DETAIL 1791110433964 BROWSER-REUSED n=31 pid=11992
DETAIL 1791110434437 BROWSER-REUSED n=32 pid=11992
DETAIL 1791110434906 BROWSER-REUSED n=33 pid=11992
DETAIL 1791110435390 BROWSER-REUSED n=34 pid=11992
DETAIL 1791110435864 BROWSER-REUSED n=35 pid=11992
DETAIL 1791110436354 BROWSER-REUSED n=36 pid=11992
DETAIL 1791110436849 BROWSER-REUSED n=37 pid=11992
DETAIL 1791110437309 BROWSER-REUSED n=38 pid=11992
DETAIL 1791110437768 BROWSER-REUSED n=39 pid=11992
DETAIL 1791110438248 BROWSER-REUSED n=40 pid=11992
DETAIL 1791110438728 BROWSER-REUSED n=41 pid=11992
DETAIL 1791110440202 BROWSER-REUSED n=42 pid=11992
DETAIL 1791110440675 BROWSER-REUSED n=43 pid=11992
DETAIL 1791110441150 BROWSER-REUSED n=44 pid=11992
DETAIL 1791110441615 BROWSER-REUSED n=45 pid=11992
DETAIL 1791110442082 BROWSER-REUSED n=46 pid=11992
DETAIL 1791110442554 BROWSER-REUSED n=47 pid=11992
DETAIL 1791110443029 BROWSER-REUSED n=48 pid=11992
DETAIL 1791110443509 BROWSER-REUSED n=49 pid=11992
DETAIL 1791110443976 BROWSER-REUSED n=50 pid=11992
DETAIL 1791110444446 BROWSER-REUSED n=51 pid=11992
DETAIL 1791110444909 BROWSER-REUSED n=52 pid=11992
DETAIL 1791110445375 BROWSER-REUSED n=53 pid=11992
DETAIL 1791110445874 BROWSER-REUSED n=54 pid=11992
DETAIL 1791110446333 BROWSER-REUSED n=55 pid=11992
DETAIL 1791110446855 BROWSER-REUSED n=56 pid=11992
DETAIL 1791110447317 BROWSER-REUSED n=57 pid=11992
DETAIL 1791110447789 BROWSER-REUSED n=58 pid=11992
DETAIL 1791110448251 BROWSER-REUSED n=59 pid=11992
DETAIL 1791110448724 BROWSER-REUSED n=60 pid=11992
DETAIL 1791110449207 BROWSER-REUSED n=61 pid=11992
DETAIL 1791110449712 BROWSER-REUSED n=62 pid=11992
DETAIL 1791110450189 BROWSER-REUSED n=63 pid=11992
DETAIL 1791110450658 BROWSER-REUSED n=64 pid=11992
DETAIL 1791110451139 BROWSER-REUSED n=65 pid=11992
DETAIL 1791110451601 BROWSER-REUSED n=66 pid=11992
DETAIL 1791110452067 BROWSER-REUSED n=67 pid=11992
DETAIL 1791110452551 BROWSER-REUSED n=68 pid=11992
DETAIL 1791110453007 BROWSER-REUSED n=69 pid=11992
DETAIL 1791110453493 BROWSER-REUSED n=70 pid=11992
DETAIL 1791110453960 BROWSER-REUSED n=71 pid=11992
DETAIL 1791110454480 BROWSER-REUSED n=72 pid=11992
DETAIL 1791110454931 BROWSER-REUSED n=73 pid=11992
DETAIL 1791110455377 BROWSER-REUSED n=74 pid=11992
DETAIL 1791110455837 BROWSER-REUSED n=75 pid=11992
DETAIL 1791110456299 BROWSER-REUSED n=76 pid=11992
DETAIL 1791110456768 BROWSER-REUSED n=77 pid=11992
DETAIL 1791110457246 BROWSER-REUSED n=78 pid=11992
DETAIL 1791110457708 BROWSER-REUSED n=79 pid=11992
DETAIL 1791110458181 BROWSER-REUSED n=80 pid=11992
DETAIL 1791110458648 BROWSER-REUSED n=81 pid=11992
DETAIL 1791110459127 BROWSER-REUSED n=82 pid=11992
DETAIL 1791110459593 BROWSER-REUSED n=83 pid=11992
DETAIL 1791110460089 BROWSER-REUSED n=84 pid=11992
DETAIL 1791110460549 BROWSER-REUSED n=85 pid=11992
DETAIL 1791110461025 BROWSER-REUSED n=86 pid=11992
DETAIL 1791110461474 BROWSER-REUSED n=87 pid=11992
DETAIL 1791110461938 BROWSER-REUSED n=88 pid=11992
DETAIL 1791110462409 BROWSER-REUSED n=89 pid=11992
DETAIL 1791110462870 BROWSER-REUSED n=90 pid=11992
DETAIL 1791110463337 BROWSER-REUSED n=91 pid=11992
DETAIL 1791110463819 BROWSER-REUSED n=92 pid=11992
DETAIL 1791110464294 BROWSER-REUSED n=93 pid=11992
DETAIL 1791110464771 BROWSER-REUSED n=94 pid=11992
DETAIL 1791110465239 BROWSER-REUSED n=95 pid=11992
DETAIL 1791110465730 BROWSER-REUSED n=96 pid=11992
DETAIL 1791110466198 BROWSER-REUSED n=97 pid=11992
DETAIL 1791110466662 BROWSER-REUSED n=98 pid=11992
DETAIL 1791110467150 BROWSER-REUSED n=99 pid=11992
DETAIL 1791110467616 BROWSER-REUSED n=100 pid=11992
DETAIL 1791110468074 BROWSER-REUSED n=101 pid=11992
DETAIL 1791110468563 BROWSER-REUSED n=102 pid=11992
DETAIL 1791110469029 BROWSER-REUSED n=103 pid=11992
DETAIL 1791110469488 BROWSER-REUSED n=104 pid=11992
DETAIL 1791110469984 BROWSER-REUSED n=105 pid=11992
DETAIL 1791110470463 BROWSER-REUSED n=106 pid=11992
DETAIL 1791110470949 BROWSER-REUSED n=107 pid=11992
DETAIL 1791110471429 BROWSER-REUSED n=108 pid=11992
DETAIL 1791110471900 BROWSER-REUSED n=109 pid=11992
DETAIL 1791110472373 BROWSER-REUSED n=110 pid=11992
DETAIL 1791110472843 BROWSER-REUSED n=111 pid=11992
DETAIL 1791110473317 BROWSER-REUSED n=112 pid=11992
DETAIL 1791110473808 BROWSER-REUSED n=113 pid=11992
DETAIL 1791110474287 BROWSER-REUSED n=114 pid=11992
DETAIL 1791110474754 BROWSER-REUSED n=115 pid=11992
DETAIL 1791110475219 BROWSER-REUSED n=116 pid=11992
DETAIL 1791110475678 BROWSER-REUSED n=117 pid=11992
DETAIL 1791110476155 BROWSER-REUSED n=118 pid=11992
DETAIL 1791110477635 BROWSER-REUSED n=119 pid=11992
DETAIL 1791110478099 BROWSER-REUSED n=120 pid=11992
DETAIL 1791110478560 BROWSER-REUSED n=121 pid=11992
DETAIL 1791110479036 BROWSER-REUSED n=122 pid=11992
DETAIL 1791110479503 BROWSER-REUSED n=123 pid=11992
DETAIL 1791110480002 BROWSER-REUSED n=124 pid=11992
DETAIL 1791110480510 BROWSER-REUSED n=125 pid=11992
DETAIL 1791110480982 BROWSER-REUSED n=126 pid=11992
DETAIL 1791110481525 BROWSER-REUSED n=127 pid=11992
DETAIL 1791110482010 BROWSER-REUSED n=128 pid=11992
DETAIL 1791110482492 BROWSER-REUSED n=129 pid=11992
DETAIL 1791110483978 BROWSER-REUSED n=130 pid=11992
DETAIL 1791110484469 BROWSER-REUSED n=131 pid=11992
DETAIL 1791110484937 BROWSER-REUSED n=132 pid=11992
DETAIL 1791110485405 BROWSER-REUSED n=133 pid=11992
DETAIL 1791110485878 BROWSER-REUSED n=134 pid=11992
DETAIL 1791110486372 BROWSER-REUSED n=135 pid=11992
DETAIL 1791110486836 BROWSER-REUSED n=136 pid=11992
DETAIL 1791110487320 BROWSER-REUSED n=137 pid=11992
DETAIL 1791110487799 BROWSER-REUSED n=138 pid=11992
DETAIL 1791110488276 BROWSER-REUSED n=139 pid=11992
DETAIL 1791110488744 BROWSER-REUSED n=140 pid=11992
DETAIL 1791110489285 BROWSER-REUSED n=141 pid=11992
DETAIL 1791110489764 BROWSER-REUSED n=142 pid=11992
DETAIL 1791110490244 BROWSER-REUSED n=143 pid=11992
DETAIL 1791110490700 BROWSER-REUSED n=144 pid=11992
DETAIL 1791110491172 BROWSER-REUSED n=145 pid=11992
DETAIL 1791110491658 BROWSER-REUSED n=146 pid=11992
DETAIL 1791110492130 BROWSER-REUSED n=147 pid=11992
DETAIL 1791110492619 BROWSER-REUSED n=148 pid=11992
DETAIL 1791110493096 BROWSER-REUSED n=149 pid=11992
DETAIL 1791110493563 BROWSER-REUSED n=150 pid=11992
