TAG pre-gap110 count=200 gapMs=110 size=2560x1600
RENDER ok=200 fail=0 hostExit=0
OVERLAP 下一次開始時前一個 browser 仍存活：199/199
EXIT 返回後結束耗時 ms：n=200 p50=176.3 p95=736.9 max=1285.2
NOT-EXITED 60 秒內沒結束：0
REUSED 新渲染拿到前一個 browser 行程：33
HOST 1791111082596 BROWSERS total=200 leaked=0 []
SURVIVORS 宿主結束後仍存活（隔離資料夾內）：0
DETAIL 1791110917076 BROWSER-REUSED n=2 pid=96748
DETAIL 1791110925239 BROWSER-REUSED n=13 pid=86120
DETAIL 1791110928031 BROWSER-REUSED n=17 pid=98488
DETAIL 1791110937845 BROWSER-REUSED n=30 pid=22028
DETAIL 1791110943807 BROWSER-REUSED n=38 pid=107264
DETAIL 1791110945110 BROWSER-REUSED n=40 pid=21340
DETAIL 1791110947154 BROWSER-REUSED n=43 pid=109684
DETAIL 1791110954596 BROWSER-REUSED n=53 pid=102340
DETAIL 1791110961257 BROWSER-REUSED n=62 pid=73036
DETAIL 1791110963369 BROWSER-REUSED n=65 pid=110312
DETAIL 1791110964696 BROWSER-REUSED n=67 pid=110300
DETAIL 1791110974794 BROWSER-REUSED n=80 pid=59716
DETAIL 1791110977598 BROWSER-REUSED n=84 pid=37236
DETAIL 1791110978142 BROWSER-REUSED n=85 pid=37236
DETAIL 1791110991623 BROWSER-REUSED n=103 pid=112228
DETAIL 1791110993684 BROWSER-REUSED n=106 pid=105648
DETAIL 1791110995723 BROWSER-REUSED n=109 pid=104064
DETAIL 1791110996282 BROWSER-REUSED n=110 pid=104064
DETAIL 1791110998351 BROWSER-REUSED n=113 pid=24604
DETAIL 1791111002730 BROWSER-REUSED n=119 pid=18560
DETAIL 1791111004840 BROWSER-REUSED n=122 pid=6568
DETAIL 1791111012367 BROWSER-REUSED n=132 pid=97720
DETAIL 1791111018349 BROWSER-REUSED n=140 pid=89156
DETAIL 1791111026322 BROWSER-REUSED n=150 pid=81756
DETAIL 1791111037593 BROWSER-REUSED n=165 pid=24364
DETAIL 1791111041270 BROWSER-REUSED n=170 pid=105616
DETAIL 1791111045639 BROWSER-REUSED n=176 pid=22664
DETAIL 1791111047702 BROWSER-REUSED n=179 pid=110372
DETAIL 1791111048235 BROWSER-REUSED n=180 pid=110372
DETAIL 1791111050268 BROWSER-REUSED n=183 pid=24108
DETAIL 1791111053908 BROWSER-REUSED n=188 pid=111652
DETAIL 1791111055992 BROWSER-REUSED n=191 pid=98400
DETAIL 1791111062595 BROWSER-REUSED n=200 pid=96724
