TAG pre-gap0 count=300 gapMs=0 size=2560x1600
RENDER ok=300 fail=0 hostExit=0
OVERLAP 下一次開始時前一個 browser 仍存活：299/299
EXIT 返回後結束耗時 ms：n=129 p50=29762.4 p95=56688.3 max=59940.1
NOT-EXITED 60 秒內沒結束：171
REUSED 新渲染拿到前一個 browser 行程：299
HOST 1791110010337 BROWSERS total=300 leaked=0 []
SURVIVORS 宿主結束後仍存活（隔離資料夾內）：0
DETAIL 1791109909690 BROWSER-NOT-EXITED n=1 pid=86852 after_return_ms=60010.2
DETAIL 1791109910125 BROWSER-NOT-EXITED n=2 pid=86852 after_return_ms=60002.7
DETAIL 1791109910563 BROWSER-NOT-EXITED n=3 pid=86852 after_return_ms=60007.8
DETAIL 1791109911000 BROWSER-NOT-EXITED n=4 pid=86852 after_return_ms=60003.9
DETAIL 1791109911436 BROWSER-NOT-EXITED n=5 pid=86852 after_return_ms=60000.5
DETAIL 1791109911889 BROWSER-NOT-EXITED n=6 pid=86852 after_return_ms=60012.5
DETAIL 1791109912309 BROWSER-NOT-EXITED n=7 pid=86852 after_return_ms=60001.5
DETAIL 1791109912763 BROWSER-NOT-EXITED n=8 pid=86852 after_return_ms=60005.9
DETAIL 1791109913213 BROWSER-NOT-EXITED n=9 pid=86852 after_return_ms=60013.6
DETAIL 1791109913633 BROWSER-NOT-EXITED n=10 pid=86852 after_return_ms=60002.4
DETAIL 1791109914072 BROWSER-NOT-EXITED n=11 pid=86852 after_return_ms=59999.8
DETAIL 1791109914509 BROWSER-NOT-EXITED n=12 pid=86852 after_return_ms=60003.9
DETAIL 1791109914962 BROWSER-NOT-EXITED n=13 pid=86852 after_return_ms=60013.8
DETAIL 1791109915441 BROWSER-NOT-EXITED n=14 pid=86852 after_return_ms=60015.2
DETAIL 1791109915958 BROWSER-NOT-EXITED n=15 pid=86852 after_return_ms=60007.2
DETAIL 1791109916411 BROWSER-NOT-EXITED n=16 pid=86852 after_return_ms=60014.1
DETAIL 1791109916846 BROWSER-NOT-EXITED n=17 pid=86852 after_return_ms=60011.3
DETAIL 1791109917299 BROWSER-NOT-EXITED n=18 pid=86852 after_return_ms=60013.4
DETAIL 1791109917751 BROWSER-NOT-EXITED n=19 pid=86852 after_return_ms=60013.5
DETAIL 1791109918191 BROWSER-NOT-EXITED n=20 pid=86852 after_return_ms=60009.6
DETAIL 1791109918613 BROWSER-NOT-EXITED n=21 pid=86852 after_return_ms=59999.6
DETAIL 1791109919063 BROWSER-NOT-EXITED n=22 pid=86852 after_return_ms=60006.5
DETAIL 1791109919531 BROWSER-NOT-EXITED n=23 pid=86852 after_return_ms=60013.8
DETAIL 1791109919969 BROWSER-NOT-EXITED n=24 pid=86852 after_return_ms=60011.5
DETAIL 1791109920438 BROWSER-NOT-EXITED n=25 pid=86852 after_return_ms=60004.4
DETAIL 1791109920877 BROWSER-NOT-EXITED n=26 pid=86852 after_return_ms=60010.4
DETAIL 1791109921300 BROWSER-NOT-EXITED n=27 pid=86852 after_return_ms=60002.8
DETAIL 1791109921753 BROWSER-NOT-EXITED n=28 pid=86852 after_return_ms=60005.9
DETAIL 1791109922224 BROWSER-NOT-EXITED n=29 pid=86852 after_return_ms=60009.2
DETAIL 1791109922664 BROWSER-NOT-EXITED n=30 pid=86852 after_return_ms=60004.0
DETAIL 1791109923117 BROWSER-NOT-EXITED n=31 pid=86852 after_return_ms=60012.1
DETAIL 1791109923545 BROWSER-NOT-EXITED n=32 pid=86852 after_return_ms=60007.7
DETAIL 1791109924013 BROWSER-NOT-EXITED n=33 pid=86852 after_return_ms=60014.6
DETAIL 1791109924455 BROWSER-NOT-EXITED n=34 pid=86852 after_return_ms=60006.3
DETAIL 1791109924893 BROWSER-NOT-EXITED n=35 pid=86852 after_return_ms=60001.3
DETAIL 1791109925348 BROWSER-NOT-EXITED n=36 pid=86852 after_return_ms=60008.7
DETAIL 1791109925831 BROWSER-NOT-EXITED n=37 pid=86852 after_return_ms=60005.3
DETAIL 1791109926285 BROWSER-NOT-EXITED n=38 pid=86852 after_return_ms=60011.3
DETAIL 1791109926742 BROWSER-NOT-EXITED n=39 pid=86852 after_return_ms=60010.1
DETAIL 1791109927193 BROWSER-NOT-EXITED n=40 pid=86852 after_return_ms=60004.5
DETAIL 1791109927648 BROWSER-NOT-EXITED n=41 pid=86852 after_return_ms=60013.6
DETAIL 1791109928085 BROWSER-NOT-EXITED n=42 pid=86852 after_return_ms=60008.7
DETAIL 1791109928554 BROWSER-NOT-EXITED n=43 pid=86852 after_return_ms=60009.8
DETAIL 1791109928988 BROWSER-NOT-EXITED n=44 pid=86852 after_return_ms=60004.8
DETAIL 1791109929428 BROWSER-NOT-EXITED n=45 pid=86852 after_return_ms=60010.1
DETAIL 1791109929882 BROWSER-NOT-EXITED n=46 pid=86852 after_return_ms=60005.2
DETAIL 1791109930369 BROWSER-NOT-EXITED n=47 pid=86852 after_return_ms=60012.9
DETAIL 1791109931815 BROWSER-NOT-EXITED n=48 pid=86852 after_return_ms=60002.3
DETAIL 1791109932253 BROWSER-NOT-EXITED n=49 pid=86852 after_return_ms=60005.8
DETAIL 1791109932723 BROWSER-NOT-EXITED n=50 pid=86852 after_return_ms=60014.2
DETAIL 1791109933162 BROWSER-NOT-EXITED n=51 pid=86852 after_return_ms=60005.8
DETAIL 1791109933615 BROWSER-NOT-EXITED n=52 pid=86852 after_return_ms=60012.8
DETAIL 1791109934054 BROWSER-NOT-EXITED n=53 pid=86852 after_return_ms=60015.1
DETAIL 1791109934495 BROWSER-NOT-EXITED n=54 pid=86852 after_return_ms=60002.9
DETAIL 1791109934936 BROWSER-NOT-EXITED n=55 pid=86852 after_return_ms=60003.9
DETAIL 1791109935435 BROWSER-NOT-EXITED n=56 pid=86852 after_return_ms=60014.1
DETAIL 1791109935947 BROWSER-NOT-EXITED n=57 pid=86852 after_return_ms=60014.8
DETAIL 1791109936402 BROWSER-NOT-EXITED n=58 pid=86852 after_return_ms=60006.6
DETAIL 1791109936854 BROWSER-NOT-EXITED n=59 pid=86852 after_return_ms=60013.6
DETAIL 1791109937323 BROWSER-NOT-EXITED n=60 pid=86852 after_return_ms=60004.6
DETAIL 1791109937759 BROWSER-NOT-EXITED n=61 pid=86852 after_return_ms=60006.5
DETAIL 1791109938242 BROWSER-NOT-EXITED n=62 pid=86852 after_return_ms=60002.8
DETAIL 1791109938695 BROWSER-NOT-EXITED n=63 pid=86852 after_return_ms=60007.4
DETAIL 1791109939130 BROWSER-NOT-EXITED n=64 pid=86852 after_return_ms=60003.0
DETAIL 1791109939599 BROWSER-NOT-EXITED n=65 pid=86852 after_return_ms=60005.0
DETAIL 1791109940049 BROWSER-NOT-EXITED n=66 pid=86852 after_return_ms=60008.0
DETAIL 1791109940503 BROWSER-NOT-EXITED n=67 pid=86852 after_return_ms=60013.6
DETAIL 1791109940940 BROWSER-NOT-EXITED n=68 pid=86852 after_return_ms=60008.2
DETAIL 1791109941409 BROWSER-NOT-EXITED n=69 pid=86852 after_return_ms=60000.8
DETAIL 1791109941863 BROWSER-NOT-EXITED n=70 pid=86852 after_return_ms=60007.6
DETAIL 1791109942348 BROWSER-NOT-EXITED n=71 pid=86852 after_return_ms=60008.9
DETAIL 1791109942782 BROWSER-NOT-EXITED n=72 pid=86852 after_return_ms=60010.7
DETAIL 1791109943220 BROWSER-NOT-EXITED n=73 pid=86852 after_return_ms=60001.5
DETAIL 1791109943654 BROWSER-NOT-EXITED n=74 pid=86852 after_return_ms=60000.7
DETAIL 1791109944092 BROWSER-NOT-EXITED n=75 pid=86852 after_return_ms=60013.7
DETAIL 1791109944545 BROWSER-NOT-EXITED n=76 pid=86852 after_return_ms=60002.2
DETAIL 1791109945074 BROWSER-NOT-EXITED n=77 pid=86852 after_return_ms=60010.9
DETAIL 1791109945542 BROWSER-NOT-EXITED n=78 pid=86852 after_return_ms=60007.7
DETAIL 1791109945994 BROWSER-NOT-EXITED n=79 pid=86852 after_return_ms=60011.0
DETAIL 1791109946429 BROWSER-NOT-EXITED n=80 pid=86852 after_return_ms=60007.3
DETAIL 1791109946868 BROWSER-NOT-EXITED n=81 pid=86852 after_return_ms=60005.6
DETAIL 1791109947338 BROWSER-NOT-EXITED n=82 pid=86852 after_return_ms=60005.2
DETAIL 1791109947792 BROWSER-NOT-EXITED n=83 pid=86852 after_return_ms=60011.1
DETAIL 1791109948218 BROWSER-NOT-EXITED n=84 pid=86852 after_return_ms=60000.0
DETAIL 1791109948674 BROWSER-NOT-EXITED n=85 pid=86852 after_return_ms=60010.1
DETAIL 1791109949097 BROWSER-NOT-EXITED n=86 pid=86852 after_return_ms=60003.7
DETAIL 1791109949535 BROWSER-NOT-EXITED n=87 pid=86852 after_return_ms=60001.2
DETAIL 1791109950004 BROWSER-NOT-EXITED n=88 pid=86852 after_return_ms=60013.0
DETAIL 1791109950506 BROWSER-NOT-EXITED n=89 pid=86852 after_return_ms=60007.4
DETAIL 1791109950961 BROWSER-NOT-EXITED n=90 pid=86852 after_return_ms=60015.5
DETAIL 1791109951481 BROWSER-NOT-EXITED n=91 pid=86852 after_return_ms=60013.8
DETAIL 1791109951934 BROWSER-NOT-EXITED n=92 pid=86852 after_return_ms=60010.5
DETAIL 1791109952374 BROWSER-NOT-EXITED n=93 pid=86852 after_return_ms=60009.8
DETAIL 1791109952816 BROWSER-NOT-EXITED n=94 pid=86852 after_return_ms=60000.2
DETAIL 1791109953332 BROWSER-NOT-EXITED n=95 pid=86852 after_return_ms=60010.0
DETAIL 1791109953768 BROWSER-NOT-EXITED n=96 pid=86852 after_return_ms=59999.3
DETAIL 1791109954224 BROWSER-NOT-EXITED n=97 pid=86852 after_return_ms=60009.5
DETAIL 1791109954662 BROWSER-NOT-EXITED n=98 pid=86852 after_return_ms=60015.1
DETAIL 1791109955099 BROWSER-NOT-EXITED n=99 pid=86852 after_return_ms=60006.6
DETAIL 1791109955551 BROWSER-NOT-EXITED n=100 pid=86852 after_return_ms=60002.1
DETAIL 1791109955991 BROWSER-NOT-EXITED n=101 pid=86852 after_return_ms=60001.4
DETAIL 1791109956466 BROWSER-NOT-EXITED n=102 pid=86852 after_return_ms=59999.8
DETAIL 1791109956932 BROWSER-NOT-EXITED n=103 pid=86852 after_return_ms=60013.8
DETAIL 1791109957385 BROWSER-NOT-EXITED n=104 pid=86852 after_return_ms=60013.1
DETAIL 1791109957821 BROWSER-NOT-EXITED n=105 pid=86852 after_return_ms=60010.2
DETAIL 1791109958259 BROWSER-NOT-EXITED n=106 pid=86852 after_return_ms=60003.3
DETAIL 1791109958711 BROWSER-NOT-EXITED n=107 pid=86852 after_return_ms=60005.9
DETAIL 1791109959194 BROWSER-NOT-EXITED n=108 pid=86852 after_return_ms=60007.4
DETAIL 1791109959632 BROWSER-NOT-EXITED n=109 pid=86852 after_return_ms=59999.5
DETAIL 1791109960128 BROWSER-NOT-EXITED n=110 pid=86852 after_return_ms=60000.0
DETAIL 1791109960563 BROWSER-NOT-EXITED n=111 pid=86852 after_return_ms=60008.1
DETAIL 1791109961017 BROWSER-NOT-EXITED n=112 pid=86852 after_return_ms=60008.2
DETAIL 1791109961458 BROWSER-NOT-EXITED n=113 pid=86852 after_return_ms=60009.6
DETAIL 1791109962883 BROWSER-NOT-EXITED n=114 pid=86852 after_return_ms=59999.5
DETAIL 1791109963410 BROWSER-NOT-EXITED n=115 pid=86852 after_return_ms=60010.1
DETAIL 1791109963879 BROWSER-NOT-EXITED n=116 pid=86852 after_return_ms=59999.5
DETAIL 1791109965330 BROWSER-NOT-EXITED n=117 pid=86852 after_return_ms=60006.6
DETAIL 1791109965781 BROWSER-NOT-EXITED n=118 pid=86852 after_return_ms=60013.2
DETAIL 1791109966220 BROWSER-NOT-EXITED n=119 pid=86852 after_return_ms=60009.1
DETAIL 1791109966675 BROWSER-NOT-EXITED n=120 pid=86852 after_return_ms=60013.9
DETAIL 1791109967112 BROWSER-NOT-EXITED n=121 pid=86852 after_return_ms=60013.2
DETAIL 1791109967578 BROWSER-NOT-EXITED n=122 pid=86852 after_return_ms=60014.6
DETAIL 1791109968033 BROWSER-NOT-EXITED n=123 pid=86852 after_return_ms=60009.8
DETAIL 1791109968454 BROWSER-NOT-EXITED n=124 pid=86852 after_return_ms=60008.8
DETAIL 1791109968908 BROWSER-NOT-EXITED n=125 pid=86852 after_return_ms=60012.0
DETAIL 1791109969345 BROWSER-NOT-EXITED n=126 pid=86852 after_return_ms=60014.9
DETAIL 1791109969862 BROWSER-NOT-EXITED n=127 pid=86852 after_return_ms=60014.1
DETAIL 1791109970331 BROWSER-NOT-EXITED n=128 pid=86852 after_return_ms=60004.2
DETAIL 1791109970813 BROWSER-NOT-EXITED n=129 pid=86852 after_return_ms=60010.3
DETAIL 1791109971282 BROWSER-NOT-EXITED n=130 pid=86852 after_return_ms=60008.3
DETAIL 1791109971752 BROWSER-NOT-EXITED n=131 pid=86852 after_return_ms=60001.9
DETAIL 1791109972216 BROWSER-NOT-EXITED n=132 pid=86852 after_return_ms=60004.6
DETAIL 1791109972647 BROWSER-NOT-EXITED n=133 pid=86852 after_return_ms=60005.6
DETAIL 1791109973116 BROWSER-NOT-EXITED n=134 pid=86852 after_return_ms=60011.1
DETAIL 1791109973552 BROWSER-NOT-EXITED n=135 pid=86852 after_return_ms=60001.0
DETAIL 1791109974005 BROWSER-NOT-EXITED n=136 pid=86852 after_return_ms=60003.8
DETAIL 1791109974470 BROWSER-NOT-EXITED n=137 pid=86852 after_return_ms=60008.1
DETAIL 1791109974975 BROWSER-NOT-EXITED n=138 pid=86852 after_return_ms=60011.4
DETAIL 1791109975431 BROWSER-NOT-EXITED n=139 pid=86852 after_return_ms=60008.5
DETAIL 1791109975932 BROWSER-NOT-EXITED n=140 pid=86852 after_return_ms=60004.5
DETAIL 1791109976383 BROWSER-NOT-EXITED n=141 pid=86852 after_return_ms=60003.0
DETAIL 1791109976871 BROWSER-NOT-EXITED n=142 pid=86852 after_return_ms=60013.8
DETAIL 1791109977418 BROWSER-NOT-EXITED n=143 pid=86852 after_return_ms=60011.8
DETAIL 1791109977871 BROWSER-NOT-EXITED n=144 pid=86852 after_return_ms=60014.6
DETAIL 1791109978295 BROWSER-NOT-EXITED n=145 pid=86852 after_return_ms=60000.2
DETAIL 1791109978763 BROWSER-NOT-EXITED n=146 pid=86852 after_return_ms=60010.7
DETAIL 1791109979249 BROWSER-NOT-EXITED n=147 pid=86852 after_return_ms=60013.4
DETAIL 1791109979689 BROWSER-NOT-EXITED n=148 pid=86852 after_return_ms=60009.6
DETAIL 1791109980155 BROWSER-NOT-EXITED n=149 pid=86852 after_return_ms=60011.9
DETAIL 1791109980596 BROWSER-NOT-EXITED n=150 pid=86852 after_return_ms=60014.6
DETAIL 1791109981038 BROWSER-NOT-EXITED n=151 pid=86852 after_return_ms=60002.3
DETAIL 1791109981478 BROWSER-NOT-EXITED n=152 pid=86852 after_return_ms=60001.5
DETAIL 1791109981947 BROWSER-NOT-EXITED n=153 pid=86852 after_return_ms=60010.9
DETAIL 1791109982426 BROWSER-NOT-EXITED n=154 pid=86852 after_return_ms=60012.7
DETAIL 1791109982879 BROWSER-NOT-EXITED n=155 pid=86852 after_return_ms=60002.1
DETAIL 1791109983379 BROWSER-NOT-EXITED n=156 pid=86852 after_return_ms=60001.1
DETAIL 1791109983833 BROWSER-NOT-EXITED n=157 pid=86852 after_return_ms=60015.1
DETAIL 1791109984284 BROWSER-NOT-EXITED n=158 pid=86852 after_return_ms=60004.4
DETAIL 1791109984751 BROWSER-NOT-EXITED n=159 pid=86852 after_return_ms=60011.7
DETAIL 1791109985191 BROWSER-NOT-EXITED n=160 pid=86852 after_return_ms=60005.4
DETAIL 1791109985656 BROWSER-NOT-EXITED n=161 pid=86852 after_return_ms=60013.4
DETAIL 1791109986092 BROWSER-NOT-EXITED n=162 pid=86852 after_return_ms=60005.5
DETAIL 1791109986547 BROWSER-NOT-EXITED n=163 pid=86852 after_return_ms=60004.8
DETAIL 1791109986998 BROWSER-NOT-EXITED n=164 pid=86852 after_return_ms=60009.7
DETAIL 1791109987434 BROWSER-NOT-EXITED n=165 pid=86852 after_return_ms=60006.2
DETAIL 1791109987905 BROWSER-NOT-EXITED n=166 pid=86852 after_return_ms=60006.7
DETAIL 1791109988349 BROWSER-NOT-EXITED n=167 pid=86852 after_return_ms=60008.8
DETAIL 1791109988807 BROWSER-NOT-EXITED n=168 pid=86852 after_return_ms=60009.7
DETAIL 1791109989264 BROWSER-NOT-EXITED n=169 pid=86852 after_return_ms=60009.7
DETAIL 1791109989718 BROWSER-NOT-EXITED n=170 pid=86852 after_return_ms=60014.2
DETAIL 1791109990166 BROWSER-NOT-EXITED n=171 pid=86852 after_return_ms=60006.6
DETAIL 1791109850123 BROWSER-REUSED n=2 pid=86852
DETAIL 1791109850555 BROWSER-REUSED n=3 pid=86852
DETAIL 1791109850996 BROWSER-REUSED n=4 pid=86852
DETAIL 1791109851436 BROWSER-REUSED n=5 pid=86852
DETAIL 1791109851877 BROWSER-REUSED n=6 pid=86852
DETAIL 1791109852308 BROWSER-REUSED n=7 pid=86852
DETAIL 1791109852757 BROWSER-REUSED n=8 pid=86852
DETAIL 1791109853199 BROWSER-REUSED n=9 pid=86852
DETAIL 1791109853630 BROWSER-REUSED n=10 pid=86852
DETAIL 1791109854072 BROWSER-REUSED n=11 pid=86852
DETAIL 1791109854505 BROWSER-REUSED n=12 pid=86852
DETAIL 1791109854948 BROWSER-REUSED n=13 pid=86852
DETAIL 1791109855426 BROWSER-REUSED n=14 pid=86852
DETAIL 1791109855951 BROWSER-REUSED n=15 pid=86852
DETAIL 1791109856397 BROWSER-REUSED n=16 pid=86852
DETAIL 1791109856835 BROWSER-REUSED n=17 pid=86852
DETAIL 1791109857286 BROWSER-REUSED n=18 pid=86852
DETAIL 1791109857737 BROWSER-REUSED n=19 pid=86852
DETAIL 1791109858181 BROWSER-REUSED n=20 pid=86852
DETAIL 1791109858613 BROWSER-REUSED n=21 pid=86852
DETAIL 1791109859057 BROWSER-REUSED n=22 pid=86852
DETAIL 1791109859517 BROWSER-REUSED n=23 pid=86852
DETAIL 1791109859957 BROWSER-REUSED n=24 pid=86852
DETAIL 1791109860434 BROWSER-REUSED n=25 pid=86852
DETAIL 1791109860866 BROWSER-REUSED n=26 pid=86852
DETAIL 1791109861297 BROWSER-REUSED n=27 pid=86852
DETAIL 1791109861747 BROWSER-REUSED n=28 pid=86852
DETAIL 1791109862215 BROWSER-REUSED n=29 pid=86852
DETAIL 1791109862660 BROWSER-REUSED n=30 pid=86852
DETAIL 1791109863105 BROWSER-REUSED n=31 pid=86852
DETAIL 1791109863538 BROWSER-REUSED n=32 pid=86852
DETAIL 1791109863998 BROWSER-REUSED n=33 pid=86852
DETAIL 1791109864449 BROWSER-REUSED n=34 pid=86852
DETAIL 1791109864892 BROWSER-REUSED n=35 pid=86852
DETAIL 1791109865339 BROWSER-REUSED n=36 pid=86852
DETAIL 1791109865826 BROWSER-REUSED n=37 pid=86852
DETAIL 1791109866274 BROWSER-REUSED n=38 pid=86852
DETAIL 1791109866731 BROWSER-REUSED n=39 pid=86852
DETAIL 1791109867188 BROWSER-REUSED n=40 pid=86852
DETAIL 1791109867634 BROWSER-REUSED n=41 pid=86852
DETAIL 1791109868076 BROWSER-REUSED n=42 pid=86852
DETAIL 1791109868544 BROWSER-REUSED n=43 pid=86852
DETAIL 1791109868983 BROWSER-REUSED n=44 pid=86852
DETAIL 1791109869418 BROWSER-REUSED n=45 pid=86852
DETAIL 1791109869877 BROWSER-REUSED n=46 pid=86852
DETAIL 1791109870356 BROWSER-REUSED n=47 pid=86852
DETAIL 1791109871812 BROWSER-REUSED n=48 pid=86852
DETAIL 1791109872247 BROWSER-REUSED n=49 pid=86852
DETAIL 1791109872709 BROWSER-REUSED n=50 pid=86852
DETAIL 1791109873156 BROWSER-REUSED n=51 pid=86852
DETAIL 1791109873602 BROWSER-REUSED n=52 pid=86852
DETAIL 1791109874039 BROWSER-REUSED n=53 pid=86852
DETAIL 1791109874492 BROWSER-REUSED n=54 pid=86852
DETAIL 1791109874931 BROWSER-REUSED n=55 pid=86852
DETAIL 1791109875421 BROWSER-REUSED n=56 pid=86852
DETAIL 1791109875932 BROWSER-REUSED n=57 pid=86852
DETAIL 1791109876395 BROWSER-REUSED n=58 pid=86852
DETAIL 1791109876840 BROWSER-REUSED n=59 pid=86852
DETAIL 1791109877318 BROWSER-REUSED n=60 pid=86852
DETAIL 1791109877753 BROWSER-REUSED n=61 pid=86852
DETAIL 1791109878239 BROWSER-REUSED n=62 pid=86852
DETAIL 1791109878687 BROWSER-REUSED n=63 pid=86852
DETAIL 1791109879126 BROWSER-REUSED n=64 pid=86852
DETAIL 1791109879593 BROWSER-REUSED n=65 pid=86852
DETAIL 1791109880041 BROWSER-REUSED n=66 pid=86852
DETAIL 1791109880490 BROWSER-REUSED n=67 pid=86852
DETAIL 1791109880931 BROWSER-REUSED n=68 pid=86852
DETAIL 1791109881408 BROWSER-REUSED n=69 pid=86852
DETAIL 1791109881855 BROWSER-REUSED n=70 pid=86852
DETAIL 1791109882339 BROWSER-REUSED n=71 pid=86852
DETAIL 1791109882771 BROWSER-REUSED n=72 pid=86852
DETAIL 1791109883218 BROWSER-REUSED n=73 pid=86852
DETAIL 1791109883653 BROWSER-REUSED n=74 pid=86852
DETAIL 1791109884078 BROWSER-REUSED n=75 pid=86852
DETAIL 1791109884543 BROWSER-REUSED n=76 pid=86852
DETAIL 1791109885063 BROWSER-REUSED n=77 pid=86852
DETAIL 1791109885534 BROWSER-REUSED n=78 pid=86852
DETAIL 1791109885983 BROWSER-REUSED n=79 pid=86852
DETAIL 1791109886422 BROWSER-REUSED n=80 pid=86852
DETAIL 1791109886862 BROWSER-REUSED n=81 pid=86852
DETAIL 1791109887333 BROWSER-REUSED n=82 pid=86852
DETAIL 1791109887781 BROWSER-REUSED n=83 pid=86852
DETAIL 1791109888218 BROWSER-REUSED n=84 pid=86852
DETAIL 1791109888663 BROWSER-REUSED n=85 pid=86852
DETAIL 1791109889093 BROWSER-REUSED n=86 pid=86852
DETAIL 1791109889534 BROWSER-REUSED n=87 pid=86852
DETAIL 1791109889991 BROWSER-REUSED n=88 pid=86852
DETAIL 1791109890498 BROWSER-REUSED n=89 pid=86852
DETAIL 1791109890946 BROWSER-REUSED n=90 pid=86852
DETAIL 1791109891467 BROWSER-REUSED n=91 pid=86852
DETAIL 1791109891923 BROWSER-REUSED n=92 pid=86852
DETAIL 1791109892364 BROWSER-REUSED n=93 pid=86852
DETAIL 1791109892815 BROWSER-REUSED n=94 pid=86852
DETAIL 1791109893322 BROWSER-REUSED n=95 pid=86852
DETAIL 1791109893769 BROWSER-REUSED n=96 pid=86852
DETAIL 1791109894214 BROWSER-REUSED n=97 pid=86852
DETAIL 1791109894647 BROWSER-REUSED n=98 pid=86852
DETAIL 1791109895093 BROWSER-REUSED n=99 pid=86852
DETAIL 1791109895548 BROWSER-REUSED n=100 pid=86852
DETAIL 1791109895989 BROWSER-REUSED n=101 pid=86852
DETAIL 1791109896466 BROWSER-REUSED n=102 pid=86852
DETAIL 1791109896918 BROWSER-REUSED n=103 pid=86852
DETAIL 1791109897372 BROWSER-REUSED n=104 pid=86852
DETAIL 1791109897810 BROWSER-REUSED n=105 pid=86852
DETAIL 1791109898255 BROWSER-REUSED n=106 pid=86852
DETAIL 1791109898705 BROWSER-REUSED n=107 pid=86852
DETAIL 1791109899186 BROWSER-REUSED n=108 pid=86852
DETAIL 1791109899632 BROWSER-REUSED n=109 pid=86852
DETAIL 1791109900128 BROWSER-REUSED n=110 pid=86852
DETAIL 1791109900555 BROWSER-REUSED n=111 pid=86852
DETAIL 1791109901009 BROWSER-REUSED n=112 pid=86852
DETAIL 1791109901448 BROWSER-REUSED n=113 pid=86852
DETAIL 1791109902883 BROWSER-REUSED n=114 pid=86852
DETAIL 1791109903400 BROWSER-REUSED n=115 pid=86852
DETAIL 1791109903879 BROWSER-REUSED n=116 pid=86852
DETAIL 1791109905323 BROWSER-REUSED n=117 pid=86852
DETAIL 1791109905767 BROWSER-REUSED n=118 pid=86852
DETAIL 1791109906211 BROWSER-REUSED n=119 pid=86852
DETAIL 1791109906660 BROWSER-REUSED n=120 pid=86852
DETAIL 1791109907099 BROWSER-REUSED n=121 pid=86852
DETAIL 1791109907563 BROWSER-REUSED n=122 pid=86852
DETAIL 1791109908023 BROWSER-REUSED n=123 pid=86852
DETAIL 1791109908445 BROWSER-REUSED n=124 pid=86852
DETAIL 1791109908896 BROWSER-REUSED n=125 pid=86852
DETAIL 1791109909330 BROWSER-REUSED n=126 pid=86852
DETAIL 1791109909848 BROWSER-REUSED n=127 pid=86852
DETAIL 1791109910327 BROWSER-REUSED n=128 pid=86852
DETAIL 1791109910802 BROWSER-REUSED n=129 pid=86852
DETAIL 1791109911274 BROWSER-REUSED n=130 pid=86852
DETAIL 1791109911749 BROWSER-REUSED n=131 pid=86852
DETAIL 1791109912212 BROWSER-REUSED n=132 pid=86852
DETAIL 1791109912642 BROWSER-REUSED n=133 pid=86852
DETAIL 1791109913105 BROWSER-REUSED n=134 pid=86852
DETAIL 1791109913551 BROWSER-REUSED n=135 pid=86852
DETAIL 1791109914001 BROWSER-REUSED n=136 pid=86852
DETAIL 1791109914462 BROWSER-REUSED n=137 pid=86852
DETAIL 1791109914963 BROWSER-REUSED n=138 pid=86852
DETAIL 1791109915422 BROWSER-REUSED n=139 pid=86852
DETAIL 1791109915927 BROWSER-REUSED n=140 pid=86852
DETAIL 1791109916380 BROWSER-REUSED n=141 pid=86852
DETAIL 1791109916857 BROWSER-REUSED n=142 pid=86852
DETAIL 1791109917406 BROWSER-REUSED n=143 pid=86852
DETAIL 1791109917856 BROWSER-REUSED n=144 pid=86852
DETAIL 1791109918294 BROWSER-REUSED n=145 pid=86852
DETAIL 1791109918752 BROWSER-REUSED n=146 pid=86852
DETAIL 1791109919235 BROWSER-REUSED n=147 pid=86852
DETAIL 1791109919679 BROWSER-REUSED n=148 pid=86852
DETAIL 1791109920143 BROWSER-REUSED n=149 pid=86852
DETAIL 1791109920582 BROWSER-REUSED n=150 pid=86852
DETAIL 1791109921035 BROWSER-REUSED n=151 pid=86852
DETAIL 1791109921476 BROWSER-REUSED n=152 pid=86852
DETAIL 1791109921936 BROWSER-REUSED n=153 pid=86852
DETAIL 1791109922413 BROWSER-REUSED n=154 pid=86852
DETAIL 1791109922877 BROWSER-REUSED n=155 pid=86852
DETAIL 1791109923377 BROWSER-REUSED n=156 pid=86852
DETAIL 1791109923818 BROWSER-REUSED n=157 pid=86852
DETAIL 1791109924280 BROWSER-REUSED n=158 pid=86852
DETAIL 1791109924739 BROWSER-REUSED n=159 pid=86852
DETAIL 1791109925186 BROWSER-REUSED n=160 pid=86852
DETAIL 1791109925642 BROWSER-REUSED n=161 pid=86852
DETAIL 1791109926086 BROWSER-REUSED n=162 pid=86852
DETAIL 1791109926542 BROWSER-REUSED n=163 pid=86852
DETAIL 1791109926989 BROWSER-REUSED n=164 pid=86852
DETAIL 1791109927428 BROWSER-REUSED n=165 pid=86852
DETAIL 1791109927898 BROWSER-REUSED n=166 pid=86852
DETAIL 1791109928340 BROWSER-REUSED n=167 pid=86852
DETAIL 1791109928798 BROWSER-REUSED n=168 pid=86852
DETAIL 1791109929254 BROWSER-REUSED n=169 pid=86852
DETAIL 1791109929704 BROWSER-REUSED n=170 pid=86852
DETAIL 1791109930159 BROWSER-REUSED n=171 pid=86852
DETAIL 1791109930612 BROWSER-REUSED n=172 pid=86852
DETAIL 1791109931063 BROWSER-REUSED n=173 pid=86852
DETAIL 1791109931510 BROWSER-REUSED n=174 pid=86852
DETAIL 1791109931968 BROWSER-REUSED n=175 pid=86852
DETAIL 1791109932426 BROWSER-REUSED n=176 pid=86852
DETAIL 1791109932974 BROWSER-REUSED n=177 pid=86852
DETAIL 1791109933419 BROWSER-REUSED n=178 pid=86852
DETAIL 1791109933864 BROWSER-REUSED n=179 pid=86852
DETAIL 1791109934299 BROWSER-REUSED n=180 pid=86852
DETAIL 1791109934758 BROWSER-REUSED n=181 pid=86852
DETAIL 1791109935204 BROWSER-REUSED n=182 pid=86852
DETAIL 1791109935653 BROWSER-REUSED n=183 pid=86852
DETAIL 1791109936106 BROWSER-REUSED n=184 pid=86852
DETAIL 1791109936597 BROWSER-REUSED n=185 pid=86852
DETAIL 1791109937039 BROWSER-REUSED n=186 pid=86852
DETAIL 1791109937480 BROWSER-REUSED n=187 pid=86852
DETAIL 1791109937926 BROWSER-REUSED n=188 pid=86852
DETAIL 1791109938361 BROWSER-REUSED n=189 pid=86852
DETAIL 1791109938805 BROWSER-REUSED n=190 pid=86852
DETAIL 1791109939253 BROWSER-REUSED n=191 pid=86852
DETAIL 1791109939705 BROWSER-REUSED n=192 pid=86852
DETAIL 1791109940177 BROWSER-REUSED n=193 pid=86852
DETAIL 1791109940628 BROWSER-REUSED n=194 pid=86852
DETAIL 1791109941067 BROWSER-REUSED n=195 pid=86852
DETAIL 1791109941511 BROWSER-REUSED n=196 pid=86852
DETAIL 1791109941970 BROWSER-REUSED n=197 pid=86852
DETAIL 1791109942410 BROWSER-REUSED n=198 pid=86852
DETAIL 1791109942871 BROWSER-REUSED n=199 pid=86852
DETAIL 1791109943319 BROWSER-REUSED n=200 pid=86852
DETAIL 1791109943753 BROWSER-REUSED n=201 pid=86852
DETAIL 1791109944198 BROWSER-REUSED n=202 pid=86852
DETAIL 1791109944685 BROWSER-REUSED n=203 pid=86852
DETAIL 1791109945145 BROWSER-REUSED n=204 pid=86852
DETAIL 1791109945586 BROWSER-REUSED n=205 pid=86852
DETAIL 1791109946048 BROWSER-REUSED n=206 pid=86852
DETAIL 1791109946495 BROWSER-REUSED n=207 pid=86852
DETAIL 1791109946965 BROWSER-REUSED n=208 pid=86852
DETAIL 1791109947409 BROWSER-REUSED n=209 pid=86852
DETAIL 1791109947922 BROWSER-REUSED n=210 pid=86852
DETAIL 1791109948366 BROWSER-REUSED n=211 pid=86852
DETAIL 1791109948860 BROWSER-REUSED n=212 pid=86852
DETAIL 1791109949306 BROWSER-REUSED n=213 pid=86852
DETAIL 1791109949746 BROWSER-REUSED n=214 pid=86852
DETAIL 1791109950207 BROWSER-REUSED n=215 pid=86852
DETAIL 1791109950672 BROWSER-REUSED n=216 pid=86852
DETAIL 1791109951119 BROWSER-REUSED n=217 pid=86852
DETAIL 1791109952569 BROWSER-REUSED n=218 pid=86852
DETAIL 1791109953019 BROWSER-REUSED n=219 pid=86852
DETAIL 1791109953472 BROWSER-REUSED n=220 pid=86852
DETAIL 1791109953919 BROWSER-REUSED n=221 pid=86852
DETAIL 1791109954372 BROWSER-REUSED n=222 pid=86852
DETAIL 1791109954838 BROWSER-REUSED n=223 pid=86852
DETAIL 1791109955290 BROWSER-REUSED n=224 pid=86852
DETAIL 1791109955741 BROWSER-REUSED n=225 pid=86852
DETAIL 1791109956204 BROWSER-REUSED n=226 pid=86852
DETAIL 1791109956644 BROWSER-REUSED n=227 pid=86852
DETAIL 1791109957131 BROWSER-REUSED n=228 pid=86852
DETAIL 1791109957576 BROWSER-REUSED n=229 pid=86852
DETAIL 1791109958030 BROWSER-REUSED n=230 pid=86852
DETAIL 1791109958482 BROWSER-REUSED n=231 pid=86852
DETAIL 1791109958937 BROWSER-REUSED n=232 pid=86852
DETAIL 1791109959401 BROWSER-REUSED n=233 pid=86852
DETAIL 1791109959846 BROWSER-REUSED n=234 pid=86852
DETAIL 1791109960333 BROWSER-REUSED n=235 pid=86852
DETAIL 1791109960790 BROWSER-REUSED n=236 pid=86852
DETAIL 1791109961350 BROWSER-REUSED n=237 pid=86852
DETAIL 1791109961795 BROWSER-REUSED n=238 pid=86852
DETAIL 1791109962253 BROWSER-REUSED n=239 pid=86852
DETAIL 1791109962699 BROWSER-REUSED n=240 pid=86852
DETAIL 1791109963142 BROWSER-REUSED n=241 pid=86852
DETAIL 1791109963599 BROWSER-REUSED n=242 pid=86852
DETAIL 1791109964044 BROWSER-REUSED n=243 pid=86852
DETAIL 1791109964493 BROWSER-REUSED n=244 pid=86852
DETAIL 1791109964944 BROWSER-REUSED n=245 pid=86852
DETAIL 1791109965409 BROWSER-REUSED n=246 pid=86852
DETAIL 1791109965857 BROWSER-REUSED n=247 pid=86852
DETAIL 1791109966300 BROWSER-REUSED n=248 pid=86852
DETAIL 1791109966777 BROWSER-REUSED n=249 pid=86852
DETAIL 1791109967233 BROWSER-REUSED n=250 pid=86852
DETAIL 1791109967686 BROWSER-REUSED n=251 pid=86852
DETAIL 1791109968139 BROWSER-REUSED n=252 pid=86852
DETAIL 1791109968648 BROWSER-REUSED n=253 pid=86852
DETAIL 1791109969118 BROWSER-REUSED n=254 pid=86852
DETAIL 1791109969642 BROWSER-REUSED n=255 pid=86852
DETAIL 1791109970093 BROWSER-REUSED n=256 pid=86852
DETAIL 1791109970637 BROWSER-REUSED n=257 pid=86852
DETAIL 1791109971135 BROWSER-REUSED n=258 pid=86852
DETAIL 1791109971586 BROWSER-REUSED n=259 pid=86852
DETAIL 1791109972067 BROWSER-REUSED n=260 pid=86852
DETAIL 1791109972507 BROWSER-REUSED n=261 pid=86852
DETAIL 1791109972959 BROWSER-REUSED n=262 pid=86852
DETAIL 1791109973439 BROWSER-REUSED n=263 pid=86852
DETAIL 1791109973875 BROWSER-REUSED n=264 pid=86852
DETAIL 1791109974346 BROWSER-REUSED n=265 pid=86852
DETAIL 1791109974794 BROWSER-REUSED n=266 pid=86852
DETAIL 1791109975253 BROWSER-REUSED n=267 pid=86852
DETAIL 1791109975713 BROWSER-REUSED n=268 pid=86852
DETAIL 1791109976181 BROWSER-REUSED n=269 pid=86852
DETAIL 1791109976625 BROWSER-REUSED n=270 pid=86852
DETAIL 1791109977079 BROWSER-REUSED n=271 pid=86852
DETAIL 1791109977527 BROWSER-REUSED n=272 pid=86852
DETAIL 1791109977970 BROWSER-REUSED n=273 pid=86852
DETAIL 1791109978477 BROWSER-REUSED n=274 pid=86852
DETAIL 1791109978982 BROWSER-REUSED n=275 pid=86852
DETAIL 1791109979398 BROWSER-REUSED n=276 pid=86852
DETAIL 1791109979853 BROWSER-REUSED n=277 pid=86852
DETAIL 1791109980282 BROWSER-REUSED n=278 pid=86852
DETAIL 1791109980729 BROWSER-REUSED n=279 pid=86852
DETAIL 1791109981193 BROWSER-REUSED n=280 pid=86852
DETAIL 1791109981617 BROWSER-REUSED n=281 pid=86852
DETAIL 1791109982087 BROWSER-REUSED n=282 pid=86852
DETAIL 1791109982529 BROWSER-REUSED n=283 pid=86852
DETAIL 1791109982960 BROWSER-REUSED n=284 pid=86852
DETAIL 1791109983428 BROWSER-REUSED n=285 pid=86852
DETAIL 1791109983901 BROWSER-REUSED n=286 pid=86852
DETAIL 1791109984342 BROWSER-REUSED n=287 pid=86852
DETAIL 1791109984793 BROWSER-REUSED n=288 pid=86852
DETAIL 1791109985235 BROWSER-REUSED n=289 pid=86852
DETAIL 1791109985737 BROWSER-REUSED n=290 pid=86852
DETAIL 1791109986179 BROWSER-REUSED n=291 pid=86852
DETAIL 1791109986627 BROWSER-REUSED n=292 pid=86852
DETAIL 1791109987060 BROWSER-REUSED n=293 pid=86852
DETAIL 1791109987529 BROWSER-REUSED n=294 pid=86852
DETAIL 1791109988019 BROWSER-REUSED n=295 pid=86852
DETAIL 1791109988486 BROWSER-REUSED n=296 pid=86852
DETAIL 1791109988943 BROWSER-REUSED n=297 pid=86852
DETAIL 1791109989394 BROWSER-REUSED n=298 pid=86852
DETAIL 1791109989876 BROWSER-REUSED n=299 pid=86852
DETAIL 1791109990336 BROWSER-REUSED n=300 pid=86852
