TAG pre-gap100 count=200 gapMs=100 size=2560x1600
RENDER ok=200 fail=0 hostExit=0
OVERLAP 下一次開始時前一個 browser 仍存活：199/199
EXIT 返回後結束耗時 ms：n=200 p50=1270.1 p95=6407.7 max=11058.7
NOT-EXITED 60 秒內沒結束：0
REUSED 新渲染拿到前一個 browser 行程：147
HOST 1791110905199 BROWSERS total=200 leaked=0 []
SURVIVORS 宿主結束後仍存活（隔離資料夾內）：0
DETAIL 1791110758315 BROWSER-REUSED n=2 pid=96748
DETAIL 1791110758861 BROWSER-REUSED n=3 pid=96748
DETAIL 1791110759403 BROWSER-REUSED n=4 pid=96748
DETAIL 1791110759938 BROWSER-REUSED n=5 pid=96748
DETAIL 1791110760480 BROWSER-REUSED n=6 pid=96748
DETAIL 1791110761019 BROWSER-REUSED n=7 pid=96748
DETAIL 1791110762560 BROWSER-REUSED n=8 pid=96748
DETAIL 1791110764981 BROWSER-REUSED n=10 pid=109996
DETAIL 1791110765521 BROWSER-REUSED n=11 pid=109996
DETAIL 1791110766062 BROWSER-REUSED n=12 pid=109996
DETAIL 1791110766603 BROWSER-REUSED n=13 pid=109996
DETAIL 1791110767165 BROWSER-REUSED n=14 pid=109996
DETAIL 1791110767711 BROWSER-REUSED n=15 pid=109996
DETAIL 1791110768262 BROWSER-REUSED n=16 pid=109996
DETAIL 1791110768803 BROWSER-REUSED n=17 pid=109996
DETAIL 1791110769357 BROWSER-REUSED n=18 pid=109996
DETAIL 1791110769903 BROWSER-REUSED n=19 pid=109996
DETAIL 1791110770432 BROWSER-REUSED n=20 pid=109996
DETAIL 1791110770979 BROWSER-REUSED n=21 pid=109996
DETAIL 1791110771518 BROWSER-REUSED n=22 pid=109996
DETAIL 1791110772048 BROWSER-REUSED n=23 pid=109996
DETAIL 1791110772584 BROWSER-REUSED n=24 pid=109996
DETAIL 1791110774141 BROWSER-REUSED n=25 pid=109996
DETAIL 1791110775626 BROWSER-REUSED n=27 pid=105736
DETAIL 1791110776170 BROWSER-REUSED n=28 pid=105736
DETAIL 1791110777431 BROWSER-REUSED n=30 pid=22028
DETAIL 1791110777980 BROWSER-REUSED n=31 pid=22028
DETAIL 1791110779293 BROWSER-REUSED n=33 pid=95504
DETAIL 1791110779836 BROWSER-REUSED n=34 pid=95504
DETAIL 1791110780389 BROWSER-REUSED n=35 pid=95504
DETAIL 1791110780917 BROWSER-REUSED n=36 pid=95504
DETAIL 1791110781461 BROWSER-REUSED n=37 pid=95504
DETAIL 1791110785745 BROWSER-REUSED n=43 pid=32288
DETAIL 1791110786288 BROWSER-REUSED n=44 pid=32288
DETAIL 1791110786831 BROWSER-REUSED n=45 pid=32288
DETAIL 1791110787368 BROWSER-REUSED n=46 pid=32288
DETAIL 1791110787991 BROWSER-REUSED n=47 pid=32288
DETAIL 1791110788539 BROWSER-REUSED n=48 pid=32288
DETAIL 1791110789075 BROWSER-REUSED n=49 pid=32288
DETAIL 1791110789610 BROWSER-REUSED n=50 pid=32288
DETAIL 1791110791709 BROWSER-REUSED n=53 pid=82664
DETAIL 1791110792253 BROWSER-REUSED n=54 pid=82664
DETAIL 1791110792786 BROWSER-REUSED n=55 pid=82664
DETAIL 1791110793329 BROWSER-REUSED n=56 pid=82664
DETAIL 1791110793866 BROWSER-REUSED n=57 pid=82664
DETAIL 1791110794398 BROWSER-REUSED n=58 pid=82664
DETAIL 1791110796462 BROWSER-REUSED n=61 pid=111640
DETAIL 1791110797005 BROWSER-REUSED n=62 pid=111640
DETAIL 1791110799070 BROWSER-REUSED n=65 pid=96564
DETAIL 1791110799607 BROWSER-REUSED n=66 pid=96564
DETAIL 1791110800912 BROWSER-REUSED n=68 pid=102776
DETAIL 1791110801465 BROWSER-REUSED n=69 pid=102776
DETAIL 1791110802017 BROWSER-REUSED n=70 pid=102776
DETAIL 1791110802546 BROWSER-REUSED n=71 pid=102776
DETAIL 1791110803085 BROWSER-REUSED n=72 pid=102776
DETAIL 1791110803629 BROWSER-REUSED n=73 pid=102776
DETAIL 1791110804182 BROWSER-REUSED n=74 pid=102776
DETAIL 1791110804725 BROWSER-REUSED n=75 pid=102776
DETAIL 1791110806775 BROWSER-REUSED n=78 pid=95400
DETAIL 1791110807315 BROWSER-REUSED n=79 pid=95400
DETAIL 1791110807849 BROWSER-REUSED n=80 pid=95400
DETAIL 1791110809176 BROWSER-REUSED n=82 pid=13788
DETAIL 1791110809713 BROWSER-REUSED n=83 pid=13788
DETAIL 1791110811720 BROWSER-REUSED n=86 pid=110876
DETAIL 1791110812260 BROWSER-REUSED n=87 pid=110876
DETAIL 1791110815003 BROWSER-REUSED n=91 pid=59352
DETAIL 1791110815558 BROWSER-REUSED n=92 pid=59352
DETAIL 1791110816086 BROWSER-REUSED n=93 pid=59352
DETAIL 1791110816633 BROWSER-REUSED n=94 pid=59352
DETAIL 1791110817172 BROWSER-REUSED n=95 pid=59352
DETAIL 1791110817707 BROWSER-REUSED n=96 pid=59352
DETAIL 1791110819007 BROWSER-REUSED n=98 pid=88592
DETAIL 1791110819536 BROWSER-REUSED n=99 pid=88592
DETAIL 1791110821088 BROWSER-REUSED n=100 pid=88592
DETAIL 1791110821622 BROWSER-REUSED n=101 pid=88592
DETAIL 1791110822162 BROWSER-REUSED n=102 pid=88592
DETAIL 1791110822699 BROWSER-REUSED n=103 pid=88592
DETAIL 1791110823243 BROWSER-REUSED n=104 pid=88592
DETAIL 1791110824549 BROWSER-REUSED n=106 pid=102032
DETAIL 1791110825095 BROWSER-REUSED n=107 pid=102032
DETAIL 1791110826387 BROWSER-REUSED n=109 pid=53992
DETAIL 1791110826925 BROWSER-REUSED n=110 pid=53992
DETAIL 1791110828236 BROWSER-REUSED n=112 pid=59924
DETAIL 1791110829554 BROWSER-REUSED n=114 pid=100172
DETAIL 1791110830102 BROWSER-REUSED n=115 pid=100172
DETAIL 1791110830643 BROWSER-REUSED n=116 pid=100172
DETAIL 1791110831179 BROWSER-REUSED n=117 pid=100172
DETAIL 1791110831729 BROWSER-REUSED n=118 pid=100172
DETAIL 1791110832274 BROWSER-REUSED n=119 pid=100172
DETAIL 1791110832810 BROWSER-REUSED n=120 pid=100172
DETAIL 1791110833347 BROWSER-REUSED n=121 pid=100172
DETAIL 1791110833893 BROWSER-REUSED n=122 pid=100172
DETAIL 1791110834445 BROWSER-REUSED n=123 pid=100172
DETAIL 1791110835004 BROWSER-REUSED n=124 pid=100172
DETAIL 1791110835542 BROWSER-REUSED n=125 pid=100172
DETAIL 1791110836119 BROWSER-REUSED n=126 pid=100172
DETAIL 1791110836731 BROWSER-REUSED n=127 pid=100172
DETAIL 1791110838943 BROWSER-REUSED n=130 pid=100912
DETAIL 1791110839506 BROWSER-REUSED n=131 pid=100912
DETAIL 1791110841056 BROWSER-REUSED n=132 pid=100912
DETAIL 1791110842388 BROWSER-REUSED n=134 pid=46032
DETAIL 1791110842952 BROWSER-REUSED n=135 pid=46032
DETAIL 1791110845829 BROWSER-REUSED n=139 pid=93096
DETAIL 1791110846375 BROWSER-REUSED n=140 pid=93096
DETAIL 1791110846924 BROWSER-REUSED n=141 pid=93096
DETAIL 1791110847461 BROWSER-REUSED n=142 pid=93096
DETAIL 1791110848010 BROWSER-REUSED n=143 pid=93096
DETAIL 1791110848617 BROWSER-REUSED n=144 pid=93096
DETAIL 1791110849167 BROWSER-REUSED n=145 pid=93096
DETAIL 1791110850505 BROWSER-REUSED n=147 pid=53120
DETAIL 1791110851057 BROWSER-REUSED n=148 pid=53120
DETAIL 1791110851593 BROWSER-REUSED n=149 pid=53120
DETAIL 1791110852155 BROWSER-REUSED n=150 pid=53120
DETAIL 1791110852686 BROWSER-REUSED n=151 pid=53120
DETAIL 1791110853225 BROWSER-REUSED n=152 pid=53120
DETAIL 1791110853768 BROWSER-REUSED n=153 pid=53120
DETAIL 1791110855083 BROWSER-REUSED n=155 pid=111572
DETAIL 1791110855620 BROWSER-REUSED n=156 pid=111572
DETAIL 1791110857181 BROWSER-REUSED n=157 pid=111572
DETAIL 1791110858484 BROWSER-REUSED n=159 pid=18268
DETAIL 1791110859025 BROWSER-REUSED n=160 pid=18268
DETAIL 1791110860348 BROWSER-REUSED n=162 pid=112232
DETAIL 1791110860911 BROWSER-REUSED n=163 pid=112232
DETAIL 1791110861466 BROWSER-REUSED n=164 pid=112232
DETAIL 1791110862016 BROWSER-REUSED n=165 pid=112232
DETAIL 1791110864106 BROWSER-REUSED n=168 pid=109660
DETAIL 1791110864642 BROWSER-REUSED n=169 pid=109660
DETAIL 1791110865954 BROWSER-REUSED n=171 pid=112572
DETAIL 1791110868012 BROWSER-REUSED n=174 pid=88184
DETAIL 1791110868565 BROWSER-REUSED n=175 pid=88184
DETAIL 1791110870114 BROWSER-REUSED n=176 pid=88184
DETAIL 1791110872240 BROWSER-REUSED n=179 pid=105548
DETAIL 1791110872782 BROWSER-REUSED n=180 pid=105548
DETAIL 1791110874951 BROWSER-REUSED n=183 pid=84852
DETAIL 1791110876283 BROWSER-REUSED n=185 pid=96988
DETAIL 1791110876825 BROWSER-REUSED n=186 pid=96988
DETAIL 1791110878191 BROWSER-REUSED n=188 pid=73724
DETAIL 1791110878737 BROWSER-REUSED n=189 pid=73724
DETAIL 1791110879279 BROWSER-REUSED n=190 pid=73724
DETAIL 1791110879818 BROWSER-REUSED n=191 pid=73724
DETAIL 1791110880423 BROWSER-REUSED n=192 pid=73724
DETAIL 1791110880953 BROWSER-REUSED n=193 pid=73724
DETAIL 1791110881497 BROWSER-REUSED n=194 pid=73724
DETAIL 1791110882031 BROWSER-REUSED n=195 pid=73724
DETAIL 1791110883348 BROWSER-REUSED n=197 pid=74564
DETAIL 1791110883884 BROWSER-REUSED n=198 pid=74564
DETAIL 1791110885198 BROWSER-REUSED n=200 pid=109396
