TAG inject-prefix count=20 gapMs=2000 size=2560x1600 altSize= pairIdleMs=0
RENDER ok=9 fail=11 hostExit=1
OVERLAP 下一次開始時前一個 browser 仍存活：11/19
EXIT 返回後結束耗時 ms：n=20 p50=2089.7 p95=42086.6 max=42099.4
NOT-EXITED 60 秒內沒結束：0
REUSED 新渲染拿到前一個 browser 行程：11
HOST 1791114892123 BROWSERS total=20 leaked=0 []
SURVIVORS 宿主結束後仍存活（隔離資料夾內）：0
SETTLE 下一次前等到結束（≥10 ms）：0；宿主結束卡住者：0；沒結束它：0
HOST 1791114892123 SHUTDOWN-SETTLE Exited { pid: 87716, waited: 700ns }
INJECT 成功暫停的 browser 行程（故障注入）：2
DETAIL 1791114816618 BROWSER-REUSED n=6 pid=106412
DETAIL 1791114818619 BROWSER-REUSED n=7 pid=106412
DETAIL 1791114820619 BROWSER-REUSED n=8 pid=106412
DETAIL 1791114822619 BROWSER-REUSED n=9 pid=106412
DETAIL 1791114824620 BROWSER-REUSED n=10 pid=106412
DETAIL 1791114826620 BROWSER-REUSED n=11 pid=106412
DETAIL 1791114869121 BROWSER-REUSED n=16 pid=114276
DETAIL 1791114871122 BROWSER-REUSED n=17 pid=114276
DETAIL 1791114873122 BROWSER-REUSED n=18 pid=114276
DETAIL 1791114875123 BROWSER-REUSED n=19 pid=114276
DETAIL 1791114877123 BROWSER-REUSED n=20 pid=114276
