1791110519245 START FC_HOST_SELF_TEST_RENDER_BUILD pid=109780 args=Args { log: "D:\\projects\\finance-calendar-dynamic-wallpaper\\host\\tools\\evidence\\dw-bug-renderer-pre-gap60-render.log", count: 150, interval: 60s, warmup: 5s, tail: 20s, width: 2560, height: 1600, theme: Astrolabe, fixture: true, timeout_at: None, skip_render: false, gap: Some(60ms) }
1791110519245 RENDERER-UDF %TEMP%\fc-repro-leak-20261004-184158\webview2\wallpaper-renderer
1791110519245 OUTPUT dir=%TEMP%\fc-repro-leak-20261004-184158\localappdata\tw.fintools.fc-host\wallpaper key=m-7ebe8f017cddc2d6
1791110519245 WARMUP 5 s
1791110524245 RENDER-START n=1
1791110524978 RENDER-OK n=1 id=1 browser_pid=Some(95672) slot=A path=%TEMP%\fc-repro-leak-20261004-184158\localappdata\tw.fintools.fc-host\wallpaper\m-7ebe8f017cddc2d6-a.png wh=2560x1600 body=raw open_ms=260.5 page_ms=458.6 to_png_ms=719.1 close_ms=2.1 write_ms=10.3 warnings=0
1791110524978 VERIFY n=1 dims=Some((2560, 1600)) expect=2560x1600 own_files=1 PASS
1791110525038 PREV-BROWSER n=2 prev_n=1 pid=95672 alive=true
1791110525038 RENDER-START n=2
1791110525470 BROWSER-REUSED n=2 pid=95672
1791110525470 RENDER-OK n=2 id=2 browser_pid=Some(95672) slot=B path=%TEMP%\fc-repro-leak-20261004-184158\localappdata\tw.fintools.fc-host\wallpaper\m-7ebe8f017cddc2d6-b.png wh=2560x1600 body=raw open_ms=93.2 page_ms=321.4 to_png_ms=414.5 close_ms=2.0 write_ms=15.0 warnings=0
1791110525470 VERIFY n=2 dims=Some((2560, 1600)) expect=2560x1600 own_files=2 PASS
1791110525530 PREV-BROWSER n=3 prev_n=2 pid=95672 alive=true
1791110525530 RENDER-START n=3
1791110525971 BROWSER-REUSED n=3 pid=95672
1791110525971 RENDER-OK n=3 id=3 browser_pid=Some(95672) slot=A path=%TEMP%\fc-repro-leak-20261004-184158\localappdata\tw.fintools.fc-host\wallpaper\m-7ebe8f017cddc2d6-a.png wh=2560x1600 body=raw open_ms=92.1 page_ms=329.9 to_png_ms=422.0 close_ms=2.1 write_ms=16.6 warnings=0
1791110525972 VERIFY n=3 dims=Some((2560, 1600)) expect=2560x1600 own_files=2 PASS
1791110526031 PREV-BROWSER n=4 prev_n=3 pid=95672 alive=true
1791110526031 RENDER-START n=4
1791110526476 BROWSER-REUSED n=4 pid=95672
1791110526476 RENDER-OK n=4 id=4 browser_pid=Some(95672) slot=B path=%TEMP%\fc-repro-leak-20261004-184158\localappdata\tw.fintools.fc-host\wallpaper\m-7ebe8f017cddc2d6-b.png wh=2560x1600 body=raw open_ms=98.1 page_ms=327.7 to_png_ms=425.8 close_ms=2.7 write_ms=15.7 warnings=0
1791110526476 VERIFY n=4 dims=Some((2560, 1600)) expect=2560x1600 own_files=2 PASS
1791110526536 PREV-BROWSER n=5 prev_n=4 pid=95672 alive=true
1791110526536 RENDER-START n=5
1791110526970 BROWSER-REUSED n=5 pid=95672
1791110526970 RENDER-OK n=5 id=5 browser_pid=Some(95672) slot=A path=%TEMP%\fc-repro-leak-20261004-184158\localappdata\tw.fintools.fc-host\wallpaper\m-7ebe8f017cddc2d6-a.png wh=2560x1600 body=raw open_ms=95.2 page_ms=326.7 to_png_ms=421.9 close_ms=2.4 write_ms=9.7 warnings=0
1791110526971 VERIFY n=5 dims=Some((2560, 1600)) expect=2560x1600 own_files=2 PASS
1791110527030 PREV-BROWSER n=6 prev_n=5 pid=95672 alive=true
1791110527030 RENDER-START n=6
1791110527538 BROWSER-REUSED n=6 pid=95672
1791110527538 RENDER-OK n=6 id=6 browser_pid=Some(95672) slot=B path=%TEMP%\fc-repro-leak-20261004-184158\localappdata\tw.fintools.fc-host\wallpaper\m-7ebe8f017cddc2d6-b.png wh=2560x1600 body=raw open_ms=161.0 page_ms=328.3 to_png_ms=489.3 close_ms=2.5 write_ms=15.8 warnings=0
1791110527539 VERIFY n=6 dims=Some((2560, 1600)) expect=2560x1600 own_files=2 PASS
1791110527599 PREV-BROWSER n=7 prev_n=6 pid=95672 alive=true
1791110527599 RENDER-START n=7
1791110528037 BROWSER-REUSED n=7 pid=95672
1791110528037 RENDER-OK n=7 id=7 browser_pid=Some(95672) slot=A path=%TEMP%\fc-repro-leak-20261004-184158\localappdata\tw.fintools.fc-host\wallpaper\m-7ebe8f017cddc2d6-a.png wh=2560x1600 body=raw open_ms=91.4 page_ms=327.4 to_png_ms=418.9 close_ms=2.6 write_ms=16.2 warnings=0
1791110528037 VERIFY n=7 dims=Some((2560, 1600)) expect=2560x1600 own_files=2 PASS
1791110528097 PREV-BROWSER n=8 prev_n=7 pid=95672 alive=true
1791110528097 RENDER-START n=8
1791110528523 BROWSER-REUSED n=8 pid=95672
1791110528523 RENDER-OK n=8 id=8 browser_pid=Some(95672) slot=B path=%TEMP%\fc-repro-leak-20261004-184158\localappdata\tw.fintools.fc-host\wallpaper\m-7ebe8f017cddc2d6-b.png wh=2560x1600 body=raw open_ms=88.4 page_ms=318.0 to_png_ms=406.4 close_ms=2.4 write_ms=17.0 warnings=0
1791110528524 VERIFY n=8 dims=Some((2560, 1600)) expect=2560x1600 own_files=2 PASS
1791110528584 PREV-BROWSER n=9 prev_n=8 pid=95672 alive=true
1791110528584 RENDER-START n=9
1791110529032 BROWSER-REUSED n=9 pid=95672
1791110529032 RENDER-OK n=9 id=9 browser_pid=Some(95672) slot=A path=%TEMP%\fc-repro-leak-20261004-184158\localappdata\tw.fintools.fc-host\wallpaper\m-7ebe8f017cddc2d6-a.png wh=2560x1600 body=raw open_ms=105.2 page_ms=323.7 to_png_ms=428.9 close_ms=2.4 write_ms=16.9 warnings=0
1791110529033 VERIFY n=9 dims=Some((2560, 1600)) expect=2560x1600 own_files=2 PASS
1791110529092 PREV-BROWSER n=10 prev_n=9 pid=95672 alive=true
1791110529092 RENDER-START n=10
1791110529518 BROWSER-REUSED n=10 pid=95672
1791110529518 RENDER-OK n=10 id=10 browser_pid=Some(95672) slot=B path=%TEMP%\fc-repro-leak-20261004-184158\localappdata\tw.fintools.fc-host\wallpaper\m-7ebe8f017cddc2d6-b.png wh=2560x1600 body=raw open_ms=91.8 page_ms=323.4 to_png_ms=415.2 close_ms=2.2 write_ms=8.3 warnings=0
1791110529518 VERIFY n=10 dims=Some((2560, 1600)) expect=2560x1600 own_files=2 PASS
1791110529579 PREV-BROWSER n=11 prev_n=10 pid=95672 alive=true
1791110529579 RENDER-START n=11
1791110529993 BROWSER-REUSED n=11 pid=95672
1791110529993 RENDER-OK n=11 id=11 browser_pid=Some(95672) slot=A path=%TEMP%\fc-repro-leak-20261004-184158\localappdata\tw.fintools.fc-host\wallpaper\m-7ebe8f017cddc2d6-a.png wh=2560x1600 body=raw open_ms=100.9 page_ms=294.1 to_png_ms=395.0 close_ms=2.3 write_ms=16.6 warnings=0
1791110529993 VERIFY n=11 dims=Some((2560, 1600)) expect=2560x1600 own_files=2 PASS
1791110530053 PREV-BROWSER n=12 prev_n=11 pid=95672 alive=true
1791110530053 RENDER-START n=12
1791110530482 BROWSER-REUSED n=12 pid=95672
1791110530482 RENDER-OK n=12 id=12 browser_pid=Some(95672) slot=B path=%TEMP%\fc-repro-leak-20261004-184158\localappdata\tw.fintools.fc-host\wallpaper\m-7ebe8f017cddc2d6-b.png wh=2560x1600 body=raw open_ms=104.5 page_ms=313.5 to_png_ms=418.0 close_ms=2.2 write_ms=9.0 warnings=0
1791110530483 VERIFY n=12 dims=Some((2560, 1600)) expect=2560x1600 own_files=2 PASS
1791110530543 PREV-BROWSER n=13 prev_n=12 pid=95672 alive=true
1791110530543 RENDER-START n=13
1791110530975 BROWSER-REUSED n=13 pid=95672
1791110530975 RENDER-OK n=13 id=13 browser_pid=Some(95672) slot=A path=%TEMP%\fc-repro-leak-20261004-184158\localappdata\tw.fintools.fc-host\wallpaper\m-7ebe8f017cddc2d6-a.png wh=2560x1600 body=raw open_ms=95.3 page_ms=323.8 to_png_ms=419.0 close_ms=2.5 write_ms=10.5 warnings=0
1791110530975 VERIFY n=13 dims=Some((2560, 1600)) expect=2560x1600 own_files=2 PASS
1791110531035 PREV-BROWSER n=14 prev_n=13 pid=95672 alive=true
1791110531035 RENDER-START n=14
1791110531482 BROWSER-REUSED n=14 pid=95672
1791110531482 RENDER-OK n=14 id=14 browser_pid=Some(95672) slot=B path=%TEMP%\fc-repro-leak-20261004-184158\localappdata\tw.fintools.fc-host\wallpaper\m-7ebe8f017cddc2d6-b.png wh=2560x1600 body=raw open_ms=104.3 page_ms=323.2 to_png_ms=427.5 close_ms=2.2 write_ms=16.4 warnings=0
1791110531482 VERIFY n=14 dims=Some((2560, 1600)) expect=2560x1600 own_files=2 PASS
1791110531542 PREV-BROWSER n=15 prev_n=14 pid=95672 alive=true
1791110531542 RENDER-START n=15
1791110531987 BROWSER-REUSED n=15 pid=95672
1791110531987 RENDER-OK n=15 id=15 browser_pid=Some(95672) slot=A path=%TEMP%\fc-repro-leak-20261004-184158\localappdata\tw.fintools.fc-host\wallpaper\m-7ebe8f017cddc2d6-a.png wh=2560x1600 body=raw open_ms=103.6 page_ms=322.8 to_png_ms=426.4 close_ms=2.1 write_ms=16.4 warnings=0
1791110531988 VERIFY n=15 dims=Some((2560, 1600)) expect=2560x1600 own_files=2 PASS
1791110532047 PREV-BROWSER n=16 prev_n=15 pid=95672 alive=true
1791110532047 RENDER-START n=16
1791110532558 BROWSER-REUSED n=16 pid=95672
1791110532558 RENDER-OK n=16 id=16 browser_pid=Some(95672) slot=B path=%TEMP%\fc-repro-leak-20261004-184158\localappdata\tw.fintools.fc-host\wallpaper\m-7ebe8f017cddc2d6-b.png wh=2560x1600 body=raw open_ms=159.2 page_ms=333.0 to_png_ms=492.3 close_ms=2.2 write_ms=15.9 warnings=0
1791110532558 VERIFY n=16 dims=Some((2560, 1600)) expect=2560x1600 own_files=2 PASS
1791110532618 PREV-BROWSER n=17 prev_n=16 pid=95672 alive=true
1791110532618 RENDER-START n=17
1791110533066 BROWSER-REUSED n=17 pid=95672
1791110533067 RENDER-OK n=17 id=17 browser_pid=Some(95672) slot=A path=%TEMP%\fc-repro-leak-20261004-184158\localappdata\tw.fintools.fc-host\wallpaper\m-7ebe8f017cddc2d6-a.png wh=2560x1600 body=raw open_ms=98.2 page_ms=331.6 to_png_ms=429.8 close_ms=2.2 write_ms=15.9 warnings=0
1791110533067 VERIFY n=17 dims=Some((2560, 1600)) expect=2560x1600 own_files=2 PASS
1791110533127 PREV-BROWSER n=18 prev_n=17 pid=95672 alive=true
1791110533127 RENDER-START n=18
1791110533582 BROWSER-REUSED n=18 pid=95672
1791110533582 RENDER-OK n=18 id=18 browser_pid=Some(95672) slot=B path=%TEMP%\fc-repro-leak-20261004-184158\localappdata\tw.fintools.fc-host\wallpaper\m-7ebe8f017cddc2d6-b.png wh=2560x1600 body=raw open_ms=100.0 page_ms=336.6 to_png_ms=436.6 close_ms=2.5 write_ms=15.3 warnings=0
1791110533582 VERIFY n=18 dims=Some((2560, 1600)) expect=2560x1600 own_files=2 PASS
1791110533642 PREV-BROWSER n=19 prev_n=18 pid=95672 alive=true
1791110533642 RENDER-START n=19
1791110534077 BROWSER-REUSED n=19 pid=95672
1791110534077 RENDER-OK n=19 id=19 browser_pid=Some(95672) slot=A path=%TEMP%\fc-repro-leak-20261004-184158\localappdata\tw.fintools.fc-host\wallpaper\m-7ebe8f017cddc2d6-a.png wh=2560x1600 body=raw open_ms=99.7 page_ms=317.2 to_png_ms=416.9 close_ms=2.1 write_ms=16.2 warnings=0
1791110534078 VERIFY n=19 dims=Some((2560, 1600)) expect=2560x1600 own_files=2 PASS
1791110534137 PREV-BROWSER n=20 prev_n=19 pid=95672 alive=true
1791110534138 RENDER-START n=20
1791110534573 BROWSER-REUSED n=20 pid=95672
1791110534574 RENDER-OK n=20 id=20 browser_pid=Some(95672) slot=B path=%TEMP%\fc-repro-leak-20261004-184158\localappdata\tw.fintools.fc-host\wallpaper\m-7ebe8f017cddc2d6-b.png wh=2560x1600 body=raw open_ms=96.0 page_ms=321.4 to_png_ms=417.4 close_ms=2.1 write_ms=16.3 warnings=0
1791110534574 VERIFY n=20 dims=Some((2560, 1600)) expect=2560x1600 own_files=2 PASS
1791110534634 PREV-BROWSER n=21 prev_n=20 pid=95672 alive=true
1791110534634 RENDER-START n=21
1791110535083 BROWSER-REUSED n=21 pid=95672
1791110535083 RENDER-OK n=21 id=21 browser_pid=Some(95672) slot=A path=%TEMP%\fc-repro-leak-20261004-184158\localappdata\tw.fintools.fc-host\wallpaper\m-7ebe8f017cddc2d6-a.png wh=2560x1600 body=raw open_ms=102.3 page_ms=327.4 to_png_ms=429.7 close_ms=2.1 write_ms=17.1 warnings=0
1791110535083 VERIFY n=21 dims=Some((2560, 1600)) expect=2560x1600 own_files=2 PASS
1791110535143 PREV-BROWSER n=22 prev_n=21 pid=95672 alive=true
1791110535143 RENDER-START n=22
1791110535588 BROWSER-REUSED n=22 pid=95672
1791110535588 RENDER-OK n=22 id=22 browser_pid=Some(95672) slot=B path=%TEMP%\fc-repro-leak-20261004-184158\localappdata\tw.fintools.fc-host\wallpaper\m-7ebe8f017cddc2d6-b.png wh=2560x1600 body=raw open_ms=106.4 page_ms=319.8 to_png_ms=426.2 close_ms=2.2 write_ms=16.6 warnings=0
1791110535589 VERIFY n=22 dims=Some((2560, 1600)) expect=2560x1600 own_files=2 PASS
1791110535649 PREV-BROWSER n=23 prev_n=22 pid=95672 alive=true
1791110535649 RENDER-START n=23
1791110536099 BROWSER-REUSED n=23 pid=95672
1791110536099 RENDER-OK n=23 id=23 browser_pid=Some(95672) slot=A path=%TEMP%\fc-repro-leak-20261004-184158\localappdata\tw.fintools.fc-host\wallpaper\m-7ebe8f017cddc2d6-a.png wh=2560x1600 body=raw open_ms=102.1 page_ms=329.0 to_png_ms=431.1 close_ms=2.3 write_ms=16.1 warnings=0
1791110536099 VERIFY n=23 dims=Some((2560, 1600)) expect=2560x1600 own_files=2 PASS
1791110536159 PREV-BROWSER n=24 prev_n=23 pid=95672 alive=true
1791110536159 RENDER-START n=24
1791110536617 BROWSER-REUSED n=24 pid=95672
1791110536617 RENDER-OK n=24 id=24 browser_pid=Some(95672) slot=B path=%TEMP%\fc-repro-leak-20261004-184158\localappdata\tw.fintools.fc-host\wallpaper\m-7ebe8f017cddc2d6-b.png wh=2560x1600 body=raw open_ms=114.9 page_ms=323.9 to_png_ms=438.7 close_ms=2.4 write_ms=16.6 warnings=0
1791110536617 VERIFY n=24 dims=Some((2560, 1600)) expect=2560x1600 own_files=2 PASS
1791110536677 PREV-BROWSER n=25 prev_n=24 pid=95672 alive=true
1791110536677 RENDER-START n=25
1791110537120 BROWSER-REUSED n=25 pid=95672
1791110537120 RENDER-OK n=25 id=25 browser_pid=Some(95672) slot=A path=%TEMP%\fc-repro-leak-20261004-184158\localappdata\tw.fintools.fc-host\wallpaper\m-7ebe8f017cddc2d6-a.png wh=2560x1600 body=raw open_ms=98.8 page_ms=326.2 to_png_ms=424.9 close_ms=2.4 write_ms=15.0 warnings=0
1791110537120 VERIFY n=25 dims=Some((2560, 1600)) expect=2560x1600 own_files=2 PASS
1791110537180 PREV-BROWSER n=26 prev_n=25 pid=95672 alive=true
1791110537180 RENDER-START n=26
1791110537617 BROWSER-REUSED n=26 pid=95672
1791110537617 RENDER-OK n=26 id=26 browser_pid=Some(95672) slot=B path=%TEMP%\fc-repro-leak-20261004-184158\localappdata\tw.fintools.fc-host\wallpaper\m-7ebe8f017cddc2d6-b.png wh=2560x1600 body=raw open_ms=105.6 page_ms=312.9 to_png_ms=418.5 close_ms=2.1 write_ms=16.4 warnings=0
1791110537618 VERIFY n=26 dims=Some((2560, 1600)) expect=2560x1600 own_files=2 PASS
1791110537678 PREV-BROWSER n=27 prev_n=26 pid=95672 alive=true
1791110537678 RENDER-START n=27
1791110538129 BROWSER-REUSED n=27 pid=95672
1791110538129 RENDER-OK n=27 id=27 browser_pid=Some(95672) slot=A path=%TEMP%\fc-repro-leak-20261004-184158\localappdata\tw.fintools.fc-host\wallpaper\m-7ebe8f017cddc2d6-a.png wh=2560x1600 body=raw open_ms=100.3 page_ms=340.9 to_png_ms=441.2 close_ms=2.1 write_ms=8.0 warnings=0
1791110538130 VERIFY n=27 dims=Some((2560, 1600)) expect=2560x1600 own_files=2 PASS
1791110538189 PREV-BROWSER n=28 prev_n=27 pid=95672 alive=true
1791110538189 RENDER-START n=28
1791110538685 BROWSER-REUSED n=28 pid=95672
1791110538685 RENDER-OK n=28 id=28 browser_pid=Some(95672) slot=B path=%TEMP%\fc-repro-leak-20261004-184158\localappdata\tw.fintools.fc-host\wallpaper\m-7ebe8f017cddc2d6-b.png wh=2560x1600 body=raw open_ms=146.2 page_ms=329.9 to_png_ms=476.2 close_ms=2.6 write_ms=17.0 warnings=0
1791110538686 VERIFY n=28 dims=Some((2560, 1600)) expect=2560x1600 own_files=2 PASS
1791110538746 PREV-BROWSER n=29 prev_n=28 pid=95672 alive=true
1791110538746 RENDER-START n=29
1791110539191 BROWSER-REUSED n=29 pid=95672
1791110539191 RENDER-OK n=29 id=29 browser_pid=Some(95672) slot=A path=%TEMP%\fc-repro-leak-20261004-184158\localappdata\tw.fintools.fc-host\wallpaper\m-7ebe8f017cddc2d6-a.png wh=2560x1600 body=raw open_ms=96.3 page_ms=329.6 to_png_ms=425.9 close_ms=2.2 write_ms=17.0 warnings=0
1791110539191 VERIFY n=29 dims=Some((2560, 1600)) expect=2560x1600 own_files=2 PASS
1791110539251 PREV-BROWSER n=30 prev_n=29 pid=95672 alive=true
1791110539251 RENDER-START n=30
1791110540697 BROWSER-REUSED n=30 pid=95672
1791110540697 RENDER-OK n=30 id=30 browser_pid=Some(95672) slot=B path=%TEMP%\fc-repro-leak-20261004-184158\localappdata\tw.fintools.fc-host\wallpaper\m-7ebe8f017cddc2d6-b.png wh=2560x1600 body=raw open_ms=106.2 page_ms=1320.9 to_png_ms=1427.1 close_ms=2.5 write_ms=15.8 warnings=0
1791110540698 VERIFY n=30 dims=Some((2560, 1600)) expect=2560x1600 own_files=2 PASS
1791110540757 PREV-BROWSER n=31 prev_n=30 pid=95672 alive=true
1791110540757 RENDER-START n=31
1791110541200 BROWSER-REUSED n=31 pid=95672
1791110541200 RENDER-OK n=31 id=31 browser_pid=Some(95672) slot=A path=%TEMP%\fc-repro-leak-20261004-184158\localappdata\tw.fintools.fc-host\wallpaper\m-7ebe8f017cddc2d6-a.png wh=2560x1600 body=raw open_ms=98.9 page_ms=324.5 to_png_ms=423.4 close_ms=2.2 write_ms=17.0 warnings=0
1791110541200 VERIFY n=31 dims=Some((2560, 1600)) expect=2560x1600 own_files=2 PASS
1791110541261 PREV-BROWSER n=32 prev_n=31 pid=95672 alive=true
1791110541261 RENDER-START n=32
1791110541693 BROWSER-REUSED n=32 pid=95672
1791110541693 RENDER-OK n=32 id=32 browser_pid=Some(95672) slot=B path=%TEMP%\fc-repro-leak-20261004-184158\localappdata\tw.fintools.fc-host\wallpaper\m-7ebe8f017cddc2d6-b.png wh=2560x1600 body=raw open_ms=100.0 page_ms=321.4 to_png_ms=421.4 close_ms=2.4 write_ms=8.5 warnings=0
1791110541693 VERIFY n=32 dims=Some((2560, 1600)) expect=2560x1600 own_files=2 PASS
1791110541753 PREV-BROWSER n=33 prev_n=32 pid=95672 alive=true
1791110541754 RENDER-START n=33
1791110542178 BROWSER-REUSED n=33 pid=95672
1791110542179 RENDER-OK n=33 id=33 browser_pid=Some(95672) slot=A path=%TEMP%\fc-repro-leak-20261004-184158\localappdata\tw.fintools.fc-host\wallpaper\m-7ebe8f017cddc2d6-a.png wh=2560x1600 body=raw open_ms=101.7 page_ms=308.0 to_png_ms=409.7 close_ms=2.3 write_ms=12.7 warnings=0
1791110542179 VERIFY n=33 dims=Some((2560, 1600)) expect=2560x1600 own_files=2 PASS
1791110542239 PREV-BROWSER n=34 prev_n=33 pid=95672 alive=true
1791110542239 RENDER-START n=34
1791110542677 BROWSER-REUSED n=34 pid=95672
1791110542677 RENDER-OK n=34 id=34 browser_pid=Some(95672) slot=B path=%TEMP%\fc-repro-leak-20261004-184158\localappdata\tw.fintools.fc-host\wallpaper\m-7ebe8f017cddc2d6-b.png wh=2560x1600 body=raw open_ms=96.2 page_ms=321.9 to_png_ms=418.2 close_ms=2.4 write_ms=17.0 warnings=0
1791110542677 VERIFY n=34 dims=Some((2560, 1600)) expect=2560x1600 own_files=2 PASS
1791110542737 PREV-BROWSER n=35 prev_n=34 pid=95672 alive=true
1791110542737 RENDER-START n=35
1791110543179 BROWSER-REUSED n=35 pid=95672
1791110543180 RENDER-OK n=35 id=35 browser_pid=Some(95672) slot=A path=%TEMP%\fc-repro-leak-20261004-184158\localappdata\tw.fintools.fc-host\wallpaper\m-7ebe8f017cddc2d6-a.png wh=2560x1600 body=raw open_ms=104.2 page_ms=326.6 to_png_ms=430.8 close_ms=2.7 write_ms=8.8 warnings=0
1791110543180 VERIFY n=35 dims=Some((2560, 1600)) expect=2560x1600 own_files=2 PASS
1791110543240 PREV-BROWSER n=36 prev_n=35 pid=95672 alive=true
1791110543240 RENDER-START n=36
1791110543685 BROWSER-REUSED n=36 pid=95672
1791110543686 RENDER-OK n=36 id=36 browser_pid=Some(95672) slot=B path=%TEMP%\fc-repro-leak-20261004-184158\localappdata\tw.fintools.fc-host\wallpaper\m-7ebe8f017cddc2d6-b.png wh=2560x1600 body=raw open_ms=100.0 page_ms=326.4 to_png_ms=426.3 close_ms=2.3 write_ms=16.5 warnings=0
1791110543686 VERIFY n=36 dims=Some((2560, 1600)) expect=2560x1600 own_files=2 PASS
1791110543746 PREV-BROWSER n=37 prev_n=36 pid=95672 alive=true
1791110543746 RENDER-START n=37
1791110544194 BROWSER-REUSED n=37 pid=95672
1791110544194 RENDER-OK n=37 id=37 browser_pid=Some(95672) slot=A path=%TEMP%\fc-repro-leak-20261004-184158\localappdata\tw.fintools.fc-host\wallpaper\m-7ebe8f017cddc2d6-a.png wh=2560x1600 body=raw open_ms=102.9 page_ms=326.7 to_png_ms=429.6 close_ms=2.2 write_ms=15.4 warnings=0
1791110544194 VERIFY n=37 dims=Some((2560, 1600)) expect=2560x1600 own_files=2 PASS
1791110544254 PREV-BROWSER n=38 prev_n=37 pid=95672 alive=true
1791110544254 RENDER-START n=38
1791110544754 BROWSER-REUSED n=38 pid=95672
1791110544754 RENDER-OK n=38 id=38 browser_pid=Some(95672) slot=B path=%TEMP%\fc-repro-leak-20261004-184158\localappdata\tw.fintools.fc-host\wallpaper\m-7ebe8f017cddc2d6-b.png wh=2560x1600 body=raw open_ms=162.2 page_ms=319.1 to_png_ms=481.3 close_ms=2.2 write_ms=16.6 warnings=0
1791110544754 VERIFY n=38 dims=Some((2560, 1600)) expect=2560x1600 own_files=2 PASS
1791110544814 PREV-BROWSER n=39 prev_n=38 pid=95672 alive=true
1791110544814 RENDER-START n=39
1791110545269 BROWSER-REUSED n=39 pid=95672
1791110545269 RENDER-OK n=39 id=39 browser_pid=Some(95672) slot=A path=%TEMP%\fc-repro-leak-20261004-184158\localappdata\tw.fintools.fc-host\wallpaper\m-7ebe8f017cddc2d6-a.png wh=2560x1600 body=raw open_ms=108.7 page_ms=327.5 to_png_ms=436.3 close_ms=2.2 write_ms=16.3 warnings=0
1791110545270 VERIFY n=39 dims=Some((2560, 1600)) expect=2560x1600 own_files=2 PASS
1791110545330 PREV-BROWSER n=40 prev_n=39 pid=95672 alive=true
1791110545330 RENDER-START n=40
1791110545766 BROWSER-REUSED n=40 pid=95672
1791110545766 RENDER-OK n=40 id=40 browser_pid=Some(95672) slot=B path=%TEMP%\fc-repro-leak-20261004-184158\localappdata\tw.fintools.fc-host\wallpaper\m-7ebe8f017cddc2d6-b.png wh=2560x1600 body=raw open_ms=94.9 page_ms=321.8 to_png_ms=416.7 close_ms=2.3 write_ms=17.3 warnings=0
1791110545766 VERIFY n=40 dims=Some((2560, 1600)) expect=2560x1600 own_files=2 PASS
1791110545826 PREV-BROWSER n=41 prev_n=40 pid=95672 alive=true
1791110545826 RENDER-START n=41
1791110546281 BROWSER-REUSED n=41 pid=95672
1791110546281 RENDER-OK n=41 id=41 browser_pid=Some(95672) slot=A path=%TEMP%\fc-repro-leak-20261004-184158\localappdata\tw.fintools.fc-host\wallpaper\m-7ebe8f017cddc2d6-a.png wh=2560x1600 body=raw open_ms=107.9 page_ms=336.0 to_png_ms=443.9 close_ms=2.5 write_ms=8.3 warnings=0
1791110546281 VERIFY n=41 dims=Some((2560, 1600)) expect=2560x1600 own_files=2 PASS
1791110546341 PREV-BROWSER n=42 prev_n=41 pid=95672 alive=true
1791110546341 RENDER-START n=42
1791110546784 BROWSER-REUSED n=42 pid=95672
1791110546784 RENDER-OK n=42 id=42 browser_pid=Some(95672) slot=B path=%TEMP%\fc-repro-leak-20261004-184158\localappdata\tw.fintools.fc-host\wallpaper\m-7ebe8f017cddc2d6-b.png wh=2560x1600 body=raw open_ms=104.5 page_ms=321.4 to_png_ms=425.9 close_ms=2.3 write_ms=14.3 warnings=0
1791110546784 VERIFY n=42 dims=Some((2560, 1600)) expect=2560x1600 own_files=2 PASS
1791110546844 PREV-BROWSER n=43 prev_n=42 pid=95672 alive=true
1791110546844 RENDER-START n=43
1791110547276 BROWSER-REUSED n=43 pid=95672
1791110547276 RENDER-OK n=43 id=43 browser_pid=Some(95672) slot=A path=%TEMP%\fc-repro-leak-20261004-184158\localappdata\tw.fintools.fc-host\wallpaper\m-7ebe8f017cddc2d6-a.png wh=2560x1600 body=raw open_ms=98.0 page_ms=314.6 to_png_ms=412.6 close_ms=2.3 write_ms=16.2 warnings=0
1791110547276 VERIFY n=43 dims=Some((2560, 1600)) expect=2560x1600 own_files=2 PASS
1791110547336 PREV-BROWSER n=44 prev_n=43 pid=95672 alive=true
1791110547336 RENDER-START n=44
1791110547811 BROWSER-REUSED n=44 pid=95672
1791110547811 RENDER-OK n=44 id=44 browser_pid=Some(95672) slot=B path=%TEMP%\fc-repro-leak-20261004-184158\localappdata\tw.fintools.fc-host\wallpaper\m-7ebe8f017cddc2d6-b.png wh=2560x1600 body=raw open_ms=102.0 page_ms=352.1 to_png_ms=454.1 close_ms=2.7 write_ms=17.9 warnings=0
1791110547811 VERIFY n=44 dims=Some((2560, 1600)) expect=2560x1600 own_files=2 PASS
1791110547871 PREV-BROWSER n=45 prev_n=44 pid=95672 alive=true
1791110547871 RENDER-START n=45
1791110548335 BROWSER-REUSED n=45 pid=95672
1791110548335 RENDER-OK n=45 id=45 browser_pid=Some(95672) slot=A path=%TEMP%\fc-repro-leak-20261004-184158\localappdata\tw.fintools.fc-host\wallpaper\m-7ebe8f017cddc2d6-a.png wh=2560x1600 body=raw open_ms=105.3 page_ms=339.8 to_png_ms=445.2 close_ms=2.7 write_ms=15.7 warnings=0
1791110548335 VERIFY n=45 dims=Some((2560, 1600)) expect=2560x1600 own_files=2 PASS
1791110548396 PREV-BROWSER n=46 prev_n=45 pid=95672 alive=true
1791110548396 RENDER-START n=46
1791110548837 BROWSER-REUSED n=46 pid=95672
1791110548837 RENDER-OK n=46 id=46 browser_pid=Some(95672) slot=B path=%TEMP%\fc-repro-leak-20261004-184158\localappdata\tw.fintools.fc-host\wallpaper\m-7ebe8f017cddc2d6-b.png wh=2560x1600 body=raw open_ms=100.2 page_ms=321.9 to_png_ms=422.2 close_ms=2.3 write_ms=16.5 warnings=0
1791110548837 VERIFY n=46 dims=Some((2560, 1600)) expect=2560x1600 own_files=2 PASS
1791110548897 PREV-BROWSER n=47 prev_n=46 pid=95672 alive=true
1791110548897 RENDER-START n=47
1791110549332 BROWSER-REUSED n=47 pid=95672
1791110549332 RENDER-OK n=47 id=47 browser_pid=Some(95672) slot=A path=%TEMP%\fc-repro-leak-20261004-184158\localappdata\tw.fintools.fc-host\wallpaper\m-7ebe8f017cddc2d6-a.png wh=2560x1600 body=raw open_ms=103.1 page_ms=313.1 to_png_ms=416.2 close_ms=2.3 write_ms=16.8 warnings=0
1791110549333 VERIFY n=47 dims=Some((2560, 1600)) expect=2560x1600 own_files=2 PASS
1791110549393 PREV-BROWSER n=48 prev_n=47 pid=95672 alive=true
1791110549393 RENDER-START n=48
1791110550850 BROWSER-REUSED n=48 pid=95672
1791110550851 RENDER-OK n=48 id=48 browser_pid=Some(95672) slot=B path=%TEMP%\fc-repro-leak-20261004-184158\localappdata\tw.fintools.fc-host\wallpaper\m-7ebe8f017cddc2d6-b.png wh=2560x1600 body=raw open_ms=98.6 page_ms=1339.4 to_png_ms=1438.0 close_ms=2.9 write_ms=16.8 warnings=0
1791110550851 VERIFY n=48 dims=Some((2560, 1600)) expect=2560x1600 own_files=2 PASS
1791110550911 PREV-BROWSER n=49 prev_n=48 pid=95672 alive=true
1791110550911 RENDER-START n=49
1791110551354 BROWSER-REUSED n=49 pid=95672
1791110551354 RENDER-OK n=49 id=49 browser_pid=Some(95672) slot=A path=%TEMP%\fc-repro-leak-20261004-184158\localappdata\tw.fintools.fc-host\wallpaper\m-7ebe8f017cddc2d6-a.png wh=2560x1600 body=raw open_ms=105.7 page_ms=320.8 to_png_ms=426.5 close_ms=2.1 write_ms=14.3 warnings=0
1791110551354 VERIFY n=49 dims=Some((2560, 1600)) expect=2560x1600 own_files=2 PASS
1791110551414 PREV-BROWSER n=50 prev_n=49 pid=95672 alive=true
1791110551414 RENDER-START n=50
1791110551853 BROWSER-REUSED n=50 pid=95672
1791110551853 RENDER-OK n=50 id=50 browser_pid=Some(95672) slot=B path=%TEMP%\fc-repro-leak-20261004-184158\localappdata\tw.fintools.fc-host\wallpaper\m-7ebe8f017cddc2d6-b.png wh=2560x1600 body=raw open_ms=94.3 page_ms=325.4 to_png_ms=419.7 close_ms=2.3 write_ms=16.4 warnings=0
1791110551853 VERIFY n=50 dims=Some((2560, 1600)) expect=2560x1600 own_files=2 PASS
1791110551913 PREV-BROWSER n=51 prev_n=50 pid=95672 alive=true
1791110551913 RENDER-START n=51
1791110552355 BROWSER-REUSED n=51 pid=95672
1791110552355 RENDER-OK n=51 id=51 browser_pid=Some(95672) slot=A path=%TEMP%\fc-repro-leak-20261004-184158\localappdata\tw.fintools.fc-host\wallpaper\m-7ebe8f017cddc2d6-a.png wh=2560x1600 body=raw open_ms=99.0 page_ms=324.6 to_png_ms=423.6 close_ms=2.4 write_ms=15.3 warnings=0
1791110552355 VERIFY n=51 dims=Some((2560, 1600)) expect=2560x1600 own_files=2 PASS
1791110552415 PREV-BROWSER n=52 prev_n=51 pid=95672 alive=true
1791110552416 RENDER-START n=52
1791110552861 BROWSER-REUSED n=52 pid=95672
1791110552861 RENDER-OK n=52 id=52 browser_pid=Some(95672) slot=B path=%TEMP%\fc-repro-leak-20261004-184158\localappdata\tw.fintools.fc-host\wallpaper\m-7ebe8f017cddc2d6-b.png wh=2560x1600 body=raw open_ms=102.7 page_ms=323.3 to_png_ms=425.9 close_ms=3.7 write_ms=15.6 warnings=0
1791110552861 VERIFY n=52 dims=Some((2560, 1600)) expect=2560x1600 own_files=2 PASS
1791110552922 PREV-BROWSER n=53 prev_n=52 pid=95672 alive=true
1791110552922 RENDER-START n=53
1791110553356 BROWSER-REUSED n=53 pid=95672
1791110553356 RENDER-OK n=53 id=53 browser_pid=Some(95672) slot=A path=%TEMP%\fc-repro-leak-20261004-184158\localappdata\tw.fintools.fc-host\wallpaper\m-7ebe8f017cddc2d6-a.png wh=2560x1600 body=raw open_ms=94.8 page_ms=322.5 to_png_ms=417.2 close_ms=2.1 write_ms=15.0 warnings=0
1791110553356 VERIFY n=53 dims=Some((2560, 1600)) expect=2560x1600 own_files=2 PASS
1791110553417 PREV-BROWSER n=54 prev_n=53 pid=95672 alive=true
1791110553417 RENDER-START n=54
1791110553849 BROWSER-REUSED n=54 pid=95672
1791110553849 RENDER-OK n=54 id=54 browser_pid=Some(95672) slot=B path=%TEMP%\fc-repro-leak-20261004-184158\localappdata\tw.fintools.fc-host\wallpaper\m-7ebe8f017cddc2d6-b.png wh=2560x1600 body=raw open_ms=100.0 page_ms=312.7 to_png_ms=412.6 close_ms=2.4 write_ms=16.9 warnings=0
1791110553849 VERIFY n=54 dims=Some((2560, 1600)) expect=2560x1600 own_files=2 PASS
1791110553909 PREV-BROWSER n=55 prev_n=54 pid=95672 alive=true
1791110553909 RENDER-START n=55
1791110554356 BROWSER-REUSED n=55 pid=95672
1791110554356 RENDER-OK n=55 id=55 browser_pid=Some(95672) slot=A path=%TEMP%\fc-repro-leak-20261004-184158\localappdata\tw.fintools.fc-host\wallpaper\m-7ebe8f017cddc2d6-a.png wh=2560x1600 body=raw open_ms=109.0 page_ms=319.2 to_png_ms=428.2 close_ms=2.4 write_ms=15.7 warnings=0
1791110554356 VERIFY n=55 dims=Some((2560, 1600)) expect=2560x1600 own_files=2 PASS
1791110554416 PREV-BROWSER n=56 prev_n=55 pid=95672 alive=true
1791110554416 RENDER-START n=56
1791110554872 BROWSER-REUSED n=56 pid=95672
1791110554873 RENDER-OK n=56 id=56 browser_pid=Some(95672) slot=B path=%TEMP%\fc-repro-leak-20261004-184158\localappdata\tw.fintools.fc-host\wallpaper\m-7ebe8f017cddc2d6-b.png wh=2560x1600 body=raw open_ms=116.0 page_ms=328.5 to_png_ms=444.5 close_ms=2.4 write_ms=9.6 warnings=0
1791110554873 VERIFY n=56 dims=Some((2560, 1600)) expect=2560x1600 own_files=2 PASS
1791110554932 PREV-BROWSER n=57 prev_n=56 pid=95672 alive=true
1791110554933 RENDER-START n=57
1791110555434 BROWSER-REUSED n=57 pid=95672
1791110555434 RENDER-OK n=57 id=57 browser_pid=Some(95672) slot=A path=%TEMP%\fc-repro-leak-20261004-184158\localappdata\tw.fintools.fc-host\wallpaper\m-7ebe8f017cddc2d6-a.png wh=2560x1600 body=raw open_ms=166.2 page_ms=314.9 to_png_ms=481.2 close_ms=2.2 write_ms=17.4 warnings=0
1791110555434 VERIFY n=57 dims=Some((2560, 1600)) expect=2560x1600 own_files=2 PASS
1791110555494 PREV-BROWSER n=58 prev_n=57 pid=95672 alive=true
1791110555494 RENDER-START n=58
1791110555942 BROWSER-REUSED n=58 pid=95672
1791110555942 RENDER-OK n=58 id=58 browser_pid=Some(95672) slot=B path=%TEMP%\fc-repro-leak-20261004-184158\localappdata\tw.fintools.fc-host\wallpaper\m-7ebe8f017cddc2d6-b.png wh=2560x1600 body=raw open_ms=96.0 page_ms=332.2 to_png_ms=428.2 close_ms=2.4 write_ms=16.8 warnings=0
1791110555942 VERIFY n=58 dims=Some((2560, 1600)) expect=2560x1600 own_files=2 PASS
1791110556002 PREV-BROWSER n=59 prev_n=58 pid=95672 alive=true
1791110556002 RENDER-START n=59
1791110556450 BROWSER-REUSED n=59 pid=95672
1791110556450 RENDER-OK n=59 id=59 browser_pid=Some(95672) slot=A path=%TEMP%\fc-repro-leak-20261004-184158\localappdata\tw.fintools.fc-host\wallpaper\m-7ebe8f017cddc2d6-a.png wh=2560x1600 body=raw open_ms=104.1 page_ms=325.0 to_png_ms=429.2 close_ms=2.3 write_ms=16.4 warnings=0
1791110556450 VERIFY n=59 dims=Some((2560, 1600)) expect=2560x1600 own_files=2 PASS
1791110556510 PREV-BROWSER n=60 prev_n=59 pid=95672 alive=true
1791110556510 RENDER-START n=60
1791110556979 BROWSER-REUSED n=60 pid=95672
1791110556979 RENDER-OK n=60 id=60 browser_pid=Some(95672) slot=B path=%TEMP%\fc-repro-leak-20261004-184158\localappdata\tw.fintools.fc-host\wallpaper\m-7ebe8f017cddc2d6-b.png wh=2560x1600 body=raw open_ms=102.1 page_ms=347.9 to_png_ms=450.0 close_ms=2.3 write_ms=16.1 warnings=0
1791110556979 VERIFY n=60 dims=Some((2560, 1600)) expect=2560x1600 own_files=2 PASS
1791110557039 PREV-BROWSER n=61 prev_n=60 pid=95672 alive=true
1791110557039 RENDER-START n=61
1791110557481 BROWSER-REUSED n=61 pid=95672
1791110557481 RENDER-OK n=61 id=61 browser_pid=Some(95672) slot=A path=%TEMP%\fc-repro-leak-20261004-184158\localappdata\tw.fintools.fc-host\wallpaper\m-7ebe8f017cddc2d6-a.png wh=2560x1600 body=raw open_ms=95.9 page_ms=327.1 to_png_ms=423.0 close_ms=2.3 write_ms=17.1 warnings=0
1791110557482 VERIFY n=61 dims=Some((2560, 1600)) expect=2560x1600 own_files=2 PASS
1791110557542 PREV-BROWSER n=62 prev_n=61 pid=95672 alive=true
1791110557542 RENDER-START n=62
1791110557979 BROWSER-REUSED n=62 pid=95672
1791110557979 RENDER-OK n=62 id=62 browser_pid=Some(95672) slot=B path=%TEMP%\fc-repro-leak-20261004-184158\localappdata\tw.fintools.fc-host\wallpaper\m-7ebe8f017cddc2d6-b.png wh=2560x1600 body=raw open_ms=98.7 page_ms=319.9 to_png_ms=418.7 close_ms=2.4 write_ms=16.1 warnings=0
1791110557980 VERIFY n=62 dims=Some((2560, 1600)) expect=2560x1600 own_files=2 PASS
1791110558040 PREV-BROWSER n=63 prev_n=62 pid=95672 alive=true
1791110558040 RENDER-START n=63
1791110558496 BROWSER-REUSED n=63 pid=95672
1791110558496 RENDER-OK n=63 id=63 browser_pid=Some(95672) slot=A path=%TEMP%\fc-repro-leak-20261004-184158\localappdata\tw.fintools.fc-host\wallpaper\m-7ebe8f017cddc2d6-a.png wh=2560x1600 body=raw open_ms=107.5 page_ms=329.7 to_png_ms=437.2 close_ms=2.4 write_ms=16.3 warnings=0
1791110558496 VERIFY n=63 dims=Some((2560, 1600)) expect=2560x1600 own_files=2 PASS
1791110558556 PREV-BROWSER n=64 prev_n=63 pid=95672 alive=true
1791110558556 RENDER-START n=64
1791110558997 BROWSER-REUSED n=64 pid=95672
1791110558998 RENDER-OK n=64 id=64 browser_pid=Some(95672) slot=B path=%TEMP%\fc-repro-leak-20261004-184158\localappdata\tw.fintools.fc-host\wallpaper\m-7ebe8f017cddc2d6-b.png wh=2560x1600 body=raw open_ms=98.4 page_ms=323.0 to_png_ms=421.4 close_ms=2.3 write_ms=17.3 warnings=0
1791110558998 VERIFY n=64 dims=Some((2560, 1600)) expect=2560x1600 own_files=2 PASS
1791110559058 PREV-BROWSER n=65 prev_n=64 pid=95672 alive=true
1791110559058 RENDER-START n=65
1791110559497 BROWSER-REUSED n=65 pid=95672
1791110559497 RENDER-OK n=65 id=65 browser_pid=Some(95672) slot=A path=%TEMP%\fc-repro-leak-20261004-184158\localappdata\tw.fintools.fc-host\wallpaper\m-7ebe8f017cddc2d6-a.png wh=2560x1600 body=raw open_ms=103.6 page_ms=318.3 to_png_ms=421.9 close_ms=2.1 write_ms=14.6 warnings=0
1791110559497 VERIFY n=65 dims=Some((2560, 1600)) expect=2560x1600 own_files=2 PASS
1791110559557 PREV-BROWSER n=66 prev_n=65 pid=95672 alive=true
1791110559557 RENDER-START n=66
1791110559999 BROWSER-REUSED n=66 pid=95672
1791110559999 RENDER-OK n=66 id=66 browser_pid=Some(95672) slot=B path=%TEMP%\fc-repro-leak-20261004-184158\localappdata\tw.fintools.fc-host\wallpaper\m-7ebe8f017cddc2d6-b.png wh=2560x1600 body=raw open_ms=102.7 page_ms=327.8 to_png_ms=430.4 close_ms=2.3 write_ms=8.7 warnings=0
1791110559999 VERIFY n=66 dims=Some((2560, 1600)) expect=2560x1600 own_files=2 PASS
1791110560059 PREV-BROWSER n=67 prev_n=66 pid=95672 alive=true
1791110560059 RENDER-START n=67
1791110560509 BROWSER-REUSED n=67 pid=95672
1791110560510 RENDER-OK n=67 id=67 browser_pid=Some(95672) slot=A path=%TEMP%\fc-repro-leak-20261004-184158\localappdata\tw.fintools.fc-host\wallpaper\m-7ebe8f017cddc2d6-a.png wh=2560x1600 body=raw open_ms=93.7 page_ms=337.9 to_png_ms=431.6 close_ms=2.4 write_ms=16.5 warnings=0
1791110560510 VERIFY n=67 dims=Some((2560, 1600)) expect=2560x1600 own_files=2 PASS
1791110560570 PREV-BROWSER n=68 prev_n=67 pid=95672 alive=true
1791110560570 RENDER-START n=68
1791110561033 BROWSER-REUSED n=68 pid=95672
1791110561033 RENDER-OK n=68 id=68 browser_pid=Some(95672) slot=B path=%TEMP%\fc-repro-leak-20261004-184158\localappdata\tw.fintools.fc-host\wallpaper\m-7ebe8f017cddc2d6-b.png wh=2560x1600 body=raw open_ms=101.5 page_ms=342.3 to_png_ms=443.8 close_ms=2.3 write_ms=17.2 warnings=0
1791110561033 VERIFY n=68 dims=Some((2560, 1600)) expect=2560x1600 own_files=2 PASS
1791110561094 PREV-BROWSER n=69 prev_n=68 pid=95672 alive=true
1791110561094 RENDER-START n=69
1791110561560 BROWSER-REUSED n=69 pid=95672
1791110561560 RENDER-OK n=69 id=69 browser_pid=Some(95672) slot=A path=%TEMP%\fc-repro-leak-20261004-184158\localappdata\tw.fintools.fc-host\wallpaper\m-7ebe8f017cddc2d6-a.png wh=2560x1600 body=raw open_ms=106.7 page_ms=341.2 to_png_ms=447.9 close_ms=2.5 write_ms=16.0 warnings=0
1791110561560 VERIFY n=69 dims=Some((2560, 1600)) expect=2560x1600 own_files=2 PASS
1791110561621 PREV-BROWSER n=70 prev_n=69 pid=95672 alive=true
1791110561621 RENDER-START n=70
1791110562092 BROWSER-REUSED n=70 pid=95672
1791110562092 RENDER-OK n=70 id=70 browser_pid=Some(95672) slot=B path=%TEMP%\fc-repro-leak-20261004-184158\localappdata\tw.fintools.fc-host\wallpaper\m-7ebe8f017cddc2d6-b.png wh=2560x1600 body=raw open_ms=108.1 page_ms=344.1 to_png_ms=452.2 close_ms=2.5 write_ms=16.0 warnings=0
1791110562092 VERIFY n=70 dims=Some((2560, 1600)) expect=2560x1600 own_files=2 PASS
1791110562152 PREV-BROWSER n=71 prev_n=70 pid=95672 alive=true
1791110562152 RENDER-START n=71
1791110562604 BROWSER-REUSED n=71 pid=95672
1791110562604 RENDER-OK n=71 id=71 browser_pid=Some(95672) slot=A path=%TEMP%\fc-repro-leak-20261004-184158\localappdata\tw.fintools.fc-host\wallpaper\m-7ebe8f017cddc2d6-a.png wh=2560x1600 body=raw open_ms=98.7 page_ms=335.2 to_png_ms=433.9 close_ms=2.4 write_ms=15.4 warnings=0
1791110562604 VERIFY n=71 dims=Some((2560, 1600)) expect=2560x1600 own_files=2 PASS
1791110562664 PREV-BROWSER n=72 prev_n=71 pid=95672 alive=true
1791110562664 RENDER-START n=72
1791110563106 BROWSER-REUSED n=72 pid=95672
1791110563106 RENDER-OK n=72 id=72 browser_pid=Some(95672) slot=B path=%TEMP%\fc-repro-leak-20261004-184158\localappdata\tw.fintools.fc-host\wallpaper\m-7ebe8f017cddc2d6-b.png wh=2560x1600 body=raw open_ms=103.1 page_ms=318.4 to_png_ms=421.5 close_ms=2.6 write_ms=17.0 warnings=0
1791110563106 VERIFY n=72 dims=Some((2560, 1600)) expect=2560x1600 own_files=2 PASS
1791110563166 PREV-BROWSER n=73 prev_n=72 pid=95672 alive=true
1791110563166 RENDER-START n=73
1791110563633 BROWSER-REUSED n=73 pid=95672
1791110563633 RENDER-OK n=73 id=73 browser_pid=Some(95672) slot=A path=%TEMP%\fc-repro-leak-20261004-184158\localappdata\tw.fintools.fc-host\wallpaper\m-7ebe8f017cddc2d6-a.png wh=2560x1600 body=raw open_ms=111.8 page_ms=337.1 to_png_ms=448.9 close_ms=2.2 write_ms=16.0 warnings=0
1791110563633 VERIFY n=73 dims=Some((2560, 1600)) expect=2560x1600 own_files=2 PASS
1791110563693 PREV-BROWSER n=74 prev_n=73 pid=95672 alive=true
1791110563693 RENDER-START n=74
1791110564146 BROWSER-REUSED n=74 pid=95672
1791110564146 RENDER-OK n=74 id=74 browser_pid=Some(95672) slot=B path=%TEMP%\fc-repro-leak-20261004-184158\localappdata\tw.fintools.fc-host\wallpaper\m-7ebe8f017cddc2d6-b.png wh=2560x1600 body=raw open_ms=102.9 page_ms=334.0 to_png_ms=437.0 close_ms=2.2 write_ms=13.4 warnings=0
1791110564146 VERIFY n=74 dims=Some((2560, 1600)) expect=2560x1600 own_files=2 PASS
1791110564207 PREV-BROWSER n=75 prev_n=74 pid=95672 alive=true
1791110564207 RENDER-START n=75
1791110564637 BROWSER-REUSED n=75 pid=95672
1791110564637 RENDER-OK n=75 id=75 browser_pid=Some(95672) slot=A path=%TEMP%\fc-repro-leak-20261004-184158\localappdata\tw.fintools.fc-host\wallpaper\m-7ebe8f017cddc2d6-a.png wh=2560x1600 body=raw open_ms=98.3 page_ms=321.1 to_png_ms=419.3 close_ms=2.1 write_ms=8.3 warnings=0
1791110564637 VERIFY n=75 dims=Some((2560, 1600)) expect=2560x1600 own_files=2 PASS
1791110564697 PREV-BROWSER n=76 prev_n=75 pid=95672 alive=true
1791110564697 RENDER-START n=76
1791110565127 BROWSER-REUSED n=76 pid=95672
1791110565127 RENDER-OK n=76 id=76 browser_pid=Some(95672) slot=B path=%TEMP%\fc-repro-leak-20261004-184158\localappdata\tw.fintools.fc-host\wallpaper\m-7ebe8f017cddc2d6-b.png wh=2560x1600 body=raw open_ms=93.9 page_ms=324.3 to_png_ms=418.1 close_ms=2.7 write_ms=9.2 warnings=0
1791110565127 VERIFY n=76 dims=Some((2560, 1600)) expect=2560x1600 own_files=2 PASS
1791110565187 PREV-BROWSER n=77 prev_n=76 pid=95672 alive=true
1791110565188 RENDER-START n=77
1791110565642 BROWSER-REUSED n=77 pid=95672
1791110565642 RENDER-OK n=77 id=77 browser_pid=Some(95672) slot=A path=%TEMP%\fc-repro-leak-20261004-184158\localappdata\tw.fintools.fc-host\wallpaper\m-7ebe8f017cddc2d6-a.png wh=2560x1600 body=raw open_ms=102.8 page_ms=333.0 to_png_ms=435.8 close_ms=2.2 write_ms=16.4 warnings=0
1791110565642 VERIFY n=77 dims=Some((2560, 1600)) expect=2560x1600 own_files=2 PASS
1791110565702 PREV-BROWSER n=78 prev_n=77 pid=95672 alive=true
1791110565702 RENDER-START n=78
1791110567148 BROWSER-REUSED n=78 pid=95672
1791110567148 RENDER-OK n=78 id=78 browser_pid=Some(95672) slot=B path=%TEMP%\fc-repro-leak-20261004-184158\localappdata\tw.fintools.fc-host\wallpaper\m-7ebe8f017cddc2d6-b.png wh=2560x1600 body=raw open_ms=110.7 page_ms=1316.3 to_png_ms=1427.0 close_ms=2.2 write_ms=16.1 warnings=0
1791110567148 VERIFY n=78 dims=Some((2560, 1600)) expect=2560x1600 own_files=2 PASS
1791110567208 PREV-BROWSER n=79 prev_n=78 pid=95672 alive=true
1791110567208 RENDER-START n=79
1791110567654 BROWSER-REUSED n=79 pid=95672
1791110567654 RENDER-OK n=79 id=79 browser_pid=Some(95672) slot=A path=%TEMP%\fc-repro-leak-20261004-184158\localappdata\tw.fintools.fc-host\wallpaper\m-7ebe8f017cddc2d6-a.png wh=2560x1600 body=raw open_ms=101.5 page_ms=326.1 to_png_ms=427.6 close_ms=2.1 write_ms=15.3 warnings=0
1791110567654 VERIFY n=79 dims=Some((2560, 1600)) expect=2560x1600 own_files=2 PASS
1791110567714 PREV-BROWSER n=80 prev_n=79 pid=95672 alive=true
1791110567714 RENDER-START n=80
1791110568149 BROWSER-REUSED n=80 pid=95672
1791110568149 RENDER-OK n=80 id=80 browser_pid=Some(95672) slot=B path=%TEMP%\fc-repro-leak-20261004-184158\localappdata\tw.fintools.fc-host\wallpaper\m-7ebe8f017cddc2d6-b.png wh=2560x1600 body=raw open_ms=93.1 page_ms=322.4 to_png_ms=415.5 close_ms=2.4 write_ms=16.6 warnings=0
1791110568149 VERIFY n=80 dims=Some((2560, 1600)) expect=2560x1600 own_files=2 PASS
1791110568209 PREV-BROWSER n=81 prev_n=80 pid=95672 alive=true
1791110568209 RENDER-START n=81
1791110568645 BROWSER-REUSED n=81 pid=95672
1791110568645 RENDER-OK n=81 id=81 browser_pid=Some(95672) slot=A path=%TEMP%\fc-repro-leak-20261004-184158\localappdata\tw.fintools.fc-host\wallpaper\m-7ebe8f017cddc2d6-a.png wh=2560x1600 body=raw open_ms=94.4 page_ms=323.2 to_png_ms=417.6 close_ms=2.2 write_ms=15.5 warnings=0
1791110568645 VERIFY n=81 dims=Some((2560, 1600)) expect=2560x1600 own_files=2 PASS
1791110568705 PREV-BROWSER n=82 prev_n=81 pid=95672 alive=true
1791110568705 RENDER-START n=82
1791110569136 BROWSER-REUSED n=82 pid=95672
1791110569136 RENDER-OK n=82 id=82 browser_pid=Some(95672) slot=B path=%TEMP%\fc-repro-leak-20261004-184158\localappdata\tw.fintools.fc-host\wallpaper\m-7ebe8f017cddc2d6-b.png wh=2560x1600 body=raw open_ms=91.4 page_ms=319.3 to_png_ms=410.7 close_ms=2.7 write_ms=17.3 warnings=0
1791110569136 VERIFY n=82 dims=Some((2560, 1600)) expect=2560x1600 own_files=2 PASS
1791110569196 PREV-BROWSER n=83 prev_n=82 pid=95672 alive=true
1791110569196 RENDER-START n=83
1791110569637 BROWSER-REUSED n=83 pid=95672
1791110569637 RENDER-OK n=83 id=83 browser_pid=Some(95672) slot=A path=%TEMP%\fc-repro-leak-20261004-184158\localappdata\tw.fintools.fc-host\wallpaper\m-7ebe8f017cddc2d6-a.png wh=2560x1600 body=raw open_ms=96.9 page_ms=324.1 to_png_ms=421.0 close_ms=2.2 write_ms=17.7 warnings=0
1791110569638 VERIFY n=83 dims=Some((2560, 1600)) expect=2560x1600 own_files=2 PASS
1791110569698 PREV-BROWSER n=84 prev_n=83 pid=95672 alive=true
1791110569698 RENDER-START n=84
1791110570138 BROWSER-REUSED n=84 pid=95672
1791110570138 RENDER-OK n=84 id=84 browser_pid=Some(95672) slot=B path=%TEMP%\fc-repro-leak-20261004-184158\localappdata\tw.fintools.fc-host\wallpaper\m-7ebe8f017cddc2d6-b.png wh=2560x1600 body=raw open_ms=106.9 page_ms=314.7 to_png_ms=421.7 close_ms=2.2 write_ms=15.9 warnings=0
1791110570138 VERIFY n=84 dims=Some((2560, 1600)) expect=2560x1600 own_files=2 PASS
1791110570198 PREV-BROWSER n=85 prev_n=84 pid=95672 alive=true
1791110570198 RENDER-START n=85
1791110570687 BROWSER-REUSED n=85 pid=95672
1791110570687 RENDER-OK n=85 id=85 browser_pid=Some(95672) slot=A path=%TEMP%\fc-repro-leak-20261004-184158\localappdata\tw.fintools.fc-host\wallpaper\m-7ebe8f017cddc2d6-a.png wh=2560x1600 body=raw open_ms=159.2 page_ms=318.8 to_png_ms=477.9 close_ms=2.2 write_ms=8.2 warnings=0
1791110570687 VERIFY n=85 dims=Some((2560, 1600)) expect=2560x1600 own_files=2 PASS
1791110570747 PREV-BROWSER n=86 prev_n=85 pid=95672 alive=true
1791110570747 RENDER-START n=86
1791110571181 BROWSER-REUSED n=86 pid=95672
1791110571181 RENDER-OK n=86 id=86 browser_pid=Some(95672) slot=B path=%TEMP%\fc-repro-leak-20261004-184158\localappdata\tw.fintools.fc-host\wallpaper\m-7ebe8f017cddc2d6-b.png wh=2560x1600 body=raw open_ms=95.3 page_ms=319.9 to_png_ms=415.2 close_ms=2.4 write_ms=16.3 warnings=0
1791110571181 VERIFY n=86 dims=Some((2560, 1600)) expect=2560x1600 own_files=2 PASS
1791110571242 PREV-BROWSER n=87 prev_n=86 pid=95672 alive=true
1791110571242 RENDER-START n=87
1791110571689 BROWSER-REUSED n=87 pid=95672
1791110571689 RENDER-OK n=87 id=87 browser_pid=Some(95672) slot=A path=%TEMP%\fc-repro-leak-20261004-184158\localappdata\tw.fintools.fc-host\wallpaper\m-7ebe8f017cddc2d6-a.png wh=2560x1600 body=raw open_ms=103.0 page_ms=326.0 to_png_ms=429.0 close_ms=2.2 write_ms=15.9 warnings=0
1791110571689 VERIFY n=87 dims=Some((2560, 1600)) expect=2560x1600 own_files=2 PASS
1791110571749 PREV-BROWSER n=88 prev_n=87 pid=95672 alive=true
1791110571750 RENDER-START n=88
1791110572195 BROWSER-REUSED n=88 pid=95672
1791110572195 RENDER-OK n=88 id=88 browser_pid=Some(95672) slot=B path=%TEMP%\fc-repro-leak-20261004-184158\localappdata\tw.fintools.fc-host\wallpaper\m-7ebe8f017cddc2d6-b.png wh=2560x1600 body=raw open_ms=99.2 page_ms=334.4 to_png_ms=433.5 close_ms=2.5 write_ms=8.9 warnings=0
1791110572195 VERIFY n=88 dims=Some((2560, 1600)) expect=2560x1600 own_files=2 PASS
1791110572255 PREV-BROWSER n=89 prev_n=88 pid=95672 alive=true
1791110572255 RENDER-START n=89
1791110572700 BROWSER-REUSED n=89 pid=95672
1791110572700 RENDER-OK n=89 id=89 browser_pid=Some(95672) slot=A path=%TEMP%\fc-repro-leak-20261004-184158\localappdata\tw.fintools.fc-host\wallpaper\m-7ebe8f017cddc2d6-a.png wh=2560x1600 body=raw open_ms=102.1 page_ms=323.7 to_png_ms=425.8 close_ms=2.1 write_ms=16.5 warnings=0
1791110572700 VERIFY n=89 dims=Some((2560, 1600)) expect=2560x1600 own_files=2 PASS
1791110572760 PREV-BROWSER n=90 prev_n=89 pid=95672 alive=true
1791110572760 RENDER-START n=90
1791110573213 BROWSER-REUSED n=90 pid=95672
1791110573213 RENDER-OK n=90 id=90 browser_pid=Some(95672) slot=B path=%TEMP%\fc-repro-leak-20261004-184158\localappdata\tw.fintools.fc-host\wallpaper\m-7ebe8f017cddc2d6-b.png wh=2560x1600 body=raw open_ms=106.0 page_ms=327.7 to_png_ms=433.7 close_ms=2.3 write_ms=17.0 warnings=0
1791110573214 VERIFY n=90 dims=Some((2560, 1600)) expect=2560x1600 own_files=2 PASS
1791110573274 PREV-BROWSER n=91 prev_n=90 pid=95672 alive=true
1791110573274 RENDER-START n=91
1791110573715 BROWSER-REUSED n=91 pid=95672
1791110573715 RENDER-OK n=91 id=91 browser_pid=Some(95672) slot=A path=%TEMP%\fc-repro-leak-20261004-184158\localappdata\tw.fintools.fc-host\wallpaper\m-7ebe8f017cddc2d6-a.png wh=2560x1600 body=raw open_ms=95.7 page_ms=326.8 to_png_ms=422.6 close_ms=2.3 write_ms=16.4 warnings=0
1791110573715 VERIFY n=91 dims=Some((2560, 1600)) expect=2560x1600 own_files=2 PASS
1791110573776 PREV-BROWSER n=92 prev_n=91 pid=95672 alive=true
1791110573776 RENDER-START n=92
1791110574240 BROWSER-REUSED n=92 pid=95672
1791110574240 RENDER-OK n=92 id=92 browser_pid=Some(95672) slot=B path=%TEMP%\fc-repro-leak-20261004-184158\localappdata\tw.fintools.fc-host\wallpaper\m-7ebe8f017cddc2d6-b.png wh=2560x1600 body=raw open_ms=107.2 page_ms=337.5 to_png_ms=444.6 close_ms=2.5 write_ms=16.6 warnings=0
1791110574240 VERIFY n=92 dims=Some((2560, 1600)) expect=2560x1600 own_files=2 PASS
1791110574300 PREV-BROWSER n=93 prev_n=92 pid=95672 alive=true
1791110574300 RENDER-START n=93
1791110574734 BROWSER-REUSED n=93 pid=95672
1791110574734 RENDER-OK n=93 id=93 browser_pid=Some(95672) slot=A path=%TEMP%\fc-repro-leak-20261004-184158\localappdata\tw.fintools.fc-host\wallpaper\m-7ebe8f017cddc2d6-a.png wh=2560x1600 body=raw open_ms=105.3 page_ms=318.5 to_png_ms=423.9 close_ms=2.2 write_ms=7.8 warnings=0
1791110574734 VERIFY n=93 dims=Some((2560, 1600)) expect=2560x1600 own_files=2 PASS
1791110574794 PREV-BROWSER n=94 prev_n=93 pid=95672 alive=true
1791110574795 RENDER-START n=94
1791110575236 BROWSER-REUSED n=94 pid=95672
1791110575236 RENDER-OK n=94 id=94 browser_pid=Some(95672) slot=B path=%TEMP%\fc-repro-leak-20261004-184158\localappdata\tw.fintools.fc-host\wallpaper\m-7ebe8f017cddc2d6-b.png wh=2560x1600 body=raw open_ms=96.3 page_ms=325.4 to_png_ms=421.7 close_ms=2.4 write_ms=16.9 warnings=0
1791110575236 VERIFY n=94 dims=Some((2560, 1600)) expect=2560x1600 own_files=2 PASS
1791110575296 PREV-BROWSER n=95 prev_n=94 pid=95672 alive=true
1791110575296 RENDER-START n=95
1791110575737 BROWSER-REUSED n=95 pid=95672
1791110575738 RENDER-OK n=95 id=95 browser_pid=Some(95672) slot=A path=%TEMP%\fc-repro-leak-20261004-184158\localappdata\tw.fintools.fc-host\wallpaper\m-7ebe8f017cddc2d6-a.png wh=2560x1600 body=raw open_ms=99.0 page_ms=322.4 to_png_ms=421.4 close_ms=2.4 write_ms=17.6 warnings=0
1791110575738 VERIFY n=95 dims=Some((2560, 1600)) expect=2560x1600 own_files=2 PASS
1791110575798 PREV-BROWSER n=96 prev_n=95 pid=95672 alive=true
1791110575798 RENDER-START n=96
1791110576298 BROWSER-REUSED n=96 pid=95672
1791110576298 RENDER-OK n=96 id=96 browser_pid=Some(95672) slot=B path=%TEMP%\fc-repro-leak-20261004-184158\localappdata\tw.fintools.fc-host\wallpaper\m-7ebe8f017cddc2d6-b.png wh=2560x1600 body=raw open_ms=156.5 page_ms=331.3 to_png_ms=487.7 close_ms=2.3 write_ms=9.6 warnings=0
1791110576298 VERIFY n=96 dims=Some((2560, 1600)) expect=2560x1600 own_files=2 PASS
1791110576358 PREV-BROWSER n=97 prev_n=96 pid=95672 alive=true
1791110576358 RENDER-START n=97
1791110576788 BROWSER-REUSED n=97 pid=95672
1791110576788 RENDER-OK n=97 id=97 browser_pid=Some(95672) slot=A path=%TEMP%\fc-repro-leak-20261004-184158\localappdata\tw.fintools.fc-host\wallpaper\m-7ebe8f017cddc2d6-a.png wh=2560x1600 body=raw open_ms=97.8 page_ms=319.4 to_png_ms=417.3 close_ms=2.6 write_ms=9.5 warnings=0
1791110576788 VERIFY n=97 dims=Some((2560, 1600)) expect=2560x1600 own_files=2 PASS
1791110576848 PREV-BROWSER n=98 prev_n=97 pid=95672 alive=true
1791110576848 RENDER-START n=98
1791110577288 BROWSER-REUSED n=98 pid=95672
1791110577288 RENDER-OK n=98 id=98 browser_pid=Some(95672) slot=B path=%TEMP%\fc-repro-leak-20261004-184158\localappdata\tw.fintools.fc-host\wallpaper\m-7ebe8f017cddc2d6-b.png wh=2560x1600 body=raw open_ms=92.1 page_ms=328.9 to_png_ms=421.0 close_ms=2.4 write_ms=16.0 warnings=0
1791110577288 VERIFY n=98 dims=Some((2560, 1600)) expect=2560x1600 own_files=2 PASS
1791110577348 PREV-BROWSER n=99 prev_n=98 pid=95672 alive=true
1791110577348 RENDER-START n=99
1791110577796 BROWSER-REUSED n=99 pid=95672
1791110577796 RENDER-OK n=99 id=99 browser_pid=Some(95672) slot=A path=%TEMP%\fc-repro-leak-20261004-184158\localappdata\tw.fintools.fc-host\wallpaper\m-7ebe8f017cddc2d6-a.png wh=2560x1600 body=raw open_ms=93.0 page_ms=335.7 to_png_ms=428.7 close_ms=2.1 write_ms=17.0 warnings=0
1791110577796 VERIFY n=99 dims=Some((2560, 1600)) expect=2560x1600 own_files=2 PASS
1791110577856 PREV-BROWSER n=100 prev_n=99 pid=95672 alive=true
1791110577856 RENDER-START n=100
1791110578313 BROWSER-REUSED n=100 pid=95672
1791110578313 RENDER-OK n=100 id=100 browser_pid=Some(95672) slot=B path=%TEMP%\fc-repro-leak-20261004-184158\localappdata\tw.fintools.fc-host\wallpaper\m-7ebe8f017cddc2d6-b.png wh=2560x1600 body=raw open_ms=108.2 page_ms=330.5 to_png_ms=438.7 close_ms=2.4 write_ms=15.7 warnings=0
1791110578314 VERIFY n=100 dims=Some((2560, 1600)) expect=2560x1600 own_files=2 PASS
1791110578374 PREV-BROWSER n=101 prev_n=100 pid=95672 alive=true
1791110578374 RENDER-START n=101
1791110578813 BROWSER-REUSED n=101 pid=95672
1791110578814 RENDER-OK n=101 id=101 browser_pid=Some(95672) slot=A path=%TEMP%\fc-repro-leak-20261004-184158\localappdata\tw.fintools.fc-host\wallpaper\m-7ebe8f017cddc2d6-a.png wh=2560x1600 body=raw open_ms=104.5 page_ms=321.9 to_png_ms=426.3 close_ms=2.5 write_ms=10.7 warnings=0
1791110578814 VERIFY n=101 dims=Some((2560, 1600)) expect=2560x1600 own_files=2 PASS
1791110578874 PREV-BROWSER n=102 prev_n=101 pid=95672 alive=true
1791110578874 RENDER-START n=102
1791110579332 BROWSER-REUSED n=102 pid=95672
1791110579332 RENDER-OK n=102 id=102 browser_pid=Some(95672) slot=B path=%TEMP%\fc-repro-leak-20261004-184158\localappdata\tw.fintools.fc-host\wallpaper\m-7ebe8f017cddc2d6-b.png wh=2560x1600 body=raw open_ms=95.4 page_ms=343.7 to_png_ms=439.0 close_ms=2.4 write_ms=16.5 warnings=0
1791110579332 VERIFY n=102 dims=Some((2560, 1600)) expect=2560x1600 own_files=2 PASS
1791110579392 PREV-BROWSER n=103 prev_n=102 pid=95672 alive=true
1791110579393 RENDER-START n=103
1791110579836 BROWSER-REUSED n=103 pid=95672
1791110579836 RENDER-OK n=103 id=103 browser_pid=Some(95672) slot=A path=%TEMP%\fc-repro-leak-20261004-184158\localappdata\tw.fintools.fc-host\wallpaper\m-7ebe8f017cddc2d6-a.png wh=2560x1600 body=raw open_ms=100.2 page_ms=324.4 to_png_ms=424.5 close_ms=2.3 write_ms=15.9 warnings=0
1791110579836 VERIFY n=103 dims=Some((2560, 1600)) expect=2560x1600 own_files=2 PASS
1791110579896 PREV-BROWSER n=104 prev_n=103 pid=95672 alive=true
1791110579896 RENDER-START n=104
1791110580348 BROWSER-REUSED n=104 pid=95672
1791110580348 RENDER-OK n=104 id=104 browser_pid=Some(95672) slot=B path=%TEMP%\fc-repro-leak-20261004-184158\localappdata\tw.fintools.fc-host\wallpaper\m-7ebe8f017cddc2d6-b.png wh=2560x1600 body=raw open_ms=105.3 page_ms=334.8 to_png_ms=440.1 close_ms=2.6 write_ms=9.1 warnings=0
1791110580349 VERIFY n=104 dims=Some((2560, 1600)) expect=2560x1600 own_files=2 PASS
1791110580409 PREV-BROWSER n=105 prev_n=104 pid=95672 alive=true
1791110580409 RENDER-START n=105
1791110580862 BROWSER-REUSED n=105 pid=95672
1791110580862 RENDER-OK n=105 id=105 browser_pid=Some(95672) slot=A path=%TEMP%\fc-repro-leak-20261004-184158\localappdata\tw.fintools.fc-host\wallpaper\m-7ebe8f017cddc2d6-a.png wh=2560x1600 body=raw open_ms=114.9 page_ms=327.4 to_png_ms=442.3 close_ms=2.1 write_ms=8.5 warnings=0
1791110580862 VERIFY n=105 dims=Some((2560, 1600)) expect=2560x1600 own_files=2 PASS
1791110580922 PREV-BROWSER n=106 prev_n=105 pid=95672 alive=true
1791110580922 RENDER-START n=106
1791110581420 BROWSER-REUSED n=106 pid=95672
1791110581420 RENDER-OK n=106 id=106 browser_pid=Some(95672) slot=B path=%TEMP%\fc-repro-leak-20261004-184158\localappdata\tw.fintools.fc-host\wallpaper\m-7ebe8f017cddc2d6-b.png wh=2560x1600 body=raw open_ms=157.0 page_ms=322.7 to_png_ms=479.6 close_ms=2.2 write_ms=16.0 warnings=0
1791110581420 VERIFY n=106 dims=Some((2560, 1600)) expect=2560x1600 own_files=2 PASS
1791110581480 PREV-BROWSER n=107 prev_n=106 pid=95672 alive=true
1791110581480 RENDER-START n=107
1791110581911 BROWSER-REUSED n=107 pid=95672
1791110581911 RENDER-OK n=107 id=107 browser_pid=Some(95672) slot=A path=%TEMP%\fc-repro-leak-20261004-184158\localappdata\tw.fintools.fc-host\wallpaper\m-7ebe8f017cddc2d6-a.png wh=2560x1600 body=raw open_ms=94.3 page_ms=317.4 to_png_ms=411.7 close_ms=1.9 write_ms=16.5 warnings=0
1791110581911 VERIFY n=107 dims=Some((2560, 1600)) expect=2560x1600 own_files=2 PASS
1791110581971 PREV-BROWSER n=108 prev_n=107 pid=95672 alive=true
1791110581971 RENDER-START n=108
1791110582416 BROWSER-REUSED n=108 pid=95672
1791110582416 RENDER-OK n=108 id=108 browser_pid=Some(95672) slot=B path=%TEMP%\fc-repro-leak-20261004-184158\localappdata\tw.fintools.fc-host\wallpaper\m-7ebe8f017cddc2d6-b.png wh=2560x1600 body=raw open_ms=98.7 page_ms=326.9 to_png_ms=425.6 close_ms=2.2 write_ms=16.7 warnings=0
1791110582416 VERIFY n=108 dims=Some((2560, 1600)) expect=2560x1600 own_files=2 PASS
1791110582476 PREV-BROWSER n=109 prev_n=108 pid=95672 alive=true
1791110582476 RENDER-START n=109
1791110582914 BROWSER-REUSED n=109 pid=95672
1791110582914 RENDER-OK n=109 id=109 browser_pid=Some(95672) slot=A path=%TEMP%\fc-repro-leak-20261004-184158\localappdata\tw.fintools.fc-host\wallpaper\m-7ebe8f017cddc2d6-a.png wh=2560x1600 body=raw open_ms=104.3 page_ms=321.7 to_png_ms=426.0 close_ms=2.4 write_ms=9.4 warnings=0
1791110582914 VERIFY n=109 dims=Some((2560, 1600)) expect=2560x1600 own_files=2 PASS
1791110582974 PREV-BROWSER n=110 prev_n=109 pid=95672 alive=true
1791110582974 RENDER-START n=110
1791110584426 BROWSER-REUSED n=110 pid=95672
1791110584426 RENDER-OK n=110 id=110 browser_pid=Some(95672) slot=B path=%TEMP%\fc-repro-leak-20261004-184158\localappdata\tw.fintools.fc-host\wallpaper\m-7ebe8f017cddc2d6-b.png wh=2560x1600 body=raw open_ms=114.1 page_ms=1322.3 to_png_ms=1436.4 close_ms=3.8 write_ms=11.2 warnings=0
1791110584426 VERIFY n=110 dims=Some((2560, 1600)) expect=2560x1600 own_files=2 PASS
1791110584486 PREV-BROWSER n=111 prev_n=110 pid=95672 alive=true
1791110584486 RENDER-START n=111
1791110584961 BROWSER-REUSED n=111 pid=95672
1791110584961 RENDER-OK n=111 id=111 browser_pid=Some(95672) slot=A path=%TEMP%\fc-repro-leak-20261004-184158\localappdata\tw.fintools.fc-host\wallpaper\m-7ebe8f017cddc2d6-a.png wh=2560x1600 body=raw open_ms=131.2 page_ms=333.7 to_png_ms=464.8 close_ms=2.5 write_ms=7.6 warnings=0
1791110584961 VERIFY n=111 dims=Some((2560, 1600)) expect=2560x1600 own_files=2 PASS
1791110584986 BROWSER-NOT-EXITED n=1 pid=95672 after_return_ms=60008.3
1791110585021 PREV-BROWSER n=112 prev_n=111 pid=95672 alive=true
1791110585021 RENDER-START n=112
1791110585466 BROWSER-REUSED n=112 pid=95672
1791110585466 RENDER-OK n=112 id=112 browser_pid=Some(95672) slot=B path=%TEMP%\fc-repro-leak-20261004-184158\localappdata\tw.fintools.fc-host\wallpaper\m-7ebe8f017cddc2d6-b.png wh=2560x1600 body=raw open_ms=103.9 page_ms=329.8 to_png_ms=433.7 close_ms=2.4 write_ms=8.5 warnings=0
1791110585466 VERIFY n=112 dims=Some((2560, 1600)) expect=2560x1600 own_files=2 PASS
1791110585486 BROWSER-NOT-EXITED n=2 pid=95672 after_return_ms=60015.6
1791110585527 PREV-BROWSER n=113 prev_n=112 pid=95672 alive=true
1791110585527 RENDER-START n=113
1791110585974 BROWSER-NOT-EXITED n=3 pid=95672 after_return_ms=60003.0
1791110585986 BROWSER-REUSED n=113 pid=95672
1791110585986 RENDER-OK n=113 id=113 browser_pid=Some(95672) slot=A path=%TEMP%\fc-repro-leak-20261004-184158\localappdata\tw.fintools.fc-host\wallpaper\m-7ebe8f017cddc2d6-a.png wh=2560x1600 body=raw open_ms=110.1 page_ms=337.7 to_png_ms=447.9 close_ms=2.5 write_ms=9.1 warnings=0
1791110585986 VERIFY n=113 dims=Some((2560, 1600)) expect=2560x1600 own_files=2 PASS
1791110586047 PREV-BROWSER n=114 prev_n=113 pid=95672 alive=true
1791110586047 RENDER-START n=114
1791110586487 BROWSER-NOT-EXITED n=4 pid=95672 after_return_ms=60010.9
1791110586974 BROWSER-NOT-EXITED n=5 pid=95672 after_return_ms=60003.3
1791110587509 BROWSER-REUSED n=114 pid=95672
1791110587509 RENDER-OK n=114 id=114 browser_pid=Some(95672) slot=B path=%TEMP%\fc-repro-leak-20261004-184158\localappdata\tw.fintools.fc-host\wallpaper\m-7ebe8f017cddc2d6-b.png wh=2560x1600 body=raw open_ms=106.9 page_ms=1336.8 to_png_ms=1443.6 close_ms=2.5 write_ms=16.0 warnings=0
1791110587509 VERIFY n=114 dims=Some((2560, 1600)) expect=2560x1600 own_files=2 PASS
1791110587549 BROWSER-NOT-EXITED n=6 pid=95672 after_return_ms=60010.9
1791110587570 PREV-BROWSER n=115 prev_n=114 pid=95672 alive=true
1791110587570 RENDER-START n=115
1791110588049 BROWSER-NOT-EXITED n=7 pid=95672 after_return_ms=60012.1
1791110588074 BROWSER-REUSED n=115 pid=95672
1791110588075 RENDER-OK n=115 id=115 browser_pid=Some(95672) slot=A path=%TEMP%\fc-repro-leak-20261004-184158\localappdata\tw.fintools.fc-host\wallpaper\m-7ebe8f017cddc2d6-a.png wh=2560x1600 body=raw open_ms=160.3 page_ms=325.8 to_png_ms=486.1 close_ms=2.4 write_ms=16.3 warnings=0
1791110588075 VERIFY n=115 dims=Some((2560, 1600)) expect=2560x1600 own_files=2 PASS
1791110588135 PREV-BROWSER n=116 prev_n=115 pid=95672 alive=true
1791110588135 RENDER-START n=116
1791110588535 BROWSER-NOT-EXITED n=8 pid=95672 after_return_ms=60011.3
1791110588567 BROWSER-REUSED n=116 pid=95672
1791110588567 RENDER-OK n=116 id=116 browser_pid=Some(95672) slot=B path=%TEMP%\fc-repro-leak-20261004-184158\localappdata\tw.fintools.fc-host\wallpaper\m-7ebe8f017cddc2d6-b.png wh=2560x1600 body=raw open_ms=92.2 page_ms=327.4 to_png_ms=419.6 close_ms=2.5 write_ms=9.9 warnings=0
1791110588567 VERIFY n=116 dims=Some((2560, 1600)) expect=2560x1600 own_files=2 PASS
1791110588627 PREV-BROWSER n=117 prev_n=116 pid=95672 alive=true
1791110588627 RENDER-START n=117
1791110589033 BROWSER-NOT-EXITED n=9 pid=95672 after_return_ms=60001.2
1791110589065 BROWSER-REUSED n=117 pid=95672
1791110589065 RENDER-OK n=117 id=117 browser_pid=Some(95672) slot=A path=%TEMP%\fc-repro-leak-20261004-184158\localappdata\tw.fintools.fc-host\wallpaper\m-7ebe8f017cddc2d6-a.png wh=2560x1600 body=raw open_ms=97.7 page_ms=320.4 to_png_ms=418.0 close_ms=2.6 write_ms=16.5 warnings=0
1791110589065 VERIFY n=117 dims=Some((2560, 1600)) expect=2560x1600 own_files=2 PASS
1791110589125 PREV-BROWSER n=118 prev_n=117 pid=95672 alive=true
1791110589125 RENDER-START n=118
1791110589532 BROWSER-NOT-EXITED n=10 pid=95672 after_return_ms=60013.9
1791110589560 BROWSER-REUSED n=118 pid=95672
1791110589560 RENDER-OK n=118 id=118 browser_pid=Some(95672) slot=B path=%TEMP%\fc-repro-leak-20261004-184158\localappdata\tw.fintools.fc-host\wallpaper\m-7ebe8f017cddc2d6-b.png wh=2560x1600 body=raw open_ms=97.9 page_ms=326.1 to_png_ms=424.0 close_ms=2.6 write_ms=8.1 warnings=0
1791110589560 VERIFY n=118 dims=Some((2560, 1600)) expect=2560x1600 own_files=2 PASS
1791110589620 PREV-BROWSER n=119 prev_n=118 pid=95672 alive=true
1791110589620 RENDER-START n=119
1791110590004 BROWSER-NOT-EXITED n=11 pid=95672 after_return_ms=60011.3
1791110590050 BROWSER-REUSED n=119 pid=95672
1791110590050 RENDER-OK n=119 id=119 browser_pid=Some(95672) slot=A path=%TEMP%\fc-repro-leak-20261004-184158\localappdata\tw.fintools.fc-host\wallpaper\m-7ebe8f017cddc2d6-a.png wh=2560x1600 body=raw open_ms=94.4 page_ms=317.0 to_png_ms=411.4 close_ms=2.3 write_ms=16.5 warnings=0
1791110590051 VERIFY n=119 dims=Some((2560, 1600)) expect=2560x1600 own_files=2 PASS
1791110590111 PREV-BROWSER n=120 prev_n=119 pid=95672 alive=true
1791110590111 RENDER-START n=120
1791110590488 BROWSER-NOT-EXITED n=12 pid=95672 after_return_ms=60005.0
1791110590551 BROWSER-REUSED n=120 pid=95672
1791110590551 RENDER-OK n=120 id=120 browser_pid=Some(95672) slot=B path=%TEMP%\fc-repro-leak-20261004-184158\localappdata\tw.fintools.fc-host\wallpaper\m-7ebe8f017cddc2d6-b.png wh=2560x1600 body=raw open_ms=95.3 page_ms=325.8 to_png_ms=421.1 close_ms=2.3 write_ms=16.4 warnings=0
1791110590551 VERIFY n=120 dims=Some((2560, 1600)) expect=2560x1600 own_files=2 PASS
1791110590611 PREV-BROWSER n=121 prev_n=120 pid=95672 alive=true
1791110590611 RENDER-START n=121
1791110590990 BROWSER-NOT-EXITED n=13 pid=95672 after_return_ms=60014.2
1791110591033 BROWSER-REUSED n=121 pid=95672
1791110591033 RENDER-OK n=121 id=121 browser_pid=Some(95672) slot=A path=%TEMP%\fc-repro-leak-20261004-184158\localappdata\tw.fintools.fc-host\wallpaper\m-7ebe8f017cddc2d6-a.png wh=2560x1600 body=raw open_ms=93.7 page_ms=314.5 to_png_ms=408.2 close_ms=2.1 write_ms=11.4 warnings=0
1791110591033 VERIFY n=121 dims=Some((2560, 1600)) expect=2560x1600 own_files=2 PASS
1791110591093 PREV-BROWSER n=122 prev_n=121 pid=95672 alive=true
1791110591093 RENDER-START n=122
1791110591484 BROWSER-NOT-EXITED n=14 pid=95672 after_return_ms=60002.4
1791110591524 BROWSER-REUSED n=122 pid=95672
1791110591524 RENDER-OK n=122 id=122 browser_pid=Some(95672) slot=B path=%TEMP%\fc-repro-leak-20261004-184158\localappdata\tw.fintools.fc-host\wallpaper\m-7ebe8f017cddc2d6-b.png wh=2560x1600 body=raw open_ms=101.2 page_ms=310.8 to_png_ms=411.9 close_ms=2.3 write_ms=15.9 warnings=0
1791110591524 VERIFY n=122 dims=Some((2560, 1600)) expect=2560x1600 own_files=2 PASS
1791110591584 PREV-BROWSER n=123 prev_n=122 pid=95672 alive=true
1791110591584 RENDER-START n=123
1791110592001 BROWSER-NOT-EXITED n=15 pid=95672 after_return_ms=60013.2
1791110592036 BROWSER-REUSED n=123 pid=95672
1791110592036 RENDER-OK n=123 id=123 browser_pid=Some(95672) slot=A path=%TEMP%\fc-repro-leak-20261004-184158\localappdata\tw.fintools.fc-host\wallpaper\m-7ebe8f017cddc2d6-a.png wh=2560x1600 body=raw open_ms=107.6 page_ms=325.1 to_png_ms=432.7 close_ms=2.4 write_ms=17.0 warnings=0
1791110592036 VERIFY n=123 dims=Some((2560, 1600)) expect=2560x1600 own_files=2 PASS
1791110592096 PREV-BROWSER n=124 prev_n=123 pid=95672 alive=true
1791110592096 RENDER-START n=124
1791110592541 BROWSER-REUSED n=124 pid=95672
1791110592541 RENDER-OK n=124 id=124 browser_pid=Some(95672) slot=B path=%TEMP%\fc-repro-leak-20261004-184158\localappdata\tw.fintools.fc-host\wallpaper\m-7ebe8f017cddc2d6-b.png wh=2560x1600 body=raw open_ms=95.6 page_ms=331.2 to_png_ms=426.8 close_ms=2.2 write_ms=15.5 warnings=0
1791110592541 VERIFY n=124 dims=Some((2560, 1600)) expect=2560x1600 own_files=2 PASS
1791110592563 BROWSER-NOT-EXITED n=16 pid=95672 after_return_ms=60004.9
1791110592601 PREV-BROWSER n=125 prev_n=124 pid=95672 alive=true
1791110592601 RENDER-START n=125
1791110593078 BROWSER-NOT-EXITED n=17 pid=95672 after_return_ms=60011.5
1791110593111 BROWSER-REUSED n=125 pid=95672
1791110593111 RENDER-OK n=125 id=125 browser_pid=Some(95672) slot=A path=%TEMP%\fc-repro-leak-20261004-184158\localappdata\tw.fintools.fc-host\wallpaper\m-7ebe8f017cddc2d6-a.png wh=2560x1600 body=raw open_ms=167.4 page_ms=322.2 to_png_ms=489.6 close_ms=2.3 write_ms=17.2 warnings=0
1791110593111 VERIFY n=125 dims=Some((2560, 1600)) expect=2560x1600 own_files=2 PASS
1791110593171 PREV-BROWSER n=126 prev_n=125 pid=95672 alive=true
1791110593171 RENDER-START n=126
1791110593593 BROWSER-NOT-EXITED n=18 pid=95672 after_return_ms=60010.7
1791110593603 BROWSER-REUSED n=126 pid=95672
1791110593603 RENDER-OK n=126 id=126 browser_pid=Some(95672) slot=B path=%TEMP%\fc-repro-leak-20261004-184158\localappdata\tw.fintools.fc-host\wallpaper\m-7ebe8f017cddc2d6-b.png wh=2560x1600 body=raw open_ms=93.9 page_ms=319.6 to_png_ms=413.5 close_ms=2.4 write_ms=16.2 warnings=0
1791110593604 VERIFY n=126 dims=Some((2560, 1600)) expect=2560x1600 own_files=2 PASS
1791110593664 PREV-BROWSER n=127 prev_n=126 pid=95672 alive=true
1791110593664 RENDER-START n=127
1791110594077 BROWSER-NOT-EXITED n=19 pid=95672 after_return_ms=60000.0
1791110594109 BROWSER-REUSED n=127 pid=95672
1791110594109 RENDER-OK n=127 id=127 browser_pid=Some(95672) slot=A path=%TEMP%\fc-repro-leak-20261004-184158\localappdata\tw.fintools.fc-host\wallpaper\m-7ebe8f017cddc2d6-a.png wh=2560x1600 body=raw open_ms=91.8 page_ms=334.1 to_png_ms=425.9 close_ms=2.4 write_ms=16.9 warnings=0
1791110594110 VERIFY n=127 dims=Some((2560, 1600)) expect=2560x1600 own_files=2 PASS
1791110594169 PREV-BROWSER n=128 prev_n=127 pid=95672 alive=true
1791110594169 RENDER-START n=128
1791110594577 BROWSER-NOT-EXITED n=20 pid=95672 after_return_ms=60003.5
1791110594613 BROWSER-REUSED n=128 pid=95672
1791110594613 RENDER-OK n=128 id=128 browser_pid=Some(95672) slot=B path=%TEMP%\fc-repro-leak-20261004-184158\localappdata\tw.fintools.fc-host\wallpaper\m-7ebe8f017cddc2d6-b.png wh=2560x1600 body=raw open_ms=101.4 page_ms=331.8 to_png_ms=433.3 close_ms=2.4 write_ms=7.8 warnings=0
1791110594613 VERIFY n=128 dims=Some((2560, 1600)) expect=2560x1600 own_files=2 PASS
1791110594673 PREV-BROWSER n=129 prev_n=128 pid=95672 alive=true
1791110594674 RENDER-START n=129
1791110595092 BROWSER-NOT-EXITED n=21 pid=95672 after_return_ms=60009.4
1791110595119 BROWSER-REUSED n=129 pid=95672
1791110595119 RENDER-OK n=129 id=129 browser_pid=Some(95672) slot=A path=%TEMP%\fc-repro-leak-20261004-184158\localappdata\tw.fintools.fc-host\wallpaper\m-7ebe8f017cddc2d6-a.png wh=2560x1600 body=raw open_ms=95.5 page_ms=330.9 to_png_ms=426.4 close_ms=2.3 write_ms=16.8 warnings=0
1791110595119 VERIFY n=129 dims=Some((2560, 1600)) expect=2560x1600 own_files=2 PASS
1791110595180 PREV-BROWSER n=130 prev_n=129 pid=95672 alive=true
1791110595180 RENDER-START n=130
1791110595591 BROWSER-NOT-EXITED n=22 pid=95672 after_return_ms=60002.1
1791110595644 BROWSER-REUSED n=130 pid=95672
1791110595644 RENDER-OK n=130 id=130 browser_pid=Some(95672) slot=B path=%TEMP%\fc-repro-leak-20261004-184158\localappdata\tw.fintools.fc-host\wallpaper\m-7ebe8f017cddc2d6-b.png wh=2560x1600 body=raw open_ms=100.3 page_ms=345.6 to_png_ms=446.0 close_ms=2.7 write_ms=15.5 warnings=0
1791110595644 VERIFY n=130 dims=Some((2560, 1600)) expect=2560x1600 own_files=2 PASS
1791110595704 PREV-BROWSER n=131 prev_n=130 pid=95672 alive=true
1791110595704 RENDER-START n=131
1791110596101 BROWSER-NOT-EXITED n=23 pid=95672 after_return_ms=60002.2
1791110596157 BROWSER-REUSED n=131 pid=95672
1791110596157 RENDER-OK n=131 id=131 browser_pid=Some(95672) slot=A path=%TEMP%\fc-repro-leak-20261004-184158\localappdata\tw.fintools.fc-host\wallpaper\m-7ebe8f017cddc2d6-a.png wh=2560x1600 body=raw open_ms=99.6 page_ms=333.6 to_png_ms=433.1 close_ms=2.5 write_ms=16.9 warnings=0
1791110596157 VERIFY n=131 dims=Some((2560, 1600)) expect=2560x1600 own_files=2 PASS
1791110596217 PREV-BROWSER n=132 prev_n=131 pid=95672 alive=true
1791110596217 RENDER-START n=132
1791110596631 BROWSER-NOT-EXITED n=24 pid=95672 after_return_ms=60013.5
1791110596639 BROWSER-REUSED n=132 pid=95672
1791110596639 RENDER-OK n=132 id=132 browser_pid=Some(95672) slot=B path=%TEMP%\fc-repro-leak-20261004-184158\localappdata\tw.fintools.fc-host\wallpaper\m-7ebe8f017cddc2d6-b.png wh=2560x1600 body=raw open_ms=92.0 page_ms=318.4 to_png_ms=410.4 close_ms=2.2 write_ms=9.2 warnings=0
1791110596640 VERIFY n=132 dims=Some((2560, 1600)) expect=2560x1600 own_files=2 PASS
1791110596700 PREV-BROWSER n=133 prev_n=132 pid=95672 alive=true
1791110596700 RENDER-START n=133
1791110597129 BROWSER-NOT-EXITED n=25 pid=95672 after_return_ms=60008.8
1791110597141 BROWSER-REUSED n=133 pid=95672
1791110597141 RENDER-OK n=133 id=133 browser_pid=Some(95672) slot=A path=%TEMP%\fc-repro-leak-20261004-184158\localappdata\tw.fintools.fc-host\wallpaper\m-7ebe8f017cddc2d6-a.png wh=2560x1600 body=raw open_ms=100.9 page_ms=321.6 to_png_ms=422.5 close_ms=2.3 write_ms=16.5 warnings=0
1791110597141 VERIFY n=133 dims=Some((2560, 1600)) expect=2560x1600 own_files=2 PASS
1791110597202 PREV-BROWSER n=134 prev_n=133 pid=95672 alive=true
1791110597202 RENDER-START n=134
1791110597630 BROWSER-REUSED n=134 pid=95672
1791110597630 RENDER-OK n=134 id=134 browser_pid=Some(95672) slot=B path=%TEMP%\fc-repro-leak-20261004-184158\localappdata\tw.fintools.fc-host\wallpaper\m-7ebe8f017cddc2d6-b.png wh=2560x1600 body=raw open_ms=95.9 page_ms=312.6 to_png_ms=408.5 close_ms=2.4 write_ms=17.0 warnings=0
1791110597630 VERIFY n=134 dims=Some((2560, 1600)) expect=2560x1600 own_files=2 PASS
1791110597632 BROWSER-NOT-EXITED n=26 pid=95672 after_return_ms=60014.6
1791110597690 PREV-BROWSER n=135 prev_n=134 pid=95672 alive=true
1791110597690 RENDER-START n=135
1791110598130 BROWSER-REUSED n=135 pid=95672
1791110598130 RENDER-OK n=135 id=135 browser_pid=Some(95672) slot=A path=%TEMP%\fc-repro-leak-20261004-184158\localappdata\tw.fintools.fc-host\wallpaper\m-7ebe8f017cddc2d6-a.png wh=2560x1600 body=raw open_ms=97.8 page_ms=323.0 to_png_ms=420.8 close_ms=2.3 write_ms=16.5 warnings=0
1791110598130 VERIFY n=135 dims=Some((2560, 1600)) expect=2560x1600 own_files=2 PASS
1791110598132 BROWSER-NOT-EXITED n=27 pid=95672 after_return_ms=60002.7
1791110598190 PREV-BROWSER n=136 prev_n=135 pid=95672 alive=true
1791110598190 RENDER-START n=136
1791110598640 BROWSER-REUSED n=136 pid=95672
1791110598640 RENDER-OK n=136 id=136 browser_pid=Some(95672) slot=B path=%TEMP%\fc-repro-leak-20261004-184158\localappdata\tw.fintools.fc-host\wallpaper\m-7ebe8f017cddc2d6-b.png wh=2560x1600 body=raw open_ms=93.7 page_ms=336.8 to_png_ms=430.6 close_ms=2.4 write_ms=16.8 warnings=0
1791110598641 VERIFY n=136 dims=Some((2560, 1600)) expect=2560x1600 own_files=2 PASS
1791110598697 BROWSER-NOT-EXITED n=28 pid=95672 after_return_ms=60011.4
1791110598701 PREV-BROWSER n=137 prev_n=136 pid=95672 alive=true
1791110598701 RENDER-START n=137
1791110599146 BROWSER-REUSED n=137 pid=95672
1791110599146 RENDER-OK n=137 id=137 browser_pid=Some(95672) slot=A path=%TEMP%\fc-repro-leak-20261004-184158\localappdata\tw.fintools.fc-host\wallpaper\m-7ebe8f017cddc2d6-a.png wh=2560x1600 body=raw open_ms=98.7 page_ms=327.3 to_png_ms=426.0 close_ms=2.2 write_ms=16.7 warnings=0
1791110599146 VERIFY n=137 dims=Some((2560, 1600)) expect=2560x1600 own_files=2 PASS
1791110599197 BROWSER-NOT-EXITED n=29 pid=95672 after_return_ms=60005.7
1791110599206 PREV-BROWSER n=138 prev_n=137 pid=95672 alive=true
1791110599206 RENDER-START n=138
1791110599652 BROWSER-REUSED n=138 pid=95672
1791110599653 RENDER-OK n=138 id=138 browser_pid=Some(95672) slot=B path=%TEMP%\fc-repro-leak-20261004-184158\localappdata\tw.fintools.fc-host\wallpaper\m-7ebe8f017cddc2d6-b.png wh=2560x1600 body=raw open_ms=103.1 page_ms=324.5 to_png_ms=427.6 close_ms=2.1 write_ms=16.7 warnings=0
1791110599653 VERIFY n=138 dims=Some((2560, 1600)) expect=2560x1600 own_files=2 PASS
1791110599713 PREV-BROWSER n=139 prev_n=138 pid=95672 alive=true
1791110599713 RENDER-START n=139
1791110600162 BROWSER-REUSED n=139 pid=95672
1791110600163 RENDER-OK n=139 id=139 browser_pid=Some(95672) slot=A path=%TEMP%\fc-repro-leak-20261004-184158\localappdata\tw.fintools.fc-host\wallpaper\m-7ebe8f017cddc2d6-a.png wh=2560x1600 body=raw open_ms=96.8 page_ms=334.1 to_png_ms=430.9 close_ms=2.2 write_ms=16.4 warnings=0
1791110600163 VERIFY n=139 dims=Some((2560, 1600)) expect=2560x1600 own_files=2 PASS
1791110600223 PREV-BROWSER n=140 prev_n=139 pid=95672 alive=true
1791110600223 RENDER-START n=140
1791110600706 BROWSER-NOT-EXITED n=30 pid=95672 after_return_ms=60009.0
1791110601206 BROWSER-NOT-EXITED n=31 pid=95672 after_return_ms=60006.1
1791110601683 BROWSER-REUSED n=140 pid=95672
1791110601683 RENDER-OK n=140 id=140 browser_pid=Some(95672) slot=B path=%TEMP%\fc-repro-leak-20261004-184158\localappdata\tw.fintools.fc-host\wallpaper\m-7ebe8f017cddc2d6-b.png wh=2560x1600 body=raw open_ms=101.1 page_ms=1339.1 to_png_ms=1440.2 close_ms=2.4 write_ms=17.4 warnings=0
1791110601683 VERIFY n=140 dims=Some((2560, 1600)) expect=2560x1600 own_files=2 PASS
1791110601706 BROWSER-NOT-EXITED n=32 pid=95672 after_return_ms=60012.7
1791110601743 PREV-BROWSER n=141 prev_n=140 pid=95672 alive=true
1791110601744 RENDER-START n=141
1791110602185 BROWSER-REUSED n=141 pid=95672
1791110602185 RENDER-OK n=141 id=141 browser_pid=Some(95672) slot=A path=%TEMP%\fc-repro-leak-20261004-184158\localappdata\tw.fintools.fc-host\wallpaper\m-7ebe8f017cddc2d6-a.png wh=2560x1600 body=raw open_ms=100.9 page_ms=327.8 to_png_ms=428.7 close_ms=2.3 write_ms=10.7 warnings=0
1791110602186 VERIFY n=141 dims=Some((2560, 1600)) expect=2560x1600 own_files=2 PASS
1791110602191 BROWSER-NOT-EXITED n=33 pid=95672 after_return_ms=60012.3
1791110602246 PREV-BROWSER n=142 prev_n=141 pid=95672 alive=true
1791110602246 RENDER-START n=142
1791110602686 BROWSER-REUSED n=142 pid=95672
1791110602686 RENDER-OK n=142 id=142 browser_pid=Some(95672) slot=B path=%TEMP%\fc-repro-leak-20261004-184158\localappdata\tw.fintools.fc-host\wallpaper\m-7ebe8f017cddc2d6-b.png wh=2560x1600 body=raw open_ms=99.2 page_ms=329.5 to_png_ms=428.7 close_ms=2.3 write_ms=9.2 warnings=0
1791110602686 VERIFY n=142 dims=Some((2560, 1600)) expect=2560x1600 own_files=2 PASS
1791110602687 BROWSER-NOT-EXITED n=34 pid=95672 after_return_ms=60010.3
1791110602746 PREV-BROWSER n=143 prev_n=142 pid=95672 alive=true
1791110602747 RENDER-START n=143
1791110603186 BROWSER-NOT-EXITED n=35 pid=95672 after_return_ms=60006.5
1791110603190 BROWSER-REUSED n=143 pid=95672
1791110603191 RENDER-OK n=143 id=143 browser_pid=Some(95672) slot=A path=%TEMP%\fc-repro-leak-20261004-184158\localappdata\tw.fintools.fc-host\wallpaper\m-7ebe8f017cddc2d6-a.png wh=2560x1600 body=raw open_ms=95.6 page_ms=329.1 to_png_ms=424.7 close_ms=2.3 write_ms=16.6 warnings=0
1791110603191 VERIFY n=143 dims=Some((2560, 1600)) expect=2560x1600 own_files=2 PASS
1791110603251 PREV-BROWSER n=144 prev_n=143 pid=95672 alive=true
1791110603251 RENDER-START n=144
1791110603700 BROWSER-NOT-EXITED n=36 pid=95672 after_return_ms=60014.3
1791110603778 BROWSER-REUSED n=144 pid=95672
1791110603778 RENDER-OK n=144 id=144 browser_pid=Some(95672) slot=B path=%TEMP%\fc-repro-leak-20261004-184158\localappdata\tw.fintools.fc-host\wallpaper\m-7ebe8f017cddc2d6-b.png wh=2560x1600 body=raw open_ms=170.3 page_ms=336.9 to_png_ms=507.2 close_ms=2.9 write_ms=16.5 warnings=0
1791110603778 VERIFY n=144 dims=Some((2560, 1600)) expect=2560x1600 own_files=2 PASS
1791110603838 PREV-BROWSER n=145 prev_n=144 pid=95672 alive=true
1791110603838 RENDER-START n=145
1791110604198 BROWSER-NOT-EXITED n=37 pid=95672 after_return_ms=60004.2
1791110604300 BROWSER-REUSED n=145 pid=95672
1791110604300 RENDER-OK n=145 id=145 browser_pid=Some(95672) slot=A path=%TEMP%\fc-repro-leak-20261004-184158\localappdata\tw.fintools.fc-host\wallpaper\m-7ebe8f017cddc2d6-a.png wh=2560x1600 body=raw open_ms=106.2 page_ms=336.5 to_png_ms=442.6 close_ms=2.1 write_ms=16.8 warnings=0
1791110604300 VERIFY n=145 dims=Some((2560, 1600)) expect=2560x1600 own_files=2 PASS
1791110604360 PREV-BROWSER n=146 prev_n=145 pid=95672 alive=true
1791110604360 RENDER-START n=146
1791110604759 BROWSER-NOT-EXITED n=38 pid=95672 after_return_ms=60005.2
1791110604808 BROWSER-REUSED n=146 pid=95672
1791110604809 RENDER-OK n=146 id=146 browser_pid=Some(95672) slot=B path=%TEMP%\fc-repro-leak-20261004-184158\localappdata\tw.fintools.fc-host\wallpaper\m-7ebe8f017cddc2d6-b.png wh=2560x1600 body=raw open_ms=100.2 page_ms=329.3 to_png_ms=429.6 close_ms=2.4 write_ms=16.2 warnings=0
1791110604809 VERIFY n=146 dims=Some((2560, 1600)) expect=2560x1600 own_files=2 PASS
1791110604869 PREV-BROWSER n=147 prev_n=146 pid=95672 alive=true
1791110604869 RENDER-START n=147
1791110605275 BROWSER-NOT-EXITED n=39 pid=95672 after_return_ms=60005.3
1791110605317 BROWSER-REUSED n=147 pid=95672
1791110605317 RENDER-OK n=147 id=147 browser_pid=Some(95672) slot=A path=%TEMP%\fc-repro-leak-20261004-184158\localappdata\tw.fintools.fc-host\wallpaper\m-7ebe8f017cddc2d6-a.png wh=2560x1600 body=raw open_ms=101.0 page_ms=327.5 to_png_ms=428.5 close_ms=2.2 write_ms=16.9 warnings=0
1791110605317 VERIFY n=147 dims=Some((2560, 1600)) expect=2560x1600 own_files=2 PASS
1791110605377 PREV-BROWSER n=148 prev_n=147 pid=95672 alive=true
1791110605377 RENDER-START n=148
1791110605771 BROWSER-NOT-EXITED n=40 pid=95672 after_return_ms=60005.0
1791110605844 BROWSER-REUSED n=148 pid=95672
1791110605844 RENDER-OK n=148 id=148 browser_pid=Some(95672) slot=B path=%TEMP%\fc-repro-leak-20261004-184158\localappdata\tw.fintools.fc-host\wallpaper\m-7ebe8f017cddc2d6-b.png wh=2560x1600 body=raw open_ms=106.7 page_ms=341.7 to_png_ms=448.4 close_ms=2.4 write_ms=15.9 warnings=0
1791110605845 VERIFY n=148 dims=Some((2560, 1600)) expect=2560x1600 own_files=2 PASS
1791110605904 PREV-BROWSER n=149 prev_n=148 pid=95672 alive=true
1791110605905 RENDER-START n=149
1791110606284 BROWSER-NOT-EXITED n=41 pid=95672 after_return_ms=60003.3
1791110606374 BROWSER-REUSED n=149 pid=95672
1791110606374 RENDER-OK n=149 id=149 browser_pid=Some(95672) slot=A path=%TEMP%\fc-repro-leak-20261004-184158\localappdata\tw.fintools.fc-host\wallpaper\m-7ebe8f017cddc2d6-a.png wh=2560x1600 body=raw open_ms=105.6 page_ms=344.8 to_png_ms=450.3 close_ms=2.4 write_ms=16.5 warnings=0
1791110606374 VERIFY n=149 dims=Some((2560, 1600)) expect=2560x1600 own_files=2 PASS
1791110606434 PREV-BROWSER n=150 prev_n=149 pid=95672 alive=true
1791110606434 RENDER-START n=150
1791110606788 BROWSER-NOT-EXITED n=42 pid=95672 after_return_ms=60003.5
1791110606863 BROWSER-REUSED n=150 pid=95672
1791110606863 RENDER-OK n=150 id=150 browser_pid=Some(95672) slot=B path=%TEMP%\fc-repro-leak-20261004-184158\localappdata\tw.fintools.fc-host\wallpaper\m-7ebe8f017cddc2d6-b.png wh=2560x1600 body=raw open_ms=92.2 page_ms=318.1 to_png_ms=410.3 close_ms=2.2 write_ms=16.3 warnings=0
1791110606863 VERIFY n=150 dims=Some((2560, 1600)) expect=2560x1600 own_files=2 PASS
1791110606863 RENDER-LOOP-END
1791110606863 TAIL 20 s
1791110607068 BROWSER-EXIT n=149 pid=95672 after_return_ms=694.3
1791110607068 BROWSER-EXIT n=124 pid=95672 after_return_ms=14527.0
1791110607068 BROWSER-EXIT n=104 pid=95672 after_return_ms=26720.0
1791110607068 BROWSER-EXIT n=96 pid=95672 after_return_ms=30770.3
1791110607068 BROWSER-EXIT n=94 pid=95672 after_return_ms=31832.5
1791110607068 BROWSER-EXIT n=116 pid=95672 after_return_ms=18501.3
1791110607068 BROWSER-EXIT n=148 pid=95672 after_return_ms=1223.9
1791110607068 BROWSER-EXIT n=76 pid=95672 after_return_ms=41941.2
1791110607068 BROWSER-EXIT n=145 pid=95672 after_return_ms=2768.4
1791110607068 BROWSER-EXIT n=62 pid=95672 after_return_ms=49088.9
1791110607068 BROWSER-EXIT n=55 pid=95672 after_return_ms=52712.6
1791110607068 BROWSER-EXIT n=108 pid=95672 after_return_ms=24652.5
1791110607068 BROWSER-EXIT n=48 pid=95672 after_return_ms=56217.7
1791110607068 BROWSER-EXIT n=142 pid=95672 after_return_ms=4382.3
1791110607068 BROWSER-EXIT n=90 pid=95672 after_return_ms=33855.0
1791110607068 BROWSER-EXIT n=113 pid=95672 after_return_ms=21082.1
1791110607069 BROWSER-EXIT n=107 pid=95672 after_return_ms=25157.6
1791110607069 BROWSER-EXIT n=80 pid=95672 after_return_ms=38919.4
1791110607069 BROWSER-EXIT n=135 pid=95672 after_return_ms=8938.1
1791110607069 BROWSER-EXIT n=68 pid=95672 after_return_ms=46035.1
1791110607069 BROWSER-EXIT n=52 pid=95672 after_return_ms=54207.2
1791110607069 BROWSER-EXIT n=82 pid=95672 after_return_ms=37932.6
1791110607069 BROWSER-EXIT n=66 pid=95672 after_return_ms=47069.7
1791110607069 BROWSER-EXIT n=59 pid=95672 after_return_ms=50618.4
1791110607069 BROWSER-EXIT n=143 pid=95672 after_return_ms=3878.0
1791110607069 BROWSER-EXIT n=98 pid=95672 after_return_ms=29780.8
1791110607069 BROWSER-EXIT n=109 pid=95672 after_return_ms=24154.5
1791110607069 BROWSER-EXIT n=58 pid=95672 after_return_ms=51126.7
1791110607069 BROWSER-EXIT n=57 pid=95672 after_return_ms=51634.8
1791110607069 BROWSER-EXIT n=117 pid=95672 after_return_ms=18003.8
1791110607069 BROWSER-EXIT n=87 pid=95672 after_return_ms=35379.1
1791110607069 BROWSER-EXIT n=51 pid=95672 after_return_ms=54713.4
1791110607069 BROWSER-EXIT n=86 pid=95672 after_return_ms=35886.9
1791110607069 BROWSER-EXIT n=50 pid=95672 after_return_ms=55215.4
1791110607069 BROWSER-EXIT n=49 pid=95672 after_return_ms=55714.1
1791110607069 BROWSER-EXIT n=89 pid=95672 after_return_ms=34368.4
1791110607069 BROWSER-EXIT n=91 pid=95672 after_return_ms=33353.1
1791110607069 BROWSER-EXIT n=79 pid=95672 after_return_ms=39414.6
1791110607069 BROWSER-EXIT n=101 pid=95672 after_return_ms=28254.9
1791110607069 BROWSER-EXIT n=99 pid=95672 after_return_ms=29272.2
1791110607069 BROWSER-EXIT n=93 pid=95672 after_return_ms=32334.3
1791110607069 BROWSER-EXIT n=78 pid=95672 after_return_ms=39920.4
1791110607069 BROWSER-EXIT n=65 pid=95672 after_return_ms=47571.6
1791110607069 BROWSER-EXIT n=105 pid=95672 after_return_ms=26206.6
1791110607069 BROWSER-EXIT n=81 pid=95672 after_return_ms=38423.6
1791110607069 BROWSER-EXIT n=106 pid=95672 after_return_ms=25648.3
1791110607069 BROWSER-EXIT n=69 pid=95672 after_return_ms=45508.2
1791110607069 BROWSER-EXIT n=77 pid=95672 after_return_ms=41426.2
1791110607069 BROWSER-EXIT n=115 pid=95672 after_return_ms=18993.9
1791110607069 BROWSER-EXIT n=83 pid=95672 after_return_ms=37431.0
1791110607069 BROWSER-EXIT n=61 pid=95672 after_return_ms=49587.0
1791110607069 BROWSER-EXIT n=71 pid=95672 after_return_ms=44464.5
1791110607069 BROWSER-EXIT n=45 pid=95672 after_return_ms=58733.3
1791110607069 BROWSER-EXIT n=121 pid=95672 after_return_ms=16035.5
1791110607069 BROWSER-EXIT n=63 pid=95672 after_return_ms=48572.4
1791110607069 BROWSER-EXIT n=126 pid=95672 after_return_ms=13464.8
1791110607069 BROWSER-EXIT n=127 pid=95672 after_return_ms=12959.0
1791110607069 BROWSER-EXIT n=119 pid=95672 after_return_ms=17017.8
1791110607069 BROWSER-EXIT n=118 pid=95672 after_return_ms=17508.1
1791110607069 BROWSER-EXIT n=70 pid=95672 after_return_ms=44976.6
1791110607069 BROWSER-EXIT n=43 pid=95672 after_return_ms=59792.7
1791110607069 BROWSER-EXIT n=85 pid=95672 after_return_ms=36381.7
1791110607069 BROWSER-EXIT n=53 pid=95672 after_return_ms=53712.2
1791110607069 BROWSER-EXIT n=46 pid=95672 after_return_ms=58231.6
1791110607069 BROWSER-EXIT n=114 pid=95672 after_return_ms=19559.2
1791110607069 BROWSER-EXIT n=141 pid=95672 after_return_ms=4883.1
1791110607069 BROWSER-EXIT n=128 pid=95672 after_return_ms=12455.0
1791110607069 BROWSER-EXIT n=75 pid=95672 after_return_ms=42431.7
1791110607069 BROWSER-EXIT n=120 pid=95672 after_return_ms=16517.4
1791110607069 BROWSER-EXIT n=132 pid=95672 after_return_ms=10428.8
1791110607070 BROWSER-EXIT n=54 pid=95672 after_return_ms=53219.3
1791110607070 BROWSER-EXIT n=131 pid=95672 after_return_ms=10911.0
1791110607070 BROWSER-EXIT n=130 pid=95672 after_return_ms=11424.3
1791110607070 BROWSER-EXIT n=97 pid=95672 after_return_ms=30280.7
1791110607070 BROWSER-EXIT n=134 pid=95672 after_return_ms=9438.2
1791110607070 BROWSER-EXIT n=133 pid=95672 after_return_ms=9927.2
1791110607070 BROWSER-EXIT n=144 pid=95672 after_return_ms=3290.3
1791110607070 BROWSER-EXIT n=122 pid=95672 after_return_ms=15544.8
1791110607070 BROWSER-EXIT n=111 pid=95672 after_return_ms=22106.9
1791110607070 BROWSER-EXIT n=137 pid=95672 after_return_ms=7922.5
1791110607070 BROWSER-EXIT n=44 pid=95672 after_return_ms=59257.2
1791110607070 BROWSER-EXIT n=138 pid=95672 after_return_ms=7415.7
1791110607070 BROWSER-EXIT n=95 pid=95672 after_return_ms=31330.7
1791110607070 BROWSER-EXIT n=139 pid=95672 after_return_ms=6905.7
1791110607070 BROWSER-EXIT n=136 pid=95672 after_return_ms=8428.0
1791110607070 BROWSER-EXIT n=110 pid=95672 after_return_ms=22642.5
1791110607070 BROWSER-EXIT n=150 pid=95672 after_return_ms=205.1
1791110607070 BROWSER-EXIT n=73 pid=95672 after_return_ms=43435.2
1791110607070 BROWSER-EXIT n=102 pid=95672 after_return_ms=27736.2
1791110607070 BROWSER-EXIT n=147 pid=95672 after_return_ms=1751.3
1791110607070 BROWSER-EXIT n=103 pid=95672 after_return_ms=27232.6
1791110607070 BROWSER-EXIT n=146 pid=95672 after_return_ms=2259.8
1791110607070 BROWSER-EXIT n=123 pid=95672 after_return_ms=15032.3
1791110607070 BROWSER-EXIT n=47 pid=95672 after_return_ms=57735.9
1791110607070 BROWSER-EXIT n=100 pid=95672 after_return_ms=28754.8
1791110607070 BROWSER-EXIT n=84 pid=95672 after_return_ms=36930.6
1791110607070 BROWSER-EXIT n=72 pid=95672 after_return_ms=43962.6
1791110607070 BROWSER-EXIT n=140 pid=95672 after_return_ms=5385.0
1791110607070 BROWSER-EXIT n=64 pid=95672 after_return_ms=48070.7
1791110607070 BROWSER-EXIT n=129 pid=95672 after_return_ms=11949.1
1791110607070 BROWSER-EXIT n=60 pid=95672 after_return_ms=50089.6
1791110607070 BROWSER-EXIT n=56 pid=95672 after_return_ms=52195.8
1791110607070 BROWSER-EXIT n=88 pid=95672 after_return_ms=34873.4
1791110607070 BROWSER-EXIT n=92 pid=95672 after_return_ms=32828.6
1791110607070 BROWSER-EXIT n=67 pid=95672 after_return_ms=46558.8
1791110607070 BROWSER-EXIT n=125 pid=95672 after_return_ms=13957.7
1791110607070 BROWSER-EXIT n=112 pid=95672 after_return_ms=21602.0
1791110607070 BROWSER-EXIT n=74 pid=95672 after_return_ms=42922.1
1791110626864 BROWSERS total=150 leaked=0 []
1791110626864 SUMMARY ok=150/150 to_png_median_ms=426.7 to_png_max_ms=1443.6 open_median_ms=100.9 open_max_ms=260.5 page_median_ms=326.3 page_max_ms=1339.4 close_median_ms=2.3
1791110626864 EXIT code=0
