TAG pre-gap90 count=150 gapMs=90 size=2560x1600
RENDER ok=150 fail=0 hostExit=0
OVERLAP 下一次開始時前一個 browser 仍存活：149/149
EXIT 返回後結束耗時 ms：n=107 p50=29992.1 p95=56327.1 max=59547.2
NOT-EXITED 60 秒內沒結束：43
REUSED 新渲染拿到前一個 browser 行程：149
HOST 1791110740872 BROWSERS total=150 leaked=0 []
SURVIVORS 宿主結束後仍存活（隔離資料夾內）：0
DETAIL 1791110698335 BROWSER-NOT-EXITED n=1 pid=111100 after_return_ms=60007.6
DETAIL 1791110698862 BROWSER-NOT-EXITED n=2 pid=111100 after_return_ms=60006.0
DETAIL 1791110699392 BROWSER-NOT-EXITED n=3 pid=111100 after_return_ms=60006.8
DETAIL 1791110699985 BROWSER-NOT-EXITED n=4 pid=111100 after_return_ms=60009.7
DETAIL 1791110700528 BROWSER-NOT-EXITED n=5 pid=111100 after_return_ms=60014.9
DETAIL 1791110701059 BROWSER-NOT-EXITED n=6 pid=111100 after_return_ms=60015.2
DETAIL 1791110701575 BROWSER-NOT-EXITED n=7 pid=111100 after_return_ms=60001.9
DETAIL 1791110702105 BROWSER-NOT-EXITED n=8 pid=111100 after_return_ms=60010.3
DETAIL 1791110702637 BROWSER-NOT-EXITED n=9 pid=111100 after_return_ms=60008.7
DETAIL 1791110703168 BROWSER-NOT-EXITED n=10 pid=111100 after_return_ms=60001.0
DETAIL 1791110703703 BROWSER-NOT-EXITED n=11 pid=111100 after_return_ms=60013.5
DETAIL 1791110704234 BROWSER-NOT-EXITED n=12 pid=111100 after_return_ms=60015.6
DETAIL 1791110704748 BROWSER-NOT-EXITED n=13 pid=111100 after_return_ms=60002.4
DETAIL 1791110705279 BROWSER-NOT-EXITED n=14 pid=111100 after_return_ms=60007.6
DETAIL 1791110705809 BROWSER-NOT-EXITED n=15 pid=111100 after_return_ms=60001.2
DETAIL 1791110706356 BROWSER-NOT-EXITED n=16 pid=111100 after_return_ms=60009.2
DETAIL 1791110706902 BROWSER-NOT-EXITED n=17 pid=111100 after_return_ms=60010.1
DETAIL 1791110707448 BROWSER-NOT-EXITED n=18 pid=111100 after_return_ms=60012.5
DETAIL 1791110707982 BROWSER-NOT-EXITED n=19 pid=111100 after_return_ms=60001.8
DETAIL 1791110708510 BROWSER-NOT-EXITED n=20 pid=111100 after_return_ms=60005.4
DETAIL 1791110709055 BROWSER-NOT-EXITED n=21 pid=111100 after_return_ms=60009.3
DETAIL 1791110709667 BROWSER-NOT-EXITED n=22 pid=111100 after_return_ms=60013.6
DETAIL 1791110710203 BROWSER-NOT-EXITED n=23 pid=111100 after_return_ms=60010.0
DETAIL 1791110710721 BROWSER-NOT-EXITED n=24 pid=111100 after_return_ms=60004.8
DETAIL 1791110711236 BROWSER-NOT-EXITED n=25 pid=111100 after_return_ms=60001.0
DETAIL 1791110711748 BROWSER-NOT-EXITED n=26 pid=111100 after_return_ms=60000.7
DETAIL 1791110712295 BROWSER-NOT-EXITED n=27 pid=111100 after_return_ms=60009.8
DETAIL 1791110712888 BROWSER-NOT-EXITED n=28 pid=111100 after_return_ms=60002.7
DETAIL 1791110713419 BROWSER-NOT-EXITED n=29 pid=111100 after_return_ms=60008.5
DETAIL 1791110713950 BROWSER-NOT-EXITED n=30 pid=111100 after_return_ms=60011.8
DETAIL 1791110714481 BROWSER-NOT-EXITED n=31 pid=111100 after_return_ms=60001.4
DETAIL 1791110715032 BROWSER-NOT-EXITED n=32 pid=111100 after_return_ms=60008.3
DETAIL 1791110715562 BROWSER-NOT-EXITED n=33 pid=111100 after_return_ms=60000.2
DETAIL 1791110716125 BROWSER-NOT-EXITED n=34 pid=111100 after_return_ms=60008.5
DETAIL 1791110716653 BROWSER-NOT-EXITED n=35 pid=111100 after_return_ms=60010.6
DETAIL 1791110717166 BROWSER-NOT-EXITED n=36 pid=111100 after_return_ms=60005.1
DETAIL 1791110717714 BROWSER-NOT-EXITED n=37 pid=111100 after_return_ms=60011.0
DETAIL 1791110718243 BROWSER-NOT-EXITED n=38 pid=111100 after_return_ms=60000.5
DETAIL 1791110718855 BROWSER-NOT-EXITED n=39 pid=111100 after_return_ms=60015.3
DETAIL 1791110719384 BROWSER-NOT-EXITED n=40 pid=111100 after_return_ms=60006.8
DETAIL 1791110719916 BROWSER-NOT-EXITED n=41 pid=111100 after_return_ms=60007.2
DETAIL 1791110720459 BROWSER-NOT-EXITED n=42 pid=111100 after_return_ms=60002.7
DETAIL 1791110721007 BROWSER-NOT-EXITED n=43 pid=111100 after_return_ms=60010.7
DETAIL 1791110638856 BROWSER-REUSED n=2 pid=111100
DETAIL 1791110639385 BROWSER-REUSED n=3 pid=111100
DETAIL 1791110639975 BROWSER-REUSED n=4 pid=111100
DETAIL 1791110640513 BROWSER-REUSED n=5 pid=111100
DETAIL 1791110641044 BROWSER-REUSED n=6 pid=111100
DETAIL 1791110641573 BROWSER-REUSED n=7 pid=111100
DETAIL 1791110642095 BROWSER-REUSED n=8 pid=111100
DETAIL 1791110642628 BROWSER-REUSED n=9 pid=111100
DETAIL 1791110643167 BROWSER-REUSED n=10 pid=111100
DETAIL 1791110643690 BROWSER-REUSED n=11 pid=111100
DETAIL 1791110644218 BROWSER-REUSED n=12 pid=111100
DETAIL 1791110644745 BROWSER-REUSED n=13 pid=111100
DETAIL 1791110645271 BROWSER-REUSED n=14 pid=111100
DETAIL 1791110645808 BROWSER-REUSED n=15 pid=111100
DETAIL 1791110646346 BROWSER-REUSED n=16 pid=111100
DETAIL 1791110646892 BROWSER-REUSED n=17 pid=111100
DETAIL 1791110647435 BROWSER-REUSED n=18 pid=111100
DETAIL 1791110647980 BROWSER-REUSED n=19 pid=111100
DETAIL 1791110648504 BROWSER-REUSED n=20 pid=111100
DETAIL 1791110649046 BROWSER-REUSED n=21 pid=111100
DETAIL 1791110649653 BROWSER-REUSED n=22 pid=111100
DETAIL 1791110650193 BROWSER-REUSED n=23 pid=111100
DETAIL 1791110650716 BROWSER-REUSED n=24 pid=111100
DETAIL 1791110651235 BROWSER-REUSED n=25 pid=111100
DETAIL 1791110651747 BROWSER-REUSED n=26 pid=111100
DETAIL 1791110652285 BROWSER-REUSED n=27 pid=111100
DETAIL 1791110652886 BROWSER-REUSED n=28 pid=111100
DETAIL 1791110653410 BROWSER-REUSED n=29 pid=111100
DETAIL 1791110653938 BROWSER-REUSED n=30 pid=111100
DETAIL 1791110654479 BROWSER-REUSED n=31 pid=111100
DETAIL 1791110655024 BROWSER-REUSED n=32 pid=111100
DETAIL 1791110655562 BROWSER-REUSED n=33 pid=111100
DETAIL 1791110656117 BROWSER-REUSED n=34 pid=111100
DETAIL 1791110656643 BROWSER-REUSED n=35 pid=111100
DETAIL 1791110657161 BROWSER-REUSED n=36 pid=111100
DETAIL 1791110657703 BROWSER-REUSED n=37 pid=111100
DETAIL 1791110658242 BROWSER-REUSED n=38 pid=111100
DETAIL 1791110658840 BROWSER-REUSED n=39 pid=111100
DETAIL 1791110659377 BROWSER-REUSED n=40 pid=111100
DETAIL 1791110659908 BROWSER-REUSED n=41 pid=111100
DETAIL 1791110660456 BROWSER-REUSED n=42 pid=111100
DETAIL 1791110660997 BROWSER-REUSED n=43 pid=111100
DETAIL 1791110661527 BROWSER-REUSED n=44 pid=111100
DETAIL 1791110662041 BROWSER-REUSED n=45 pid=111100
DETAIL 1791110662627 BROWSER-REUSED n=46 pid=111100
DETAIL 1791110663160 BROWSER-REUSED n=47 pid=111100
DETAIL 1791110663686 BROWSER-REUSED n=48 pid=111100
DETAIL 1791110664218 BROWSER-REUSED n=49 pid=111100
DETAIL 1791110664747 BROWSER-REUSED n=50 pid=111100
DETAIL 1791110665289 BROWSER-REUSED n=51 pid=111100
DETAIL 1791110665817 BROWSER-REUSED n=52 pid=111100
DETAIL 1791110666413 BROWSER-REUSED n=53 pid=111100
DETAIL 1791110666961 BROWSER-REUSED n=54 pid=111100
DETAIL 1791110667505 BROWSER-REUSED n=55 pid=111100
DETAIL 1791110668039 BROWSER-REUSED n=56 pid=111100
DETAIL 1791110668589 BROWSER-REUSED n=57 pid=111100
DETAIL 1791110669119 BROWSER-REUSED n=58 pid=111100
DETAIL 1791110669712 BROWSER-REUSED n=59 pid=111100
DETAIL 1791110670268 BROWSER-REUSED n=60 pid=111100
DETAIL 1791110670809 BROWSER-REUSED n=61 pid=111100
DETAIL 1791110671339 BROWSER-REUSED n=62 pid=111100
DETAIL 1791110671871 BROWSER-REUSED n=63 pid=111100
DETAIL 1791110672426 BROWSER-REUSED n=64 pid=111100
DETAIL 1791110672974 BROWSER-REUSED n=65 pid=111100
DETAIL 1791110673515 BROWSER-REUSED n=66 pid=111100
DETAIL 1791110674047 BROWSER-REUSED n=67 pid=111100
DETAIL 1791110674563 BROWSER-REUSED n=68 pid=111100
DETAIL 1791110675107 BROWSER-REUSED n=69 pid=111100
DETAIL 1791110675632 BROWSER-REUSED n=70 pid=111100
DETAIL 1791110676173 BROWSER-REUSED n=71 pid=111100
DETAIL 1791110676767 BROWSER-REUSED n=72 pid=111100
DETAIL 1791110677326 BROWSER-REUSED n=73 pid=111100
DETAIL 1791110677841 BROWSER-REUSED n=74 pid=111100
DETAIL 1791110678369 BROWSER-REUSED n=75 pid=111100
DETAIL 1791110678903 BROWSER-REUSED n=76 pid=111100
DETAIL 1791110679445 BROWSER-REUSED n=77 pid=111100
DETAIL 1791110679973 BROWSER-REUSED n=78 pid=111100
DETAIL 1791110680560 BROWSER-REUSED n=79 pid=111100
DETAIL 1791110681095 BROWSER-REUSED n=80 pid=111100
DETAIL 1791110681628 BROWSER-REUSED n=81 pid=111100
DETAIL 1791110682161 BROWSER-REUSED n=82 pid=111100
DETAIL 1791110682676 BROWSER-REUSED n=83 pid=111100
DETAIL 1791110683200 BROWSER-REUSED n=84 pid=111100
DETAIL 1791110683723 BROWSER-REUSED n=85 pid=111100
DETAIL 1791110684265 BROWSER-REUSED n=86 pid=111100
DETAIL 1791110684794 BROWSER-REUSED n=87 pid=111100
DETAIL 1791110685312 BROWSER-REUSED n=88 pid=111100
DETAIL 1791110685845 BROWSER-REUSED n=89 pid=111100
DETAIL 1791110686376 BROWSER-REUSED n=90 pid=111100
DETAIL 1791110686919 BROWSER-REUSED n=91 pid=111100
DETAIL 1791110687446 BROWSER-REUSED n=92 pid=111100
DETAIL 1791110688962 BROWSER-REUSED n=93 pid=111100
DETAIL 1791110689500 BROWSER-REUSED n=94 pid=111100
DETAIL 1791110690040 BROWSER-REUSED n=95 pid=111100
DETAIL 1791110690556 BROWSER-REUSED n=96 pid=111100
DETAIL 1791110691082 BROWSER-REUSED n=97 pid=111100
DETAIL 1791110691629 BROWSER-REUSED n=98 pid=111100
DETAIL 1791110692193 BROWSER-REUSED n=99 pid=111100
DETAIL 1791110692736 BROWSER-REUSED n=100 pid=111100
DETAIL 1791110693264 BROWSER-REUSED n=101 pid=111100
DETAIL 1791110693816 BROWSER-REUSED n=102 pid=111100
DETAIL 1791110694340 BROWSER-REUSED n=103 pid=111100
DETAIL 1791110694879 BROWSER-REUSED n=104 pid=111100
DETAIL 1791110695412 BROWSER-REUSED n=105 pid=111100
DETAIL 1791110695956 BROWSER-REUSED n=106 pid=111100
DETAIL 1791110696476 BROWSER-REUSED n=107 pid=111100
DETAIL 1791110696992 BROWSER-REUSED n=108 pid=111100
DETAIL 1791110697539 BROWSER-REUSED n=109 pid=111100
DETAIL 1791110698090 BROWSER-REUSED n=110 pid=111100
DETAIL 1791110698671 BROWSER-REUSED n=111 pid=111100
DETAIL 1791110699208 BROWSER-REUSED n=112 pid=111100
DETAIL 1791110699816 BROWSER-REUSED n=113 pid=111100
DETAIL 1791110700356 BROWSER-REUSED n=114 pid=111100
DETAIL 1791110700881 BROWSER-REUSED n=115 pid=111100
DETAIL 1791110701400 BROWSER-REUSED n=116 pid=111100
DETAIL 1791110701939 BROWSER-REUSED n=117 pid=111100
DETAIL 1791110702485 BROWSER-REUSED n=118 pid=111100
DETAIL 1791110703024 BROWSER-REUSED n=119 pid=111100
DETAIL 1791110703630 BROWSER-REUSED n=120 pid=111100
DETAIL 1791110704163 BROWSER-REUSED n=121 pid=111100
DETAIL 1791110704702 BROWSER-REUSED n=122 pid=111100
DETAIL 1791110705248 BROWSER-REUSED n=123 pid=111100
DETAIL 1791110705779 BROWSER-REUSED n=124 pid=111100
DETAIL 1791110706305 BROWSER-REUSED n=125 pid=111100
DETAIL 1791110706836 BROWSER-REUSED n=126 pid=111100
DETAIL 1791110707435 BROWSER-REUSED n=127 pid=111100
DETAIL 1791110707954 BROWSER-REUSED n=128 pid=111100
DETAIL 1791110708496 BROWSER-REUSED n=129 pid=111100
DETAIL 1791110709028 BROWSER-REUSED n=130 pid=111100
DETAIL 1791110709581 BROWSER-REUSED n=131 pid=111100
DETAIL 1791110710111 BROWSER-REUSED n=132 pid=111100
DETAIL 1791110710641 BROWSER-REUSED n=133 pid=111100
DETAIL 1791110711155 BROWSER-REUSED n=134 pid=111100
DETAIL 1791110711691 BROWSER-REUSED n=135 pid=111100
DETAIL 1791110712289 BROWSER-REUSED n=136 pid=111100
DETAIL 1791110712821 BROWSER-REUSED n=137 pid=111100
DETAIL 1791110713351 BROWSER-REUSED n=138 pid=111100
DETAIL 1791110713877 BROWSER-REUSED n=139 pid=111100
DETAIL 1791110714434 BROWSER-REUSED n=140 pid=111100
DETAIL 1791110714983 BROWSER-REUSED n=141 pid=111100
DETAIL 1791110715512 BROWSER-REUSED n=142 pid=111100
DETAIL 1791110716070 BROWSER-REUSED n=143 pid=111100
DETAIL 1791110716604 BROWSER-REUSED n=144 pid=111100
DETAIL 1791110717202 BROWSER-REUSED n=145 pid=111100
DETAIL 1791110718752 BROWSER-REUSED n=146 pid=111100
DETAIL 1791110719273 BROWSER-REUSED n=147 pid=111100
DETAIL 1791110719802 BROWSER-REUSED n=148 pid=111100
DETAIL 1791110720345 BROWSER-REUSED n=149 pid=111100
DETAIL 1791110720871 BROWSER-REUSED n=150 pid=111100
