2026-10-09T10:14:15.769 [ INFO] fc_host: fc-host 啟動 version=0.2.0 pid=67160
2026-10-09T10:14:15.769 [ INFO] fc_host::desktop: 錯誤模式 0x0（原生當機會交給 WER）
2026-10-09T10:14:15.769 [ INFO] fc_host::desktop::instance: 啟動仲裁：啟動鎖=Acquired 角色=Primary
2026-10-09T10:14:15.774 [ INFO] fc_host::updater: 更新器：停用——隔離環境，不檢查更新（LOCALAPPDATA=%TEMP%\fc-host-grid-542d7012\Local，系統登記=%LOCALAPPDATA%）
2026-10-09T10:14:15.784 [ INFO] fc_host::wallpaper_config: 主題設定檔 %TEMP%\fc-host-grid-542d7012\Roaming\tw.fintools.fc-host\wallpaper-config.json 不存在，已寫出內建預設供編輯
2026-10-09T10:14:15.798 [ INFO] fc_host::desktop: 已向系統註冊重新啟動（RegisterApplicationRestart，命令列 --restarted）
2026-10-09T10:14:16.103 [ INFO] fc_host::desktop: 已訂閱 ProcessFailed widget=w-clock browserPid=Some(40428)
2026-10-09T10:14:16.173 [ INFO] fc_host::widgets: 資料訂閱 widget=w-clock channel=tw-events replaced=false
2026-10-09T10:14:16.215 [ INFO] fc_host::desktop: 已訂閱 ProcessFailed widget=w-macro browserPid=Some(40428)
2026-10-09T10:14:16.280 [ INFO] fc_host::widgets: 資料訂閱 widget=w-macro channel=tw-events replaced=false
2026-10-09T10:14:16.307 [ INFO] fc_host::desktop: 已訂閱 ProcessFailed widget=w-fixed browserPid=Some(40428)
2026-10-09T10:14:16.386 [ INFO] fc_host::widgets: 資料訂閱 widget=w-fixed channel=tw-events replaced=false
2026-10-09T10:14:16.413 [ INFO] fc_host::desktop: 已訂閱 ProcessFailed widget=w-dynamic browserPid=Some(40428)
2026-10-09T10:14:16.511 [ INFO] fc_host::widgets: 資料訂閱 widget=w-dynamic channel=tw-events replaced=false
2026-10-09T10:14:16.529 [ INFO] fc_host::desktop: 已訂閱 ProcessFailed widget=w-quotes browserPid=Some(40428)
2026-10-09T10:14:16.530 [ INFO] fc_host::wallpaper_render: 桌布渲染管線就緒：渲染視窗使用者資料夾 %LOCALAPPDATA%\tw.fintools.fc-host\wallpaper-renderer（小工具那組：Tauri 預設（app 本機資料夾））
2026-10-09T10:14:16.530 [ INFO] fc_host::wallpaper_coordinator: 桌布協調迴圈已啟動（啟動方式：一般啟動）
2026-10-09T10:14:16.531 [ INFO] fc_host::wallpaper_coordinator: 喚醒：Startup
2026-10-09T10:14:16.531 [ INFO] fc_host::wallpaper_coordinator: 協調迴圈啟動：狀態檔 %TEMP%\fc-host-grid-542d7012\Roaming\tw.fintools.fc-host\wallpaper-state.json、輸出資料夾 %TEMP%\fc-host-grid-542d7012\Local\tw.fintools.fc-host\wallpaper
2026-10-09T10:14:16.531 [ INFO] fc_host::wallpaper_coordinator: 啟動：狀態檔為未接管
2026-10-09T10:14:16.531 [ INFO] fc_host::wallpaper_coordinator: 主題：（啟動） → none
2026-10-09T10:14:16.531 [ INFO] fc_host::wallpaper_coordinator: 還原原桌布：原因 NotTakeover
2026-10-09T10:14:16.531 [ INFO] fc_host::wallpaper_coordinator: 還原結果：NothingToRestore
2026-10-09T10:14:16.531 [ INFO] fc_host::wallpaper_coordinator: 決策：Idle；下次喚醒 無（只等事件）
2026-10-09T10:14:16.626 [ INFO] fc_host::widgets: 資料訂閱 widget=w-quotes channel=tw-events replaced=false
2026-10-09T10:14:16.643 [ INFO] fc_host::fetch: 抓取排程已啟動
2026-10-09T10:14:16.643 [ INFO] fc_host::fetch: 隔離環境，不抓取（LOCALAPPDATA=%TEMP%\fc-host-grid-542d7012\Local，系統登記=%LOCALAPPDATA%）；要在此環境抓取請結束宿主、把設定檔的 data_fetch 改成 on 後重新啟動
2026-10-09T10:14:16.645 [ INFO] fc_host::app_icon: 圖示：系統匣 → icon 24px（主題 none，主要顯示器縮放 1.50）
2026-10-09T10:14:16.652 [ INFO] fc_host::wallpaper_coordinator: 喚醒：DataChanged
2026-10-09T10:14:16.652 [ INFO] fc_host::wallpaper_coordinator: 決策：Idle；下次喚醒 無（只等事件）
2026-10-09T10:14:23.236 [ INFO] fc_host::desktop: 小工具視窗 WS_SIZEBOX 已切換為 true（hwnd=0xCB1304）
2026-10-09T10:14:23.237 [ INFO] fc_host::desktop: 小工具視窗 WS_SIZEBOX 已切換為 true（hwnd=0x6D035C）
2026-10-09T10:14:23.239 [ INFO] fc_host::desktop: 小工具視窗 WS_SIZEBOX 已切換為 true（hwnd=0x4716CA）
2026-10-09T10:14:23.240 [ INFO] fc_host::desktop: 小工具視窗 WS_SIZEBOX 已切換為 true（hwnd=0x991700）
2026-10-09T10:14:23.241 [ INFO] fc_host::desktop: 小工具視窗 WS_SIZEBOX 已切換為 true（hwnd=0x36912F0）
2026-10-09T10:14:23.266 [ INFO] fc_host::widgets::grid_sync: 格線同步：建立 Monitor(Device("\\\\?\\DISPLAY#AUSAA34#5&1091fafa&0&UID4356#{e6f07b5f-ee97-4a90-b076-33f57bf4eaa7}")) → PhysicalRect { x: 0, y: 0, width: 3840, height: 2088 }
2026-10-09T10:14:23.279 [ INFO] fc_host::widgets::grid_sync: 格線同步：建立 Monitor(Device("\\\\?\\DISPLAY#BOE0CDF#4&102fce2&0&UID8388688#{e6f07b5f-ee97-4a90-b076-33f57bf4eaa7}")) → PhysicalRect { x: 3840, y: 4, width: 2560, height: 1528 }
2026-10-09T10:14:25.974 [ INFO] fc_host::desktop: 小工具視窗 WS_SIZEBOX 已切換為 false（hwnd=0xCB1304）
2026-10-09T10:14:25.975 [ INFO] fc_host::desktop: 小工具視窗 WS_SIZEBOX 已切換為 false（hwnd=0x4716CA）
2026-10-09T10:14:25.977 [ INFO] fc_host::desktop: 小工具視窗 WS_SIZEBOX 已切換為 false（hwnd=0x6D035C）
2026-10-09T10:14:25.978 [ INFO] fc_host::desktop: 小工具視窗 WS_SIZEBOX 已切換為 false（hwnd=0x991700）
2026-10-09T10:14:25.980 [ INFO] fc_host::desktop: 小工具視窗 WS_SIZEBOX 已切換為 false（hwnd=0x36912F0）
2026-10-09T10:14:25.980 [ INFO] fc_host::widgets::grid_sync: 格線同步：移除 Monitor(Device("\\\\?\\DISPLAY#AUSAA34#5&1091fafa&0&UID4356#{e6f07b5f-ee97-4a90-b076-33f57bf4eaa7}"))
2026-10-09T10:14:25.983 [ INFO] fc_host::widgets::grid_sync: 格線同步：移除 Monitor(Device("\\\\?\\DISPLAY#BOE0CDF#4&102fce2&0&UID8388688#{e6f07b5f-ee97-4a90-b076-33f57bf4eaa7}"))
2026-10-09T10:14:27.309 [ INFO] fc_host::desktop: 小工具視窗 WS_SIZEBOX 已切換為 true（hwnd=0x991700）
2026-10-09T10:14:27.311 [ INFO] fc_host::desktop: 小工具視窗 WS_SIZEBOX 已切換為 true（hwnd=0x6D035C）
2026-10-09T10:14:27.311 [ INFO] fc_host::desktop: 小工具視窗 WS_SIZEBOX 已切換為 true（hwnd=0xCB1304）
2026-10-09T10:14:27.313 [ INFO] fc_host::desktop: 小工具視窗 WS_SIZEBOX 已切換為 true（hwnd=0x4716CA）
2026-10-09T10:14:27.316 [ INFO] fc_host::desktop: 小工具視窗 WS_SIZEBOX 已切換為 true（hwnd=0x36912F0）
2026-10-09T10:14:27.338 [ INFO] fc_host::widgets::grid_sync: 格線同步：建立 Monitor(Device("\\\\?\\DISPLAY#AUSAA34#5&1091fafa&0&UID4356#{e6f07b5f-ee97-4a90-b076-33f57bf4eaa7}")) → PhysicalRect { x: 0, y: 0, width: 3840, height: 2088 }
2026-10-09T10:14:27.351 [ INFO] fc_host::widgets::grid_sync: 格線同步：建立 Monitor(Device("\\\\?\\DISPLAY#BOE0CDF#4&102fce2&0&UID8388688#{e6f07b5f-ee97-4a90-b076-33f57bf4eaa7}")) → PhysicalRect { x: 3840, y: 4, width: 2560, height: 1528 }
2026-10-09T10:14:28.588 [ INFO] fc_host::desktop: 小工具視窗 WS_SIZEBOX 已切換為 false（hwnd=0x991700）
2026-10-09T10:14:28.591 [ INFO] fc_host::desktop: 小工具視窗 WS_SIZEBOX 已切換為 false（hwnd=0xCB1304）
2026-10-09T10:14:28.591 [ INFO] fc_host::desktop: 小工具視窗 WS_SIZEBOX 已切換為 false（hwnd=0x4716CA）
2026-10-09T10:14:28.593 [ INFO] fc_host::desktop: 小工具視窗 WS_SIZEBOX 已切換為 false（hwnd=0x36912F0）
2026-10-09T10:14:28.594 [ INFO] fc_host::desktop: 小工具視窗 WS_SIZEBOX 已切換為 false（hwnd=0x6D035C）
2026-10-09T10:14:28.594 [ INFO] fc_host::widgets::grid_sync: 格線同步：移除 Monitor(Device("\\\\?\\DISPLAY#AUSAA34#5&1091fafa&0&UID4356#{e6f07b5f-ee97-4a90-b076-33f57bf4eaa7}"))
2026-10-09T10:14:28.595 [ INFO] fc_host::widgets::grid_sync: 格線同步：移除 Monitor(Device("\\\\?\\DISPLAY#BOE0CDF#4&102fce2&0&UID8388688#{e6f07b5f-ee97-4a90-b076-33f57bf4eaa7}"))
