2026-10-09T10:14:15.642+08:00 # verify-grid-overlay.ps1 exe=D:\projects\finance-calendar\host\target\release\fc-host.exe cdpPort=9363
2026-10-09T10:14:15.675+08:00 # 真正的設定檔（只看大小與修改時間，不讀內容）開始=2721@639271050148725272；開機自啟登錄快照：fc-host@Run Exists=True; fc-host@Run Exists=False
2026-10-09T10:14:15.684+08:00 # 暫存 APPDATA=%TEMP%\fc-host-grid-542d7012\Roaming LOCALAPPDATA=%TEMP%\fc-host-grid-542d7012\Local（資料：host/ui/fixtures/tw-events.json 複本）
2026-10-09T10:14:15.693+08:00 # 螢幕 \\.\DISPLAY5 主螢幕=True bounds={X=0,Y=0,Width=3840,Height=2160} 工作區={X=0,Y=0,Width=3840,Height=2088}
2026-10-09T10:14:15.693+08:00 # 螢幕 \\.\DISPLAY1 主螢幕=False bounds={X=3840,Y=4,Width=2560,Height=1600} 工作區={X=3840,Y=4,Width=2560,Height=1528}
2026-10-09T10:14:15.762+08:00 # 宿主 pid=67160
2026-10-09T10:14:18.762+08:00 ## 鎖定中（尚未進入編輯版面）的格線視窗數＝0
2026-10-09T10:14:18.764+08:00   => PASS  0：版面鎖定時沒有格線視窗
2026-10-09T10:14:21.624+08:00 ## watch-zorder pid=89872 記錄已建立=True
2026-10-09T10:14:22.105+08:00 ## 自己的表單 0x11313D8 標題=fc-host-scratch-571557f2 rect=(80,80,521x360)
2026-10-09T10:14:23.152+08:00 ## 進入前前景 0x19E12CC class=Chrome_WidgetWin_1 pid 為宿主=False 為自己的表單=False
2026-10-09T10:14:24.567+08:00 ## 第一輪進入：layout_locked=false 格線 2 個（1.2s；期間最多 2）；前景 0x19E12CC class=Chrome_WidgetWin_1
2026-10-09T10:14:24.568+08:00   => PASS  1：set_edit_mode(true) → layout_locked=false
2026-10-09T10:14:24.572+08:00   => PASS  1：格線視窗數（可見）＝螢幕數 2，且沒有隱藏的多餘視窗
2026-10-09T10:14:24.585+08:00   格線 0x2CD1208 標題=fc-host-grid-overlay rect=(0,0,3840x2088) z=578 exstyle=0x080800A0 對到螢幕=\\.\DISPLAY5
2026-10-09T10:14:24.585+08:00   格線 0x5613CE 標題=fc-host-grid-overlay rect=(3840,4,2560x1528) z=579 exstyle=0x080800A0 對到螢幕=\\.\DISPLAY1
2026-10-09T10:14:24.586+08:00   => PASS  1：每個格線矩形＝某台螢幕的 WorkingArea（一對一）
2026-10-09T10:14:24.598+08:00   => PASS  1：延伸樣式含 LAYERED、TRANSPARENT、NOACTIVATE、TOOLWINDOW
2026-10-09T10:14:24.605+08:00   WM_NCHITTEST 0x2CD1208 @(1920,1044) 送達=True 回傳=-1（HTTRANSPARENT＝-1）
2026-10-09T10:14:24.606+08:00   WM_NCHITTEST 0x5613CE @(5120,768) 送達=True 回傳=-1（HTTRANSPARENT＝-1）
2026-10-09T10:14:24.606+08:00   => PASS  1：視窗程序對 WM_NCHITTEST 回 HTTRANSPARENT
2026-10-09T10:14:24.610+08:00   前景（第一輪）：不變（進入前 0x19E12CC class=Chrome_WidgetWin_1 pid=65864；進入後 0x19E12CC class=Chrome_WidgetWin_1 pid=65864）
2026-10-09T10:14:24.610+08:00   => PASS  1：進入編輯版面前後前景視窗不變
2026-10-09T10:14:24.696+08:00   等待 z-order 穩定：60 ms 後每個格線都在重疊的桌面視窗之上
2026-10-09T10:14:24.697+08:00   => PASS  2：進入編輯版面後 2 秒內每個格線都位於重疊的桌面視窗之上（z-order 穩定）
2026-10-09T10:14:24.847+08:00   (0,0,3840x2088)：找不到桌面空白點，略過（佔用者：Chrome_WidgetWin_1×304）
2026-10-09T10:14:24.945+08:00   (3840,4,2560x1528)：找不到桌面空白點，略過（佔用者：Chrome_WidgetWin_1×304）
2026-10-09T10:14:24.946+08:00   => SKIPPED  2：桌面空白處（格子中心／加強線上）WindowFromPoint 不回傳格線、回傳桌面
2026-10-09T10:14:25.036+08:00   z-order：格線 0x2CD1208 z=578；自己的表單 z=76；（只記錄）位於格線之下的宿主視窗：無
2026-10-09T10:14:25.040+08:00   z-order：格線 0x5613CE z=579；自己的表單 z=76；（只記錄）位於格線之下的宿主視窗：無
2026-10-09T10:14:25.042+08:00   => PASS  3：自己的一般視窗（表單）在每一個格線之上
2026-10-09T10:14:25.043+08:00   => PASS  3：格線之下沒有任何一般視窗（不含宿主自己的視窗與桌面）
2026-10-09T10:14:25.342+08:00   m1 格線 (0,0,3840x2088)：第 22 列掃到垂直線 47 條、與預期 47 條逐一相同=True；第 40 欄掃到水平線 47 條、相同=True
2026-10-09T10:14:25.345+08:00     第 6 條：垂直 x=工作區左+480（螢幕 x=480）RGB=(98,75,37) 左右=(0,0) → True；水平 y=工作區上+261 RGB=(98,75,37) 上下=(0,0) → True（一般線亮度 90）
2026-10-09T10:14:25.345+08:00     第 12 條：垂直 x=工作區左+960（螢幕 x=960）RGB=(98,75,37) 左右=(0,0) → True；水平 y=工作區上+522 RGB=(98,75,37) 上下=(0,0) → True（一般線亮度 90）
2026-10-09T10:14:25.346+08:00     第 24 條：垂直 x=工作區左+1920（螢幕 x=1920）RGB=(98,75,37) 左右=(0,0) → True；水平 y=工作區上+1044 RGB=(98,75,37) 上下=(0,0) → True（一般線亮度 90）
2026-10-09T10:14:25.625+08:00   m1 截圖：grid-overlay-lines-m1.png（只有格線）、grid-overlay-composite-m1.png（貼上 5 個小工具：fc-host clock, fc-host macro, fc-host fixed, fc-host dynamic, fc-host quotes）
2026-10-09T10:14:25.752+08:00   m2 格線 (3840,4,2560x1528)：第 16 列掃到垂直線 47 條、與預期 47 條逐一相同=True；第 26 欄掃到水平線 47 條、相同=True
2026-10-09T10:14:25.753+08:00     第 6 條：垂直 x=工作區左+320（螢幕 x=4160）RGB=(98,75,37) 左右=(0,0) → True；水平 y=工作區上+191 RGB=(98,75,37) 上下=(0,0) → True（一般線亮度 90）
2026-10-09T10:14:25.753+08:00     第 12 條：垂直 x=工作區左+640（螢幕 x=4480）RGB=(98,75,37) 左右=(0,0) → True；水平 y=工作區上+382 RGB=(98,75,37) 上下=(0,0) → True（一般線亮度 90）
2026-10-09T10:14:25.753+08:00     第 24 條：垂直 x=工作區左+1280（螢幕 x=5120）RGB=(98,75,37) 左右=(0,0) → True；水平 y=工作區上+764 RGB=(98,75,37) 上下=(0,0) → True（一般線亮度 90）
2026-10-09T10:14:25.867+08:00   m2 截圖：grid-overlay-lines-m2.png（只有格線）、grid-overlay-composite-m2.png（貼上 0 個小工具：）
2026-10-09T10:14:25.869+08:00   => PASS  4：47 條垂直＋47 條水平線的位置＝工作區起點 + floor(i × 長度 ÷ 48)（PrintWindow 逐像素掃描）
2026-10-09T10:14:25.870+08:00   => PASS  4：第 6、12、24 條（加強線）在預期像素上、相鄰像素為黑底、比一般線亮
2026-10-09T10:14:25.871+08:00   => PASS  4：截圖 grid-overlay-lines／composite-m<N>.png 都是本次 PrintWindow 新檔（合成圖沒有缺小工具）
2026-10-09T10:14:27.205+08:00 ## 第一輪離開：layout_locked=true 格線剩 0 個（含隱藏；1.1s）
2026-10-09T10:14:27.205+08:00   => PASS  5：set_edit_mode(false) 後格線視窗（含隱藏）數量＝0
2026-10-09T10:14:28.507+08:00 ## 第二輪進入：格線 2 個（期間最多 2；新 HWND 2 個）；前景前後 0x19E12CC→0x19E12CC
2026-10-09T10:14:28.507+08:00   => PASS  6：格線視窗數（可見）＝螢幕數 2，且沒有隱藏的多餘視窗
2026-10-09T10:14:28.508+08:00   格線 0x5713CE 標題=fc-host-grid-overlay rect=(0,0,3840x2088) z=580 exstyle=0x080800A0 對到螢幕=\\.\DISPLAY5
2026-10-09T10:14:28.508+08:00   格線 0x2CE1208 標題=fc-host-grid-overlay rect=(3840,4,2560x1528) z=581 exstyle=0x080800A0 對到螢幕=\\.\DISPLAY1
2026-10-09T10:14:28.508+08:00   => PASS  6：每個格線矩形＝某台螢幕的 WorkingArea（一對一）
2026-10-09T10:14:28.508+08:00   => PASS  6：第二輪進入過程中格線數從未超過螢幕數（沒有重複）
2026-10-09T10:14:28.509+08:00   前景（第二輪）：不變（進入前 0x19E12CC class=Chrome_WidgetWin_1 pid=65864；進入後 0x19E12CC class=Chrome_WidgetWin_1 pid=65864）
2026-10-09T10:14:28.509+08:00   => PASS  6：第二輪進入前後前景視窗不變
2026-10-09T10:14:29.730+08:00 ## 第二輪離開：格線剩 0 個（含隱藏）
2026-10-09T10:14:29.730+08:00   => PASS  6：第二輪離開後格線視窗（含隱藏）數量＝0
2026-10-09T10:14:35.459+08:00 # 開機自啟登錄還原：未還原 0 項 
2026-10-09T10:14:35.460+08:00 # 真正的設定檔（大小@修改時間）結束=2721@639271050148725272；與開始相同=True
2026-10-09T10:14:35.518+08:00 # watch-zorder：8 筆狀態記錄，含格線者 4 筆，過渡狀態 0 筆，異常 0 筆
2026-10-09T10:14:35.540+08:00 # 結束
