# fc-host.2026-10-06.log excerpt from byte offset 139607 (this test only: A1 prestart 0.1.0 host, attempt 1 --autostart, 0.1.1 host, uninstall). Copied before snapshot Restore; scrubbed with EvidenceLog.psm1 (7f83b69).
2026-10-06T08:44:35.163 [ INFO] fc_host: fc-host 啟動 version=0.1.0 pid=20412
2026-10-06T08:44:35.163 [ INFO] fc_host::desktop: 錯誤模式 0x0（原生當機會交給 WER）
2026-10-06T08:44:35.163 [ INFO] fc_host::desktop::instance: 啟動仲裁：啟動鎖=Acquired 角色=Primary
2026-10-06T08:44:35.172 [ INFO] fc_host::updater: 更新器：啟用
2026-10-06T08:44:35.198 [ INFO] fc_host::desktop: 已向系統註冊重新啟動（RegisterApplicationRestart，命令列 --restarted）
2026-10-06T08:44:35.627 [ INFO] fc_host::desktop: 已訂閱 ProcessFailed widget=w-clock browserPid=Some(101080)
2026-10-06T08:44:35.719 [ INFO] fc_host::widgets: 資料訂閱 widget=w-clock channel=tw-events replaced=false
2026-10-06T08:44:35.737 [ INFO] fc_host::desktop: 已訂閱 ProcessFailed widget=w-macro browserPid=Some(101080)
2026-10-06T08:44:35.820 [ INFO] fc_host::widgets: 資料訂閱 widget=w-macro channel=tw-events replaced=false
2026-10-06T08:44:35.903 [ INFO] fc_host::desktop: 已訂閱 ProcessFailed widget=w-fixed browserPid=Some(101080)
2026-10-06T08:44:36.015 [ INFO] fc_host::widgets: 資料訂閱 widget=w-fixed channel=tw-events replaced=false
2026-10-06T08:44:36.026 [ INFO] fc_host::desktop: 已訂閱 ProcessFailed widget=w-dynamic browserPid=Some(101080)
2026-10-06T08:44:36.132 [ INFO] fc_host::widgets: 資料訂閱 widget=w-dynamic channel=tw-events replaced=false
2026-10-06T08:44:36.147 [ INFO] fc_host::desktop: 已訂閱 ProcessFailed widget=w-quotes browserPid=Some(101080)
2026-10-06T08:44:36.148 [ INFO] fc_host::wallpaper_render: 桌布渲染管線就緒：渲染視窗使用者資料夾 %LOCALAPPDATA%\tw.fintools.fc-host\wallpaper-renderer（小工具那組：Tauri 預設（app 本機資料夾））
2026-10-06T08:44:36.148 [ INFO] fc_host::wallpaper_coordinator: 桌布協調迴圈已啟動（啟動方式：--autostart（開機自啟））
2026-10-06T08:44:36.148 [ INFO] fc_host::wallpaper_coordinator: 喚醒：Startup
2026-10-06T08:44:36.148 [ INFO] fc_host::wallpaper_coordinator: 協調迴圈啟動：狀態檔 %APPDATA%\tw.fintools.fc-host\wallpaper-state.json、輸出資料夾 %LOCALAPPDATA%\tw.fintools.fc-host\wallpaper
2026-10-06T08:44:36.149 [ INFO] fc_host::wallpaper_coordinator: 啟動：狀態檔為未接管
2026-10-06T08:44:36.149 [ INFO] fc_host::wallpaper_coordinator: 主題：（啟動） → none
2026-10-06T08:44:36.149 [ INFO] fc_host::wallpaper_coordinator: 還原原桌布：原因 NotTakeover
2026-10-06T08:44:36.149 [ INFO] fc_host::wallpaper_coordinator: 還原結果：NothingToRestore
2026-10-06T08:44:36.149 [ INFO] fc_host::wallpaper_coordinator: 決策：Idle；下次喚醒 無（只等事件）
2026-10-06T08:44:36.264 [ INFO] fc_host::widgets: 資料訂閱 widget=w-quotes channel=tw-events replaced=false
2026-10-06T08:44:36.290 [ INFO] fc_host::fetch: 抓取排程已啟動
2026-10-06T08:44:36.290 [ INFO] fc_host::fetch: 抓取排程：啟用（data_fetch=auto，資料目錄=D:\finance-calendar）
2026-10-06T08:44:36.291 [ INFO] fc_host::app_icon: 圖示：系統匣 → icon 24px（主題 none，主要顯示器縮放 1.50）
2026-10-06T08:44:36.292 [ INFO] fc_host::wallpaper_coordinator: 喚醒：DataChanged
2026-10-06T08:44:36.292 [ INFO] fc_host::wallpaper_coordinator: 決策：Idle；下次喚醒 無（只等事件）
2026-10-06T08:44:37.247 [ERROR] tauri_plugin_updater::updater: failed to check for updates: error sending request for url (http://127.0.0.1:8737/latest.json)
2026-10-06T08:44:37.247 [ WARN] fc_host::updater: 更新檢查失敗：網路錯誤：error sending request for url (http://127.0.0.1:8737/latest.json)
2026-10-06T08:45:25.333 [ INFO] fc_host: fc-host 啟動 version=0.1.0 pid=74340
2026-10-06T08:45:25.335 [ INFO] fc_host::desktop: 錯誤模式 0x0（原生當機會交給 WER）
2026-10-06T08:45:25.335 [ INFO] fc_host::desktop::instance: 啟動仲裁：啟動鎖=Acquired 角色=Primary
2026-10-06T08:45:25.341 [ INFO] fc_host::updater: 更新器：啟用
2026-10-06T08:45:25.359 [ INFO] fc_host::desktop: 已向系統註冊重新啟動（RegisterApplicationRestart，命令列 --restarted）
2026-10-06T08:45:25.382 [ INFO] fc_host::updater: 更新檢查：發現新版 v0.1.1，開始下載
2026-10-06T08:45:25.552 [ INFO] fc_host::updater: 自動安裝 v0.1.1：UI 建立中（BuildingUi），延後到建好後再評估
2026-10-06T08:45:25.757 [ INFO] fc_host::desktop: 已訂閱 ProcessFailed widget=w-clock browserPid=Some(1524)
2026-10-06T08:45:25.892 [ INFO] fc_host::widgets: 資料訂閱 widget=w-clock channel=tw-events replaced=false
2026-10-06T08:45:25.913 [ INFO] fc_host::desktop: 已訂閱 ProcessFailed widget=w-macro browserPid=Some(1524)
2026-10-06T08:45:26.018 [ INFO] fc_host::widgets: 資料訂閱 widget=w-macro channel=tw-events replaced=false
2026-10-06T08:45:26.046 [ INFO] fc_host::desktop: 已訂閱 ProcessFailed widget=w-fixed browserPid=Some(1524)
2026-10-06T08:45:26.173 [ INFO] fc_host::widgets: 資料訂閱 widget=w-fixed channel=tw-events replaced=false
2026-10-06T08:45:26.189 [ INFO] fc_host::desktop: 已訂閱 ProcessFailed widget=w-dynamic browserPid=Some(1524)
2026-10-06T08:45:26.296 [ INFO] fc_host::widgets: 資料訂閱 widget=w-dynamic channel=tw-events replaced=false
2026-10-06T08:45:26.329 [ INFO] fc_host::desktop: 已訂閱 ProcessFailed widget=w-quotes browserPid=Some(1524)
2026-10-06T08:45:26.330 [ INFO] fc_host::wallpaper_render: 桌布渲染管線就緒：渲染視窗使用者資料夾 %LOCALAPPDATA%\tw.fintools.fc-host\wallpaper-renderer（小工具那組：Tauri 預設（app 本機資料夾））
2026-10-06T08:45:26.330 [ INFO] fc_host::wallpaper_coordinator: 桌布協調迴圈已啟動（啟動方式：--autostart（開機自啟））
2026-10-06T08:45:26.330 [ INFO] fc_host::wallpaper_coordinator: 喚醒：Startup
2026-10-06T08:45:26.330 [ INFO] fc_host::wallpaper_coordinator: 協調迴圈啟動：狀態檔 %APPDATA%\tw.fintools.fc-host\wallpaper-state.json、輸出資料夾 %LOCALAPPDATA%\tw.fintools.fc-host\wallpaper
2026-10-06T08:45:26.330 [ INFO] fc_host::wallpaper_coordinator: 啟動：狀態檔為未接管
2026-10-06T08:45:26.330 [ INFO] fc_host::wallpaper_coordinator: 主題：（啟動） → none
2026-10-06T08:45:26.330 [ INFO] fc_host::wallpaper_coordinator: 還原原桌布：原因 NotTakeover
2026-10-06T08:45:26.331 [ INFO] fc_host::wallpaper_coordinator: 還原結果：NothingToRestore
2026-10-06T08:45:26.331 [ INFO] fc_host::wallpaper_coordinator: 決策：Idle；下次喚醒 無（只等事件）
2026-10-06T08:45:26.456 [ INFO] fc_host::widgets: 資料訂閱 widget=w-quotes channel=tw-events replaced=false
2026-10-06T08:45:26.473 [ INFO] fc_host::fetch: 抓取排程已啟動
2026-10-06T08:45:26.473 [ INFO] fc_host::fetch: 抓取排程：啟用（data_fetch=auto，資料目錄=D:\finance-calendar）
2026-10-06T08:45:26.473 [ INFO] fc_host::updater: 延後的自動安裝 v0.1.1：UI 已建好，重新評估
2026-10-06T08:45:26.473 [ INFO] fc_host::updater: 自動安裝 v0.1.1：符合條件，開始安裝
2026-10-06T08:45:26.473 [ INFO] fc_host::app_icon: 圖示：系統匣 → icon 24px（主題 none，主要顯示器縮放 1.50）
2026-10-06T08:45:26.474 [ INFO] fc_host::wallpaper_coordinator: 喚醒：DataChanged
2026-10-06T08:45:26.474 [ INFO] fc_host::wallpaper_coordinator: 決策：Idle；下次喚醒 無（只等事件）
2026-10-06T08:45:26.474 [ INFO] fc_host::updater: 自動安裝 v0.1.1：呼叫外掛 install()（ui_built=true）
2026-10-06T08:45:26.496 [ INFO] fc_host::desktop: 已取消重新啟動註冊（UnregisterApplicationRestart）
2026-10-06T08:45:26.496 [ INFO] fc_host::wallpaper_coordinator: ExitForUpdate：投遞（不寫還原標記）
2026-10-06T08:45:26.496 [ INFO] fc_host::wallpaper_coordinator: 因更新結束：不還原原桌布，狀態檔維持未接管、主題不變（新版啟動後照常接管）；停止新的渲染與桌布 API 呼叫，協調迴圈結束
2026-10-06T08:45:26.496 [ INFO] fc_host::wallpaper_coordinator: 協調迴圈結束（結束要求：系統匣結束或因更新結束）
2026-10-06T08:45:26.496 [ INFO] fc_host::wallpaper_coordinator: 因更新結束：協調迴圈已結束（未還原、未動狀態檔與主題）
2026-10-06T08:45:26.496 [ INFO] fc_host::fetch: 抓取排程已停止
2026-10-06T08:45:26.600 [ INFO] fc_host::updater: 啟動標記：正常結束，已刪除
2026-10-06T08:45:26.600 [ INFO] fc_host::updater: 因更新結束：收尾（UI 已建立）共 103 ms／預算 20000 ms；1解除重新啟動註冊=完成（0 ms）；3協調迴圈結束=完成（0 ms，協調迴圈已結束（未還原、未動狀態檔與主題））；4停止資料抓取=完成（0 ms，抓取排程已停止）；5關閉視窗與系統匣圖示=完成（102 ms，已銷毀 6 個視窗；系統匣圖示已移除）；6渲染 browser 行程=完成（0 ms，沒有殘留的渲染 browser 行程）
2026-10-06T08:45:31.407 [ INFO] fc_host: fc-host 啟動 version=0.1.1 pid=117936
2026-10-06T08:45:31.415 [ INFO] fc_host::desktop: 錯誤模式 0x0（原生當機會交給 WER）
2026-10-06T08:45:31.415 [ INFO] fc_host::desktop::instance: 啟動仲裁：啟動鎖=Acquired 角色=Primary
2026-10-06T08:45:31.429 [ INFO] fc_host::updater: 更新器：啟用
2026-10-06T08:45:31.463 [ INFO] fc_host::desktop: 已向系統註冊重新啟動（RegisterApplicationRestart，命令列 --restarted）
2026-10-06T08:45:31.476 [ INFO] fc_host::updater: 更新檢查：目前已是最新版本
2026-10-06T08:45:31.852 [ INFO] fc_host::desktop: 已訂閱 ProcessFailed widget=w-clock browserPid=Some(20156)
2026-10-06T08:45:31.965 [ INFO] fc_host::widgets: 資料訂閱 widget=w-clock channel=tw-events replaced=false
2026-10-06T08:45:31.999 [ INFO] fc_host::desktop: 已訂閱 ProcessFailed widget=w-macro browserPid=Some(20156)
2026-10-06T08:45:32.122 [ INFO] fc_host::widgets: 資料訂閱 widget=w-macro channel=tw-events replaced=false
2026-10-06T08:45:32.136 [ INFO] fc_host::desktop: 已訂閱 ProcessFailed widget=w-fixed browserPid=Some(20156)
2026-10-06T08:45:32.234 [ INFO] fc_host::widgets: 資料訂閱 widget=w-fixed channel=tw-events replaced=false
2026-10-06T08:45:32.260 [ INFO] fc_host::desktop: 已訂閱 ProcessFailed widget=w-dynamic browserPid=Some(20156)
2026-10-06T08:45:32.416 [ INFO] fc_host::widgets: 資料訂閱 widget=w-dynamic channel=tw-events replaced=false
2026-10-06T08:45:32.436 [ INFO] fc_host::desktop: 已訂閱 ProcessFailed widget=w-quotes browserPid=Some(20156)
2026-10-06T08:45:32.438 [ INFO] fc_host::wallpaper_render: 桌布渲染管線就緒：渲染視窗使用者資料夾 %LOCALAPPDATA%\tw.fintools.fc-host\wallpaper-renderer（小工具那組：Tauri 預設（app 本機資料夾））
2026-10-06T08:45:32.438 [ INFO] fc_host::wallpaper_coordinator: 桌布協調迴圈已啟動（啟動方式：--autostart（開機自啟））
2026-10-06T08:45:32.438 [ INFO] fc_host::wallpaper_coordinator: 喚醒：Startup
2026-10-06T08:45:32.438 [ INFO] fc_host::wallpaper_coordinator: 協調迴圈啟動：狀態檔 %APPDATA%\tw.fintools.fc-host\wallpaper-state.json、輸出資料夾 %LOCALAPPDATA%\tw.fintools.fc-host\wallpaper
2026-10-06T08:45:32.438 [ INFO] fc_host::wallpaper_coordinator: 啟動：狀態檔為未接管
2026-10-06T08:45:32.439 [ INFO] fc_host::wallpaper_coordinator: 主題：（啟動） → none
2026-10-06T08:45:32.439 [ INFO] fc_host::wallpaper_coordinator: 還原原桌布：原因 NotTakeover
2026-10-06T08:45:32.439 [ INFO] fc_host::wallpaper_coordinator: 還原結果：NothingToRestore
2026-10-06T08:45:32.439 [ INFO] fc_host::wallpaper_coordinator: 決策：Idle；下次喚醒 無（只等事件）
2026-10-06T08:45:32.563 [ INFO] fc_host::widgets: 資料訂閱 widget=w-quotes channel=tw-events replaced=false
2026-10-06T08:45:32.588 [ INFO] fc_host::fetch: 抓取排程已啟動
2026-10-06T08:45:32.588 [ INFO] fc_host::fetch: 抓取排程：啟用（data_fetch=auto，資料目錄=D:\finance-calendar）
2026-10-06T08:45:32.588 [ INFO] fc_host::app_icon: 圖示：系統匣 → icon 24px（主題 none，主要顯示器縮放 1.50）
2026-10-06T08:45:32.590 [ INFO] fc_host::wallpaper_coordinator: 喚醒：DataChanged
2026-10-06T08:45:32.590 [ INFO] fc_host::wallpaper_coordinator: 決策：Idle；下次喚醒 無（只等事件）
2026-10-06T08:47:16.166 [ INFO] fc_host: fc-host 啟動 version=0.1.1 pid=99976
2026-10-06T08:47:16.166 [ INFO] fc_host::desktop: 錯誤模式 0x0（原生當機會交給 WER）
2026-10-06T08:47:16.166 [ INFO] fc_host::wallpaper_cli: --restore-wallpaper：開始（pid=99976；總時限 90 秒，安裝檔建議等待 120 秒）
2026-10-06T08:47:16.166 [ INFO] fc_host::desktop::instance: 啟動仲裁：啟動鎖=Acquired 角色=Secondary
2026-10-06T08:47:16.166 [ INFO] fc_host::wallpaper_cli: --restore-wallpaper：啟動仲裁 → InstanceRunning
2026-10-06T08:47:16.166 [ INFO] fc_host::wallpaper_cli: --restore-wallpaper：交給執行中的宿主（single-instance 通道），等它回報（最多 30 秒）
2026-10-06T08:47:16.166 [ INFO] fc_host::wallpaper_cli: single-instance：收到 --restore-wallpaper 交接（回覆對象 pid=Some(99976)），交給桌布協調迴圈
2026-10-06T08:47:16.168 [ INFO] fc_host::wallpaper_coordinator: CommandLineRestore：狀態檔不是接管中（或已有標記），不需要先寫標記
2026-10-06T08:47:16.168 [ INFO] fc_host::wallpaper_coordinator: 命令列 --restore-wallpaper（交給執行中的宿主）：主題改為「不接管」並存檔，還原原桌布
2026-10-06T08:47:16.168 [ INFO] fc_host::wallpaper_coordinator: 還原原桌布：原因 CommandLine
2026-10-06T08:47:16.168 [ INFO] fc_host::wallpaper_coordinator: 還原結果：NothingToRestore
2026-10-06T08:47:16.168 [ INFO] fc_host::wallpaper_coordinator: 命令列 --restore-wallpaper：還原結果 已還原（或無需還原）（沒有需要還原的桌布（未接管）），回報給命令列（結束碼 0）
2026-10-06T08:47:16.168 [ INFO] fc_host::wallpaper_cli: 已回報 --restore-wallpaper 結果給 pid=99976：已還原（或無需還原）（結束碼 0）
2026-10-06T08:47:16.168 [ INFO] fc_host::wallpaper_cli: --restore-wallpaper：執行中的宿主回報 已還原（或無需還原）（結束碼 0）
2026-10-06T08:47:16.168 [ INFO] fc_host::wallpaper_cli: --restore-wallpaper：結束（已還原（或無需還原），結束碼 0）
2026-10-06T08:47:16.460 [ WARN] fc_host::desktop: 工作階段結束通知：WM_QUERYENDSESSION lParam=0x00000001 flags=ENDSESSION_CLOSEAPP
2026-10-06T08:47:16.460 [ INFO] fc_host::updater: 啟動標記：工作階段結束，已刪除（若被取消會在 5 分鐘內恢復）
2026-10-06T08:47:16.460 [ INFO] fc_host::wallpaper_coordinator: 喚醒：SessionEnding
2026-10-06T08:47:16.460 [ INFO] fc_host::wallpaper_coordinator: 工作階段結束（登出／關機／重新開機／Restart Manager）：不還原原桌布，狀態檔維持未接管（每次變更都已同步寫入，沒有延後的落盤）；停止新的渲染與桌布 API 呼叫
2026-10-06T08:47:16.460 [ INFO] fc_host::wallpaper_coordinator: 決策：SessionEnding；下次喚醒 無（只等事件）
2026-10-06T08:47:16.461 [ WARN] fc_host::desktop: 工作階段結束通知：WM_ENDSESSION ending=true lParam=0x00000001 flags=ENDSESSION_CLOSEAPP
2026-10-06T08:47:16.461 [ INFO] fc_host::wallpaper_coordinator: 喚醒：SessionEnding
2026-10-06T08:47:16.461 [ INFO] fc_host::wallpaper_coordinator: 決策：SessionEnding；下次喚醒 無（只等事件）
2026-10-06T08:47:16.463 [ INFO] fc_host: 事件迴圈結束（RunEvent::Exit），行程即將結束
2026-10-06T08:47:16.463 [ INFO] fc_host::updater: 啟動標記：正常結束，已刪除
2026-10-06T08:47:16.463 [ INFO] fc_host::wallpaper_render: 事件迴圈結束：工作階段結束中，渲染 browser 行程交給系統
2026-10-06T08:47:16.463 [ INFO] fc_host::fetch: 抓取排程已停止
