版本：0.1.1（host/Cargo.toml）
hooks.nsh：UTF-8 BOM 正確
tauri-cli：%LOCALAPPDATA%\fc-host-tools\tauri-cli-2.12.1\cargo-tauri.exe（tauri-cli 2.12.1）
cargo tauri build（在 %TEMP%\fc-4x-rerun-wt\host）：tauri build --bundles nsis --features update-e2e --config %TEMP%\fc-4x\conf\tauri.e2e.conf.json
        Info Looking up installed tauri packages to check mismatched versions...
   Compiling proc-macro2 v1.0.107
   Compiling quote v1.0.47
   Compiling unicode-ident v1.0.26
   Compiling windows-link v0.2.1
   Compiling serde_core v1.0.229
   Compiling icu_properties_data v2.3.0
   Compiling siphasher v1.0.4
   Compiling cfg-if v1.0.5
   Compiling icu_normalizer_data v2.3.0
   Compiling fastrand v2.5.0
   Compiling stable_deref_trait v1.2.1
   Compiling thiserror v2.0.21
   Compiling zmij v1.0.23
   Compiling smallvec v1.16.2
   Compiling parking_lot_core v0.9.12
   Compiling serde v1.0.229
   Compiling memchr v2.8.3
   Compiling typeid v1.0.3
   Compiling time-core v0.1.9
   Compiling num-conv v0.2.2
   Compiling writeable v0.6.4
   Compiling itoa v1.0.18
   Compiling windows-sys v0.61.2
   Compiling litemap v0.8.3
   Compiling strsim v0.11.1
   Compiling erased-serde v0.4.10
   Compiling phf_shared v0.13.1
   Compiling getrandom v0.4.3
   Compiling ident_case v1.0.1
   Compiling utf8_iter v1.0.4
   Compiling libc v0.2.189
   Compiling new_debug_unreachable v1.0.6
   Compiling scopeguard v1.2.0
   Compiling anyhow v1.0.104
   Compiling serde_json v1.0.151
   Compiling precomputed-hash v0.1.1
   Compiling phf_generator v0.13.1
   Compiling lock_api v0.4.14
   Compiling winnow v1.0.4
   Compiling bytes v1.12.1
   Compiling windows-strings v0.5.1
   Compiling windows-result v0.4.1
   Compiling autocfg v1.5.1
   Compiling percent-encoding v2.3.2
   Compiling dtoa v1.0.11
   Compiling phf_codegen v0.13.1
   Compiling version_check v0.9.5
   Compiling log v0.4.34
   Compiling parking_lot v0.12.5
   Compiling toml_writer v1.1.2+spec-1.1.0
   Compiling aho-corasick v1.1.5
   Compiling tendril v0.5.1
   Compiling form_urlencoded v1.2.2
   Compiling toml_parser v1.1.3+spec-1.1.0
   Compiling dtoa-short v0.3.5
   Compiling selectors v0.38.0
   Compiling regex-syntax v0.8.11
   Compiling bitflags v2.13.2
   Compiling alloc-no-stdlib v3.0.0
   Compiling indexmap v1.9.3
   Compiling string_cache v0.9.0
   Compiling pin-project-lite v0.2.17
   Compiling camino v1.2.6
   Compiling alloc-stdlib v0.3.0
   Compiling servo_arc v0.4.3
   Compiling web-time v1.1.0
   Compiling hashbrown v0.17.1
   Compiling syn v3.0.6
   Compiling syn v2.0.119
   Compiling string_cache_codegen v0.6.1
   Compiling find-msvc-tools v0.1.14
   Compiling shlex v2.0.1
   Compiling deranged v0.5.8
   Compiling bit-vec v0.8.0
   Compiling windows_x86_64_msvc v0.52.6
   Compiling rustc-hash v2.1.3
   Compiling hashbrown v0.12.3
   Compiling powerfmt v0.2.0
   Compiling fnv v1.0.7
   Compiling schemars v0.8.22
   Compiling equivalent v1.0.2
   Compiling winapi-util v0.1.11
   Compiling cc v1.5.1
   Compiling bit-set v0.8.0
   Compiling brotli-decompressor v6.0.1
   Compiling web_atoms v0.2.6
   Compiling indexmap v2.14.2
   Compiling same-file v1.0.6
   Compiling quick-xml v0.42.0
   Compiling foldhash v0.2.0
   Compiling dunce v1.0.5
   Compiling dyn-clone v1.0.20
   Compiling base64 v0.23.1
   Compiling walkdir v2.5.0
   Compiling semver v1.0.28
   Compiling toml_datetime v1.1.1+spec-1.1.0
   Compiling serde_spanned v1.1.1
   Compiling uuid v1.26.1
   Compiling time v0.3.55
   Compiling regex-automata v0.4.18
   Compiling toml v1.1.6+spec-1.1.0
   Compiling brotli v9.0.0
   Compiling http v1.5.0
   Compiling ctor v1.0.13
   Compiling once_cell v1.21.4
   Compiling glob v0.3.4
   Compiling cfb v0.14.0
   Compiling windows-targets v0.52.6
   Compiling futures-core v0.3.34
   Compiling simd-adler32 v0.3.10
   Compiling serde-untagged v0.1.9
   Compiling windows-sys v0.59.0
   Compiling rustc_version v0.4.1
   Compiling generic-array v0.14.7
   Compiling windows-threading v0.2.1
   Compiling adler2 v2.0.1
   Compiling vswhom-sys v0.1.3
   Compiling crc32fast v1.5.2
   Compiling option-ext v0.2.0
   Compiling time-macros v0.2.32
   Compiling dirs-sys v0.5.0
   Compiling heck v0.5.0
   Compiling typenum v1.20.1
   Compiling infer v0.22.0
   Compiling crossbeam-utils v0.8.23
   Compiling dirs v7.0.0
   Compiling miniz_oxide v0.9.1
   Compiling tracing-core v0.1.36
   Compiling raw-window-handle v0.6.2
   Compiling serde_derive_internals v0.29.1
   Compiling regex v1.13.1
   Compiling synstructure v0.14.0
   Compiling darling_core v0.24.1
   Compiling flate2 v1.1.10
   Compiling miniz_oxide v0.8.9
   Compiling fdeflate v0.3.7
   Compiling vswhom v0.1.0
   Compiling cookie v0.18.2
   Compiling block-buffer v0.10.4
   Compiling crypto-common v0.1.7
   Compiling crossbeam-channel v0.5.17
   Compiling http-body v1.1.0
   Compiling windows-version v0.1.7
   Compiling bitflags v1.3.2
   Compiling httparse v1.10.1
   Compiling futures-task v0.3.34
   Compiling winreg v0.55.0
   Compiling slab v0.4.12
   Compiling embed-resource v3.0.11
   Compiling png v0.17.16
   Compiling tauri-winres v0.3.6
   Compiling digest v0.10.7
   Compiling tauri-runtime v2.12.0
   Compiling try-lock v0.2.5
   Compiling native-tls v0.2.18
   Compiling tower-service v0.3.3
   Compiling wry v0.57.0
   Compiling cpufeatures v0.2.17
   Compiling byteorder v1.5.0
   Compiling muda v0.20.0
   Compiling sha2 v0.10.9
   Compiling want v0.3.1
   Compiling ico v0.5.0
   Compiling phf_macros v0.13.1
   Compiling derive_more-impl v2.1.1
   Compiling schemars_derive v0.8.22
   Compiling windows-implement v0.60.2
   Compiling zerofrom-derive v0.1.8
   Compiling yoke-derive v0.8.3
   Compiling zerovec-derive v0.11.6
   Compiling serde_derive v1.0.229
   Compiling displaydoc v0.2.7
   Compiling thiserror-impl v2.0.21
   Compiling cssparser-macros v0.7.1
   Compiling windows-interface v0.59.3
   Compiling phf v0.13.1
   Compiling tracing-attributes v0.1.31
   Compiling derive_more v2.1.1
   Compiling darling_macro v0.24.1
   Compiling cssparser v0.37.0
   Compiling futures-macro v0.3.34
   Compiling webview2-com-macros v0.8.1
   Compiling png v0.18.1
   Compiling futures-channel v0.3.34
   Compiling atomic-waker v1.1.2
   Compiling zerofrom v0.1.8
   Compiling darling v0.24.1
   Compiling markup5ever v0.39.0
   Compiling windows-core v0.62.2
   Compiling yoke v0.8.3
   Compiling serde_with_macros v3.24.0
   Compiling webview2-com-sys v0.39.1
   Compiling futures-util v0.3.34
   Compiling getrandom v0.3.4
   Compiling html5ever v0.39.0
   Compiling unicode-segmentation v1.13.3
   Compiling tauri-runtime-wry v2.12.0
   Compiling base64 v0.22.1
   Compiling windows_x86_64_msvc v0.53.1
   Compiling zerovec v0.11.8
   Compiling zerotrie v0.2.5
   Compiling socket2 v0.6.5
   Compiling mio v1.2.3
   Compiling windows-collections v0.3.2
   Compiling windows-future v0.3.2
   Compiling windows-numerics v0.3.1
   Compiling tracing v0.1.44
   Compiling tinystr v0.8.4
   Compiling potential_utf v0.1.6
   Compiling dom_query v0.28.0
   Compiling tokio v1.53.1
   Compiling icu_collections v2.3.0
   Compiling icu_locale_core v2.3.0
   Compiling schannel v0.1.29
   Compiling tray-icon v0.25.1
   Compiling softbuffer v0.4.8
   Compiling windows v0.62.2
   Compiling serialize-to-javascript-impl v0.1.2
   Compiling serde_with v3.24.0
   Compiling icu_provider v2.3.1
   Compiling icu_properties v2.3.0
   Compiling icu_normalizer v2.3.0
   Compiling sync_wrapper v1.0.2
   Compiling windows-registry v0.6.1
   Compiling jsonptr v0.7.1
   Compiling cargo-platform v0.1.9
   Compiling plist v1.10.1
   Compiling cargo_metadata v0.19.2
   Compiling dpi v0.1.2
   Compiling json-patch v4.2.0
   Compiling cargo_toml v1.0.1
   Compiling keyboard-types v0.8.3
   Compiling tower-layer v0.3.3
   Compiling ipnet v2.12.2
   Compiling serialize-to-javascript v0.1.2
   Compiling idna_adapter v1.2.2
   Compiling idna v1.1.0
   Compiling window-vibrancy v0.8.1
   Compiling serde_repr v0.1.21
   Compiling http-body-util v0.1.5
   Compiling zeroize v1.9.0
   Compiling futures-sink v0.3.34
   Compiling url v2.5.8
   Compiling mime v0.3.17
   Compiling rustls-pki-types v1.15.1
   Compiling windows-targets v0.53.5
   Compiling windows-sys v0.60.2
   Compiling minisign-verify v0.2.5
   Compiling urlpattern v0.6.0
   Compiling tempfile v3.27.0
   Compiling tauri-utils v2.10.0
   Compiling hyper v1.11.1
   Compiling tower v0.5.3
   Compiling tokio-native-tls v0.3.1
   Compiling tokio-util v0.7.19
   Compiling tower-http v0.6.11
   Compiling hyper-util v0.1.21
   Compiling hyper-tls v0.6.0
   Compiling reqwest v0.13.5
   Compiling tauri-build v2.7.0
   Compiling tauri-codegen v2.7.0
   Compiling tauri-plugin v2.7.0
   Compiling tauri v2.12.0
   Compiling tauri-macros v2.7.0
   Compiling tauri-plugin-updater v2.13.1
   Compiling fc-host v0.1.1 (%TEMP%\fc-4x-rerun-wt\host)
   Compiling tao v0.37.1
   Compiling webview2-com v0.39.1
   Compiling tauri-plugin-single-instance v2.5.0
    Finished `release` profile [optimized + debuginfo] target(s) in 2m 16s
       Built application at: %TEMP%\fc-4x-rerun-wt\host\target\release\fc-host.exe
        Info Patching %TEMP%\fc-4x-rerun-wt\host\target\release\fc-host.exe with bundle type information: nsis
        Info Target: x64
     Running makensis to produce %TEMP%\fc-4x-rerun-wt\host\target\release\bundle\nsis\fc-host_0.1.1_x64-setup.exe
    Finished 1 bundle at:
        %TEMP%\fc-4x-rerun-wt\host\target\release\bundle\nsis\fc-host_0.1.1_x64-setup.exe (30.21 MiB)

產生更新簽章：signer sign --app-version 0.1.1（私鑰與密碼不印出）
（未指定 -SigningKeyPasswordEnv：假設私鑰沒有密碼；私鑰有密碼時 signer 會在互動終端提示輸入，請改用 -SigningKeyPasswordEnv）
可信註解（已解碼）：timestamp:1791175082 | file:finance-calendar-setup.exe | version:0.1.1

=== 打包完成 ===
安裝檔 ：%TEMP%\fc-4x-rerun\v011\finance-calendar-setup.exe
大小   ：31,682,224 bytes（30.21 MiB）
SHA256 ：21df280a0b2b108ec51b58716c4c34d3f482c2880b3a355877bfb4b062eb51aa
簽章   ：%TEMP%\fc-4x-rerun\v011\finance-calendar-setup.exe.sig
