===== rerun baseline @ 2026-10-05 12:38:30.550 =====
LogonUI: none
Run fc-host: <absent>
StartupApproved fc-host: <absent>
Uninstall key: <absent>
Manufacturer key HKCU\Software\fintools: False  \fc-host: False
StartMenu lnks: <none>
Desktop fc-host.lnk: False
Install dir: <absent>
AppData dir exists: True  settings.json SHA256=A742A1744390977E019D514252DFB44E276206E6ABE085431501AAE4A9DE6F70
update-state.json: <absent>
startup-marker: <absent>
Host WebView2 procs: 0 
Wallpaper ok=True global=c:\windows\asus\wallpapers\asus.jpg pos=4 status=1
  mon 3840,4 -> c:\windows\asus\wallpapers\asus.jpg
  mon 0,0 -> c:\windows\asus\wallpapers\asus.jpg

===== R4.2.2 host running, took over @ 2026-10-05 12:39:00.722 =====
LogonUI: none
Run fc-host: "%LOCALAPPDATA%\fc-host\fc-host.exe" --autostart
StartupApproved fc-host: <absent>
Uninstall key: DisplayName=財經日曆 DisplayVersion=0.1.0 InstallLocation="%LOCALAPPDATA%\fc-host"
Manufacturer key HKCU\Software\fintools: True  \fc-host: True
StartMenu lnks: 財經日曆.lnk
  財經日曆.lnk -> %LOCALAPPDATA%\fc-host\fc-host.exe args=[]
Desktop fc-host.lnk: True
Install dir: fc-host.exe (41805824); uninstall.exe (80638)
  fc-host.exe FileVersion=0.1.0 ProductVersion=0.1.0 SHA256=F72DDBCE07E41068F213DA3E035F7F3C65682D4D88A61B9522EC4B7B821CD1F9
AppData dir exists: True  settings.json SHA256=F052E2796BF5DEAC8B70C74EED5A246E2B8A26CFEE6EB0F16E1FCCD776A0541E
update-state.json: <absent>
startup-marker: version=0.1.0 unix=1791175118 
Proc fc-host.exe#22768 parent=18876 start=12:38:38.248 cmd="%LOCALAPPDATA%\fc-host\fc-host.exe" --autostart
Host WebView2 procs: 11 #61272(parent 22768) #51188(parent 61272) #96432(parent 61272) #7428(parent 61272) #93328(parent 61272) #91384(parent 61272) #91700(parent 61272) #54172(parent 61272) #119560(parent 61272) #91604(parent 61272) #47780(parent 61272)
Wallpaper ok=True global= pos=4 status=1
  mon 3840,4 -> %LOCALAPPDATA%\tw.fintools.fc-host\wallpaper\m-f9b2ea130f53c2f2-a.png
  mon 0,0 -> %LOCALAPPDATA%\tw.fintools.fc-host\wallpaper\m-3bd72edb34b1e28f-a.png

===== R4.2.2 after uninstall @ 2026-10-05 12:39:16.517 =====
LogonUI: none
Run fc-host: <absent>
StartupApproved fc-host: <absent>
Uninstall key: <absent>
Manufacturer key HKCU\Software\fintools: True  \fc-host: True
StartMenu lnks: <none>
Desktop fc-host.lnk: False
Install dir: <absent>
AppData dir exists: True  settings.json SHA256=98ED5F56ADEB4755C2B60DBD21D29C2647277479399FCF62A81E2665062175B6
update-state.json: <absent>
startup-marker: <absent>
Host WebView2 procs: 0 
Wallpaper ok=True global=c:\windows\asus\wallpapers\asus.jpg pos=4 status=1
  mon 3840,4 -> c:\windows\asus\wallpapers\asus.jpg
  mon 0,0 -> c:\windows\asus\wallpapers\asus.jpg

===== R4.3.3 before login-trigger @ 2026-10-05 12:40:35.407 =====
LogonUI: none
Run fc-host: "%LOCALAPPDATA%\fc-host\fc-host.exe" --autostart
StartupApproved fc-host: <absent>
Uninstall key: DisplayName=財經日曆 DisplayVersion=0.1.0 InstallLocation="%LOCALAPPDATA%\fc-host"
Manufacturer key HKCU\Software\fintools: True  \fc-host: True
StartMenu lnks: 財經日曆.lnk
  財經日曆.lnk -> %LOCALAPPDATA%\fc-host\fc-host.exe args=[]
Desktop fc-host.lnk: True
Install dir: fc-host.exe (41805824); uninstall.exe (80638)
  fc-host.exe FileVersion=0.1.0 ProductVersion=0.1.0 SHA256=F72DDBCE07E41068F213DA3E035F7F3C65682D4D88A61B9522EC4B7B821CD1F9
AppData dir exists: True  settings.json SHA256=F052E2796BF5DEAC8B70C74EED5A246E2B8A26CFEE6EB0F16E1FCCD776A0541E
update-state.json: <absent>
startup-marker: <absent>
Host WebView2 procs: 0 
Wallpaper ok=True global= pos=4 status=1
  mon 3840,4 -> %LOCALAPPDATA%\tw.fintools.fc-host\wallpaper\m-f9b2ea130f53c2f2-b.png
  mon 0,0 -> %LOCALAPPDATA%\tw.fintools.fc-host\wallpaper\m-3bd72edb34b1e28f-b.png

===== R4.3.3 after auto update @ 2026-10-05 12:41:18.055 =====
LogonUI: none
Run fc-host: "%LOCALAPPDATA%\fc-host\fc-host.exe" --autostart
StartupApproved fc-host: <absent>
Uninstall key: DisplayName=財經日曆 DisplayVersion=0.1.1 InstallLocation="%LOCALAPPDATA%\fc-host"
Manufacturer key HKCU\Software\fintools: True  \fc-host: True
StartMenu lnks: 財經日曆.lnk
  財經日曆.lnk -> %LOCALAPPDATA%\fc-host\fc-host.exe args=[]
Desktop fc-host.lnk: True
Install dir: fc-host.exe (41805824); uninstall.exe (80638)
  fc-host.exe FileVersion=0.1.1 ProductVersion=0.1.1 SHA256=225133C780DDAD6A2DAD3F81CA66110982BADC377C4E73CDB531C6240C95E2F9
AppData dir exists: True  settings.json SHA256=F052E2796BF5DEAC8B70C74EED5A246E2B8A26CFEE6EB0F16E1FCCD776A0541E
update-state.json: {   "format": 1,   "attempted_version": "0.1.1",   "attempted_at_unix": 1791175238 }
startup-marker: version=0.1.1 unix=1791175245 
Proc fc-host.exe#1520 parent=84624 start=12:40:44.957 cmd="%LOCALAPPDATA%\fc-host\fc-host.exe" --autostart
Host WebView2 procs: 11 #10448(parent 1520) #92732(parent 10448) #98272(parent 10448) #107388(parent 10448) #6628(parent 10448) #36488(parent 10448) #77628(parent 10448) #71700(parent 10448) #79548(parent 10448) #18344(parent 10448) #98988(parent 10448)
Wallpaper ok=True global= pos=4 status=1
  mon 3840,4 -> %LOCALAPPDATA%\tw.fintools.fc-host\wallpaper\m-f9b2ea130f53c2f2-a.png
  mon 0,0 -> %LOCALAPPDATA%\tw.fintools.fc-host\wallpaper\m-3bd72edb34b1e28f-a.png

===== R4.3.8 after cleanup uninstall @ 2026-10-05 12:41:36.892 =====
LogonUI: none
Run fc-host: <absent>
StartupApproved fc-host: <absent>
Uninstall key: <absent>
Manufacturer key HKCU\Software\fintools: True  \fc-host: True
StartMenu lnks: <none>
Desktop fc-host.lnk: False
Install dir: <absent>
AppData dir exists: True  settings.json SHA256=98ED5F56ADEB4755C2B60DBD21D29C2647277479399FCF62A81E2665062175B6
update-state.json: {   "format": 1,   "attempted_version": "0.1.1",   "attempted_at_unix": 1791175238 }
startup-marker: <absent>
Host WebView2 procs: 0 
Wallpaper ok=True global=c:\windows\asus\wallpapers\asus.jpg pos=4 status=1
  mon 3840,4 -> c:\windows\asus\wallpapers\asus.jpg
  mon 0,0 -> c:\windows\asus\wallpapers\asus.jpg

