11:28:36.448 scenario=gpuloop 宿主 pid=84408 temp=%TEMP%\fc-host-soakexit-9c460912
11:28:38.467 browser pid=36532 user-data-dir=%TEMP%\fc-host-soakexit-9c460912\WV2\EBWebView
11:28:42.038   child pid=36532 ppid=84408 type=browser
11:28:42.039   child pid=3260 ppid=36532 type=crashpad-handler
11:28:42.039   child pid=21936 ppid=36532 type=gpu-process
11:28:42.039   child pid=77896 ppid=36532 type=utility(network.mojom.NetworkService)
11:28:42.040   child pid=49752 ppid=36532 type=utility(storage.mojom.StorageService)
11:28:42.040   child pid=29668 ppid=36532 type=renderer
11:28:42.041   child pid=78880 ppid=36532 type=renderer
11:28:42.041   child pid=69360 ppid=36532 type=renderer
11:28:42.041   child pid=20816 ppid=36532 type=renderer
11:28:42.042   child pid=24196 ppid=36532 type=renderer
11:28:42.042   child pid=26768 ppid=36532 type=renderer
11:28:42.044 CDP 當機：gpu
11:28:42.115   cdp> Browser.crashGpuProcess
11:28:45.120 CDP 當機：gpu
11:28:45.188   cdp> Browser.crashGpuProcess
11:28:48.200 CDP 當機：gpu
11:28:48.272   cdp> Browser.crashGpuProcess
11:28:51.280 CDP 當機：gpu
11:28:51.349   cdp> Browser.crashGpuProcess
11:28:54.362 CDP 當機：gpu
11:28:54.432   cdp> Browser.crashGpuProcess
11:28:57.443 CDP 當機：gpu
11:28:57.514   cdp> Browser.crashGpuProcess
11:30:30.994 宿主存活（觀察 90s）
11:30:31.475   child(after) pid=45244 type=browser
11:30:31.477   child(after) pid=45856 type=crashpad-handler
11:30:31.477   child(after) pid=45200 type=gpu-process
11:30:31.477   child(after) pid=63996 type=utility(network.mojom.NetworkService)
11:30:31.478   child(after) pid=84484 type=utility(storage.mojom.StorageService)
11:30:31.478   child(after) pid=8908 type=renderer
11:30:31.478   child(after) pid=72380 type=renderer
11:30:31.479   child(after) pid=68680 type=renderer
11:30:31.479   child(after) pid=56576 type=renderer
11:30:31.479   child(after) pid=48744 type=renderer
11:30:33.923 登錄還原：全部還原
---- stderr ----

---- stdout ----

---- host log ----
2026-10-01T11:28:36.451 [ INFO] fc_host: fc-host 啟動 version=0.1.0 pid=84408
2026-10-01T11:28:36.451 [ INFO] fc_host::desktop::instance: 啟動仲裁：啟動鎖=Acquired 角色=Primary
2026-10-01T11:28:36.468 [ INFO] fc_host::desktop: 已向系統註冊重新啟動（RegisterApplicationRestart，命令列 --restarted）
2026-10-01T11:28:36.468 [ INFO] fc_host::widgets: autostart：已同步開機自啟登錄 enabled=true（Startup { settings_file_created: true }）
2026-10-01T11:28:36.740 [ INFO] fc_host::desktop: 已訂閱 ProcessFailed widget=w-clock browserPid=Some(36532)
2026-10-01T11:28:36.803 [ INFO] fc_host::widgets: 資料訂閱 widget=w-clock channel=tw-events replaced=false
2026-10-01T11:28:36.846 [ INFO] fc_host::desktop: 已訂閱 ProcessFailed widget=w-macro browserPid=Some(36532)
2026-10-01T11:28:36.906 [ INFO] fc_host::widgets: 資料訂閱 widget=w-macro channel=tw-events replaced=false
2026-10-01T11:28:36.968 [ INFO] fc_host::desktop: 已訂閱 ProcessFailed widget=w-fixed browserPid=Some(36532)
2026-10-01T11:28:37.032 [ INFO] fc_host::widgets: 資料訂閱 widget=w-fixed channel=tw-events replaced=false
2026-10-01T11:28:37.079 [ INFO] fc_host::desktop: 已訂閱 ProcessFailed widget=w-dynamic browserPid=Some(36532)
2026-10-01T11:28:37.158 [ INFO] fc_host::widgets: 資料訂閱 widget=w-dynamic channel=tw-events replaced=false
2026-10-01T11:28:37.173 [ INFO] fc_host::desktop: 已訂閱 ProcessFailed widget=w-quotes browserPid=Some(36532)
2026-10-01T11:28:37.269 [ INFO] fc_host::widgets: 資料訂閱 widget=w-quotes channel=tw-events replaced=false
2026-10-01T11:28:43.051 [ WARN] fc_host::desktop: WebView2 故障 widget=w-clock kind=GPU_PROCESS_EXITED reason=CRASHED exitCode=-1073741819 desc=""（只記錄）
2026-10-01T11:28:43.051 [ WARN] fc_host::desktop: WebView2 故障 widget=w-macro kind=GPU_PROCESS_EXITED reason=CRASHED exitCode=-1073741819 desc=""（只記錄）
2026-10-01T11:28:43.051 [ WARN] fc_host::desktop: WebView2 故障 widget=w-fixed kind=GPU_PROCESS_EXITED reason=CRASHED exitCode=-1073741819 desc=""（只記錄）
2026-10-01T11:28:43.051 [ WARN] fc_host::desktop: WebView2 故障 widget=w-dynamic kind=GPU_PROCESS_EXITED reason=CRASHED exitCode=-1073741819 desc=""（只記錄）
2026-10-01T11:28:43.051 [ WARN] fc_host::desktop: WebView2 故障 widget=w-quotes kind=GPU_PROCESS_EXITED reason=CRASHED exitCode=-1073741819 desc=""（只記錄）
2026-10-01T11:28:46.035 [ WARN] fc_host::desktop: WebView2 故障 widget=w-clock kind=GPU_PROCESS_EXITED reason=CRASHED exitCode=-1073741819 desc=""（只記錄）
2026-10-01T11:28:46.036 [ WARN] fc_host::desktop: WebView2 故障 widget=w-macro kind=GPU_PROCESS_EXITED reason=CRASHED exitCode=-1073741819 desc=""（只記錄）
2026-10-01T11:28:46.036 [ WARN] fc_host::desktop: WebView2 故障 widget=w-fixed kind=GPU_PROCESS_EXITED reason=CRASHED exitCode=-1073741819 desc=""（只記錄）
2026-10-01T11:28:46.036 [ WARN] fc_host::desktop: WebView2 故障 widget=w-dynamic kind=GPU_PROCESS_EXITED reason=CRASHED exitCode=-1073741819 desc=""（只記錄）
2026-10-01T11:28:46.036 [ WARN] fc_host::desktop: WebView2 故障 widget=w-quotes kind=GPU_PROCESS_EXITED reason=CRASHED exitCode=-1073741819 desc=""（只記錄）
2026-10-01T11:28:48.795 [ WARN] fc_host::desktop: WebView2 故障 widget=w-clock kind=GPU_PROCESS_EXITED reason=CRASHED exitCode=-1073741819 desc=""（只記錄）
2026-10-01T11:28:48.795 [ WARN] fc_host::desktop: WebView2 故障 widget=w-macro kind=GPU_PROCESS_EXITED reason=CRASHED exitCode=-1073741819 desc=""（只記錄）
2026-10-01T11:28:48.795 [ WARN] fc_host::desktop: WebView2 故障 widget=w-fixed kind=GPU_PROCESS_EXITED reason=CRASHED exitCode=-1073741819 desc=""（只記錄）
2026-10-01T11:28:48.795 [ WARN] fc_host::desktop: WebView2 故障 widget=w-dynamic kind=GPU_PROCESS_EXITED reason=CRASHED exitCode=-1073741819 desc=""（只記錄）
2026-10-01T11:28:48.795 [ WARN] fc_host::desktop: WebView2 故障 widget=w-quotes kind=GPU_PROCESS_EXITED reason=CRASHED exitCode=-1073741819 desc=""（只記錄）
2026-10-01T11:28:51.733 [ WARN] fc_host::desktop: WebView2 故障 widget=w-clock kind=GPU_PROCESS_EXITED reason=CRASHED exitCode=-1073741819 desc=""（只記錄）
2026-10-01T11:28:51.733 [ WARN] fc_host::desktop: WebView2 故障 widget=w-macro kind=GPU_PROCESS_EXITED reason=CRASHED exitCode=-1073741819 desc=""（只記錄）
2026-10-01T11:28:51.733 [ WARN] fc_host::desktop: WebView2 故障 widget=w-fixed kind=GPU_PROCESS_EXITED reason=CRASHED exitCode=-1073741819 desc=""（只記錄）
2026-10-01T11:28:51.733 [ WARN] fc_host::desktop: WebView2 故障 widget=w-dynamic kind=GPU_PROCESS_EXITED reason=CRASHED exitCode=-1073741819 desc=""（只記錄）
2026-10-01T11:28:51.733 [ WARN] fc_host::desktop: WebView2 故障 widget=w-quotes kind=GPU_PROCESS_EXITED reason=CRASHED exitCode=-1073741819 desc=""（只記錄）
2026-10-01T11:28:54.833 [ WARN] fc_host::desktop: WebView2 故障 widget=w-clock kind=GPU_PROCESS_EXITED reason=CRASHED exitCode=-1073741819 desc=""（只記錄）
2026-10-01T11:28:54.833 [ WARN] fc_host::desktop: WebView2 故障 widget=w-macro kind=GPU_PROCESS_EXITED reason=CRASHED exitCode=-1073741819 desc=""（只記錄）
2026-10-01T11:28:54.833 [ WARN] fc_host::desktop: WebView2 故障 widget=w-fixed kind=GPU_PROCESS_EXITED reason=CRASHED exitCode=-1073741819 desc=""（只記錄）
2026-10-01T11:28:54.833 [ WARN] fc_host::desktop: WebView2 故障 widget=w-dynamic kind=GPU_PROCESS_EXITED reason=CRASHED exitCode=-1073741819 desc=""（只記錄）
2026-10-01T11:28:54.833 [ WARN] fc_host::desktop: WebView2 故障 widget=w-quotes kind=GPU_PROCESS_EXITED reason=CRASHED exitCode=-1073741819 desc=""（只記錄）
2026-10-01T11:28:58.562 [ERROR] fc_host::desktop: WebView2 故障 widget=w-clock kind=BROWSER_PROCESS_EXITED reason=UNEXPECTED exitCode=-2147483645 desc=""
2026-10-01T11:28:58.562 [ WARN] fc_host::recovery: WebView2 復原：browser 行程結束（browserPid=Some(36532)，首先回報 widget=w-clock），500 ms 後重建全部小工具視窗
2026-10-01T11:28:58.567 [ERROR] fc_host::desktop: WebView2 故障 widget=w-fixed kind=BROWSER_PROCESS_EXITED reason=UNEXPECTED exitCode=-2147483645 desc=""
2026-10-01T11:28:58.567 [ INFO] fc_host::recovery: WebView2 復原：browser 行程結束（browserPid=Some(36532)）已在處理，略過 widget=w-fixed 的重複事件
2026-10-01T11:28:58.569 [ERROR] fc_host::desktop: WebView2 故障 widget=w-quotes kind=BROWSER_PROCESS_EXITED reason=UNEXPECTED exitCode=-2147483645 desc=""
2026-10-01T11:28:58.569 [ INFO] fc_host::recovery: WebView2 復原：browser 行程結束（browserPid=Some(36532)）已在處理，略過 widget=w-quotes 的重複事件
2026-10-01T11:28:58.570 [ERROR] fc_host::desktop: WebView2 故障 widget=w-dynamic kind=BROWSER_PROCESS_EXITED reason=UNEXPECTED exitCode=-2147483645 desc=""
2026-10-01T11:28:58.570 [ INFO] fc_host::recovery: WebView2 復原：browser 行程結束（browserPid=Some(36532)）已在處理，略過 widget=w-dynamic 的重複事件
2026-10-01T11:28:58.571 [ERROR] fc_host::desktop: WebView2 故障 widget=w-macro kind=BROWSER_PROCESS_EXITED reason=UNEXPECTED exitCode=-2147483645 desc=""
2026-10-01T11:28:58.571 [ INFO] fc_host::recovery: WebView2 復原：browser 行程結束（browserPid=Some(36532)）已在處理，略過 widget=w-macro 的重複事件
2026-10-01T11:28:59.345 [ INFO] fc_host::widgets: WebView2 復原：已建立新視窗 w-clock → w-clock-r1
2026-10-01T11:28:59.345 [ INFO] fc_host::desktop: 已訂閱 ProcessFailed widget=w-clock-r1 browserPid=Some(45244)
2026-10-01T11:28:59.402 [ INFO] fc_host::widgets: 資料訂閱 widget=w-clock-r1 channel=tw-events replaced=false
2026-10-01T11:28:59.438 [ INFO] fc_host::widgets: WebView2 復原：已建立新視窗 w-dynamic → w-dynamic-r2
2026-10-01T11:28:59.442 [ INFO] fc_host::desktop: 已訂閱 ProcessFailed widget=w-dynamic-r2 browserPid=Some(45244)
2026-10-01T11:28:59.512 [ INFO] fc_host::widgets: 資料訂閱 widget=w-dynamic-r2 channel=tw-events replaced=false
2026-10-01T11:28:59.538 [ INFO] fc_host::widgets: WebView2 復原：已建立新視窗 w-fixed → w-fixed-r3
2026-10-01T11:28:59.544 [ INFO] fc_host::desktop: 已訂閱 ProcessFailed widget=w-fixed-r3 browserPid=Some(45244)
2026-10-01T11:28:59.623 [ INFO] fc_host::widgets: 資料訂閱 widget=w-fixed-r3 channel=tw-events replaced=false
2026-10-01T11:28:59.641 [ INFO] fc_host::widgets: WebView2 復原：已建立新視窗 w-macro → w-macro-r4
2026-10-01T11:28:59.645 [ INFO] fc_host::desktop: 已訂閱 ProcessFailed widget=w-macro-r4 browserPid=Some(45244)
2026-10-01T11:28:59.730 [ INFO] fc_host::widgets: 資料訂閱 widget=w-macro-r4 channel=tw-events replaced=false
2026-10-01T11:28:59.749 [ INFO] fc_host::widgets: WebView2 復原：已建立新視窗 w-quotes → w-quotes-r5
2026-10-01T11:28:59.750 [ INFO] fc_host::widgets: WebView2 復原：已移除舊視窗 w-clock
2026-10-01T11:28:59.750 [ INFO] fc_host::widgets: WebView2 復原：已移除舊視窗 w-dynamic
2026-10-01T11:28:59.750 [ INFO] fc_host::widgets: WebView2 復原：已移除舊視窗 w-fixed
2026-10-01T11:28:59.750 [ INFO] fc_host::widgets: WebView2 復原：已移除舊視窗 w-macro
2026-10-01T11:28:59.750 [ INFO] fc_host::widgets: WebView2 復原：已移除舊視窗 w-quotes
2026-10-01T11:28:59.750 [ INFO] fc_host::recovery: WebView2 復原：browser 行程結束後的全部重建完成，自事件起 1187 ms
2026-10-01T11:28:59.752 [ INFO] fc_host::desktop: 已訂閱 ProcessFailed widget=w-quotes-r5 browserPid=Some(45244)
2026-10-01T11:28:59.752 [ERROR] tauri_runtime_wry: WebView2 error: WindowsError(Error { code: HRESULT(0x8007139F), message: "存取被拒。" })
2026-10-01T11:28:59.752 [ERROR] tauri_runtime_wry: WebView2 error: WindowsError(Error { code: HRESULT(0x8007139F), message: "群組或資源不是處在執行要求操作的正確狀態。" })
2026-10-01T11:28:59.752 [ERROR] tauri_runtime_wry: WebView2 error: WindowsError(Error { code: HRESULT(0x8007139F), message: "群組或資源不是處在執行要求操作的正確狀態。" })
2026-10-01T11:28:59.753 [ERROR] tauri_runtime_wry: WebView2 error: WindowsError(Error { code: HRESULT(0x8007139F), message: "群組或資源不是處在執行要求操作的正確狀態。" })
2026-10-01T11:28:59.753 [ERROR] tauri_runtime_wry: WebView2 error: WindowsError(Error { code: HRESULT(0x8007139F), message: "群組或資源不是處在執行要求操作的正確狀態。" })
2026-10-01T11:28:59.773 [ INFO] fc_host::widgets: 資料訂閱 widget=w-quotes-r5 channel=tw-events replaced=false

